App.tsx(39,3): error TS2339: Property 'div' does not exist on type 'JSX.IntrinsicElements'.
App.tsx(40,5): error TS2339: Property 'div' does not exist on type 'JSX.IntrinsicElements'.
App.tsx(41,7): error TS2339: Property 'div' does not exist on type 'JSX.IntrinsicElements'.
App.tsx(41,59): error TS2339: Property 'div' does not exist on type 'JSX.IntrinsicElements'.
App.tsx(42,7): error TS2339: Property 'div' does not exist on type 'JSX.IntrinsicElements'.
App.tsx(42,53): error TS2339: Property 'div' does not exist on type 'JSX.IntrinsicElements'.
App.tsx(43,5): error TS2339: Property 'div' does not exist on type 'JSX.IntrinsicElements'.
App.tsx(44,3): error TS2339: Property 'div' does not exist on type 'JSX.IntrinsicElements'.
App.tsx(49,3): error TS2339: Property 'div' does not exist on type 'JSX.IntrinsicElements'.
App.tsx(240,5): error TS2339: Property 'div' does not exist on type 'JSX.IntrinsicElements'.
App.tsx(242,7): error TS2339: Property 'a' does not exist on type 'JSX.IntrinsicElements'.
App.tsx(247,7): error TS2339: Property 'a' does not exist on type 'JSX.IntrinsicElements'.
App.tsx(253,7): error TS2339: Property 'main' does not exist on type 'JSX.IntrinsicElements'.
App.tsx(256,41): error TS2322: Type '{ children: any[]; location: Location<any>; key: string; }' is not assignable to type 'RoutesProps'.
  Property 'key' does not exist on type 'RoutesProps'.
App.tsx(301,7): error TS2339: Property 'main' does not exist on type 'JSX.IntrinsicElements'.
App.tsx(306,5): error TS2339: Property 'div' does not exist on type 'JSX.IntrinsicElements'.
components/AIPanelContent.tsx(58,7): error TS2339: Property 'div' does not exist on type 'JSX.IntrinsicElements'.
components/AIPanelContent.tsx(59,9): error TS2339: Property 'div' does not exist on type 'JSX.IntrinsicElements'.
components/AIPanelContent.tsx(60,11): error TS2339: Property 'div' does not exist on type 'JSX.IntrinsicElements'.
components/AIPanelContent.tsx(62,13): error TS2339: Property 'span' does not exist on type 'JSX.IntrinsicElements'.
components/AIPanelContent.tsx(62,101): error TS2339: Property 'span' does not exist on type 'JSX.IntrinsicElements'.
components/AIPanelContent.tsx(63,11): error TS2339: Property 'div' does not exist on type 'JSX.IntrinsicElements'.
components/AIPanelContent.tsx(64,11): error TS2339: Property 'span' does not exist on type 'JSX.IntrinsicElements'.
components/AIPanelContent.tsx(64,85): error TS2339: Property 'span' does not exist on type 'JSX.IntrinsicElements'.
components/AIPanelContent.tsx(65,9): error TS2339: Property 'div' does not exist on type 'JSX.IntrinsicElements'.
components/AIPanelContent.tsx(66,9): error TS2339: Property 'button' does not exist on type 'JSX.IntrinsicElements'.
components/AIPanelContent.tsx(68,9): error TS2339: Property 'button' does not exist on type 'JSX.IntrinsicElements'.
components/AIPanelContent.tsx(69,7): error TS2339: Property 'div' does not exist on type 'JSX.IntrinsicElements'.
components/AIPanelContent.tsx(72,7): error TS2339: Property 'div' does not exist on type 'JSX.IntrinsicElements'.
components/AIPanelContent.tsx(73,9): error TS2339: Property 'div' does not exist on type 'JSX.IntrinsicElements'.
components/AIPanelContent.tsx(75,11): error TS2339: Property 'span' does not exist on type 'JSX.IntrinsicElements'.
components/AIPanelContent.tsx(75,101): error TS2339: Property 'span' does not exist on type 'JSX.IntrinsicElements'.
components/AIPanelContent.tsx(76,9): error TS2339: Property 'div' does not exist on type 'JSX.IntrinsicElements'.
components/AIPanelContent.tsx(78,9): error TS2339: Property 'button' does not exist on type 'JSX.IntrinsicElements'.
components/AIPanelContent.tsx(87,9): error TS2339: Property 'button' does not exist on type 'JSX.IntrinsicElements'.
components/AIPanelContent.tsx(89,9): error TS2339: Property 'button' does not exist on type 'JSX.IntrinsicElements'.
components/AIPanelContent.tsx(98,9): error TS2339: Property 'button' does not exist on type 'JSX.IntrinsicElements'.
components/AIPanelContent.tsx(100,9): error TS2339: Property 'button' does not exist on type 'JSX.IntrinsicElements'.
components/AIPanelContent.tsx(109,9): error TS2339: Property 'button' does not exist on type 'JSX.IntrinsicElements'.
components/AIPanelContent.tsx(110,7): error TS2339: Property 'div' does not exist on type 'JSX.IntrinsicElements'.
components/AIPanelContent.tsx(113,7): error TS2339: Property 'div' does not exist on type 'JSX.IntrinsicElements'.
components/AIPanelContent.tsx(115,11): error TS2339: Property 'div' does not exist on type 'JSX.IntrinsicElements'.
components/AIPanelContent.tsx(116,13): error TS2339: Property 'div' does not exist on type 'JSX.IntrinsicElements'.
components/AIPanelContent.tsx(125,13): error TS2339: Property 'div' does not exist on type 'JSX.IntrinsicElements'.
components/AIPanelContent.tsx(126,13): error TS2339: Property 'span' does not exist on type 'JSX.IntrinsicElements'.
components/AIPanelContent.tsx(128,13): error TS2339: Property 'span' does not exist on type 'JSX.IntrinsicElements'.
components/AIPanelContent.tsx(129,11): error TS2339: Property 'div' does not exist on type 'JSX.IntrinsicElements'.
components/AIPanelContent.tsx(131,11): error TS2339: Property 'p' does not exist on type 'JSX.IntrinsicElements'.
components/AIPanelContent.tsx(131,103): error TS2339: Property 'p' does not exist on type 'JSX.IntrinsicElements'.
components/AIPanelContent.tsx(133,7): error TS2339: Property 'div' does not exist on type 'JSX.IntrinsicElements'.
components/AIPanelContent.tsx(136,7): error TS2339: Property 'form' does not exist on type 'JSX.IntrinsicElements'.
components/AIPanelContent.tsx(137,9): error TS2339: Property 'input' does not exist on type 'JSX.IntrinsicElements'.
components/AIPanelContent.tsx(145,9): error TS2339: Property 'div' does not exist on type 'JSX.IntrinsicElements'.
components/AIPanelContent.tsx(147,13): error TS2339: Property 'button' does not exist on type 'JSX.IntrinsicElements'.
components/AIPanelContent.tsx(155,13): error TS2339: Property 'button' does not exist on type 'JSX.IntrinsicElements'.
components/AIPanelContent.tsx(158,13): error TS2339: Property 'button' does not exist on type 'JSX.IntrinsicElements'.
components/AIPanelContent.tsx(163,13): error TS2339: Property 'button' does not exist on type 'JSX.IntrinsicElements'.
components/AIPanelContent.tsx(165,9): error TS2339: Property 'div' does not exist on type 'JSX.IntrinsicElements'.
components/AIPanelContent.tsx(166,7): error TS2339: Property 'form' does not exist on type 'JSX.IntrinsicElements'.
components/AuthProvider.tsx(45,7): error TS2339: Property 'div' does not exist on type 'JSX.IntrinsicElements'.
components/AuthProvider.tsx(46,9): error TS2339: Property 'div' does not exist on type 'JSX.IntrinsicElements'.
components/AuthProvider.tsx(47,11): error TS2339: Property 'div' does not exist on type 'JSX.IntrinsicElements'.
components/AuthProvider.tsx(48,11): error TS2339: Property 'p' does not exist on type 'JSX.IntrinsicElements'.
components/AuthProvider.tsx(48,75): error TS2339: Property 'p' does not exist on type 'JSX.IntrinsicElements'.
components/AuthProvider.tsx(49,9): error TS2339: Property 'div' does not exist on type 'JSX.IntrinsicElements'.
components/AuthProvider.tsx(50,7): error TS2339: Property 'div' does not exist on type 'JSX.IntrinsicElements'.
components/AuthProvider.tsx(68,9): error TS2339: Property 'div' does not exist on type 'JSX.IntrinsicElements'.
components/AuthProvider.tsx(69,11): error TS2339: Property 'div' does not exist on type 'JSX.IntrinsicElements'.
components/AuthProvider.tsx(70,13): error TS2339: Property 'h2' does not exist on type 'JSX.IntrinsicElements'.
components/AuthProvider.tsx(70,77): error TS2339: Property 'h2' does not exist on type 'JSX.IntrinsicElements'.
components/AuthProvider.tsx(71,13): error TS2339: Property 'p' does not exist on type 'JSX.IntrinsicElements'.
components/AuthProvider.tsx(71,88): error TS2339: Property 'p' does not exist on type 'JSX.IntrinsicElements'.
components/AuthProvider.tsx(72,13): error TS2339: Property 'p' does not exist on type 'JSX.IntrinsicElements'.
components/AuthProvider.tsx(72,84): error TS2339: Property 'p' does not exist on type 'JSX.IntrinsicElements'.
components/AuthProvider.tsx(73,11): error TS2339: Property 'div' does not exist on type 'JSX.IntrinsicElements'.
components/AuthProvider.tsx(74,9): error TS2339: Property 'div' does not exist on type 'JSX.IntrinsicElements'.
components/AuthProvider.tsx(100,7): error TS2339: Property 'div' does not exist on type 'JSX.IntrinsicElements'.
components/AuthProvider.tsx(101,9): error TS2339: Property 'div' does not exist on type 'JSX.IntrinsicElements'.
components/AuthProvider.tsx(102,11): error TS2339: Property 'div' does not exist on type 'JSX.IntrinsicElements'.
components/AuthProvider.tsx(103,11): error TS2339: Property 'p' does not exist on type 'JSX.IntrinsicElements'.
components/AuthProvider.tsx(103,81): error TS2339: Property 'p' does not exist on type 'JSX.IntrinsicElements'.
components/AuthProvider.tsx(104,9): error TS2339: Property 'div' does not exist on type 'JSX.IntrinsicElements'.
components/AuthProvider.tsx(105,7): error TS2339: Property 'div' does not exist on type 'JSX.IntrinsicElements'.
components/AuthProvider.tsx(111,7): error TS2339: Property 'div' does not exist on type 'JSX.IntrinsicElements'.
components/AuthProvider.tsx(112,9): error TS2339: Property 'div' does not exist on type 'JSX.IntrinsicElements'.
components/AuthProvider.tsx(113,11): error TS2339: Property 'h2' does not exist on type 'JSX.IntrinsicElements'.
components/AuthProvider.tsx(113,90): error TS2339: Property 'h2' does not exist on type 'JSX.IntrinsicElements'.
components/AuthProvider.tsx(114,11): error TS2339: Property 'p' does not exist on type 'JSX.IntrinsicElements'.
components/AuthProvider.tsx(114,84): error TS2339: Property 'p' does not exist on type 'JSX.IntrinsicElements'.
components/AuthProvider.tsx(115,11): error TS2339: Property 'a' does not exist on type 'JSX.IntrinsicElements'.
components/AuthProvider.tsx(115,94): error TS2339: Property 'a' does not exist on type 'JSX.IntrinsicElements'.
components/AuthProvider.tsx(116,9): error TS2339: Property 'div' does not exist on type 'JSX.IntrinsicElements'.
components/AuthProvider.tsx(117,7): error TS2339: Property 'div' does not exist on type 'JSX.IntrinsicElements'.
components/Background3D.tsx(65,5): error TS2339: Property 'div' does not exist on type 'JSX.IntrinsicElements'.
components/Background3D.tsx(81,5): error TS2339: Property 'div' does not exist on type 'JSX.IntrinsicElements'.
components/BookingConsole.tsx(186,5): error TS2339: Property 'div' does not exist on type 'JSX.IntrinsicElements'.
components/BookingConsole.tsx(187,7): error TS2339: Property 'div' does not exist on type 'JSX.IntrinsicElements'.
components/BookingConsole.tsx(193,11): error TS2339: Property 'div' does not exist on type 'JSX.IntrinsicElements'.
components/BookingConsole.tsx(193,134): error TS2339: Property 'div' does not exist on type 'JSX.IntrinsicElements'.
components/BookingConsole.tsx(195,11): error TS2339: Property 'div' does not exist on type 'JSX.IntrinsicElements'.
components/BookingConsole.tsx(197,13): error TS2339: Property 'div' does not exist on type 'JSX.IntrinsicElements'.
components/BookingConsole.tsx(198,15): error TS2339: Property 'div' does not exist on type 'JSX.IntrinsicElements'.
components/BookingConsole.tsx(200,17): error TS2339: Property 'h3' does not exist on type 'JSX.IntrinsicElements'.
components/BookingConsole.tsx(200,82): error TS2339: Property 'h3' does not exist on type 'JSX.IntrinsicElements'.
components/BookingConsole.tsx(201,15): error TS2339: Property 'div' does not exist on type 'JSX.IntrinsicElements'.
components/BookingConsole.tsx(203,17): error TS2339: Property 'button' does not exist on type 'JSX.IntrinsicElements'.
components/BookingConsole.tsx(205,17): error TS2339: Property 'button' does not exist on type 'JSX.IntrinsicElements'.
components/BookingConsole.tsx(207,13): error TS2339: Property 'div' does not exist on type 'JSX.IntrinsicElements'.
components/BookingConsole.tsx(218,19): error TS2339: Property 'div' does not exist on type 'JSX.IntrinsicElements'.
components/BookingConsole.tsx(218,182): error TS2339: Property 'div' does not exist on type 'JSX.IntrinsicElements'.
components/BookingConsole.tsx(219,19): error TS2339: Property 'p' does not exist on type 'JSX.IntrinsicElements'.
components/BookingConsole.tsx(219,85): error TS2339: Property 'p' does not exist on type 'JSX.IntrinsicElements'.
components/BookingConsole.tsx(220,19): error TS2339: Property 'p' does not exist on type 'JSX.IntrinsicElements'.
components/BookingConsole.tsx(220,126): error TS2339: Property 'p' does not exist on type 'JSX.IntrinsicElements'.
components/BookingConsole.tsx(231,19): error TS2339: Property 'div' does not exist on type 'JSX.IntrinsicElements'.
components/BookingConsole.tsx(232,21): error TS2339: Property 'div' does not exist on type 'JSX.IntrinsicElements'.
components/BookingConsole.tsx(234,21): error TS2339: Property 'div' does not exist on type 'JSX.IntrinsicElements'.
components/BookingConsole.tsx(235,21): error TS2339: Property 'h3' does not exist on type 'JSX.IntrinsicElements'.
components/BookingConsole.tsx(235,103): error TS2339: Property 'h3' does not exist on type 'JSX.IntrinsicElements'.
components/BookingConsole.tsx(236,21): error TS2339: Property 'p' does not exist on type 'JSX.IntrinsicElements'.
components/BookingConsole.tsx(236,93): error TS2339: Property 'p' does not exist on type 'JSX.IntrinsicElements'.
components/BookingConsole.tsx(237,19): error TS2339: Property 'div' does not exist on type 'JSX.IntrinsicElements'.
components/BookingConsole.tsx(239,19): error TS2339: Property 'div' does not exist on type 'JSX.IntrinsicElements'.
components/BookingConsole.tsx(240,21): error TS2339: Property 'div' does not exist on type 'JSX.IntrinsicElements'.
components/BookingConsole.tsx(241,23): error TS2339: Property 'button' does not exist on type 'JSX.IntrinsicElements'.
components/BookingConsole.tsx(241,199): error TS2339: Property 'button' does not exist on type 'JSX.IntrinsicElements'.
components/BookingConsole.tsx(242,21): error TS2339: Property 'div' does not exist on type 'JSX.IntrinsicElements'.
components/BookingConsole.tsx(243,21): error TS2339: Property 'div' does not exist on type 'JSX.IntrinsicElements'.
components/BookingConsole.tsx(244,23): error TS2339: Property 'span' does not exist on type 'JSX.IntrinsicElements'.
components/BookingConsole.tsx(244,102): error TS2339: Property 'span' does not exist on type 'JSX.IntrinsicElements'.
components/BookingConsole.tsx(245,23): error TS2339: Property 'span' does not exist on type 'JSX.IntrinsicElements'.
components/BookingConsole.tsx(245,125): error TS2339: Property 'span' does not exist on type 'JSX.IntrinsicElements'.
components/BookingConsole.tsx(246,21): error TS2339: Property 'div' does not exist on type 'JSX.IntrinsicElements'.
components/BookingConsole.tsx(247,21): error TS2339: Property 'div' does not exist on type 'JSX.IntrinsicElements'.
components/BookingConsole.tsx(248,23): error TS2339: Property 'span' does not exist on type 'JSX.IntrinsicElements'.
components/BookingConsole.tsx(248,62): error TS2339: Property 'span' does not exist on type 'JSX.IntrinsicElements'.
components/BookingConsole.tsx(249,23): error TS2339: Property 'span' does not exist on type 'JSX.IntrinsicElements'.
components/BookingConsole.tsx(249,100): error TS2339: Property 'span' does not exist on type 'JSX.IntrinsicElements'.
components/BookingConsole.tsx(250,21): error TS2339: Property 'div' does not exist on type 'JSX.IntrinsicElements'.
components/BookingConsole.tsx(251,21): error TS2339: Property 'div' does not exist on type 'JSX.IntrinsicElements'.
components/BookingConsole.tsx(252,23): error TS2339: Property 'span' does not exist on type 'JSX.IntrinsicElements'.
components/BookingConsole.tsx(252,63): error TS2339: Property 'span' does not exist on type 'JSX.IntrinsicElements'.
components/BookingConsole.tsx(253,23): error TS2339: Property 'span' does not exist on type 'JSX.IntrinsicElements'.
components/BookingConsole.tsx(253,90): error TS2339: Property 'span' does not exist on type 'JSX.IntrinsicElements'.
components/BookingConsole.tsx(254,21): error TS2339: Property 'div' does not exist on type 'JSX.IntrinsicElements'.
components/BookingConsole.tsx(255,21): error TS2339: Property 'div' does not exist on type 'JSX.IntrinsicElements'.
components/BookingConsole.tsx(256,23): error TS2339: Property 'span' does not exist on type 'JSX.IntrinsicElements'.
components/BookingConsole.tsx(256,60): error TS2339: Property 'span' does not exist on type 'JSX.IntrinsicElements'.
components/BookingConsole.tsx(257,23): error TS2339: Property 'span' does not exist on type 'JSX.IntrinsicElements'.
components/BookingConsole.tsx(257,121): error TS2339: Property 'span' does not exist on type 'JSX.IntrinsicElements'.
components/BookingConsole.tsx(258,21): error TS2339: Property 'div' does not exist on type 'JSX.IntrinsicElements'.
components/BookingConsole.tsx(259,21): error TS2339: Property 'div' does not exist on type 'JSX.IntrinsicElements'.
components/BookingConsole.tsx(260,23): error TS2339: Property 'span' does not exist on type 'JSX.IntrinsicElements'.
components/BookingConsole.tsx(260,59): error TS2339: Property 'span' does not exist on type 'JSX.IntrinsicElements'.
components/BookingConsole.tsx(261,23): error TS2339: Property 'span' does not exist on type 'JSX.IntrinsicElements'.
components/BookingConsole.tsx(261,98): error TS2339: Property 'span' does not exist on type 'JSX.IntrinsicElements'.
components/BookingConsole.tsx(262,21): error TS2339: Property 'div' does not exist on type 'JSX.IntrinsicElements'.
components/BookingConsole.tsx(263,21): error TS2339: Property 'div' does not exist on type 'JSX.IntrinsicElements'.
components/BookingConsole.tsx(264,23): error TS2339: Property 'span' does not exist on type 'JSX.IntrinsicElements'.
components/BookingConsole.tsx(264,65): error TS2339: Property 'span' does not exist on type 'JSX.IntrinsicElements'.
components/BookingConsole.tsx(265,23): error TS2339: Property 'span' does not exist on type 'JSX.IntrinsicElements'.
components/BookingConsole.tsx(265,66): error TS2339: Property 'span' does not exist on type 'JSX.IntrinsicElements'.
components/BookingConsole.tsx(266,21): error TS2339: Property 'div' does not exist on type 'JSX.IntrinsicElements'.
components/BookingConsole.tsx(267,19): error TS2339: Property 'div' does not exist on type 'JSX.IntrinsicElements'.
components/BookingConsole.tsx(269,19): error TS2339: Property 'div' does not exist on type 'JSX.IntrinsicElements'.
components/BookingConsole.tsx(270,21): error TS2339: Property 'button' does not exist on type 'JSX.IntrinsicElements'.
components/BookingConsole.tsx(272,21): error TS2339: Property 'button' does not exist on type 'JSX.IntrinsicElements'.
components/BookingConsole.tsx(273,21): error TS2339: Property 'button' does not exist on type 'JSX.IntrinsicElements'.
components/BookingConsole.tsx(275,21): error TS2339: Property 'button' does not exist on type 'JSX.IntrinsicElements'.
components/BookingConsole.tsx(276,19): error TS2339: Property 'div' does not exist on type 'JSX.IntrinsicElements'.
components/BookingConsole.tsx(287,25): error TS2339: Property 'h4' does not exist on type 'JSX.IntrinsicElements'.
components/BookingConsole.tsx(287,102): error TS2339: Property 'h4' does not exist on type 'JSX.IntrinsicElements'.
components/BookingConsole.tsx(288,25): error TS2339: Property 'p' does not exist on type 'JSX.IntrinsicElements'.
components/BookingConsole.tsx(288,102): error TS2339: Property 'p' does not exist on type 'JSX.IntrinsicElements'.
components/BookingConsole.tsx(289,25): error TS2339: Property 'div' does not exist on type 'JSX.IntrinsicElements'.
components/BookingConsole.tsx(290,27): error TS2339: Property 'button' does not exist on type 'JSX.IntrinsicElements'.
components/BookingConsole.tsx(291,29): error TS2339: Property 'span' does not exist on type 'JSX.IntrinsicElements'.
components/BookingConsole.tsx(291,57): error TS2339: Property 'span' does not exist on type 'JSX.IntrinsicElements'.
components/BookingConsole.tsx(292,29): error TS2339: Property 'span' does not exist on type 'JSX.IntrinsicElements'.
components/BookingConsole.tsx(292,90): error TS2339: Property 'span' does not exist on type 'JSX.IntrinsicElements'.
components/BookingConsole.tsx(293,27): error TS2339: Property 'button' does not exist on type 'JSX.IntrinsicElements'.
components/BookingConsole.tsx(294,27): error TS2339: Property 'button' does not exist on type 'JSX.IntrinsicElements'.
components/BookingConsole.tsx(295,29): error TS2339: Property 'span' does not exist on type 'JSX.IntrinsicElements'.
components/BookingConsole.tsx(295,57): error TS2339: Property 'span' does not exist on type 'JSX.IntrinsicElements'.
components/BookingConsole.tsx(296,29): error TS2339: Property 'span' does not exist on type 'JSX.IntrinsicElements'.
components/BookingConsole.tsx(296,92): error TS2339: Property 'span' does not exist on type 'JSX.IntrinsicElements'.
components/BookingConsole.tsx(297,27): error TS2339: Property 'button' does not exist on type 'JSX.IntrinsicElements'.
components/BookingConsole.tsx(298,27): error TS2339: Property 'button' does not exist on type 'JSX.IntrinsicElements'.
components/BookingConsole.tsx(300,29): error TS2339: Property 'span' does not exist on type 'JSX.IntrinsicElements'.
components/BookingConsole.tsx(300,108): error TS2339: Property 'span' does not exist on type 'JSX.IntrinsicElements'.
components/BookingConsole.tsx(301,27): error TS2339: Property 'button' does not exist on type 'JSX.IntrinsicElements'.
components/BookingConsole.tsx(302,25): error TS2339: Property 'div' does not exist on type 'JSX.IntrinsicElements'.
components/BookingConsole.tsx(303,25): error TS2339: Property 'button' does not exist on type 'JSX.IntrinsicElements'.
components/BookingConsole.tsx(303,136): error TS2339: Property 'button' does not exist on type 'JSX.IntrinsicElements'.
components/BookingConsole.tsx(319,19): error TS2339: Property 'div' does not exist on type 'JSX.IntrinsicElements'.
components/BookingConsole.tsx(320,21): error TS2339: Property 'div' does not exist on type 'JSX.IntrinsicElements'.
components/BookingConsole.tsx(321,23): error TS2339: Property 'div' does not exist on type 'JSX.IntrinsicElements'.
components/BookingConsole.tsx(323,25): error TS2339: Property 'h4' does not exist on type 'JSX.IntrinsicElements'.
components/BookingConsole.tsx(323,126): error TS2339: Property 'h4' does not exist on type 'JSX.IntrinsicElements'.
components/BookingConsole.tsx(324,23): error TS2339: Property 'div' does not exist on type 'JSX.IntrinsicElements'.
components/BookingConsole.tsx(325,23): error TS2339: Property 'div' does not exist on type 'JSX.IntrinsicElements'.
components/BookingConsole.tsx(329,25): error TS2339: Property 'button' does not exist on type 'JSX.IntrinsicElements'.
components/BookingConsole.tsx(331,25): error TS2339: Property 'button' does not exist on type 'JSX.IntrinsicElements'.
components/BookingConsole.tsx(332,23): error TS2339: Property 'div' does not exist on type 'JSX.IntrinsicElements'.
components/BookingConsole.tsx(333,21): error TS2339: Property 'div' does not exist on type 'JSX.IntrinsicElements'.
components/BookingConsole.tsx(334,19): error TS2339: Property 'div' does not exist on type 'JSX.IntrinsicElements'.
components/BookingConsole.tsx(337,19): error TS2339: Property 'div' does not exist on type 'JSX.IntrinsicElements'.
components/BookingConsole.tsx(341,23): error TS2339: Property 'div' does not exist on type 'JSX.IntrinsicElements'.
components/BookingConsole.tsx(342,25): error TS2339: Property 'label' does not exist on type 'JSX.IntrinsicElements'.
components/BookingConsole.tsx(342,158): error TS2339: Property 'label' does not exist on type 'JSX.IntrinsicElements'.
components/BookingConsole.tsx(343,25): error TS2339: Property 'div' does not exist on type 'JSX.IntrinsicElements'.
components/BookingConsole.tsx(345,29): error TS2339: Property 'button' does not exist on type 'JSX.IntrinsicElements'.
components/BookingConsole.tsx(351,29): error TS2339: Property 'button' does not exist on type 'JSX.IntrinsicElements'.
components/BookingConsole.tsx(353,25): error TS2339: Property 'div' does not exist on type 'JSX.IntrinsicElements'.
components/BookingConsole.tsx(354,23): error TS2339: Property 'div' does not exist on type 'JSX.IntrinsicElements'.
components/BookingConsole.tsx(359,23): error TS2339: Property 'div' does not exist on type 'JSX.IntrinsicElements'.
components/BookingConsole.tsx(360,25): error TS2339: Property 'div' does not exist on type 'JSX.IntrinsicElements'.
components/BookingConsole.tsx(361,27): error TS2339: Property 'label' does not exist on type 'JSX.IntrinsicElements'.
components/BookingConsole.tsx(361,162): error TS2339: Property 'label' does not exist on type 'JSX.IntrinsicElements'.
components/BookingConsole.tsx(362,27): error TS2339: Property 'span' does not exist on type 'JSX.IntrinsicElements'.
components/BookingConsole.tsx(362,133): error TS2339: Property 'span' does not exist on type 'JSX.IntrinsicElements'.
components/BookingConsole.tsx(363,25): error TS2339: Property 'div' does not exist on type 'JSX.IntrinsicElements'.
components/BookingConsole.tsx(364,25): error TS2339: Property 'div' does not exist on type 'JSX.IntrinsicElements'.
components/BookingConsole.tsx(365,27): error TS2339: Property 'input' does not exist on type 'JSX.IntrinsicElements'.
components/BookingConsole.tsx(374,25): error TS2339: Property 'div' does not exist on type 'JSX.IntrinsicElements'.
components/BookingConsole.tsx(375,25): error TS2339: Property 'div' does not exist on type 'JSX.IntrinsicElements'.
components/BookingConsole.tsx(376,27): error TS2339: Property 'span' does not exist on type 'JSX.IntrinsicElements'.
components/BookingConsole.tsx(376,74): error TS2339: Property 'span' does not exist on type 'JSX.IntrinsicElements'.
components/BookingConsole.tsx(377,27): error TS2339: Property 'span' does not exist on type 'JSX.IntrinsicElements'.
components/BookingConsole.tsx(377,41): error TS2339: Property 'span' does not exist on type 'JSX.IntrinsicElements'.
components/BookingConsole.tsx(378,25): error TS2339: Property 'div' does not exist on type 'JSX.IntrinsicElements'.
components/BookingConsole.tsx(379,23): error TS2339: Property 'div' does not exist on type 'JSX.IntrinsicElements'.
components/BookingConsole.tsx(384,23): error TS2339: Property 'div' does not exist on type 'JSX.IntrinsicElements'.
components/BookingConsole.tsx(385,25): error TS2339: Property 'label' does not exist on type 'JSX.IntrinsicElements'.
components/BookingConsole.tsx(385,160): error TS2339: Property 'label' does not exist on type 'JSX.IntrinsicElements'.
components/BookingConsole.tsx(386,25): error TS2339: Property 'div' does not exist on type 'JSX.IntrinsicElements'.
components/BookingConsole.tsx(388,29): error TS2339: Property 'button' does not exist on type 'JSX.IntrinsicElements'.
components/BookingConsole.tsx(393,31): error TS2339: Property 'div' does not exist on type 'JSX.IntrinsicElements'.
components/BookingConsole.tsx(394,33): error TS2339: Property 'div' does not exist on type 'JSX.IntrinsicElements'.
components/BookingConsole.tsx(396,33): error TS2339: Property 'div' does not exist on type 'JSX.IntrinsicElements'.
components/BookingConsole.tsx(397,33): error TS2339: Property 'span' does not exist on type 'JSX.IntrinsicElements'.
components/BookingConsole.tsx(397,72): error TS2339: Property 'span' does not exist on type 'JSX.IntrinsicElements'.
components/BookingConsole.tsx(398,31): error TS2339: Property 'div' does not exist on type 'JSX.IntrinsicElements'.
components/BookingConsole.tsx(399,31): error TS2339: Property 'span' does not exist on type 'JSX.IntrinsicElements'.
components/BookingConsole.tsx(399,141): error TS2339: Property 'span' does not exist on type 'JSX.IntrinsicElements'.
components/BookingConsole.tsx(400,29): error TS2339: Property 'button' does not exist on type 'JSX.IntrinsicElements'.
components/BookingConsole.tsx(402,25): error TS2339: Property 'div' does not exist on type 'JSX.IntrinsicElements'.
components/BookingConsole.tsx(403,23): error TS2339: Property 'div' does not exist on type 'JSX.IntrinsicElements'.
components/BookingConsole.tsx(407,21): error TS2339: Property 'div' does not exist on type 'JSX.IntrinsicElements'.
components/BookingConsole.tsx(408,23): error TS2339: Property 'label' does not exist on type 'JSX.IntrinsicElements'.
components/BookingConsole.tsx(408,162): error TS2339: Property 'label' does not exist on type 'JSX.IntrinsicElements'.
components/BookingConsole.tsx(409,23): error TS2339: Property 'textarea' does not exist on type 'JSX.IntrinsicElements'.
components/BookingConsole.tsx(415,21): error TS2339: Property 'div' does not exist on type 'JSX.IntrinsicElements'.
components/BookingConsole.tsx(416,19): error TS2339: Property 'div' does not exist on type 'JSX.IntrinsicElements'.
components/BookingConsole.tsx(419,19): error TS2339: Property 'div' does not exist on type 'JSX.IntrinsicElements'.
components/BookingConsole.tsx(420,21): error TS2339: Property 'div' does not exist on type 'JSX.IntrinsicElements'.
components/BookingConsole.tsx(420,77): error TS2339: Property 'h4' does not exist on type 'JSX.IntrinsicElements'.
components/BookingConsole.tsx(420,169): error TS2339: Property 'h4' does not exist on type 'JSX.IntrinsicElements'.
components/BookingConsole.tsx(420,174): error TS2339: Property 'div' does not exist on type 'JSX.IntrinsicElements'.
components/BookingConsole.tsx(420,202): error TS2339: Property 'button' does not exist on type 'JSX.IntrinsicElements'.
components/BookingConsole.tsx(420,299): error TS2339: Property 'button' does not exist on type 'JSX.IntrinsicElements'.
components/BookingConsole.tsx(420,308): error TS2339: Property 'button' does not exist on type 'JSX.IntrinsicElements'.
components/BookingConsole.tsx(420,394): error TS2339: Property 'button' does not exist on type 'JSX.IntrinsicElements'.
components/BookingConsole.tsx(420,403): error TS2339: Property 'div' does not exist on type 'JSX.IntrinsicElements'.
components/BookingConsole.tsx(420,409): error TS2339: Property 'div' does not exist on type 'JSX.IntrinsicElements'.
components/BookingConsole.tsx(421,21): error TS2339: Property 'div' does not exist on type 'JSX.IntrinsicElements'.
components/BookingConsole.tsx(421,113): error TS2339: Property 'div' does not exist on type 'JSX.IntrinsicElements'.
components/BookingConsole.tsx(421,119): error TS2339: Property 'div' does not exist on type 'JSX.IntrinsicElements'.
components/BookingConsole.tsx(421,125): error TS2339: Property 'div' does not exist on type 'JSX.IntrinsicElements'.
components/BookingConsole.tsx(421,131): error TS2339: Property 'div' does not exist on type 'JSX.IntrinsicElements'.
components/BookingConsole.tsx(421,137): error TS2339: Property 'div' does not exist on type 'JSX.IntrinsicElements'.
components/BookingConsole.tsx(421,143): error TS2339: Property 'div' does not exist on type 'JSX.IntrinsicElements'.
components/BookingConsole.tsx(421,149): error TS2339: Property 'div' does not exist on type 'JSX.IntrinsicElements'.
components/BookingConsole.tsx(421,155): error TS2339: Property 'div' does not exist on type 'JSX.IntrinsicElements'.
components/BookingConsole.tsx(421,161): error TS2339: Property 'div' does not exist on type 'JSX.IntrinsicElements'.
components/BookingConsole.tsx(421,167): error TS2339: Property 'div' does not exist on type 'JSX.IntrinsicElements'.
components/BookingConsole.tsx(421,173): error TS2339: Property 'div' does not exist on type 'JSX.IntrinsicElements'.
components/BookingConsole.tsx(421,179): error TS2339: Property 'div' does not exist on type 'JSX.IntrinsicElements'.
components/BookingConsole.tsx(421,185): error TS2339: Property 'div' does not exist on type 'JSX.IntrinsicElements'.
components/BookingConsole.tsx(421,191): error TS2339: Property 'div' does not exist on type 'JSX.IntrinsicElements'.
components/BookingConsole.tsx(421,197): error TS2339: Property 'div' does not exist on type 'JSX.IntrinsicElements'.
components/BookingConsole.tsx(422,21): error TS2339: Property 'div' does not exist on type 'JSX.IntrinsicElements'.
components/BookingConsole.tsx(423,52): error TS2339: Property 'div' does not exist on type 'JSX.IntrinsicElements'.
components/BookingConsole.tsx(425,25): error TS2339: Property 'button' does not exist on type 'JSX.IntrinsicElements'.
components/BookingConsole.tsx(425,410): error TS2339: Property 'button' does not exist on type 'JSX.IntrinsicElements'.
components/BookingConsole.tsx(427,21): error TS2339: Property 'div' does not exist on type 'JSX.IntrinsicElements'.
components/BookingConsole.tsx(428,19): error TS2339: Property 'div' does not exist on type 'JSX.IntrinsicElements'.
components/BookingConsole.tsx(430,19): error TS2339: Property 'div' does not exist on type 'JSX.IntrinsicElements'.
components/BookingConsole.tsx(431,21): error TS2339: Property 'div' does not exist on type 'JSX.IntrinsicElements'.
components/BookingConsole.tsx(432,23): error TS2339: Property 'button' does not exist on type 'JSX.IntrinsicElements'.
components/BookingConsole.tsx(433,25): error TS2339: Property 'div' does not exist on type 'JSX.IntrinsicElements'.
components/BookingConsole.tsx(434,25): error TS2339: Property 'div' does not exist on type 'JSX.IntrinsicElements'.
components/BookingConsole.tsx(434,378): error TS2339: Property 'div' does not exist on type 'JSX.IntrinsicElements'.
components/BookingConsole.tsx(435,23): error TS2339: Property 'button' does not exist on type 'JSX.IntrinsicElements'.
components/BookingConsole.tsx(436,70): error TS2339: Property 'div' does not exist on type 'JSX.IntrinsicElements'.
components/BookingConsole.tsx(436,253): error TS2339: Property 'div' does not exist on type 'JSX.IntrinsicElements'.
components/BookingConsole.tsx(437,40): error TS2339: Property 'div' does not exist on type 'JSX.IntrinsicElements'.
components/BookingConsole.tsx(437,169): error TS2339: Property 'div' does not exist on type 'JSX.IntrinsicElements'.
components/BookingConsole.tsx(438,21): error TS2339: Property 'div' does not exist on type 'JSX.IntrinsicElements'.
components/BookingConsole.tsx(439,19): error TS2339: Property 'div' does not exist on type 'JSX.IntrinsicElements'.
components/BookingConsole.tsx(443,11): error TS2339: Property 'div' does not exist on type 'JSX.IntrinsicElements'.
components/BookingConsole.tsx(445,7): error TS2339: Property 'div' does not exist on type 'JSX.IntrinsicElements'.
components/BookingConsole.tsx(446,5): error TS2339: Property 'div' does not exist on type 'JSX.IntrinsicElements'.
components/ErrorBoundary.tsx(38,17): error TS2339: Property 'div' does not exist on type 'JSX.IntrinsicElements'.
components/ErrorBoundary.tsx(39,21): error TS2339: Property 'div' does not exist on type 'JSX.IntrinsicElements'.
components/ErrorBoundary.tsx(40,25): error TS2339: Property 'div' does not exist on type 'JSX.IntrinsicElements'.
components/ErrorBoundary.tsx(42,25): error TS2339: Property 'div' does not exist on type 'JSX.IntrinsicElements'.
components/ErrorBoundary.tsx(44,25): error TS2339: Property 'h1' does not exist on type 'JSX.IntrinsicElements'.
components/ErrorBoundary.tsx(46,25): error TS2339: Property 'h1' does not exist on type 'JSX.IntrinsicElements'.
components/ErrorBoundary.tsx(48,25): error TS2339: Property 'p' does not exist on type 'JSX.IntrinsicElements'.
components/ErrorBoundary.tsx(50,25): error TS2339: Property 'p' does not exist on type 'JSX.IntrinsicElements'.
components/ErrorBoundary.tsx(53,29): error TS2339: Property 'pre' does not exist on type 'JSX.IntrinsicElements'.
components/ErrorBoundary.tsx(55,29): error TS2339: Property 'pre' does not exist on type 'JSX.IntrinsicElements'.
components/ErrorBoundary.tsx(58,25): error TS2339: Property 'div' does not exist on type 'JSX.IntrinsicElements'.
components/ErrorBoundary.tsx(59,29): error TS2339: Property 'button' does not exist on type 'JSX.IntrinsicElements'.
components/ErrorBoundary.tsx(65,29): error TS2339: Property 'button' does not exist on type 'JSX.IntrinsicElements'.
components/ErrorBoundary.tsx(66,29): error TS2339: Property 'button' does not exist on type 'JSX.IntrinsicElements'.
components/ErrorBoundary.tsx(72,29): error TS2339: Property 'button' does not exist on type 'JSX.IntrinsicElements'.
components/ErrorBoundary.tsx(73,25): error TS2339: Property 'div' does not exist on type 'JSX.IntrinsicElements'.
components/ErrorBoundary.tsx(74,21): error TS2339: Property 'div' does not exist on type 'JSX.IntrinsicElements'.
components/ErrorBoundary.tsx(75,17): error TS2339: Property 'div' does not exist on type 'JSX.IntrinsicElements'.
components/ErrorBoundary.tsx(79,21): error TS2339: Property 'props' does not exist on type 'ErrorBoundary'.
components/Loading.tsx(13,3): error TS2339: Property 'div' does not exist on type 'JSX.IntrinsicElements'.
components/Loading.tsx(14,5): error TS2339: Property 'div' does not exist on type 'JSX.IntrinsicElements'.
components/Loading.tsx(17,5): error TS2339: Property 'div' does not exist on type 'JSX.IntrinsicElements'.
components/Loading.tsx(18,5): error TS2339: Property 'div' does not exist on type 'JSX.IntrinsicElements'.
components/Loading.tsx(22,5): error TS2339: Property 'div' does not exist on type 'JSX.IntrinsicElements'.
components/Loading.tsx(24,3): error TS2339: Property 'div' does not exist on type 'JSX.IntrinsicElements'.
components/Loading.tsx(28,3): error TS2339: Property 'div' does not exist on type 'JSX.IntrinsicElements'.
components/Loading.tsx(30,5): error TS2339: Property 'div' does not exist on type 'JSX.IntrinsicElements'.
components/Loading.tsx(31,7): error TS2339: Property 'div' does not exist on type 'JSX.IntrinsicElements'.
components/Loading.tsx(34,7): error TS2339: Property 'div' does not exist on type 'JSX.IntrinsicElements'.
components/Loading.tsx(36,7): error TS2339: Property 'div' does not exist on type 'JSX.IntrinsicElements'.
components/Loading.tsx(40,7): error TS2339: Property 'div' does not exist on type 'JSX.IntrinsicElements'.
components/Loading.tsx(41,7): error TS2339: Property 'div' does not exist on type 'JSX.IntrinsicElements'.
components/Loading.tsx(42,9): error TS2339: Property 'div' does not exist on type 'JSX.IntrinsicElements'.
components/Loading.tsx(45,9): error TS2339: Property 'div' does not exist on type 'JSX.IntrinsicElements'.
components/Loading.tsx(47,7): error TS2339: Property 'div' does not exist on type 'JSX.IntrinsicElements'.
components/Loading.tsx(48,5): error TS2339: Property 'div' does not exist on type 'JSX.IntrinsicElements'.
components/Loading.tsx(49,3): error TS2339: Property 'div' does not exist on type 'JSX.IntrinsicElements'.
components/Loading.tsx(53,3): error TS2339: Property 'div' does not exist on type 'JSX.IntrinsicElements'.
components/Loading.tsx(55,5): error TS2339: Property 'div' does not exist on type 'JSX.IntrinsicElements'.
components/Loading.tsx(58,7): error TS2339: Property 'div' does not exist on type 'JSX.IntrinsicElements'.
components/Loading.tsx(62,7): error TS2339: Property 'div' does not exist on type 'JSX.IntrinsicElements'.
components/Loading.tsx(63,5): error TS2339: Property 'div' does not exist on type 'JSX.IntrinsicElements'.
components/Loading.tsx(64,3): error TS2339: Property 'div' does not exist on type 'JSX.IntrinsicElements'.
components/Navigation.tsx(39,15): error TS2339: Property 'div' does not exist on type 'JSX.IntrinsicElements'.
components/Navigation.tsx(40,17): error TS2339: Property 'div' does not exist on type 'JSX.IntrinsicElements'.
components/Navigation.tsx(41,19): error TS2339: Property 'div' does not exist on type 'JSX.IntrinsicElements'.
components/Navigation.tsx(43,21): error TS2339: Property 'span' does not exist on type 'JSX.IntrinsicElements'.
components/Navigation.tsx(43,129): error TS2339: Property 'span' does not exist on type 'JSX.IntrinsicElements'.
components/Navigation.tsx(44,19): error TS2339: Property 'div' does not exist on type 'JSX.IntrinsicElements'.
components/Navigation.tsx(45,19): error TS2339: Property 'span' does not exist on type 'JSX.IntrinsicElements'.
components/Navigation.tsx(45,76): error TS2339: Property 'span' does not exist on type 'JSX.IntrinsicElements'.
components/Navigation.tsx(46,17): error TS2339: Property 'div' does not exist on type 'JSX.IntrinsicElements'.
components/Navigation.tsx(47,17): error TS2339: Property 'button' does not exist on type 'JSX.IntrinsicElements'.
components/Navigation.tsx(49,17): error TS2339: Property 'button' does not exist on type 'JSX.IntrinsicElements'.
components/Navigation.tsx(50,15): error TS2339: Property 'div' does not exist on type 'JSX.IntrinsicElements'.
components/Navigation.tsx(51,15): error TS2339: Property 'div' does not exist on type 'JSX.IntrinsicElements'.
components/Navigation.tsx(52,17): error TS2339: Property 'div' does not exist on type 'JSX.IntrinsicElements'.
components/Navigation.tsx(52,78): error TS2339: Property 'div' does not exist on type 'JSX.IntrinsicElements'.
components/Navigation.tsx(53,15): error TS2339: Property 'div' does not exist on type 'JSX.IntrinsicElements'.
components/Navigation.tsx(62,7): error TS2339: Property 'nav' does not exist on type 'JSX.IntrinsicElements'.
components/Navigation.tsx(74,11): error TS2339: Property 'button' does not exist on type 'JSX.IntrinsicElements'.
components/Navigation.tsx(92,17): error TS2339: Property 'span' does not exist on type 'JSX.IntrinsicElements'.
components/Navigation.tsx(92,138): error TS2339: Property 'span' does not exist on type 'JSX.IntrinsicElements'.
components/Navigation.tsx(93,17): error TS2339: Property 'span' does not exist on type 'JSX.IntrinsicElements'.
components/Navigation.tsx(93,107): error TS2339: Property 'span' does not exist on type 'JSX.IntrinsicElements'.
components/Navigation.tsx(96,11): error TS2339: Property 'button' does not exist on type 'JSX.IntrinsicElements'.
components/Navigation.tsx(103,11): error TS2339: Property 'button' does not exist on type 'JSX.IntrinsicElements'.
components/Navigation.tsx(113,11): error TS2339: Property 'button' does not exist on type 'JSX.IntrinsicElements'.
components/Navigation.tsx(116,7): error TS2339: Property 'nav' does not exist on type 'JSX.IntrinsicElements'.
components/Navigation.tsx(132,3): error TS2339: Property 'button' does not exist on type 'JSX.IntrinsicElements'.
components/Navigation.tsx(142,5): error TS2339: Property 'span' does not exist on type 'JSX.IntrinsicElements'.
components/Navigation.tsx(144,5): error TS2339: Property 'span' does not exist on type 'JSX.IntrinsicElements'.
components/Navigation.tsx(145,3): error TS2339: Property 'button' does not exist on type 'JSX.IntrinsicElements'.
components/Navigation.tsx(151,3): error TS2339: Property 'header' does not exist on type 'JSX.IntrinsicElements'.
components/Navigation.tsx(153,7): error TS2339: Property 'div' does not exist on type 'JSX.IntrinsicElements'.
components/Navigation.tsx(154,9): error TS2339: Property 'div' does not exist on type 'JSX.IntrinsicElements'.
components/Navigation.tsx(154,139): error TS2339: Property 'div' does not exist on type 'JSX.IntrinsicElements'.
components/Navigation.tsx(155,9): error TS2339: Property 'span' does not exist on type 'JSX.IntrinsicElements'.
components/Navigation.tsx(155,91): error TS2339: Property 'span' does not exist on type 'JSX.IntrinsicElements'.
components/Navigation.tsx(156,7): error TS2339: Property 'div' does not exist on type 'JSX.IntrinsicElements'.
components/Navigation.tsx(157,7): error TS2339: Property 'div' does not exist on type 'JSX.IntrinsicElements'.
components/Navigation.tsx(158,9): error TS2339: Property 'span' does not exist on type 'JSX.IntrinsicElements'.
components/Navigation.tsx(158,118): error TS2339: Property 'span' does not exist on type 'JSX.IntrinsicElements'.
components/Navigation.tsx(159,9): error TS2339: Property 'span' does not exist on type 'JSX.IntrinsicElements'.
components/Navigation.tsx(159,115): error TS2339: Property 'span' does not exist on type 'JSX.IntrinsicElements'.
components/Navigation.tsx(160,7): error TS2339: Property 'div' does not exist on type 'JSX.IntrinsicElements'.
components/Navigation.tsx(163,5): error TS2339: Property 'div' does not exist on type 'JSX.IntrinsicElements'.
components/Navigation.tsx(166,7): error TS2339: Property 'div' does not exist on type 'JSX.IntrinsicElements'.
components/Navigation.tsx(167,9): error TS2339: Property 'div' does not exist on type 'JSX.IntrinsicElements'.
components/Navigation.tsx(168,11): error TS2339: Property 'div' does not exist on type 'JSX.IntrinsicElements'.
components/Navigation.tsx(168,77): error TS2339: Property 'div' does not exist on type 'JSX.IntrinsicElements'.
components/Navigation.tsx(169,11): error TS2339: Property 'span' does not exist on type 'JSX.IntrinsicElements'.
components/Navigation.tsx(169,79): error TS2339: Property 'span' does not exist on type 'JSX.IntrinsicElements'.
components/Navigation.tsx(170,9): error TS2339: Property 'div' does not exist on type 'JSX.IntrinsicElements'.
components/Navigation.tsx(171,7): error TS2339: Property 'div' does not exist on type 'JSX.IntrinsicElements'.
components/Navigation.tsx(172,5): error TS2339: Property 'div' does not exist on type 'JSX.IntrinsicElements'.
components/Navigation.tsx(173,3): error TS2339: Property 'header' does not exist on type 'JSX.IntrinsicElements'.
components/SimpleFooter.tsx(12,9): error TS2339: Property 'footer' does not exist on type 'JSX.IntrinsicElements'.
components/SimpleFooter.tsx(13,13): error TS2339: Property 'div' does not exist on type 'JSX.IntrinsicElements'.
components/SimpleFooter.tsx(16,17): error TS2339: Property 'div' does not exist on type 'JSX.IntrinsicElements'.
components/SimpleFooter.tsx(18,17): error TS2339: Property 'div' does not exist on type 'JSX.IntrinsicElements'.
components/SimpleFooter.tsx(21,17): error TS2339: Property 'nav' does not exist on type 'JSX.IntrinsicElements'.
components/SimpleFooter.tsx(28,21): error TS2339: Property 'div' does not exist on type 'JSX.IntrinsicElements'.
components/SimpleFooter.tsx(35,21): error TS2339: Property 'div' does not exist on type 'JSX.IntrinsicElements'.
components/SimpleFooter.tsx(36,21): error TS2339: Property 'a' does not exist on type 'JSX.IntrinsicElements'.
components/SimpleFooter.tsx(41,21): error TS2339: Property 'a' does not exist on type 'JSX.IntrinsicElements'.
components/SimpleFooter.tsx(42,17): error TS2339: Property 'nav' does not exist on type 'JSX.IntrinsicElements'.
components/SimpleFooter.tsx(43,13): error TS2339: Property 'div' does not exist on type 'JSX.IntrinsicElements'.
components/SimpleFooter.tsx(46,13): error TS2339: Property 'div' does not exist on type 'JSX.IntrinsicElements'.
components/SimpleFooter.tsx(47,9): error TS2339: Property 'footer' does not exist on type 'JSX.IntrinsicElements'.
components/ToastSystem.tsx(55,7): error TS2339: Property 'div' does not exist on type 'JSX.IntrinsicElements'.
components/ToastSystem.tsx(66,15): error TS2339: Property 'div' does not exist on type 'JSX.IntrinsicElements'.
components/ToastSystem.tsx(66,60): error TS2339: Property 'div' does not exist on type 'JSX.IntrinsicElements'.
components/ToastSystem.tsx(67,15): error TS2339: Property 'div' does not exist on type 'JSX.IntrinsicElements'.
components/ToastSystem.tsx(68,17): error TS2339: Property 'h4' does not exist on type 'JSX.IntrinsicElements'.
components/ToastSystem.tsx(70,17): error TS2339: Property 'h4' does not exist on type 'JSX.IntrinsicElements'.
components/ToastSystem.tsx(71,17): error TS2339: Property 'p' does not exist on type 'JSX.IntrinsicElements'.
components/ToastSystem.tsx(71,80): error TS2339: Property 'p' does not exist on type 'JSX.IntrinsicElements'.
components/ToastSystem.tsx(72,15): error TS2339: Property 'div' does not exist on type 'JSX.IntrinsicElements'.
components/ToastSystem.tsx(73,15): error TS2339: Property 'button' does not exist on type 'JSX.IntrinsicElements'.
components/ToastSystem.tsx(79,15): error TS2339: Property 'button' does not exist on type 'JSX.IntrinsicElements'.
components/ToastSystem.tsx(83,7): error TS2339: Property 'div' does not exist on type 'JSX.IntrinsicElements'.
features/Admin.tsx(52,5): error TS2339: Property 'span' does not exist on type 'JSX.IntrinsicElements'.
features/Admin.tsx(54,5): error TS2339: Property 'span' does not exist on type 'JSX.IntrinsicElements'.
features/Admin.tsx(76,7): error TS2339: Property 'div' does not exist on type 'JSX.IntrinsicElements'.
features/Admin.tsx(77,9): error TS2339: Property 'div' does not exist on type 'JSX.IntrinsicElements'.
features/Admin.tsx(78,11): error TS2339: Property 'div' does not exist on type 'JSX.IntrinsicElements'.
features/Admin.tsx(80,11): error TS2339: Property 'div' does not exist on type 'JSX.IntrinsicElements'.
features/Admin.tsx(81,11): error TS2339: Property 'div' does not exist on type 'JSX.IntrinsicElements'.
features/Admin.tsx(82,13): error TS2339: Property 'h4' does not exist on type 'JSX.IntrinsicElements'.
features/Admin.tsx(82,64): error TS2339: Property 'h4' does not exist on type 'JSX.IntrinsicElements'.
features/Admin.tsx(83,13): error TS2339: Property 'p' does not exist on type 'JSX.IntrinsicElements'.
features/Admin.tsx(83,65): error TS2339: Property 'p' does not exist on type 'JSX.IntrinsicElements'.
features/Admin.tsx(84,11): error TS2339: Property 'div' does not exist on type 'JSX.IntrinsicElements'.
features/Admin.tsx(85,9): error TS2339: Property 'div' does not exist on type 'JSX.IntrinsicElements'.
features/Admin.tsx(87,7): error TS2339: Property 'div' does not exist on type 'JSX.IntrinsicElements'.
features/Admin.tsx(90,9): error TS2339: Property 'div' does not exist on type 'JSX.IntrinsicElements'.
features/Admin.tsx(93,9): error TS2339: Property 'div' does not exist on type 'JSX.IntrinsicElements'.
features/Admin.tsx(96,7): error TS2339: Property 'p' does not exist on type 'JSX.IntrinsicElements'.
features/Admin.tsx(96,79): error TS2339: Property 'p' does not exist on type 'JSX.IntrinsicElements'.
features/Admin.tsx(98,7): error TS2339: Property 'div' does not exist on type 'JSX.IntrinsicElements'.
features/Admin.tsx(99,9): error TS2339: Property 'span' does not exist on type 'JSX.IntrinsicElements'.
features/Admin.tsx(99,69): error TS2339: Property 'span' does not exist on type 'JSX.IntrinsicElements'.
features/Admin.tsx(100,9): error TS2339: Property 'div' does not exist on type 'JSX.IntrinsicElements'.
features/Admin.tsx(101,11): error TS2339: Property 'button' does not exist on type 'JSX.IntrinsicElements'.
features/Admin.tsx(107,11): error TS2339: Property 'button' does not exist on type 'JSX.IntrinsicElements'.
features/Admin.tsx(109,13): error TS2339: Property 'button' does not exist on type 'JSX.IntrinsicElements'.
features/Admin.tsx(115,13): error TS2339: Property 'button' does not exist on type 'JSX.IntrinsicElements'.
features/Admin.tsx(117,11): error TS2339: Property 'button' does not exist on type 'JSX.IntrinsicElements'.
features/Admin.tsx(123,11): error TS2339: Property 'button' does not exist on type 'JSX.IntrinsicElements'.
features/Admin.tsx(124,9): error TS2339: Property 'div' does not exist on type 'JSX.IntrinsicElements'.
features/Admin.tsx(125,7): error TS2339: Property 'div' does not exist on type 'JSX.IntrinsicElements'.
features/Admin.tsx(148,7): error TS2339: Property 'div' does not exist on type 'JSX.IntrinsicElements'.
features/Admin.tsx(149,9): error TS2339: Property 'div' does not exist on type 'JSX.IntrinsicElements'.
features/Admin.tsx(150,11): error TS2339: Property 'h4' does not exist on type 'JSX.IntrinsicElements'.
features/Admin.tsx(150,70): error TS2339: Property 'h4' does not exist on type 'JSX.IntrinsicElements'.
features/Admin.tsx(151,11): error TS2339: Property 'p' does not exist on type 'JSX.IntrinsicElements'.
features/Admin.tsx(151,71): error TS2339: Property 'p' does not exist on type 'JSX.IntrinsicElements'.
features/Admin.tsx(152,9): error TS2339: Property 'div' does not exist on type 'JSX.IntrinsicElements'.
features/Admin.tsx(154,7): error TS2339: Property 'div' does not exist on type 'JSX.IntrinsicElements'.
features/Admin.tsx(156,7): error TS2339: Property 'div' does not exist on type 'JSX.IntrinsicElements'.
features/Admin.tsx(157,9): error TS2339: Property 'div' does not exist on type 'JSX.IntrinsicElements'.
features/Admin.tsx(160,9): error TS2339: Property 'div' does not exist on type 'JSX.IntrinsicElements'.
features/Admin.tsx(161,9): error TS2339: Property 'div' does not exist on type 'JSX.IntrinsicElements'.
features/Admin.tsx(164,9): error TS2339: Property 'div' does not exist on type 'JSX.IntrinsicElements'.
features/Admin.tsx(165,7): error TS2339: Property 'div' does not exist on type 'JSX.IntrinsicElements'.
features/Admin.tsx(167,7): error TS2339: Property 'div' does not exist on type 'JSX.IntrinsicElements'.
features/Admin.tsx(168,9): error TS2339: Property 'span' does not exist on type 'JSX.IntrinsicElements'.
features/Admin.tsx(168,81): error TS2339: Property 'span' does not exist on type 'JSX.IntrinsicElements'.
features/Admin.tsx(169,9): error TS2339: Property 'div' does not exist on type 'JSX.IntrinsicElements'.
features/Admin.tsx(171,13): error TS2339: Property 'button' does not exist on type 'JSX.IntrinsicElements'.
features/Admin.tsx(176,13): error TS2339: Property 'button' does not exist on type 'JSX.IntrinsicElements'.
features/Admin.tsx(179,13): error TS2339: Property 'button' does not exist on type 'JSX.IntrinsicElements'.
features/Admin.tsx(184,13): error TS2339: Property 'button' does not exist on type 'JSX.IntrinsicElements'.
features/Admin.tsx(187,13): error TS2339: Property 'button' does not exist on type 'JSX.IntrinsicElements'.
features/Admin.tsx(192,13): error TS2339: Property 'button' does not exist on type 'JSX.IntrinsicElements'.
features/Admin.tsx(195,13): error TS2339: Property 'button' does not exist on type 'JSX.IntrinsicElements'.
features/Admin.tsx(200,13): error TS2339: Property 'button' does not exist on type 'JSX.IntrinsicElements'.
features/Admin.tsx(202,9): error TS2339: Property 'div' does not exist on type 'JSX.IntrinsicElements'.
features/Admin.tsx(203,7): error TS2339: Property 'div' does not exist on type 'JSX.IntrinsicElements'.
features/Admin.tsx(236,5): error TS2339: Property 'div' does not exist on type 'JSX.IntrinsicElements'.
features/Admin.tsx(243,9): error TS2339: Property 'h3' does not exist on type 'JSX.IntrinsicElements'.
features/Admin.tsx(246,9): error TS2339: Property 'h3' does not exist on type 'JSX.IntrinsicElements'.
features/Admin.tsx(248,9): error TS2339: Property 'div' does not exist on type 'JSX.IntrinsicElements'.
features/Admin.tsx(249,11): error TS2339: Property 'div' does not exist on type 'JSX.IntrinsicElements'.
features/Admin.tsx(250,13): error TS2339: Property 'div' does not exist on type 'JSX.IntrinsicElements'.
features/Admin.tsx(252,15): error TS2339: Property 'span' does not exist on type 'JSX.IntrinsicElements'.
features/Admin.tsx(252,74): error TS2339: Property 'span' does not exist on type 'JSX.IntrinsicElements'.
features/Admin.tsx(253,13): error TS2339: Property 'div' does not exist on type 'JSX.IntrinsicElements'.
features/Admin.tsx(254,13): error TS2339: Property 'div' does not exist on type 'JSX.IntrinsicElements'.
features/Admin.tsx(258,19): error TS2339: Property 'span' does not exist on type 'JSX.IntrinsicElements'.
features/Admin.tsx(258,82): error TS2339: Property 'span' does not exist on type 'JSX.IntrinsicElements'.
features/Admin.tsx(263,13): error TS2339: Property 'div' does not exist on type 'JSX.IntrinsicElements'.
features/Admin.tsx(264,11): error TS2339: Property 'div' does not exist on type 'JSX.IntrinsicElements'.
features/Admin.tsx(266,11): error TS2339: Property 'div' does not exist on type 'JSX.IntrinsicElements'.
features/Admin.tsx(267,13): error TS2339: Property 'div' does not exist on type 'JSX.IntrinsicElements'.
features/Admin.tsx(269,15): error TS2339: Property 'span' does not exist on type 'JSX.IntrinsicElements'.
features/Admin.tsx(269,67): error TS2339: Property 'span' does not exist on type 'JSX.IntrinsicElements'.
features/Admin.tsx(270,13): error TS2339: Property 'div' does not exist on type 'JSX.IntrinsicElements'.
features/Admin.tsx(271,13): error TS2339: Property 'div' does not exist on type 'JSX.IntrinsicElements'.
features/Admin.tsx(272,15): error TS2339: Property 'span' does not exist on type 'JSX.IntrinsicElements'.
features/Admin.tsx(272,72): error TS2339: Property 'span' does not exist on type 'JSX.IntrinsicElements'.
features/Admin.tsx(274,13): error TS2339: Property 'div' does not exist on type 'JSX.IntrinsicElements'.
features/Admin.tsx(275,11): error TS2339: Property 'div' does not exist on type 'JSX.IntrinsicElements'.
features/Admin.tsx(276,9): error TS2339: Property 'div' does not exist on type 'JSX.IntrinsicElements'.
features/Admin.tsx(278,9): error TS2339: Property 'button' does not exist on type 'JSX.IntrinsicElements'.
features/Admin.tsx(283,9): error TS2339: Property 'button' does not exist on type 'JSX.IntrinsicElements'.
features/Admin.tsx(293,9): error TS2339: Property 'h3' does not exist on type 'JSX.IntrinsicElements'.
features/Admin.tsx(296,9): error TS2339: Property 'h3' does not exist on type 'JSX.IntrinsicElements'.
features/Admin.tsx(298,9): error TS2339: Property 'div' does not exist on type 'JSX.IntrinsicElements'.
features/Admin.tsx(299,11): error TS2339: Property 'div' does not exist on type 'JSX.IntrinsicElements'.
features/Admin.tsx(300,13): error TS2339: Property 'div' does not exist on type 'JSX.IntrinsicElements'.
features/Admin.tsx(301,15): error TS2339: Property 'p' does not exist on type 'JSX.IntrinsicElements'.
features/Admin.tsx(301,79): error TS2339: Property 'p' does not exist on type 'JSX.IntrinsicElements'.
features/Admin.tsx(302,15): error TS2339: Property 'p' does not exist on type 'JSX.IntrinsicElements'.
features/Admin.tsx(302,78): error TS2339: Property 'p' does not exist on type 'JSX.IntrinsicElements'.
features/Admin.tsx(303,13): error TS2339: Property 'div' does not exist on type 'JSX.IntrinsicElements'.
features/Admin.tsx(304,13): error TS2339: Property 'div' does not exist on type 'JSX.IntrinsicElements'.
features/Admin.tsx(305,15): error TS2339: Property 'p' does not exist on type 'JSX.IntrinsicElements'.
features/Admin.tsx(305,75): error TS2339: Property 'p' does not exist on type 'JSX.IntrinsicElements'.
features/Admin.tsx(306,15): error TS2339: Property 'p' does not exist on type 'JSX.IntrinsicElements'.
features/Admin.tsx(306,72): error TS2339: Property 'p' does not exist on type 'JSX.IntrinsicElements'.
features/Admin.tsx(307,13): error TS2339: Property 'div' does not exist on type 'JSX.IntrinsicElements'.
features/Admin.tsx(308,11): error TS2339: Property 'div' does not exist on type 'JSX.IntrinsicElements'.
features/Admin.tsx(310,11): error TS2339: Property 'div' does not exist on type 'JSX.IntrinsicElements'.
features/Admin.tsx(311,13): error TS2339: Property 'p' does not exist on type 'JSX.IntrinsicElements'.
features/Admin.tsx(311,72): error TS2339: Property 'p' does not exist on type 'JSX.IntrinsicElements'.
features/Admin.tsx(312,13): error TS2339: Property 'p' does not exist on type 'JSX.IntrinsicElements'.
features/Admin.tsx(312,80): error TS2339: Property 'p' does not exist on type 'JSX.IntrinsicElements'.
features/Admin.tsx(313,11): error TS2339: Property 'div' does not exist on type 'JSX.IntrinsicElements'.
features/Admin.tsx(315,11): error TS2339: Property 'div' does not exist on type 'JSX.IntrinsicElements'.
features/Admin.tsx(316,13): error TS2339: Property 'p' does not exist on type 'JSX.IntrinsicElements'.
features/Admin.tsx(316,77): error TS2339: Property 'p' does not exist on type 'JSX.IntrinsicElements'.
features/Admin.tsx(317,13): error TS2339: Property 'p' does not exist on type 'JSX.IntrinsicElements'.
features/Admin.tsx(317,72): error TS2339: Property 'p' does not exist on type 'JSX.IntrinsicElements'.
features/Admin.tsx(318,11): error TS2339: Property 'div' does not exist on type 'JSX.IntrinsicElements'.
features/Admin.tsx(319,9): error TS2339: Property 'div' does not exist on type 'JSX.IntrinsicElements'.
features/Admin.tsx(321,5): error TS2339: Property 'div' does not exist on type 'JSX.IntrinsicElements'.
features/Admin.tsx(404,5): error TS2339: Property 'section' does not exist on type 'JSX.IntrinsicElements'.
features/Admin.tsx(405,7): error TS2339: Property 'div' does not exist on type 'JSX.IntrinsicElements'.
features/Admin.tsx(407,9): error TS2339: Property 'div' does not exist on type 'JSX.IntrinsicElements'.
features/Admin.tsx(408,11): error TS2339: Property 'div' does not exist on type 'JSX.IntrinsicElements'.
features/Admin.tsx(409,13): error TS2339: Property 'h1' does not exist on type 'JSX.IntrinsicElements'.
features/Admin.tsx(410,23): error TS2339: Property 'span' does not exist on type 'JSX.IntrinsicElements'.
features/Admin.tsx(410,61): error TS2339: Property 'span' does not exist on type 'JSX.IntrinsicElements'.
features/Admin.tsx(411,13): error TS2339: Property 'h1' does not exist on type 'JSX.IntrinsicElements'.
features/Admin.tsx(412,13): error TS2339: Property 'p' does not exist on type 'JSX.IntrinsicElements'.
features/Admin.tsx(414,13): error TS2339: Property 'p' does not exist on type 'JSX.IntrinsicElements'.
features/Admin.tsx(415,11): error TS2339: Property 'div' does not exist on type 'JSX.IntrinsicElements'.
features/Admin.tsx(417,11): error TS2339: Property 'div' does not exist on type 'JSX.IntrinsicElements'.
features/Admin.tsx(418,13): error TS2339: Property 'button' does not exist on type 'JSX.IntrinsicElements'.
features/Admin.tsx(424,15): error TS2339: Property 'span' does not exist on type 'JSX.IntrinsicElements'.
features/Admin.tsx(424,57): error TS2339: Property 'span' does not exist on type 'JSX.IntrinsicElements'.
features/Admin.tsx(425,13): error TS2339: Property 'button' does not exist on type 'JSX.IntrinsicElements'.
features/Admin.tsx(426,13): error TS2339: Property 'button' does not exist on type 'JSX.IntrinsicElements'.
features/Admin.tsx(431,15): error TS2339: Property 'span' does not exist on type 'JSX.IntrinsicElements'.
features/Admin.tsx(431,58): error TS2339: Property 'span' does not exist on type 'JSX.IntrinsicElements'.
features/Admin.tsx(432,13): error TS2339: Property 'button' does not exist on type 'JSX.IntrinsicElements'.
features/Admin.tsx(433,11): error TS2339: Property 'div' does not exist on type 'JSX.IntrinsicElements'.
features/Admin.tsx(434,9): error TS2339: Property 'div' does not exist on type 'JSX.IntrinsicElements'.
features/Admin.tsx(437,9): error TS2339: Property 'div' does not exist on type 'JSX.IntrinsicElements'.
features/Admin.tsx(439,13): error TS2339: Property 'button' does not exist on type 'JSX.IntrinsicElements'.
features/Admin.tsx(450,17): error TS2339: Property 'span' does not exist on type 'JSX.IntrinsicElements'.
features/Admin.tsx(453,17): error TS2339: Property 'span' does not exist on type 'JSX.IntrinsicElements'.
features/Admin.tsx(455,13): error TS2339: Property 'button' does not exist on type 'JSX.IntrinsicElements'.
features/Admin.tsx(457,9): error TS2339: Property 'div' does not exist on type 'JSX.IntrinsicElements'.
features/Admin.tsx(468,15): error TS2339: Property 'div' does not exist on type 'JSX.IntrinsicElements'.
features/Admin.tsx(469,17): error TS2339: Property 'div' does not exist on type 'JSX.IntrinsicElements'.
features/Admin.tsx(470,17): error TS2339: Property 'p' does not exist on type 'JSX.IntrinsicElements'.
features/Admin.tsx(470,79): error TS2339: Property 'p' does not exist on type 'JSX.IntrinsicElements'.
features/Admin.tsx(471,15): error TS2339: Property 'div' does not exist on type 'JSX.IntrinsicElements'.
features/Admin.tsx(496,21): error TS2339: Property 'div' does not exist on type 'JSX.IntrinsicElements'.
features/Admin.tsx(498,23): error TS2339: Property 'p' does not exist on type 'JSX.IntrinsicElements'.
features/Admin.tsx(498,41): error TS2339: Property 'p' does not exist on type 'JSX.IntrinsicElements'.
features/Admin.tsx(499,21): error TS2339: Property 'div' does not exist on type 'JSX.IntrinsicElements'.
features/Admin.tsx(501,21): error TS2339: Property 'div' does not exist on type 'JSX.IntrinsicElements'.
features/Admin.tsx(504,27): error TS2322: Type '{ key: any; contact: any; onStatusChange: (status: any) => Promise<void>; onView: () => any; }' is not assignable to type '{ contact: { company: string; created_at: string; email: string; id: string; message: string; name: string; service_interest: string; status: string; subject: string; }; onStatusChange: (status: any) => void; onView: () => void; }'.
  Property 'key' does not exist on type '{ contact: { company: string; created_at: string; email: string; id: string; message: string; name: string; service_interest: string; status: string; subject: string; }; onStatusChange: (status: any) => void; onView: () => void; }'.
features/Admin.tsx(510,21): error TS2339: Property 'div' does not exist on type 'JSX.IntrinsicElements'.
features/Admin.tsx(524,21): error TS2339: Property 'div' does not exist on type 'JSX.IntrinsicElements'.
features/Admin.tsx(526,23): error TS2339: Property 'p' does not exist on type 'JSX.IntrinsicElements'.
features/Admin.tsx(526,41): error TS2339: Property 'p' does not exist on type 'JSX.IntrinsicElements'.
features/Admin.tsx(527,21): error TS2339: Property 'div' does not exist on type 'JSX.IntrinsicElements'.
features/Admin.tsx(529,21): error TS2339: Property 'div' does not exist on type 'JSX.IntrinsicElements'.
features/Admin.tsx(532,27): error TS2322: Type '{ key: any; booking: any; onStatusChange: (status: "pending" | "confirmed" | "in_progress" | "completed" | "cancelled") => Promise<void>; }' is not assignable to type '{ booking: { customer_email: string; customer_name: string; id: string; notes: string; scheduled_date: string; service_id: string; status: "pending" | "confirmed" | "in_progress" | "completed" | "cancelled"; ... 4 more ...; created_at: string; }; onStatusChange: (status: "pending" | ... 3 more ... | "cancelled") => ...'.
  Property 'key' does not exist on type '{ booking: { customer_email: string; customer_name: string; id: string; notes: string; scheduled_date: string; service_id: string; status: "pending" | "confirmed" | "in_progress" | "completed" | "cancelled"; ... 4 more ...; created_at: string; }; onStatusChange: (status: "pending" | ... 3 more ... | "cancelled") => ...'.
features/Admin.tsx(537,21): error TS2339: Property 'div' does not exist on type 'JSX.IntrinsicElements'.
features/Admin.tsx(684,17): error TS2339: Property 'div' does not exist on type 'JSX.IntrinsicElements'.
features/Admin.tsx(685,19): error TS2339: Property 'div' does not exist on type 'JSX.IntrinsicElements'.
features/Admin.tsx(686,21): error TS2339: Property 'h3' does not exist on type 'JSX.IntrinsicElements'.
features/Admin.tsx(686,77): error TS2339: Property 'h3' does not exist on type 'JSX.IntrinsicElements'.
features/Admin.tsx(687,21): error TS2339: Property 'p' does not exist on type 'JSX.IntrinsicElements'.
features/Admin.tsx(687,81): error TS2339: Property 'p' does not exist on type 'JSX.IntrinsicElements'.
features/Admin.tsx(688,19): error TS2339: Property 'div' does not exist on type 'JSX.IntrinsicElements'.
features/Admin.tsx(689,19): error TS2339: Property 'button' does not exist on type 'JSX.IntrinsicElements'.
features/Admin.tsx(694,19): error TS2339: Property 'button' does not exist on type 'JSX.IntrinsicElements'.
features/Admin.tsx(695,17): error TS2339: Property 'div' does not exist on type 'JSX.IntrinsicElements'.
features/Admin.tsx(698,19): error TS2339: Property 'p' does not exist on type 'JSX.IntrinsicElements'.
features/Admin.tsx(699,21): error TS2339: Property 'span' does not exist on type 'JSX.IntrinsicElements'.
features/Admin.tsx(699,61): error TS2339: Property 'span' does not exist on type 'JSX.IntrinsicElements'.
features/Admin.tsx(700,19): error TS2339: Property 'p' does not exist on type 'JSX.IntrinsicElements'.
features/Admin.tsx(703,19): error TS2339: Property 'p' does not exist on type 'JSX.IntrinsicElements'.
features/Admin.tsx(704,21): error TS2339: Property 'span' does not exist on type 'JSX.IntrinsicElements'.
features/Admin.tsx(704,62): error TS2339: Property 'span' does not exist on type 'JSX.IntrinsicElements'.
features/Admin.tsx(705,19): error TS2339: Property 'p' does not exist on type 'JSX.IntrinsicElements'.
features/Admin.tsx(708,19): error TS2339: Property 'p' does not exist on type 'JSX.IntrinsicElements'.
features/Admin.tsx(709,21): error TS2339: Property 'span' does not exist on type 'JSX.IntrinsicElements'.
features/Admin.tsx(709,60): error TS2339: Property 'span' does not exist on type 'JSX.IntrinsicElements'.
features/Admin.tsx(710,19): error TS2339: Property 'p' does not exist on type 'JSX.IntrinsicElements'.
features/Admin.tsx(713,19): error TS2339: Property 'p' does not exist on type 'JSX.IntrinsicElements'.
features/Admin.tsx(714,21): error TS2339: Property 'span' does not exist on type 'JSX.IntrinsicElements'.
features/Admin.tsx(714,62): error TS2339: Property 'span' does not exist on type 'JSX.IntrinsicElements'.
features/Admin.tsx(715,19): error TS2339: Property 'p' does not exist on type 'JSX.IntrinsicElements'.
features/Admin.tsx(718,17): error TS2339: Property 'div' does not exist on type 'JSX.IntrinsicElements'.
features/Admin.tsx(719,19): error TS2339: Property 'p' does not exist on type 'JSX.IntrinsicElements'.
features/Admin.tsx(719,90): error TS2339: Property 'p' does not exist on type 'JSX.IntrinsicElements'.
features/Admin.tsx(720,17): error TS2339: Property 'div' does not exist on type 'JSX.IntrinsicElements'.
features/Admin.tsx(722,17): error TS2339: Property 'div' does not exist on type 'JSX.IntrinsicElements'.
features/Admin.tsx(723,19): error TS2339: Property 'span' does not exist on type 'JSX.IntrinsicElements'.
features/Admin.tsx(725,19): error TS2339: Property 'span' does not exist on type 'JSX.IntrinsicElements'.
features/Admin.tsx(726,19): error TS2339: Property 'a' does not exist on type 'JSX.IntrinsicElements'.
features/Admin.tsx(731,19): error TS2339: Property 'a' does not exist on type 'JSX.IntrinsicElements'.
features/Admin.tsx(732,17): error TS2339: Property 'div' does not exist on type 'JSX.IntrinsicElements'.
features/Admin.tsx(737,7): error TS2339: Property 'div' does not exist on type 'JSX.IntrinsicElements'.
features/Admin.tsx(740,7): error TS2339: Property 'nav' does not exist on type 'JSX.IntrinsicElements'.
features/Admin.tsx(741,9): error TS2339: Property 'div' does not exist on type 'JSX.IntrinsicElements'.
features/Admin.tsx(749,13): error TS2339: Property 'button' does not exist on type 'JSX.IntrinsicElements'.
features/Admin.tsx(758,15): error TS2339: Property 'span' does not exist on type 'JSX.IntrinsicElements'.
features/Admin.tsx(758,68): error TS2339: Property 'span' does not exist on type 'JSX.IntrinsicElements'.
features/Admin.tsx(760,17): error TS2339: Property 'span' does not exist on type 'JSX.IntrinsicElements'.
features/Admin.tsx(762,17): error TS2339: Property 'span' does not exist on type 'JSX.IntrinsicElements'.
features/Admin.tsx(764,13): error TS2339: Property 'button' does not exist on type 'JSX.IntrinsicElements'.
features/Admin.tsx(766,9): error TS2339: Property 'div' does not exist on type 'JSX.IntrinsicElements'.
features/Admin.tsx(767,7): error TS2339: Property 'nav' does not exist on type 'JSX.IntrinsicElements'.
features/Admin.tsx(768,5): error TS2339: Property 'section' does not exist on type 'JSX.IntrinsicElements'.
features/Admin.tsx(782,11): error TS2339: Property 'div' does not exist on type 'JSX.IntrinsicElements'.
features/Admin.tsx(783,13): error TS2339: Property 'div' does not exist on type 'JSX.IntrinsicElements'.
features/Admin.tsx(784,15): error TS2339: Property 'h2' does not exist on type 'JSX.IntrinsicElements'.
features/Admin.tsx(784,78): error TS2339: Property 'h2' does not exist on type 'JSX.IntrinsicElements'.
features/Admin.tsx(785,15): error TS2339: Property 'p' does not exist on type 'JSX.IntrinsicElements'.
features/Admin.tsx(785,94): error TS2339: Property 'p' does not exist on type 'JSX.IntrinsicElements'.
features/Admin.tsx(786,15): error TS2339: Property 'button' does not exist on type 'JSX.IntrinsicElements'.
features/Admin.tsx(791,15): error TS2339: Property 'button' does not exist on type 'JSX.IntrinsicElements'.
features/Admin.tsx(792,13): error TS2339: Property 'div' does not exist on type 'JSX.IntrinsicElements'.
features/Admin.tsx(793,11): error TS2339: Property 'div' does not exist on type 'JSX.IntrinsicElements'.
features/Admin.tsx(804,9): error TS2339: Property 'div' does not exist on type 'JSX.IntrinsicElements'.
features/Admin.tsx(805,11): error TS2339: Property 'div' does not exist on type 'JSX.IntrinsicElements'.
features/Admin.tsx(806,13): error TS2339: Property 'h2' does not exist on type 'JSX.IntrinsicElements'.
features/Admin.tsx(806,76): error TS2339: Property 'h2' does not exist on type 'JSX.IntrinsicElements'.
features/Admin.tsx(807,13): error TS2339: Property 'p' does not exist on type 'JSX.IntrinsicElements'.
features/Admin.tsx(807,92): error TS2339: Property 'p' does not exist on type 'JSX.IntrinsicElements'.
features/Admin.tsx(808,13): error TS2339: Property 'button' does not exist on type 'JSX.IntrinsicElements'.
features/Admin.tsx(813,13): error TS2339: Property 'button' does not exist on type 'JSX.IntrinsicElements'.
features/Admin.tsx(814,11): error TS2339: Property 'div' does not exist on type 'JSX.IntrinsicElements'.
features/Admin.tsx(815,9): error TS2339: Property 'div' does not exist on type 'JSX.IntrinsicElements'.
features/Blog.tsx(24,16): error TS2339: Property 'author_name' does not exist on type '{ author_id: string; category: "Creative" | "Tech" | "Ministry" | "Strategy" | "Growth"; content: string; created_at: string; excerpt: string; id: string; image_url: string; published_at: string; ... 5 more ...; views: number; }'.
features/Blog.tsx(25,20): error TS2339: Property 'author_role' does not exist on type '{ author_id: string; category: "Creative" | "Tech" | "Ministry" | "Strategy" | "Growth"; content: string; created_at: string; excerpt: string; id: string; image_url: string; published_at: string; ... 5 more ...; views: number; }'.
features/Blog.tsx(29,18): error TS2339: Property 'read_time' does not exist on type '{ author_id: string; category: "Creative" | "Tech" | "Ministry" | "Strategy" | "Growth"; content: string; created_at: string; excerpt: string; id: string; image_url: string; published_at: string; ... 5 more ...; views: number; }'.
features/Blog.tsx(31,15): error TS2339: Property 'likes' does not exist on type '{ author_id: string; category: "Creative" | "Tech" | "Ministry" | "Strategy" | "Growth"; content: string; created_at: string; excerpt: string; id: string; image_url: string; published_at: string; ... 5 more ...; views: number; }'.
features/Blog.tsx(34,18): error TS2339: Property 'featured_image' does not exist on type '{ author_id: string; category: "Creative" | "Tech" | "Ministry" | "Strategy" | "Growth"; content: string; created_at: string; excerpt: string; id: string; image_url: string; published_at: string; ... 5 more ...; views: number; }'.
features/Blog.tsx(35,25): error TS2339: Property 'meta_description' does not exist on type '{ author_id: string; category: "Creative" | "Tech" | "Ministry" | "Strategy" | "Growth"; content: string; created_at: string; excerpt: string; id: string; image_url: string; published_at: string; ... 5 more ...; views: number; }'.
features/Blog.tsx(36,18): error TS2339: Property 'meta_keywords' does not exist on type '{ author_id: string; category: "Creative" | "Tech" | "Ministry" | "Strategy" | "Growth"; content: string; created_at: string; excerpt: string; id: string; image_url: string; published_at: string; ... 5 more ...; views: number; }'.
features/Blog.tsx(125,5): error TS2339: Property 'section' does not exist on type 'JSX.IntrinsicElements'.
features/Blog.tsx(128,7): error TS2339: Property 'div' does not exist on type 'JSX.IntrinsicElements'.
features/Blog.tsx(129,9): error TS2339: Property 'div' does not exist on type 'JSX.IntrinsicElements'.
features/Blog.tsx(130,11): error TS2339: Property 'h2' does not exist on type 'JSX.IntrinsicElements'.
features/Blog.tsx(130,117): error TS2339: Property 'h2' does not exist on type 'JSX.IntrinsicElements'.
features/Blog.tsx(131,11): error TS2339: Property 'p' does not exist on type 'JSX.IntrinsicElements'.
features/Blog.tsx(131,125): error TS2339: Property 'p' does not exist on type 'JSX.IntrinsicElements'.
features/Blog.tsx(132,9): error TS2339: Property 'div' does not exist on type 'JSX.IntrinsicElements'.
features/Blog.tsx(133,9): error TS2339: Property 'div' does not exist on type 'JSX.IntrinsicElements'.
features/Blog.tsx(135,13): error TS2339: Property 'button' does not exist on type 'JSX.IntrinsicElements'.
features/Blog.tsx(135,257): error TS2339: Property 'button' does not exist on type 'JSX.IntrinsicElements'.
features/Blog.tsx(137,13): error TS2339: Property 'div' does not exist on type 'JSX.IntrinsicElements'.
features/Blog.tsx(138,15): error TS2339: Property 'img' does not exist on type 'JSX.IntrinsicElements'.
features/Blog.tsx(139,15): error TS2339: Property 'button' does not exist on type 'JSX.IntrinsicElements'.
features/Blog.tsx(139,188): error TS2339: Property 'button' does not exist on type 'JSX.IntrinsicElements'.
features/Blog.tsx(140,15): error TS2339: Property 'button' does not exist on type 'JSX.IntrinsicElements'.
features/Blog.tsx(140,171): error TS2339: Property 'button' does not exist on type 'JSX.IntrinsicElements'.
features/Blog.tsx(141,13): error TS2339: Property 'div' does not exist on type 'JSX.IntrinsicElements'.
features/Blog.tsx(143,9): error TS2339: Property 'div' does not exist on type 'JSX.IntrinsicElements'.
features/Blog.tsx(144,7): error TS2339: Property 'div' does not exist on type 'JSX.IntrinsicElements'.
features/Blog.tsx(148,9): error TS2339: Property 'div' does not exist on type 'JSX.IntrinsicElements'.
features/Blog.tsx(149,11): error TS2339: Property 'p' does not exist on type 'JSX.IntrinsicElements'.
features/Blog.tsx(149,73): error TS2339: Property 'p' does not exist on type 'JSX.IntrinsicElements'.
features/Blog.tsx(150,11): error TS2339: Property 'button' does not exist on type 'JSX.IntrinsicElements'.
features/Blog.tsx(150,103): error TS2339: Property 'button' does not exist on type 'JSX.IntrinsicElements'.
features/Blog.tsx(151,9): error TS2339: Property 'div' does not exist on type 'JSX.IntrinsicElements'.
features/Blog.tsx(193,5): error TS2339: Property 'section' does not exist on type 'JSX.IntrinsicElements'.
features/Blog.tsx(206,27): error TS2339: Property 'isLoading' does not exist on type '{ post: any; comments: any; loading: any; error: any; addComment: (content: string, authorName: string, authorAvatar?: string) => Promise<any>; toggleLike: (liked: boolean) => Promise<void>; notFound: boolean; }'.
features/Blog.tsx(210,7): error TS2339: Property 'div' does not exist on type 'JSX.IntrinsicElements'.
features/Blog.tsx(212,7): error TS2339: Property 'div' does not exist on type 'JSX.IntrinsicElements'.
features/Blog.tsx(218,7): error TS2339: Property 'div' does not exist on type 'JSX.IntrinsicElements'.
features/Blog.tsx(219,9): error TS2339: Property 'p' does not exist on type 'JSX.IntrinsicElements'.
features/Blog.tsx(219,52): error TS2339: Property 'p' does not exist on type 'JSX.IntrinsicElements'.
features/Blog.tsx(220,9): error TS2339: Property 'button' does not exist on type 'JSX.IntrinsicElements'.
features/Blog.tsx(220,91): error TS2339: Property 'button' does not exist on type 'JSX.IntrinsicElements'.
features/Blog.tsx(221,7): error TS2339: Property 'div' does not exist on type 'JSX.IntrinsicElements'.
features/Blog.tsx(243,11): error TS2554: Expected 2-3 arguments, but got 1.
features/Blog.tsx(244,24): error TS2339: Property 'text' does not exist on type 'Comment'.
features/Blog.tsx(280,17): error TS2339: Property 'isLoading' does not exist on type '{ post: any; comments: any; loading: any; error: any; addComment: (content: string, authorName: string, authorAvatar?: string) => Promise<any>; toggleLike: (liked: boolean) => Promise<void>; notFound: boolean; }'.
features/Blog.tsx(285,7): error TS2339: Property 'div' does not exist on type 'JSX.IntrinsicElements'.
features/Blog.tsx(287,7): error TS2339: Property 'div' does not exist on type 'JSX.IntrinsicElements'.
features/Blog.tsx(302,11): error TS2353: Object literal may only specify known properties, and 'featured_image' does not exist in type '{ author_id?: string; category?: "Creative" | "Tech" | "Ministry" | "Strategy" | "Growth"; content?: string; created_at?: string; excerpt?: string; id?: string; image_url?: string; published_at?: string; ... 5 more ...; views?: number; }'.
features/Blog.tsx(302,36): error TS2339: Property 'image' does not exist on type 'BlogPost'.
features/Blog.tsx(314,11): error TS2353: Object literal may only specify known properties, and 'featured_image' does not exist in type '{ author_id: string; category: "Creative" | "Tech" | "Ministry" | "Strategy" | "Growth"; content: string; created_at?: string; excerpt?: string; id?: string; image_url?: string; published_at?: string; ... 5 more ...; views?: number; }'.
features/Blog.tsx(314,36): error TS2339: Property 'image' does not exist on type 'BlogPost'.
features/Blog.tsx(353,31): error TS2304: Cannot find name 'supabase'.
features/Blog.tsx(375,5): error TS2339: Property 'div' does not exist on type 'JSX.IntrinsicElements'.
features/Blog.tsx(376,7): error TS2339: Property 'div' does not exist on type 'JSX.IntrinsicElements'.
features/Blog.tsx(376,87): error TS2339: Property 'div' does not exist on type 'JSX.IntrinsicElements'.
features/Blog.tsx(377,7): error TS2339: Property 'div' does not exist on type 'JSX.IntrinsicElements'.
features/Blog.tsx(378,9): error TS2339: Property 'span' does not exist on type 'JSX.IntrinsicElements'.
features/Blog.tsx(378,138): error TS2339: Property 'span' does not exist on type 'JSX.IntrinsicElements'.
features/Blog.tsx(379,9): error TS2339: Property 'h3' does not exist on type 'JSX.IntrinsicElements'.
features/Blog.tsx(379,111): error TS2339: Property 'h3' does not exist on type 'JSX.IntrinsicElements'.
features/Blog.tsx(380,9): error TS2339: Property 'p' does not exist on type 'JSX.IntrinsicElements'.
features/Blog.tsx(380,186): error TS2339: Property 'p' does not exist on type 'JSX.IntrinsicElements'.
features/Blog.tsx(383,11): error TS2339: Property 'p' does not exist on type 'JSX.IntrinsicElements'.
features/Blog.tsx(383,83): error TS2339: Property 'p' does not exist on type 'JSX.IntrinsicElements'.
features/Blog.tsx(385,11): error TS2339: Property 'form' does not exist on type 'JSX.IntrinsicElements'.
features/Blog.tsx(386,13): error TS2339: Property 'input' does not exist on type 'JSX.IntrinsicElements'.
features/Blog.tsx(394,13): error TS2339: Property 'button' does not exist on type 'JSX.IntrinsicElements'.
features/Blog.tsx(400,13): error TS2339: Property 'button' does not exist on type 'JSX.IntrinsicElements'.
features/Blog.tsx(401,11): error TS2339: Property 'form' does not exist on type 'JSX.IntrinsicElements'.
features/Blog.tsx(404,11): error TS2339: Property 'p' does not exist on type 'JSX.IntrinsicElements'.
features/Blog.tsx(404,82): error TS2339: Property 'p' does not exist on type 'JSX.IntrinsicElements'.
features/Blog.tsx(406,7): error TS2339: Property 'div' does not exist on type 'JSX.IntrinsicElements'.
features/Blog.tsx(407,5): error TS2339: Property 'div' does not exist on type 'JSX.IntrinsicElements'.
features/Booking.tsx(12,5): error TS2339: Property 'section' does not exist on type 'JSX.IntrinsicElements'.
features/Booking.tsx(13,7): error TS2339: Property 'div' does not exist on type 'JSX.IntrinsicElements'.
features/Booking.tsx(14,9): error TS2339: Property 'h2' does not exist on type 'JSX.IntrinsicElements'.
features/Booking.tsx(14,76): error TS2339: Property 'h2' does not exist on type 'JSX.IntrinsicElements'.
features/Booking.tsx(15,9): error TS2339: Property 'div' does not exist on type 'JSX.IntrinsicElements'.
features/Booking.tsx(17,13): error TS2339: Property 'div' does not exist on type 'JSX.IntrinsicElements'.
features/Booking.tsx(26,15): error TS2339: Property 'div' does not exist on type 'JSX.IntrinsicElements'.
features/Booking.tsx(27,17): error TS2339: Property 'h3' does not exist on type 'JSX.IntrinsicElements'.
features/Booking.tsx(27,66): error TS2339: Property 'h3' does not exist on type 'JSX.IntrinsicElements'.
features/Booking.tsx(28,17): error TS2339: Property 'span' does not exist on type 'JSX.IntrinsicElements'.
features/Booking.tsx(30,17): error TS2339: Property 'span' does not exist on type 'JSX.IntrinsicElements'.
features/Booking.tsx(31,15): error TS2339: Property 'div' does not exist on type 'JSX.IntrinsicElements'.
features/Booking.tsx(32,15): error TS2339: Property 'div' does not exist on type 'JSX.IntrinsicElements'.
features/Booking.tsx(33,17): error TS2339: Property 'span' does not exist on type 'JSX.IntrinsicElements'.
features/Booking.tsx(33,41): error TS2339: Property 'span' does not exist on type 'JSX.IntrinsicElements'.
features/Booking.tsx(34,17): error TS2339: Property 'span' does not exist on type 'JSX.IntrinsicElements'.
features/Booking.tsx(34,52): error TS2339: Property 'span' does not exist on type 'JSX.IntrinsicElements'.
features/Booking.tsx(35,15): error TS2339: Property 'div' does not exist on type 'JSX.IntrinsicElements'.
features/Booking.tsx(36,13): error TS2339: Property 'div' does not exist on type 'JSX.IntrinsicElements'.
features/Booking.tsx(38,9): error TS2339: Property 'div' does not exist on type 'JSX.IntrinsicElements'.
features/Booking.tsx(39,7): error TS2339: Property 'div' does not exist on type 'JSX.IntrinsicElements'.
features/Booking.tsx(41,7): error TS2339: Property 'div' does not exist on type 'JSX.IntrinsicElements'.
features/Booking.tsx(42,9): error TS2339: Property 'h2' does not exist on type 'JSX.IntrinsicElements'.
features/Booking.tsx(42,74): error TS2339: Property 'h2' does not exist on type 'JSX.IntrinsicElements'.
features/Booking.tsx(43,9): error TS2339: Property 'div' does not exist on type 'JSX.IntrinsicElements'.
features/Booking.tsx(44,11): error TS2339: Property 'div' does not exist on type 'JSX.IntrinsicElements'.
features/Booking.tsx(45,13): error TS2339: Property 'h3' does not exist on type 'JSX.IntrinsicElements'.
features/Booking.tsx(45,59): error TS2339: Property 'h3' does not exist on type 'JSX.IntrinsicElements'.
features/Booking.tsx(46,13): error TS2339: Property 'div' does not exist on type 'JSX.IntrinsicElements'.
features/Booking.tsx(47,15): error TS2339: Property 'button' does not exist on type 'JSX.IntrinsicElements'.
features/Booking.tsx(47,119): error TS2339: Property 'button' does not exist on type 'JSX.IntrinsicElements'.
features/Booking.tsx(48,15): error TS2339: Property 'button' does not exist on type 'JSX.IntrinsicElements'.
features/Booking.tsx(48,96): error TS2339: Property 'button' does not exist on type 'JSX.IntrinsicElements'.
features/Booking.tsx(49,13): error TS2339: Property 'div' does not exist on type 'JSX.IntrinsicElements'.
features/Booking.tsx(50,11): error TS2339: Property 'div' does not exist on type 'JSX.IntrinsicElements'.
features/Booking.tsx(52,11): error TS2339: Property 'div' does not exist on type 'JSX.IntrinsicElements'.
features/Booking.tsx(53,13): error TS2339: Property 'div' does not exist on type 'JSX.IntrinsicElements'.
features/Booking.tsx(53,19): error TS2339: Property 'div' does not exist on type 'JSX.IntrinsicElements'.
features/Booking.tsx(53,25): error TS2339: Property 'div' does not exist on type 'JSX.IntrinsicElements'.
features/Booking.tsx(53,31): error TS2339: Property 'div' does not exist on type 'JSX.IntrinsicElements'.
features/Booking.tsx(53,37): error TS2339: Property 'div' does not exist on type 'JSX.IntrinsicElements'.
features/Booking.tsx(53,43): error TS2339: Property 'div' does not exist on type 'JSX.IntrinsicElements'.
features/Booking.tsx(53,49): error TS2339: Property 'div' does not exist on type 'JSX.IntrinsicElements'.
features/Booking.tsx(53,55): error TS2339: Property 'div' does not exist on type 'JSX.IntrinsicElements'.
features/Booking.tsx(53,61): error TS2339: Property 'div' does not exist on type 'JSX.IntrinsicElements'.
features/Booking.tsx(53,67): error TS2339: Property 'div' does not exist on type 'JSX.IntrinsicElements'.
features/Booking.tsx(53,73): error TS2339: Property 'div' does not exist on type 'JSX.IntrinsicElements'.
features/Booking.tsx(53,79): error TS2339: Property 'div' does not exist on type 'JSX.IntrinsicElements'.
features/Booking.tsx(53,85): error TS2339: Property 'div' does not exist on type 'JSX.IntrinsicElements'.
features/Booking.tsx(53,91): error TS2339: Property 'div' does not exist on type 'JSX.IntrinsicElements'.
features/Booking.tsx(54,11): error TS2339: Property 'div' does not exist on type 'JSX.IntrinsicElements'.
features/Booking.tsx(56,11): error TS2339: Property 'div' does not exist on type 'JSX.IntrinsicElements'.
features/Booking.tsx(57,42): error TS2339: Property 'div' does not exist on type 'JSX.IntrinsicElements'.
features/Booking.tsx(59,15): error TS2339: Property 'button' does not exist on type 'JSX.IntrinsicElements'.
features/Booking.tsx(69,15): error TS2339: Property 'button' does not exist on type 'JSX.IntrinsicElements'.
features/Booking.tsx(71,11): error TS2339: Property 'div' does not exist on type 'JSX.IntrinsicElements'.
features/Booking.tsx(73,11): error TS2339: Property 'div' does not exist on type 'JSX.IntrinsicElements'.
features/Booking.tsx(74,13): error TS2339: Property 'div' does not exist on type 'JSX.IntrinsicElements'.
features/Booking.tsx(75,15): error TS2339: Property 'span' does not exist on type 'JSX.IntrinsicElements'.
features/Booking.tsx(75,52): error TS2339: Property 'span' does not exist on type 'JSX.IntrinsicElements'.
features/Booking.tsx(76,15): error TS2339: Property 'span' does not exist on type 'JSX.IntrinsicElements'.
features/Booking.tsx(78,15): error TS2339: Property 'span' does not exist on type 'JSX.IntrinsicElements'.
features/Booking.tsx(79,13): error TS2339: Property 'div' does not exist on type 'JSX.IntrinsicElements'.
features/Booking.tsx(80,13): error TS2339: Property 'button' does not exist on type 'JSX.IntrinsicElements'.
features/Booking.tsx(85,13): error TS2339: Property 'button' does not exist on type 'JSX.IntrinsicElements'.
features/Booking.tsx(86,11): error TS2339: Property 'div' does not exist on type 'JSX.IntrinsicElements'.
features/Booking.tsx(87,9): error TS2339: Property 'div' does not exist on type 'JSX.IntrinsicElements'.
features/Booking.tsx(88,7): error TS2339: Property 'div' does not exist on type 'JSX.IntrinsicElements'.
features/Booking.tsx(89,5): error TS2339: Property 'section' does not exist on type 'JSX.IntrinsicElements'.
features/Chat.tsx(356,5): error TS2339: Property 'section' does not exist on type 'JSX.IntrinsicElements'.
features/Chat.tsx(358,7): error TS2339: Property 'div' does not exist on type 'JSX.IntrinsicElements'.
features/Chat.tsx(358,147): error TS2339: Property 'div' does not exist on type 'JSX.IntrinsicElements'.
features/Chat.tsx(360,7): error TS2339: Property 'div' does not exist on type 'JSX.IntrinsicElements'.
features/Chat.tsx(372,7): error TS2339: Property 'div' does not exist on type 'JSX.IntrinsicElements'.
features/Chat.tsx(398,7): error TS2339: Property 'div' does not exist on type 'JSX.IntrinsicElements'.
features/Chat.tsx(400,9): error TS2339: Property 'div' does not exist on type 'JSX.IntrinsicElements'.
features/Chat.tsx(401,11): error TS2339: Property 'div' does not exist on type 'JSX.IntrinsicElements'.
features/Chat.tsx(402,13): error TS2339: Property 'button' does not exist on type 'JSX.IntrinsicElements'.
features/Chat.tsx(407,13): error TS2339: Property 'button' does not exist on type 'JSX.IntrinsicElements'.
features/Chat.tsx(409,13): error TS2339: Property 'div' does not exist on type 'JSX.IntrinsicElements'.
features/Chat.tsx(410,15): error TS2339: Property 'div' does not exist on type 'JSX.IntrinsicElements'.
features/Chat.tsx(411,17): error TS2339: Property 'div' does not exist on type 'JSX.IntrinsicElements'.
features/Chat.tsx(412,15): error TS2339: Property 'div' does not exist on type 'JSX.IntrinsicElements'.
features/Chat.tsx(413,15): error TS2339: Property 'div' does not exist on type 'JSX.IntrinsicElements'.
features/Chat.tsx(414,17): error TS2339: Property 'h2' does not exist on type 'JSX.IntrinsicElements'.
features/Chat.tsx(416,17): error TS2339: Property 'h2' does not exist on type 'JSX.IntrinsicElements'.
features/Chat.tsx(417,17): error TS2339: Property 'div' does not exist on type 'JSX.IntrinsicElements'.
features/Chat.tsx(418,19): error TS2339: Property 'p' does not exist on type 'JSX.IntrinsicElements'.
features/Chat.tsx(420,19): error TS2339: Property 'p' does not exist on type 'JSX.IntrinsicElements'.
features/Chat.tsx(422,21): error TS2339: Property 'span' does not exist on type 'JSX.IntrinsicElements'.
features/Chat.tsx(422,482): error TS2339: Property 'span' does not exist on type 'JSX.IntrinsicElements'.
features/Chat.tsx(424,17): error TS2339: Property 'div' does not exist on type 'JSX.IntrinsicElements'.
features/Chat.tsx(425,15): error TS2339: Property 'div' does not exist on type 'JSX.IntrinsicElements'.
features/Chat.tsx(426,13): error TS2339: Property 'div' does not exist on type 'JSX.IntrinsicElements'.
features/Chat.tsx(427,11): error TS2339: Property 'div' does not exist on type 'JSX.IntrinsicElements'.
features/Chat.tsx(429,11): error TS2339: Property 'div' does not exist on type 'JSX.IntrinsicElements'.
features/Chat.tsx(430,13): error TS2339: Property 'button' does not exist on type 'JSX.IntrinsicElements'.
features/Chat.tsx(430,154): error TS2339: Property 'button' does not exist on type 'JSX.IntrinsicElements'.
features/Chat.tsx(431,13): error TS2339: Property 'button' does not exist on type 'JSX.IntrinsicElements'.
features/Chat.tsx(431,189): error TS2339: Property 'button' does not exist on type 'JSX.IntrinsicElements'.
features/Chat.tsx(432,11): error TS2339: Property 'div' does not exist on type 'JSX.IntrinsicElements'.
features/Chat.tsx(433,9): error TS2339: Property 'div' does not exist on type 'JSX.IntrinsicElements'.
features/Chat.tsx(435,9): error TS2339: Property 'div' does not exist on type 'JSX.IntrinsicElements'.
features/Chat.tsx(436,11): error TS2339: Property 'div' does not exist on type 'JSX.IntrinsicElements'.
features/Chat.tsx(439,15): error TS2339: Property 'div' does not exist on type 'JSX.IntrinsicElements'.
features/Chat.tsx(440,17): error TS2339: Property 'div' does not exist on type 'JSX.IntrinsicElements'.
features/Chat.tsx(440,53): error TS2339: Property 'h3' does not exist on type 'JSX.IntrinsicElements'.
features/Chat.tsx(440,186): error TS2339: Property 'h3' does not exist on type 'JSX.IntrinsicElements'.
features/Chat.tsx(440,191): error TS2339: Property 'div' does not exist on type 'JSX.IntrinsicElements'.
features/Chat.tsx(445,15): error TS2339: Property 'div' does not exist on type 'JSX.IntrinsicElements'.
features/Chat.tsx(452,32): error TS2339: Property 'div' does not exist on type 'JSX.IntrinsicElements'.
features/Chat.tsx(452,75): error TS2339: Property 'div' does not exist on type 'JSX.IntrinsicElements'.
features/Chat.tsx(454,13): error TS2339: Property 'div' does not exist on type 'JSX.IntrinsicElements'.
features/Chat.tsx(455,11): error TS2339: Property 'div' does not exist on type 'JSX.IntrinsicElements'.
features/Chat.tsx(456,9): error TS2339: Property 'div' does not exist on type 'JSX.IntrinsicElements'.
features/Chat.tsx(459,9): error TS2339: Property 'div' does not exist on type 'JSX.IntrinsicElements'.
features/Chat.tsx(460,11): error TS2339: Property 'form' does not exist on type 'JSX.IntrinsicElements'.
features/Chat.tsx(461,13): error TS2339: Property 'div' does not exist on type 'JSX.IntrinsicElements'.
features/Chat.tsx(468,17): error TS2339: Property 'div' does not exist on type 'JSX.IntrinsicElements'.
features/Chat.tsx(470,21): error TS2339: Property 'div' does not exist on type 'JSX.IntrinsicElements'.
features/Chat.tsx(472,25): error TS2339: Property 'img' does not exist on type 'JSX.IntrinsicElements'.
features/Chat.tsx(474,25): error TS2339: Property 'div' does not exist on type 'JSX.IntrinsicElements'.
features/Chat.tsx(476,25): error TS2339: Property 'div' does not exist on type 'JSX.IntrinsicElements'.
features/Chat.tsx(478,23): error TS2339: Property 'div' does not exist on type 'JSX.IntrinsicElements'.
features/Chat.tsx(479,25): error TS2339: Property 'div' does not exist on type 'JSX.IntrinsicElements'.
features/Chat.tsx(479,96): error TS2339: Property 'div' does not exist on type 'JSX.IntrinsicElements'.
features/Chat.tsx(480,25): error TS2339: Property 'div' does not exist on type 'JSX.IntrinsicElements'.
features/Chat.tsx(480,98): error TS2339: Property 'div' does not exist on type 'JSX.IntrinsicElements'.
features/Chat.tsx(481,23): error TS2339: Property 'div' does not exist on type 'JSX.IntrinsicElements'.
features/Chat.tsx(482,23): error TS2339: Property 'button' does not exist on type 'JSX.IntrinsicElements'.
features/Chat.tsx(488,23): error TS2339: Property 'button' does not exist on type 'JSX.IntrinsicElements'.
features/Chat.tsx(489,21): error TS2339: Property 'div' does not exist on type 'JSX.IntrinsicElements'.
features/Chat.tsx(491,17): error TS2339: Property 'div' does not exist on type 'JSX.IntrinsicElements'.
features/Chat.tsx(495,17): error TS2339: Property 'div' does not exist on type 'JSX.IntrinsicElements'.
features/Chat.tsx(496,41): error TS2339: Property 'span' does not exist on type 'JSX.IntrinsicElements'.
features/Chat.tsx(496,98): error TS2339: Property 'span' does not exist on type 'JSX.IntrinsicElements'.
features/Chat.tsx(497,39): error TS2339: Property 'span' does not exist on type 'JSX.IntrinsicElements'.
features/Chat.tsx(497,87): error TS2339: Property 'span' does not exist on type 'JSX.IntrinsicElements'.
features/Chat.tsx(498,17): error TS2339: Property 'div' does not exist on type 'JSX.IntrinsicElements'.
features/Chat.tsx(501,15): error TS2339: Property 'div' does not exist on type 'JSX.IntrinsicElements'.
features/Chat.tsx(502,17): error TS2339: Property 'button' does not exist on type 'JSX.IntrinsicElements'.
features/Chat.tsx(508,17): error TS2339: Property 'button' does not exist on type 'JSX.IntrinsicElements'.
features/Chat.tsx(509,17): error TS2339: Property 'textarea' does not exist on type 'JSX.IntrinsicElements'.
features/Chat.tsx(518,17): error TS2339: Property 'div' does not exist on type 'JSX.IntrinsicElements'.
features/Chat.tsx(519,19): error TS2339: Property 'button' does not exist on type 'JSX.IntrinsicElements'.
features/Chat.tsx(525,19): error TS2339: Property 'button' does not exist on type 'JSX.IntrinsicElements'.
features/Chat.tsx(527,21): error TS2339: Property 'button' does not exist on type 'JSX.IntrinsicElements'.
features/Chat.tsx(529,21): error TS2339: Property 'button' does not exist on type 'JSX.IntrinsicElements'.
features/Chat.tsx(531,21): error TS2339: Property 'button' does not exist on type 'JSX.IntrinsicElements'.
features/Chat.tsx(537,21): error TS2339: Property 'button' does not exist on type 'JSX.IntrinsicElements'.
features/Chat.tsx(539,17): error TS2339: Property 'div' does not exist on type 'JSX.IntrinsicElements'.
features/Chat.tsx(540,15): error TS2339: Property 'div' does not exist on type 'JSX.IntrinsicElements'.
features/Chat.tsx(541,15): error TS2339: Property 'input' does not exist on type 'JSX.IntrinsicElements'.
features/Chat.tsx(542,13): error TS2339: Property 'div' does not exist on type 'JSX.IntrinsicElements'.
features/Chat.tsx(543,11): error TS2339: Property 'form' does not exist on type 'JSX.IntrinsicElements'.
features/Chat.tsx(544,9): error TS2339: Property 'div' does not exist on type 'JSX.IntrinsicElements'.
features/Chat.tsx(545,7): error TS2339: Property 'div' does not exist on type 'JSX.IntrinsicElements'.
features/Chat.tsx(561,5): error TS2339: Property 'section' does not exist on type 'JSX.IntrinsicElements'.
features/Contact.tsx(10,3): error TS2339: Property 'div' does not exist on type 'JSX.IntrinsicElements'.
features/Contact.tsx(11,5): error TS2339: Property 'label' does not exist on type 'JSX.IntrinsicElements'.
features/Contact.tsx(11,153): error TS2339: Property 'label' does not exist on type 'JSX.IntrinsicElements'.
features/Contact.tsx(12,5): error TS2339: Property 'input' does not exist on type 'JSX.IntrinsicElements'.
features/Contact.tsx(20,3): error TS2339: Property 'div' does not exist on type 'JSX.IntrinsicElements'.
features/Contact.tsx(24,3): error TS2339: Property 'button' does not exist on type 'JSX.IntrinsicElements'.
features/Contact.tsx(31,3): error TS2339: Property 'button' does not exist on type 'JSX.IntrinsicElements'.
features/Contact.tsx(83,5): error TS2339: Property 'section' does not exist on type 'JSX.IntrinsicElements'.
features/Contact.tsx(84,7): error TS2339: Property 'div' does not exist on type 'JSX.IntrinsicElements'.
features/Contact.tsx(87,9): error TS2339: Property 'div' does not exist on type 'JSX.IntrinsicElements'.
features/Contact.tsx(89,15): error TS2339: Property 'h2' does not exist on type 'JSX.IntrinsicElements'.
features/Contact.tsx(89,97): error TS2339: Property 'br' does not exist on type 'JSX.IntrinsicElements'.
features/Contact.tsx(89,103): error TS2339: Property 'span' does not exist on type 'JSX.IntrinsicElements'.
features/Contact.tsx(89,141): error TS2339: Property 'span' does not exist on type 'JSX.IntrinsicElements'.
features/Contact.tsx(89,148): error TS2339: Property 'h2' does not exist on type 'JSX.IntrinsicElements'.
features/Contact.tsx(90,15): error TS2339: Property 'p' does not exist on type 'JSX.IntrinsicElements'.
features/Contact.tsx(94,15): error TS2339: Property 'p' does not exist on type 'JSX.IntrinsicElements'.
features/Contact.tsx(98,15): error TS2339: Property 'div' does not exist on type 'JSX.IntrinsicElements'.
features/Contact.tsx(99,18): error TS2339: Property 'div' does not exist on type 'JSX.IntrinsicElements'.
features/Contact.tsx(100,21): error TS2339: Property 'div' does not exist on type 'JSX.IntrinsicElements'.
features/Contact.tsx(102,21): error TS2339: Property 'div' does not exist on type 'JSX.IntrinsicElements'.
features/Contact.tsx(103,21): error TS2339: Property 'div' does not exist on type 'JSX.IntrinsicElements'.
features/Contact.tsx(104,24): error TS2339: Property 'div' does not exist on type 'JSX.IntrinsicElements'.
features/Contact.tsx(104,119): error TS2339: Property 'div' does not exist on type 'JSX.IntrinsicElements'.
features/Contact.tsx(105,24): error TS2339: Property 'div' does not exist on type 'JSX.IntrinsicElements'.
features/Contact.tsx(105,81): error TS2339: Property 'div' does not exist on type 'JSX.IntrinsicElements'.
features/Contact.tsx(106,21): error TS2339: Property 'div' does not exist on type 'JSX.IntrinsicElements'.
features/Contact.tsx(107,18): error TS2339: Property 'div' does not exist on type 'JSX.IntrinsicElements'.
features/Contact.tsx(108,18): error TS2339: Property 'div' does not exist on type 'JSX.IntrinsicElements'.
features/Contact.tsx(109,21): error TS2339: Property 'div' does not exist on type 'JSX.IntrinsicElements'.
features/Contact.tsx(111,21): error TS2339: Property 'div' does not exist on type 'JSX.IntrinsicElements'.
features/Contact.tsx(112,21): error TS2339: Property 'div' does not exist on type 'JSX.IntrinsicElements'.
features/Contact.tsx(113,24): error TS2339: Property 'div' does not exist on type 'JSX.IntrinsicElements'.
features/Contact.tsx(113,121): error TS2339: Property 'div' does not exist on type 'JSX.IntrinsicElements'.
features/Contact.tsx(114,24): error TS2339: Property 'div' does not exist on type 'JSX.IntrinsicElements'.
features/Contact.tsx(114,79): error TS2339: Property 'div' does not exist on type 'JSX.IntrinsicElements'.
features/Contact.tsx(115,21): error TS2339: Property 'div' does not exist on type 'JSX.IntrinsicElements'.
features/Contact.tsx(116,18): error TS2339: Property 'div' does not exist on type 'JSX.IntrinsicElements'.
features/Contact.tsx(117,15): error TS2339: Property 'div' does not exist on type 'JSX.IntrinsicElements'.
features/Contact.tsx(119,15): error TS2339: Property 'div' does not exist on type 'JSX.IntrinsicElements'.
features/Contact.tsx(120,18): error TS2339: Property 'div' does not exist on type 'JSX.IntrinsicElements'.
features/Contact.tsx(121,21): error TS2339: Property 'div' does not exist on type 'JSX.IntrinsicElements'.
features/Contact.tsx(121,86): error TS2339: Property 'div' does not exist on type 'JSX.IntrinsicElements'.
features/Contact.tsx(122,21): error TS2339: Property 'span' does not exist on type 'JSX.IntrinsicElements'.
features/Contact.tsx(122,109): error TS2339: Property 'span' does not exist on type 'JSX.IntrinsicElements'.
features/Contact.tsx(123,18): error TS2339: Property 'div' does not exist on type 'JSX.IntrinsicElements'.
features/Contact.tsx(124,18): error TS2339: Property 'p' does not exist on type 'JSX.IntrinsicElements'.
features/Contact.tsx(124,125): error TS2339: Property 'p' does not exist on type 'JSX.IntrinsicElements'.
features/Contact.tsx(125,15): error TS2339: Property 'div' does not exist on type 'JSX.IntrinsicElements'.
features/Contact.tsx(127,9): error TS2339: Property 'div' does not exist on type 'JSX.IntrinsicElements'.
features/Contact.tsx(130,9): error TS2339: Property 'div' does not exist on type 'JSX.IntrinsicElements'.
features/Contact.tsx(136,14): error TS2339: Property 'div' does not exist on type 'JSX.IntrinsicElements'.
features/Contact.tsx(136,137): error TS2339: Property 'div' does not exist on type 'JSX.IntrinsicElements'.
features/Contact.tsx(138,14): error TS2339: Property 'div' does not exist on type 'JSX.IntrinsicElements'.
features/Contact.tsx(140,19): error TS2339: Property 'div' does not exist on type 'JSX.IntrinsicElements'.
features/Contact.tsx(147,21): error TS2339: Property 'h3' does not exist on type 'JSX.IntrinsicElements'.
features/Contact.tsx(147,91): error TS2339: Property 'h3' does not exist on type 'JSX.IntrinsicElements'.
features/Contact.tsx(148,21): error TS2339: Property 'p' does not exist on type 'JSX.IntrinsicElements'.
features/Contact.tsx(148,140): error TS2339: Property 'p' does not exist on type 'JSX.IntrinsicElements'.
features/Contact.tsx(149,21): error TS2339: Property 'button' does not exist on type 'JSX.IntrinsicElements'.
features/Contact.tsx(154,21): error TS2339: Property 'button' does not exist on type 'JSX.IntrinsicElements'.
features/Contact.tsx(155,19): error TS2339: Property 'div' does not exist on type 'JSX.IntrinsicElements'.
features/Contact.tsx(157,19): error TS2339: Property 'form' does not exist on type 'JSX.IntrinsicElements'.
features/Contact.tsx(160,21): error TS2339: Property 'div' does not exist on type 'JSX.IntrinsicElements'.
features/Contact.tsx(161,24): error TS2339: Property 'h4' does not exist on type 'JSX.IntrinsicElements'.
features/Contact.tsx(161,156): error TS2339: Property 'h4' does not exist on type 'JSX.IntrinsicElements'.
features/Contact.tsx(162,24): error TS2339: Property 'div' does not exist on type 'JSX.IntrinsicElements'.
features/Contact.tsx(165,24): error TS2339: Property 'div' does not exist on type 'JSX.IntrinsicElements'.
features/Contact.tsx(167,21): error TS2339: Property 'div' does not exist on type 'JSX.IntrinsicElements'.
features/Contact.tsx(170,21): error TS2339: Property 'div' does not exist on type 'JSX.IntrinsicElements'.
features/Contact.tsx(171,24): error TS2339: Property 'h4' does not exist on type 'JSX.IntrinsicElements'.
features/Contact.tsx(171,154): error TS2339: Property 'h4' does not exist on type 'JSX.IntrinsicElements'.
features/Contact.tsx(173,24): error TS2339: Property 'div' does not exist on type 'JSX.IntrinsicElements'.
features/Contact.tsx(182,24): error TS2339: Property 'div' does not exist on type 'JSX.IntrinsicElements'.
features/Contact.tsx(184,24): error TS2339: Property 'div' does not exist on type 'JSX.IntrinsicElements'.
features/Contact.tsx(185,28): error TS2339: Property 'div' does not exist on type 'JSX.IntrinsicElements'.
features/Contact.tsx(186,31): error TS2339: Property 'select' does not exist on type 'JSX.IntrinsicElements'.
features/Contact.tsx(191,34): error TS2339: Property 'option' does not exist on type 'JSX.IntrinsicElements'.
features/Contact.tsx(191,59): error TS2339: Property 'option' does not exist on type 'JSX.IntrinsicElements'.
features/Contact.tsx(192,34): error TS2339: Property 'option' does not exist on type 'JSX.IntrinsicElements'.
features/Contact.tsx(192,53): error TS2339: Property 'option' does not exist on type 'JSX.IntrinsicElements'.
features/Contact.tsx(193,34): error TS2339: Property 'option' does not exist on type 'JSX.IntrinsicElements'.
features/Contact.tsx(193,56): error TS2339: Property 'option' does not exist on type 'JSX.IntrinsicElements'.
features/Contact.tsx(194,34): error TS2339: Property 'option' does not exist on type 'JSX.IntrinsicElements'.
features/Contact.tsx(194,56): error TS2339: Property 'option' does not exist on type 'JSX.IntrinsicElements'.
features/Contact.tsx(195,31): error TS2339: Property 'select' does not exist on type 'JSX.IntrinsicElements'.
features/Contact.tsx(196,31): error TS2339: Property 'div' does not exist on type 'JSX.IntrinsicElements'.
features/Contact.tsx(196,146): error TS2339: Property 'div' does not exist on type 'JSX.IntrinsicElements'.
features/Contact.tsx(197,28): error TS2339: Property 'div' does not exist on type 'JSX.IntrinsicElements'.
features/Contact.tsx(198,28): error TS2339: Property 'div' does not exist on type 'JSX.IntrinsicElements'.
features/Contact.tsx(199,31): error TS2339: Property 'select' does not exist on type 'JSX.IntrinsicElements'.
features/Contact.tsx(204,34): error TS2339: Property 'option' does not exist on type 'JSX.IntrinsicElements'.
features/Contact.tsx(204,59): error TS2339: Property 'option' does not exist on type 'JSX.IntrinsicElements'.
features/Contact.tsx(205,34): error TS2339: Property 'option' does not exist on type 'JSX.IntrinsicElements'.
features/Contact.tsx(205,57): error TS2339: Property 'option' does not exist on type 'JSX.IntrinsicElements'.
features/Contact.tsx(206,34): error TS2339: Property 'option' does not exist on type 'JSX.IntrinsicElements'.
features/Contact.tsx(206,60): error TS2339: Property 'option' does not exist on type 'JSX.IntrinsicElements'.
features/Contact.tsx(207,34): error TS2339: Property 'option' does not exist on type 'JSX.IntrinsicElements'.
features/Contact.tsx(207,55): error TS2339: Property 'option' does not exist on type 'JSX.IntrinsicElements'.
features/Contact.tsx(208,31): error TS2339: Property 'select' does not exist on type 'JSX.IntrinsicElements'.
features/Contact.tsx(209,31): error TS2339: Property 'div' does not exist on type 'JSX.IntrinsicElements'.
features/Contact.tsx(209,148): error TS2339: Property 'div' does not exist on type 'JSX.IntrinsicElements'.
features/Contact.tsx(210,28): error TS2339: Property 'div' does not exist on type 'JSX.IntrinsicElements'.
features/Contact.tsx(211,24): error TS2339: Property 'div' does not exist on type 'JSX.IntrinsicElements'.
features/Contact.tsx(212,21): error TS2339: Property 'div' does not exist on type 'JSX.IntrinsicElements'.
features/Contact.tsx(215,21): error TS2339: Property 'div' does not exist on type 'JSX.IntrinsicElements'.
features/Contact.tsx(216,25): error TS2339: Property 'h4' does not exist on type 'JSX.IntrinsicElements'.
features/Contact.tsx(216,150): error TS2339: Property 'h4' does not exist on type 'JSX.IntrinsicElements'.
features/Contact.tsx(217,25): error TS2339: Property 'textarea' does not exist on type 'JSX.IntrinsicElements'.
features/Contact.tsx(224,21): error TS2339: Property 'div' does not exist on type 'JSX.IntrinsicElements'.
features/Contact.tsx(226,21): error TS2339: Property 'button' does not exist on type 'JSX.IntrinsicElements'.
features/Contact.tsx(236,23): error TS2339: Property 'div' does not exist on type 'JSX.IntrinsicElements'.
features/Contact.tsx(236,166): error TS2339: Property 'div' does not exist on type 'JSX.IntrinsicElements'.
features/Contact.tsx(237,21): error TS2339: Property 'button' does not exist on type 'JSX.IntrinsicElements'.
features/Contact.tsx(239,19): error TS2339: Property 'form' does not exist on type 'JSX.IntrinsicElements'.
features/Contact.tsx(241,14): error TS2339: Property 'div' does not exist on type 'JSX.IntrinsicElements'.
features/Contact.tsx(243,9): error TS2339: Property 'div' does not exist on type 'JSX.IntrinsicElements'.
features/Contact.tsx(245,7): error TS2339: Property 'div' does not exist on type 'JSX.IntrinsicElements'.
features/Contact.tsx(246,5): error TS2339: Property 'section' does not exist on type 'JSX.IntrinsicElements'.
features/Home.tsx(31,5): error TS2339: Property 'div' does not exist on type 'JSX.IntrinsicElements'.
features/Home.tsx(33,7): error TS2339: Property 'section' does not exist on type 'JSX.IntrinsicElements'.
features/Home.tsx(34,9): error TS2339: Property 'div' does not exist on type 'JSX.IntrinsicElements'.
features/Home.tsx(40,13): error TS2339: Property 'h2' does not exist on type 'JSX.IntrinsicElements'.
features/Home.tsx(42,13): error TS2339: Property 'h2' does not exist on type 'JSX.IntrinsicElements'.
features/Home.tsx(43,13): error TS2339: Property 'h1' does not exist on type 'JSX.IntrinsicElements'.
features/Home.tsx(44,22): error TS2339: Property 'span' does not exist on type 'JSX.IntrinsicElements'.
features/Home.tsx(44,105): error TS2339: Property 'span' does not exist on type 'JSX.IntrinsicElements'.
features/Home.tsx(44,112): error TS2339: Property 'br' does not exist on type 'JSX.IntrinsicElements'.
features/Home.tsx(46,13): error TS2339: Property 'h1' does not exist on type 'JSX.IntrinsicElements'.
features/Home.tsx(65,13): error TS2339: Property 'button' does not exist on type 'JSX.IntrinsicElements'.
features/Home.tsx(70,13): error TS2339: Property 'button' does not exist on type 'JSX.IntrinsicElements'.
features/Home.tsx(71,13): error TS2339: Property 'button' does not exist on type 'JSX.IntrinsicElements'.
features/Home.tsx(76,13): error TS2339: Property 'button' does not exist on type 'JSX.IntrinsicElements'.
features/Home.tsx(78,9): error TS2339: Property 'div' does not exist on type 'JSX.IntrinsicElements'.
features/Home.tsx(88,11): error TS2339: Property 'span' does not exist on type 'JSX.IntrinsicElements'.
features/Home.tsx(88,73): error TS2339: Property 'span' does not exist on type 'JSX.IntrinsicElements'.
features/Home.tsx(91,7): error TS2339: Property 'section' does not exist on type 'JSX.IntrinsicElements'.
features/Home.tsx(94,7): error TS2339: Property 'section' does not exist on type 'JSX.IntrinsicElements'.
features/Home.tsx(95,9): error TS2339: Property 'div' does not exist on type 'JSX.IntrinsicElements'.
features/Home.tsx(96,11): error TS2339: Property 'h3' does not exist on type 'JSX.IntrinsicElements'.
features/Home.tsx(98,11): error TS2339: Property 'h3' does not exist on type 'JSX.IntrinsicElements'.
features/Home.tsx(99,11): error TS2339: Property 'p' does not exist on type 'JSX.IntrinsicElements'.
features/Home.tsx(102,11): error TS2339: Property 'p' does not exist on type 'JSX.IntrinsicElements'.
features/Home.tsx(103,11): error TS2339: Property 'div' does not exist on type 'JSX.IntrinsicElements'.
features/Home.tsx(104,13): error TS2339: Property 'div' does not exist on type 'JSX.IntrinsicElements'.
features/Home.tsx(105,15): error TS2339: Property 'h4' does not exist on type 'JSX.IntrinsicElements'.
features/Home.tsx(105,74): error TS2339: Property 'h4' does not exist on type 'JSX.IntrinsicElements'.
features/Home.tsx(106,15): error TS2339: Property 'p' does not exist on type 'JSX.IntrinsicElements'.
features/Home.tsx(106,94): error TS2339: Property 'p' does not exist on type 'JSX.IntrinsicElements'.
features/Home.tsx(107,13): error TS2339: Property 'div' does not exist on type 'JSX.IntrinsicElements'.
features/Home.tsx(108,13): error TS2339: Property 'div' does not exist on type 'JSX.IntrinsicElements'.
features/Home.tsx(109,15): error TS2339: Property 'h4' does not exist on type 'JSX.IntrinsicElements'.
features/Home.tsx(109,69): error TS2339: Property 'h4' does not exist on type 'JSX.IntrinsicElements'.
features/Home.tsx(110,15): error TS2339: Property 'p' does not exist on type 'JSX.IntrinsicElements'.
features/Home.tsx(110,82): error TS2339: Property 'p' does not exist on type 'JSX.IntrinsicElements'.
features/Home.tsx(111,13): error TS2339: Property 'div' does not exist on type 'JSX.IntrinsicElements'.
features/Home.tsx(112,13): error TS2339: Property 'div' does not exist on type 'JSX.IntrinsicElements'.
features/Home.tsx(113,15): error TS2339: Property 'h4' does not exist on type 'JSX.IntrinsicElements'.
features/Home.tsx(113,73): error TS2339: Property 'h4' does not exist on type 'JSX.IntrinsicElements'.
features/Home.tsx(114,15): error TS2339: Property 'p' does not exist on type 'JSX.IntrinsicElements'.
features/Home.tsx(114,88): error TS2339: Property 'p' does not exist on type 'JSX.IntrinsicElements'.
features/Home.tsx(115,13): error TS2339: Property 'div' does not exist on type 'JSX.IntrinsicElements'.
features/Home.tsx(116,11): error TS2339: Property 'div' does not exist on type 'JSX.IntrinsicElements'.
features/Home.tsx(117,9): error TS2339: Property 'div' does not exist on type 'JSX.IntrinsicElements'.
features/Home.tsx(120,9): error TS2339: Property 'div' does not exist on type 'JSX.IntrinsicElements'.
features/Home.tsx(121,11): error TS2339: Property 'div' does not exist on type 'JSX.IntrinsicElements'.
features/Home.tsx(122,13): error TS2339: Property 'h3' does not exist on type 'JSX.IntrinsicElements'.
features/Home.tsx(122,83): error TS2339: Property 'h3' does not exist on type 'JSX.IntrinsicElements'.
features/Home.tsx(123,13): error TS2339: Property 'span' does not exist on type 'JSX.IntrinsicElements'.
features/Home.tsx(123,101): error TS2339: Property 'span' does not exist on type 'JSX.IntrinsicElements'.
features/Home.tsx(124,11): error TS2339: Property 'div' does not exist on type 'JSX.IntrinsicElements'.
features/Home.tsx(125,11): error TS2339: Property 'div' does not exist on type 'JSX.IntrinsicElements'.
features/Home.tsx(127,15): error TS2339: Property 'div' does not exist on type 'JSX.IntrinsicElements'.
features/Home.tsx(128,17): error TS2339: Property 'div' does not exist on type 'JSX.IntrinsicElements'.
features/Home.tsx(130,17): error TS2339: Property 'div' does not exist on type 'JSX.IntrinsicElements'.
features/Home.tsx(131,17): error TS2339: Property 'div' does not exist on type 'JSX.IntrinsicElements'.
features/Home.tsx(132,19): error TS2339: Property 'span' does not exist on type 'JSX.IntrinsicElements'.
features/Home.tsx(132,96): error TS2339: Property 'span' does not exist on type 'JSX.IntrinsicElements'.
features/Home.tsx(133,19): error TS2339: Property 'h4' does not exist on type 'JSX.IntrinsicElements'.
features/Home.tsx(133,114): error TS2339: Property 'h4' does not exist on type 'JSX.IntrinsicElements'.
features/Home.tsx(134,19): error TS2339: Property 'p' does not exist on type 'JSX.IntrinsicElements'.
features/Home.tsx(134,82): error TS2339: Property 'p' does not exist on type 'JSX.IntrinsicElements'.
features/Home.tsx(135,19): error TS2339: Property 'div' does not exist on type 'JSX.IntrinsicElements'.
features/Home.tsx(136,21): error TS2339: Property 'span' does not exist on type 'JSX.IntrinsicElements'.
features/Home.tsx(136,71): error TS2339: Property 'span' does not exist on type 'JSX.IntrinsicElements'.
features/Home.tsx(137,19): error TS2339: Property 'div' does not exist on type 'JSX.IntrinsicElements'.
features/Home.tsx(138,17): error TS2339: Property 'div' does not exist on type 'JSX.IntrinsicElements'.
features/Home.tsx(139,15): error TS2339: Property 'div' does not exist on type 'JSX.IntrinsicElements'.
features/Home.tsx(141,11): error TS2339: Property 'div' does not exist on type 'JSX.IntrinsicElements'.
features/Home.tsx(142,9): error TS2339: Property 'div' does not exist on type 'JSX.IntrinsicElements'.
features/Home.tsx(145,9): error TS2339: Property 'div' does not exist on type 'JSX.IntrinsicElements'.
features/Home.tsx(146,11): error TS2339: Property 'h3' does not exist on type 'JSX.IntrinsicElements'.
features/Home.tsx(146,112): error TS2339: Property 'h3' does not exist on type 'JSX.IntrinsicElements'.
features/Home.tsx(147,11): error TS2339: Property 'div' does not exist on type 'JSX.IntrinsicElements'.
features/Home.tsx(149,15): error TS2339: Property 'div' does not exist on type 'JSX.IntrinsicElements'.
features/Home.tsx(150,17): error TS2339: Property 'div' does not exist on type 'JSX.IntrinsicElements'.
features/Home.tsx(150,81): error TS2339: Property 'div' does not exist on type 'JSX.IntrinsicElements'.
features/Home.tsx(151,17): error TS2339: Property 'p' does not exist on type 'JSX.IntrinsicElements'.
features/Home.tsx(151,93): error TS2339: Property 'p' does not exist on type 'JSX.IntrinsicElements'.
features/Home.tsx(152,17): error TS2339: Property 'div' does not exist on type 'JSX.IntrinsicElements'.
features/Home.tsx(153,19): error TS2339: Property 'div' does not exist on type 'JSX.IntrinsicElements'.
features/Home.tsx(153,173): error TS2339: Property 'div' does not exist on type 'JSX.IntrinsicElements'.
features/Home.tsx(154,19): error TS2339: Property 'div' does not exist on type 'JSX.IntrinsicElements'.
features/Home.tsx(155,21): error TS2339: Property 'div' does not exist on type 'JSX.IntrinsicElements'.
features/Home.tsx(155,82): error TS2339: Property 'div' does not exist on type 'JSX.IntrinsicElements'.
features/Home.tsx(156,21): error TS2339: Property 'div' does not exist on type 'JSX.IntrinsicElements'.
features/Home.tsx(156,103): error TS2339: Property 'div' does not exist on type 'JSX.IntrinsicElements'.
features/Home.tsx(157,19): error TS2339: Property 'div' does not exist on type 'JSX.IntrinsicElements'.
features/Home.tsx(158,17): error TS2339: Property 'div' does not exist on type 'JSX.IntrinsicElements'.
features/Home.tsx(159,15): error TS2339: Property 'div' does not exist on type 'JSX.IntrinsicElements'.
features/Home.tsx(161,11): error TS2339: Property 'div' does not exist on type 'JSX.IntrinsicElements'.
features/Home.tsx(162,9): error TS2339: Property 'div' does not exist on type 'JSX.IntrinsicElements'.
features/Home.tsx(163,7): error TS2339: Property 'section' does not exist on type 'JSX.IntrinsicElements'.
features/Home.tsx(164,5): error TS2339: Property 'div' does not exist on type 'JSX.IntrinsicElements'.
features/Login.tsx(13,3): error TS2339: Property 'svg' does not exist on type 'JSX.IntrinsicElements'.
features/Login.tsx(14,5): error TS2339: Property 'path' does not exist on type 'JSX.IntrinsicElements'.
features/Login.tsx(15,5): error TS2339: Property 'path' does not exist on type 'JSX.IntrinsicElements'.
features/Login.tsx(16,5): error TS2339: Property 'path' does not exist on type 'JSX.IntrinsicElements'.
features/Login.tsx(17,5): error TS2339: Property 'path' does not exist on type 'JSX.IntrinsicElements'.
features/Login.tsx(18,3): error TS2339: Property 'svg' does not exist on type 'JSX.IntrinsicElements'.
features/Login.tsx(66,7): error TS2339: Property 'div' does not exist on type 'JSX.IntrinsicElements'.
features/Login.tsx(67,9): error TS2339: Property 'div' does not exist on type 'JSX.IntrinsicElements'.
features/Login.tsx(69,11): error TS2339: Property 'p' does not exist on type 'JSX.IntrinsicElements'.
features/Login.tsx(69,68): error TS2339: Property 'p' does not exist on type 'JSX.IntrinsicElements'.
features/Login.tsx(70,9): error TS2339: Property 'div' does not exist on type 'JSX.IntrinsicElements'.
features/Login.tsx(71,7): error TS2339: Property 'div' does not exist on type 'JSX.IntrinsicElements'.
features/Login.tsx(76,5): error TS2339: Property 'section' does not exist on type 'JSX.IntrinsicElements'.
features/Login.tsx(83,9): error TS2339: Property 'button' does not exist on type 'JSX.IntrinsicElements'.
features/Login.tsx(89,9): error TS2339: Property 'button' does not exist on type 'JSX.IntrinsicElements'.
features/Login.tsx(91,9): error TS2339: Property 'div' does not exist on type 'JSX.IntrinsicElements'.
features/Login.tsx(93,11): error TS2339: Property 'div' does not exist on type 'JSX.IntrinsicElements'.
features/Login.tsx(94,13): error TS2339: Property 'h1' does not exist on type 'JSX.IntrinsicElements'.
features/Login.tsx(95,21): error TS2339: Property 'span' does not exist on type 'JSX.IntrinsicElements'.
features/Login.tsx(95,59): error TS2339: Property 'span' does not exist on type 'JSX.IntrinsicElements'.
features/Login.tsx(96,13): error TS2339: Property 'h1' does not exist on type 'JSX.IntrinsicElements'.
features/Login.tsx(97,13): error TS2339: Property 'p' does not exist on type 'JSX.IntrinsicElements'.
features/Login.tsx(99,13): error TS2339: Property 'p' does not exist on type 'JSX.IntrinsicElements'.
features/Login.tsx(100,11): error TS2339: Property 'div' does not exist on type 'JSX.IntrinsicElements'.
features/Login.tsx(109,15): error TS2339: Property 'div' does not exist on type 'JSX.IntrinsicElements'.
features/Login.tsx(111,15): error TS2339: Property 'div' does not exist on type 'JSX.IntrinsicElements'.
features/Login.tsx(112,15): error TS2339: Property 'h3' does not exist on type 'JSX.IntrinsicElements'.
features/Login.tsx(112,81): error TS2339: Property 'h3' does not exist on type 'JSX.IntrinsicElements'.
features/Login.tsx(113,15): error TS2339: Property 'p' does not exist on type 'JSX.IntrinsicElements'.
features/Login.tsx(114,41): error TS2339: Property 'span' does not exist on type 'JSX.IntrinsicElements'.
features/Login.tsx(114,77): error TS2339: Property 'span' does not exist on type 'JSX.IntrinsicElements'.
features/Login.tsx(115,15): error TS2339: Property 'p' does not exist on type 'JSX.IntrinsicElements'.
features/Login.tsx(116,15): error TS2339: Property 'button' does not exist on type 'JSX.IntrinsicElements'.
features/Login.tsx(121,15): error TS2339: Property 'button' does not exist on type 'JSX.IntrinsicElements'.
features/Login.tsx(126,15): error TS2339: Property 'button' does not exist on type 'JSX.IntrinsicElements'.
features/Login.tsx(133,15): error TS2339: Property 'button' does not exist on type 'JSX.IntrinsicElements'.
features/Login.tsx(136,15): error TS2339: Property 'div' does not exist on type 'JSX.IntrinsicElements'.
features/Login.tsx(137,17): error TS2339: Property 'div' does not exist on type 'JSX.IntrinsicElements'.
features/Login.tsx(138,17): error TS2339: Property 'span' does not exist on type 'JSX.IntrinsicElements'.
features/Login.tsx(138,95): error TS2339: Property 'span' does not exist on type 'JSX.IntrinsicElements'.
features/Login.tsx(139,17): error TS2339: Property 'div' does not exist on type 'JSX.IntrinsicElements'.
features/Login.tsx(140,15): error TS2339: Property 'div' does not exist on type 'JSX.IntrinsicElements'.
features/Login.tsx(143,15): error TS2339: Property 'form' does not exist on type 'JSX.IntrinsicElements'.
features/Login.tsx(144,17): error TS2339: Property 'div' does not exist on type 'JSX.IntrinsicElements'.
features/Login.tsx(145,19): error TS2339: Property 'label' does not exist on type 'JSX.IntrinsicElements'.
features/Login.tsx(147,19): error TS2339: Property 'label' does not exist on type 'JSX.IntrinsicElements'.
features/Login.tsx(148,19): error TS2339: Property 'div' does not exist on type 'JSX.IntrinsicElements'.
features/Login.tsx(150,21): error TS2339: Property 'input' does not exist on type 'JSX.IntrinsicElements'.
features/Login.tsx(157,19): error TS2339: Property 'div' does not exist on type 'JSX.IntrinsicElements'.
features/Login.tsx(158,17): error TS2339: Property 'div' does not exist on type 'JSX.IntrinsicElements'.
features/Login.tsx(160,17): error TS2339: Property 'button' does not exist on type 'JSX.IntrinsicElements'.
features/Login.tsx(176,17): error TS2339: Property 'button' does not exist on type 'JSX.IntrinsicElements'.
features/Login.tsx(177,15): error TS2339: Property 'form' does not exist on type 'JSX.IntrinsicElements'.
features/Login.tsx(180,15): error TS2339: Property 'p' does not exist on type 'JSX.IntrinsicElements'.
features/Login.tsx(182,15): error TS2339: Property 'p' does not exist on type 'JSX.IntrinsicElements'.
features/Login.tsx(185,9): error TS2339: Property 'div' does not exist on type 'JSX.IntrinsicElements'.
features/Login.tsx(187,5): error TS2339: Property 'section' does not exist on type 'JSX.IntrinsicElements'.
features/NotFound.tsx(17,9): error TS2339: Property 'div' does not exist on type 'JSX.IntrinsicElements'.
features/NotFound.tsx(24,17): error TS2339: Property 'div' does not exist on type 'JSX.IntrinsicElements'.
features/NotFound.tsx(26,17): error TS2339: Property 'div' does not exist on type 'JSX.IntrinsicElements'.
features/NotFound.tsx(27,17): error TS2339: Property 'h1' does not exist on type 'JSX.IntrinsicElements'.
features/NotFound.tsx(29,17): error TS2339: Property 'h1' does not exist on type 'JSX.IntrinsicElements'.
features/NotFound.tsx(30,17): error TS2339: Property 'p' does not exist on type 'JSX.IntrinsicElements'.
features/NotFound.tsx(33,17): error TS2339: Property 'p' does not exist on type 'JSX.IntrinsicElements'.
features/NotFound.tsx(35,17): error TS2339: Property 'div' does not exist on type 'JSX.IntrinsicElements'.
features/NotFound.tsx(36,21): error TS2339: Property 'button' does not exist on type 'JSX.IntrinsicElements'.
features/NotFound.tsx(42,21): error TS2339: Property 'button' does not exist on type 'JSX.IntrinsicElements'.
features/NotFound.tsx(50,17): error TS2339: Property 'div' does not exist on type 'JSX.IntrinsicElements'.
features/NotFound.tsx(52,9): error TS2339: Property 'div' does not exist on type 'JSX.IntrinsicElements'.
features/Privacy.tsx(13,9): error TS2339: Property 'section' does not exist on type 'JSX.IntrinsicElements'.
features/Privacy.tsx(14,13): error TS2339: Property 'div' does not exist on type 'JSX.IntrinsicElements'.
features/Privacy.tsx(16,17): error TS2339: Property 'div' does not exist on type 'JSX.IntrinsicElements'.
features/Privacy.tsx(17,21): error TS2339: Property 'button' does not exist on type 'JSX.IntrinsicElements'.
features/Privacy.tsx(23,21): error TS2339: Property 'button' does not exist on type 'JSX.IntrinsicElements'.
features/Privacy.tsx(24,17): error TS2339: Property 'div' does not exist on type 'JSX.IntrinsicElements'.
features/Privacy.tsx(31,21): error TS2339: Property 'div' does not exist on type 'JSX.IntrinsicElements'.
features/Privacy.tsx(32,25): error TS2339: Property 'div' does not exist on type 'JSX.IntrinsicElements'.
features/Privacy.tsx(34,25): error TS2339: Property 'div' does not exist on type 'JSX.IntrinsicElements'.
features/Privacy.tsx(35,25): error TS2339: Property 'h1' does not exist on type 'JSX.IntrinsicElements'.
features/Privacy.tsx(35,99): error TS2339: Property 'h1' does not exist on type 'JSX.IntrinsicElements'.
features/Privacy.tsx(36,21): error TS2339: Property 'div' does not exist on type 'JSX.IntrinsicElements'.
features/Privacy.tsx(38,21): error TS2339: Property 'div' does not exist on type 'JSX.IntrinsicElements'.
features/Privacy.tsx(39,25): error TS2339: Property 'p' does not exist on type 'JSX.IntrinsicElements'.
features/Privacy.tsx(39,97): error TS2339: Property 'p' does not exist on type 'JSX.IntrinsicElements'.
features/Privacy.tsx(41,25): error TS2339: Property 'div' does not exist on type 'JSX.IntrinsicElements'.
features/Privacy.tsx(42,29): error TS2339: Property 'div' does not exist on type 'JSX.IntrinsicElements'.
features/Privacy.tsx(43,33): error TS2339: Property 'h3' does not exist on type 'JSX.IntrinsicElements'.
features/Privacy.tsx(43,108): error TS2339: Property 'h3' does not exist on type 'JSX.IntrinsicElements'.
features/Privacy.tsx(44,33): error TS2339: Property 'p' does not exist on type 'JSX.IntrinsicElements'.
features/Privacy.tsx(46,33): error TS2339: Property 'p' does not exist on type 'JSX.IntrinsicElements'.
features/Privacy.tsx(47,29): error TS2339: Property 'div' does not exist on type 'JSX.IntrinsicElements'.
features/Privacy.tsx(49,29): error TS2339: Property 'div' does not exist on type 'JSX.IntrinsicElements'.
features/Privacy.tsx(51,29): error TS2339: Property 'div' does not exist on type 'JSX.IntrinsicElements'.
features/Privacy.tsx(52,33): error TS2339: Property 'h3' does not exist on type 'JSX.IntrinsicElements'.
features/Privacy.tsx(52,101): error TS2339: Property 'h3' does not exist on type 'JSX.IntrinsicElements'.
features/Privacy.tsx(53,33): error TS2339: Property 'p' does not exist on type 'JSX.IntrinsicElements'.
features/Privacy.tsx(53,107): error TS2339: Property 'p' does not exist on type 'JSX.IntrinsicElements'.
features/Privacy.tsx(55,33): error TS2339: Property 'div' does not exist on type 'JSX.IntrinsicElements'.
features/Privacy.tsx(56,37): error TS2339: Property 'div' does not exist on type 'JSX.IntrinsicElements'.
features/Privacy.tsx(57,41): error TS2339: Property 'h4' does not exist on type 'JSX.IntrinsicElements'.
features/Privacy.tsx(57,103): error TS2339: Property 'h4' does not exist on type 'JSX.IntrinsicElements'.
features/Privacy.tsx(58,41): error TS2339: Property 'ul' does not exist on type 'JSX.IntrinsicElements'.
features/Privacy.tsx(59,45): error TS2339: Property 'li' does not exist on type 'JSX.IntrinsicElements'.
features/Privacy.tsx(59,119): error TS2339: Property 'li' does not exist on type 'JSX.IntrinsicElements'.
features/Privacy.tsx(60,45): error TS2339: Property 'li' does not exist on type 'JSX.IntrinsicElements'.
features/Privacy.tsx(60,86): error TS2339: Property 'li' does not exist on type 'JSX.IntrinsicElements'.
features/Privacy.tsx(61,41): error TS2339: Property 'ul' does not exist on type 'JSX.IntrinsicElements'.
features/Privacy.tsx(62,37): error TS2339: Property 'div' does not exist on type 'JSX.IntrinsicElements'.
features/Privacy.tsx(63,37): error TS2339: Property 'div' does not exist on type 'JSX.IntrinsicElements'.
features/Privacy.tsx(64,41): error TS2339: Property 'h4' does not exist on type 'JSX.IntrinsicElements'.
features/Privacy.tsx(64,94): error TS2339: Property 'h4' does not exist on type 'JSX.IntrinsicElements'.
features/Privacy.tsx(65,41): error TS2339: Property 'ul' does not exist on type 'JSX.IntrinsicElements'.
features/Privacy.tsx(66,45): error TS2339: Property 'li' does not exist on type 'JSX.IntrinsicElements'.
features/Privacy.tsx(66,80): error TS2339: Property 'li' does not exist on type 'JSX.IntrinsicElements'.
features/Privacy.tsx(67,45): error TS2339: Property 'li' does not exist on type 'JSX.IntrinsicElements'.
features/Privacy.tsx(67,138): error TS2339: Property 'li' does not exist on type 'JSX.IntrinsicElements'.
features/Privacy.tsx(68,45): error TS2339: Property 'li' does not exist on type 'JSX.IntrinsicElements'.
features/Privacy.tsx(68,71): error TS2339: Property 'li' does not exist on type 'JSX.IntrinsicElements'.
features/Privacy.tsx(69,41): error TS2339: Property 'ul' does not exist on type 'JSX.IntrinsicElements'.
features/Privacy.tsx(70,37): error TS2339: Property 'div' does not exist on type 'JSX.IntrinsicElements'.
features/Privacy.tsx(71,37): error TS2339: Property 'div' does not exist on type 'JSX.IntrinsicElements'.
features/Privacy.tsx(72,41): error TS2339: Property 'h4' does not exist on type 'JSX.IntrinsicElements'.
features/Privacy.tsx(72,104): error TS2339: Property 'h4' does not exist on type 'JSX.IntrinsicElements'.
features/Privacy.tsx(73,41): error TS2339: Property 'ul' does not exist on type 'JSX.IntrinsicElements'.
features/Privacy.tsx(74,45): error TS2339: Property 'li' does not exist on type 'JSX.IntrinsicElements'.
features/Privacy.tsx(74,85): error TS2339: Property 'li' does not exist on type 'JSX.IntrinsicElements'.
features/Privacy.tsx(75,45): error TS2339: Property 'li' does not exist on type 'JSX.IntrinsicElements'.
features/Privacy.tsx(75,92): error TS2339: Property 'li' does not exist on type 'JSX.IntrinsicElements'.
features/Privacy.tsx(76,45): error TS2339: Property 'li' does not exist on type 'JSX.IntrinsicElements'.
features/Privacy.tsx(76,79): error TS2339: Property 'li' does not exist on type 'JSX.IntrinsicElements'.
features/Privacy.tsx(77,45): error TS2339: Property 'li' does not exist on type 'JSX.IntrinsicElements'.
features/Privacy.tsx(77,90): error TS2339: Property 'li' does not exist on type 'JSX.IntrinsicElements'.
features/Privacy.tsx(78,41): error TS2339: Property 'ul' does not exist on type 'JSX.IntrinsicElements'.
features/Privacy.tsx(79,37): error TS2339: Property 'div' does not exist on type 'JSX.IntrinsicElements'.
features/Privacy.tsx(80,33): error TS2339: Property 'div' does not exist on type 'JSX.IntrinsicElements'.
features/Privacy.tsx(81,33): error TS2339: Property 'p' does not exist on type 'JSX.IntrinsicElements'.
features/Privacy.tsx(82,37): error TS2339: Property 'strong' does not exist on type 'JSX.IntrinsicElements'.
features/Privacy.tsx(82,76): error TS2339: Property 'strong' does not exist on type 'JSX.IntrinsicElements'.
features/Privacy.tsx(82,131): error TS2339: Property 'a' does not exist on type 'JSX.IntrinsicElements'.
features/Privacy.tsx(82,233): error TS2339: Property 'a' does not exist on type 'JSX.IntrinsicElements'.
features/Privacy.tsx(83,33): error TS2339: Property 'p' does not exist on type 'JSX.IntrinsicElements'.
features/Privacy.tsx(84,29): error TS2339: Property 'div' does not exist on type 'JSX.IntrinsicElements'.
features/Privacy.tsx(86,29): error TS2339: Property 'div' does not exist on type 'JSX.IntrinsicElements'.
features/Privacy.tsx(88,29): error TS2339: Property 'div' does not exist on type 'JSX.IntrinsicElements'.
features/Privacy.tsx(89,33): error TS2339: Property 'h3' does not exist on type 'JSX.IntrinsicElements'.
features/Privacy.tsx(89,113): error TS2339: Property 'h3' does not exist on type 'JSX.IntrinsicElements'.
features/Privacy.tsx(90,33): error TS2339: Property 'div' does not exist on type 'JSX.IntrinsicElements'.
features/Privacy.tsx(91,37): error TS2339: Property 'div' does not exist on type 'JSX.IntrinsicElements'.
features/Privacy.tsx(92,41): error TS2339: Property 'h4' does not exist on type 'JSX.IntrinsicElements'.
features/Privacy.tsx(92,104): error TS2339: Property 'h4' does not exist on type 'JSX.IntrinsicElements'.
features/Privacy.tsx(93,41): error TS2339: Property 'ul' does not exist on type 'JSX.IntrinsicElements'.
features/Privacy.tsx(94,45): error TS2339: Property 'li' does not exist on type 'JSX.IntrinsicElements'.
features/Privacy.tsx(94,81): error TS2339: Property 'li' does not exist on type 'JSX.IntrinsicElements'.
features/Privacy.tsx(95,45): error TS2339: Property 'li' does not exist on type 'JSX.IntrinsicElements'.
features/Privacy.tsx(95,82): error TS2339: Property 'li' does not exist on type 'JSX.IntrinsicElements'.
features/Privacy.tsx(96,45): error TS2339: Property 'li' does not exist on type 'JSX.IntrinsicElements'.
features/Privacy.tsx(96,90): error TS2339: Property 'li' does not exist on type 'JSX.IntrinsicElements'.
features/Privacy.tsx(97,45): error TS2339: Property 'li' does not exist on type 'JSX.IntrinsicElements'.
features/Privacy.tsx(97,97): error TS2339: Property 'li' does not exist on type 'JSX.IntrinsicElements'.
features/Privacy.tsx(98,45): error TS2339: Property 'li' does not exist on type 'JSX.IntrinsicElements'.
features/Privacy.tsx(98,81): error TS2339: Property 'li' does not exist on type 'JSX.IntrinsicElements'.
features/Privacy.tsx(99,41): error TS2339: Property 'ul' does not exist on type 'JSX.IntrinsicElements'.
features/Privacy.tsx(100,37): error TS2339: Property 'div' does not exist on type 'JSX.IntrinsicElements'.
features/Privacy.tsx(101,37): error TS2339: Property 'div' does not exist on type 'JSX.IntrinsicElements'.
features/Privacy.tsx(102,41): error TS2339: Property 'h4' does not exist on type 'JSX.IntrinsicElements'.
features/Privacy.tsx(102,99): error TS2339: Property 'h4' does not exist on type 'JSX.IntrinsicElements'.
features/Privacy.tsx(103,41): error TS2339: Property 'ul' does not exist on type 'JSX.IntrinsicElements'.
features/Privacy.tsx(104,45): error TS2339: Property 'li' does not exist on type 'JSX.IntrinsicElements'.
features/Privacy.tsx(104,73): error TS2339: Property 'li' does not exist on type 'JSX.IntrinsicElements'.
features/Privacy.tsx(105,45): error TS2339: Property 'li' does not exist on type 'JSX.IntrinsicElements'.
features/Privacy.tsx(105,91): error TS2339: Property 'li' does not exist on type 'JSX.IntrinsicElements'.
features/Privacy.tsx(106,45): error TS2339: Property 'li' does not exist on type 'JSX.IntrinsicElements'.
features/Privacy.tsx(106,80): error TS2339: Property 'li' does not exist on type 'JSX.IntrinsicElements'.
features/Privacy.tsx(107,45): error TS2339: Property 'li' does not exist on type 'JSX.IntrinsicElements'.
features/Privacy.tsx(107,70): error TS2339: Property 'li' does not exist on type 'JSX.IntrinsicElements'.
features/Privacy.tsx(108,45): error TS2339: Property 'li' does not exist on type 'JSX.IntrinsicElements'.
features/Privacy.tsx(108,80): error TS2339: Property 'li' does not exist on type 'JSX.IntrinsicElements'.
features/Privacy.tsx(109,41): error TS2339: Property 'ul' does not exist on type 'JSX.IntrinsicElements'.
features/Privacy.tsx(110,37): error TS2339: Property 'div' does not exist on type 'JSX.IntrinsicElements'.
features/Privacy.tsx(111,33): error TS2339: Property 'div' does not exist on type 'JSX.IntrinsicElements'.
features/Privacy.tsx(112,33): error TS2339: Property 'p' does not exist on type 'JSX.IntrinsicElements'.
features/Privacy.tsx(112,147): error TS2339: Property 'p' does not exist on type 'JSX.IntrinsicElements'.
features/Privacy.tsx(113,29): error TS2339: Property 'div' does not exist on type 'JSX.IntrinsicElements'.
features/Privacy.tsx(115,29): error TS2339: Property 'div' does not exist on type 'JSX.IntrinsicElements'.
features/Privacy.tsx(117,29): error TS2339: Property 'div' does not exist on type 'JSX.IntrinsicElements'.
features/Privacy.tsx(118,33): error TS2339: Property 'h3' does not exist on type 'JSX.IntrinsicElements'.
features/Privacy.tsx(118,112): error TS2339: Property 'h3' does not exist on type 'JSX.IntrinsicElements'.
features/Privacy.tsx(119,33): error TS2339: Property 'p' does not exist on type 'JSX.IntrinsicElements'.
features/Privacy.tsx(119,97): error TS2339: Property 'p' does not exist on type 'JSX.IntrinsicElements'.
features/Privacy.tsx(120,33): error TS2339: Property 'ul' does not exist on type 'JSX.IntrinsicElements'.
features/Privacy.tsx(121,37): error TS2339: Property 'li' does not exist on type 'JSX.IntrinsicElements'.
features/Privacy.tsx(121,64): error TS2339: Property 'strong' does not exist on type 'JSX.IntrinsicElements'.
features/Privacy.tsx(121,125): error TS2339: Property 'strong' does not exist on type 'JSX.IntrinsicElements'.
features/Privacy.tsx(121,182): error TS2339: Property 'li' does not exist on type 'JSX.IntrinsicElements'.
features/Privacy.tsx(122,37): error TS2339: Property 'li' does not exist on type 'JSX.IntrinsicElements'.
features/Privacy.tsx(122,64): error TS2339: Property 'strong' does not exist on type 'JSX.IntrinsicElements'.
features/Privacy.tsx(122,126): error TS2339: Property 'strong' does not exist on type 'JSX.IntrinsicElements'.
features/Privacy.tsx(122,175): error TS2339: Property 'li' does not exist on type 'JSX.IntrinsicElements'.
features/Privacy.tsx(123,37): error TS2339: Property 'li' does not exist on type 'JSX.IntrinsicElements'.
features/Privacy.tsx(123,64): error TS2339: Property 'strong' does not exist on type 'JSX.IntrinsicElements'.
features/Privacy.tsx(123,119): error TS2339: Property 'strong' does not exist on type 'JSX.IntrinsicElements'.
features/Privacy.tsx(123,164): error TS2339: Property 'li' does not exist on type 'JSX.IntrinsicElements'.
features/Privacy.tsx(124,37): error TS2339: Property 'li' does not exist on type 'JSX.IntrinsicElements'.
features/Privacy.tsx(124,64): error TS2339: Property 'strong' does not exist on type 'JSX.IntrinsicElements'.
features/Privacy.tsx(124,117): error TS2339: Property 'strong' does not exist on type 'JSX.IntrinsicElements'.
features/Privacy.tsx(124,159): error TS2339: Property 'li' does not exist on type 'JSX.IntrinsicElements'.
features/Privacy.tsx(125,33): error TS2339: Property 'ul' does not exist on type 'JSX.IntrinsicElements'.
features/Privacy.tsx(126,33): error TS2339: Property 'p' does not exist on type 'JSX.IntrinsicElements'.
features/Privacy.tsx(126,135): error TS2339: Property 'p' does not exist on type 'JSX.IntrinsicElements'.
features/Privacy.tsx(127,29): error TS2339: Property 'div' does not exist on type 'JSX.IntrinsicElements'.
features/Privacy.tsx(129,29): error TS2339: Property 'div' does not exist on type 'JSX.IntrinsicElements'.
features/Privacy.tsx(131,29): error TS2339: Property 'div' does not exist on type 'JSX.IntrinsicElements'.
features/Privacy.tsx(132,33): error TS2339: Property 'h3' does not exist on type 'JSX.IntrinsicElements'.
features/Privacy.tsx(132,108): error TS2339: Property 'h3' does not exist on type 'JSX.IntrinsicElements'.
features/Privacy.tsx(133,33): error TS2339: Property 'p' does not exist on type 'JSX.IntrinsicElements'.
features/Privacy.tsx(133,53): error TS2339: Property 'strong' does not exist on type 'JSX.IntrinsicElements'.
features/Privacy.tsx(133,94): error TS2339: Property 'strong' does not exist on type 'JSX.IntrinsicElements'.
features/Privacy.tsx(133,103): error TS2339: Property 'p' does not exist on type 'JSX.IntrinsicElements'.
features/Privacy.tsx(134,33): error TS2339: Property 'ol' does not exist on type 'JSX.IntrinsicElements'.
features/Privacy.tsx(135,37): error TS2339: Property 'li' does not exist on type 'JSX.IntrinsicElements'.
features/Privacy.tsx(135,41): error TS2339: Property 'strong' does not exist on type 'JSX.IntrinsicElements'.
features/Privacy.tsx(135,78): error TS2339: Property 'strong' does not exist on type 'JSX.IntrinsicElements'.
features/Privacy.tsx(135,125): error TS2339: Property 'li' does not exist on type 'JSX.IntrinsicElements'.
features/Privacy.tsx(136,37): error TS2339: Property 'li' does not exist on type 'JSX.IntrinsicElements'.
features/Privacy.tsx(136,41): error TS2339: Property 'strong' does not exist on type 'JSX.IntrinsicElements'.
features/Privacy.tsx(136,67): error TS2339: Property 'strong' does not exist on type 'JSX.IntrinsicElements'.
features/Privacy.tsx(136,145): error TS2339: Property 'li' does not exist on type 'JSX.IntrinsicElements'.
features/Privacy.tsx(137,37): error TS2339: Property 'li' does not exist on type 'JSX.IntrinsicElements'.
features/Privacy.tsx(137,41): error TS2339: Property 'strong' does not exist on type 'JSX.IntrinsicElements'.
features/Privacy.tsx(137,66): error TS2339: Property 'strong' does not exist on type 'JSX.IntrinsicElements'.
features/Privacy.tsx(137,180): error TS2339: Property 'li' does not exist on type 'JSX.IntrinsicElements'.
features/Privacy.tsx(138,33): error TS2339: Property 'ol' does not exist on type 'JSX.IntrinsicElements'.
features/Privacy.tsx(139,33): error TS2339: Property 'div' does not exist on type 'JSX.IntrinsicElements'.
features/Privacy.tsx(140,37): error TS2339: Property 'h4' does not exist on type 'JSX.IntrinsicElements'.
features/Privacy.tsx(140,93): error TS2339: Property 'h4' does not exist on type 'JSX.IntrinsicElements'.
features/Privacy.tsx(141,37): error TS2339: Property 'ul' does not exist on type 'JSX.IntrinsicElements'.
features/Privacy.tsx(142,41): error TS2339: Property 'li' does not exist on type 'JSX.IntrinsicElements'.
features/Privacy.tsx(142,83): error TS2339: Property 'li' does not exist on type 'JSX.IntrinsicElements'.
features/Privacy.tsx(143,41): error TS2339: Property 'li' does not exist on type 'JSX.IntrinsicElements'.
features/Privacy.tsx(143,93): error TS2339: Property 'li' does not exist on type 'JSX.IntrinsicElements'.
features/Privacy.tsx(144,41): error TS2339: Property 'li' does not exist on type 'JSX.IntrinsicElements'.
features/Privacy.tsx(144,88): error TS2339: Property 'li' does not exist on type 'JSX.IntrinsicElements'.
features/Privacy.tsx(145,37): error TS2339: Property 'ul' does not exist on type 'JSX.IntrinsicElements'.
features/Privacy.tsx(146,33): error TS2339: Property 'div' does not exist on type 'JSX.IntrinsicElements'.
features/Privacy.tsx(147,29): error TS2339: Property 'div' does not exist on type 'JSX.IntrinsicElements'.
features/Privacy.tsx(149,29): error TS2339: Property 'div' does not exist on type 'JSX.IntrinsicElements'.
features/Privacy.tsx(151,29): error TS2339: Property 'div' does not exist on type 'JSX.IntrinsicElements'.
features/Privacy.tsx(152,33): error TS2339: Property 'h3' does not exist on type 'JSX.IntrinsicElements'.
features/Privacy.tsx(152,97): error TS2339: Property 'h3' does not exist on type 'JSX.IntrinsicElements'.
features/Privacy.tsx(153,33): error TS2339: Property 'div' does not exist on type 'JSX.IntrinsicElements'.
features/Privacy.tsx(154,37): error TS2339: Property 'ul' does not exist on type 'JSX.IntrinsicElements'.
features/Privacy.tsx(155,41): error TS2339: Property 'li' does not exist on type 'JSX.IntrinsicElements'.
features/Privacy.tsx(155,45): error TS2339: Property 'strong' does not exist on type 'JSX.IntrinsicElements'.
features/Privacy.tsx(155,59): error TS2339: Property 'strong' does not exist on type 'JSX.IntrinsicElements'.
features/Privacy.tsx(155,86): error TS2339: Property 'li' does not exist on type 'JSX.IntrinsicElements'.
features/Privacy.tsx(156,41): error TS2339: Property 'li' does not exist on type 'JSX.IntrinsicElements'.
features/Privacy.tsx(156,45): error TS2339: Property 'strong' does not exist on type 'JSX.IntrinsicElements'.
features/Privacy.tsx(156,60): error TS2339: Property 'strong' does not exist on type 'JSX.IntrinsicElements'.
features/Privacy.tsx(156,92): error TS2339: Property 'li' does not exist on type 'JSX.IntrinsicElements'.
features/Privacy.tsx(157,41): error TS2339: Property 'li' does not exist on type 'JSX.IntrinsicElements'.
features/Privacy.tsx(157,45): error TS2339: Property 'strong' does not exist on type 'JSX.IntrinsicElements'.
features/Privacy.tsx(157,59): error TS2339: Property 'strong' does not exist on type 'JSX.IntrinsicElements'.
features/Privacy.tsx(157,97): error TS2339: Property 'li' does not exist on type 'JSX.IntrinsicElements'.
features/Privacy.tsx(158,37): error TS2339: Property 'ul' does not exist on type 'JSX.IntrinsicElements'.
features/Privacy.tsx(159,37): error TS2339: Property 'ul' does not exist on type 'JSX.IntrinsicElements'.
features/Privacy.tsx(160,41): error TS2339: Property 'li' does not exist on type 'JSX.IntrinsicElements'.
features/Privacy.tsx(160,45): error TS2339: Property 'strong' does not exist on type 'JSX.IntrinsicElements'.
features/Privacy.tsx(160,59): error TS2339: Property 'strong' does not exist on type 'JSX.IntrinsicElements'.
features/Privacy.tsx(160,90): error TS2339: Property 'li' does not exist on type 'JSX.IntrinsicElements'.
features/Privacy.tsx(161,41): error TS2339: Property 'li' does not exist on type 'JSX.IntrinsicElements'.
features/Privacy.tsx(161,45): error TS2339: Property 'strong' does not exist on type 'JSX.IntrinsicElements'.
features/Privacy.tsx(161,60): error TS2339: Property 'strong' does not exist on type 'JSX.IntrinsicElements'.
features/Privacy.tsx(161,87): error TS2339: Property 'li' does not exist on type 'JSX.IntrinsicElements'.
features/Privacy.tsx(162,41): error TS2339: Property 'li' does not exist on type 'JSX.IntrinsicElements'.
features/Privacy.tsx(162,45): error TS2339: Property 'strong' does not exist on type 'JSX.IntrinsicElements'.
features/Privacy.tsx(162,59): error TS2339: Property 'strong' does not exist on type 'JSX.IntrinsicElements'.
features/Privacy.tsx(162,82): error TS2339: Property 'li' does not exist on type 'JSX.IntrinsicElements'.
features/Privacy.tsx(163,37): error TS2339: Property 'ul' does not exist on type 'JSX.IntrinsicElements'.
features/Privacy.tsx(164,33): error TS2339: Property 'div' does not exist on type 'JSX.IntrinsicElements'.
features/Privacy.tsx(165,33): error TS2339: Property 'p' does not exist on type 'JSX.IntrinsicElements'.
features/Privacy.tsx(166,51): error TS2339: Property 'a' does not exist on type 'JSX.IntrinsicElements'.
features/Privacy.tsx(166,153): error TS2339: Property 'a' does not exist on type 'JSX.IntrinsicElements'.
features/Privacy.tsx(167,33): error TS2339: Property 'p' does not exist on type 'JSX.IntrinsicElements'.
features/Privacy.tsx(168,29): error TS2339: Property 'div' does not exist on type 'JSX.IntrinsicElements'.
features/Privacy.tsx(170,29): error TS2339: Property 'div' does not exist on type 'JSX.IntrinsicElements'.
features/Privacy.tsx(172,29): error TS2339: Property 'div' does not exist on type 'JSX.IntrinsicElements'.
features/Privacy.tsx(173,33): error TS2339: Property 'h3' does not exist on type 'JSX.IntrinsicElements'.
features/Privacy.tsx(173,94): error TS2339: Property 'h3' does not exist on type 'JSX.IntrinsicElements'.
features/Privacy.tsx(174,33): error TS2339: Property 'p' does not exist on type 'JSX.IntrinsicElements'.
features/Privacy.tsx(176,33): error TS2339: Property 'p' does not exist on type 'JSX.IntrinsicElements'.
features/Privacy.tsx(177,29): error TS2339: Property 'div' does not exist on type 'JSX.IntrinsicElements'.
features/Privacy.tsx(179,29): error TS2339: Property 'div' does not exist on type 'JSX.IntrinsicElements'.
features/Privacy.tsx(181,29): error TS2339: Property 'div' does not exist on type 'JSX.IntrinsicElements'.
features/Privacy.tsx(182,33): error TS2339: Property 'h3' does not exist on type 'JSX.IntrinsicElements'.
features/Privacy.tsx(182,108): error TS2339: Property 'h3' does not exist on type 'JSX.IntrinsicElements'.
features/Privacy.tsx(183,33): error TS2339: Property 'p' does not exist on type 'JSX.IntrinsicElements'.
features/Privacy.tsx(185,33): error TS2339: Property 'p' does not exist on type 'JSX.IntrinsicElements'.
features/Privacy.tsx(186,29): error TS2339: Property 'div' does not exist on type 'JSX.IntrinsicElements'.
features/Privacy.tsx(188,29): error TS2339: Property 'div' does not exist on type 'JSX.IntrinsicElements'.
features/Privacy.tsx(190,29): error TS2339: Property 'div' does not exist on type 'JSX.IntrinsicElements'.
features/Privacy.tsx(191,33): error TS2339: Property 'h3' does not exist on type 'JSX.IntrinsicElements'.
features/Privacy.tsx(191,101): error TS2339: Property 'h3' does not exist on type 'JSX.IntrinsicElements'.
features/Privacy.tsx(192,33): error TS2339: Property 'p' does not exist on type 'JSX.IntrinsicElements'.
features/Privacy.tsx(192,134): error TS2339: Property 'p' does not exist on type 'JSX.IntrinsicElements'.
features/Privacy.tsx(193,33): error TS2339: Property 'ul' does not exist on type 'JSX.IntrinsicElements'.
features/Privacy.tsx(194,37): error TS2339: Property 'li' does not exist on type 'JSX.IntrinsicElements'.
features/Privacy.tsx(194,41): error TS2339: Property 'strong' does not exist on type 'JSX.IntrinsicElements'.
features/Privacy.tsx(194,75): error TS2339: Property 'strong' does not exist on type 'JSX.IntrinsicElements'.
features/Privacy.tsx(194,120): error TS2339: Property 'li' does not exist on type 'JSX.IntrinsicElements'.
features/Privacy.tsx(195,37): error TS2339: Property 'li' does not exist on type 'JSX.IntrinsicElements'.
features/Privacy.tsx(195,41): error TS2339: Property 'strong' does not exist on type 'JSX.IntrinsicElements'.
features/Privacy.tsx(195,61): error TS2339: Property 'strong' does not exist on type 'JSX.IntrinsicElements'.
features/Privacy.tsx(195,108): error TS2339: Property 'li' does not exist on type 'JSX.IntrinsicElements'.
features/Privacy.tsx(196,37): error TS2339: Property 'li' does not exist on type 'JSX.IntrinsicElements'.
features/Privacy.tsx(196,41): error TS2339: Property 'strong' does not exist on type 'JSX.IntrinsicElements'.
features/Privacy.tsx(196,66): error TS2339: Property 'strong' does not exist on type 'JSX.IntrinsicElements'.
features/Privacy.tsx(196,132): error TS2339: Property 'li' does not exist on type 'JSX.IntrinsicElements'.
features/Privacy.tsx(197,33): error TS2339: Property 'ul' does not exist on type 'JSX.IntrinsicElements'.
features/Privacy.tsx(198,33): error TS2339: Property 'p' does not exist on type 'JSX.IntrinsicElements'.
features/Privacy.tsx(198,133): error TS2339: Property 'p' does not exist on type 'JSX.IntrinsicElements'.
features/Privacy.tsx(199,29): error TS2339: Property 'div' does not exist on type 'JSX.IntrinsicElements'.
features/Privacy.tsx(201,29): error TS2339: Property 'div' does not exist on type 'JSX.IntrinsicElements'.
features/Privacy.tsx(202,33): error TS2339: Property 'h3' does not exist on type 'JSX.IntrinsicElements'.
features/Privacy.tsx(202,93): error TS2339: Property 'h3' does not exist on type 'JSX.IntrinsicElements'.
features/Privacy.tsx(203,33): error TS2339: Property 'p' does not exist on type 'JSX.IntrinsicElements'.
features/Privacy.tsx(203,90): error TS2339: Property 'p' does not exist on type 'JSX.IntrinsicElements'.
features/Privacy.tsx(204,33): error TS2339: Property 'a' does not exist on type 'JSX.IntrinsicElements'.
features/Privacy.tsx(204,164): error TS2339: Property 'a' does not exist on type 'JSX.IntrinsicElements'.
features/Privacy.tsx(205,29): error TS2339: Property 'div' does not exist on type 'JSX.IntrinsicElements'.
features/Privacy.tsx(206,25): error TS2339: Property 'div' does not exist on type 'JSX.IntrinsicElements'.
features/Privacy.tsx(207,21): error TS2339: Property 'div' does not exist on type 'JSX.IntrinsicElements'.
features/Privacy.tsx(209,13): error TS2339: Property 'div' does not exist on type 'JSX.IntrinsicElements'.
features/Privacy.tsx(210,9): error TS2339: Property 'section' does not exist on type 'JSX.IntrinsicElements'.
features/Profile.tsx(62,13): error TS2339: Property 'span' does not exist on type 'JSX.IntrinsicElements'.
features/Profile.tsx(65,13): error TS2339: Property 'span' does not exist on type 'JSX.IntrinsicElements'.
features/Profile.tsx(70,9): error TS2339: Property 'section' does not exist on type 'JSX.IntrinsicElements'.
features/Profile.tsx(71,13): error TS2339: Property 'div' does not exist on type 'JSX.IntrinsicElements'.
features/Profile.tsx(78,21): error TS2339: Property 'div' does not exist on type 'JSX.IntrinsicElements'.
features/Profile.tsx(79,25): error TS2339: Property 'h1' does not exist on type 'JSX.IntrinsicElements'.
features/Profile.tsx(79,88): error TS2339: Property 'h1' does not exist on type 'JSX.IntrinsicElements'.
features/Profile.tsx(80,25): error TS2339: Property 'p' does not exist on type 'JSX.IntrinsicElements'.
features/Profile.tsx(80,94): error TS2339: Property 'p' does not exist on type 'JSX.IntrinsicElements'.
features/Profile.tsx(81,21): error TS2339: Property 'div' does not exist on type 'JSX.IntrinsicElements'.
features/Profile.tsx(84,21): error TS2339: Property 'div' does not exist on type 'JSX.IntrinsicElements'.
features/Profile.tsx(85,25): error TS2339: Property 'form' does not exist on type 'JSX.IntrinsicElements'.
features/Profile.tsx(88,29): error TS2339: Property 'div' does not exist on type 'JSX.IntrinsicElements'.
features/Profile.tsx(89,33): error TS2339: Property 'div' does not exist on type 'JSX.IntrinsicElements'.
features/Profile.tsx(90,37): error TS2339: Property 'div' does not exist on type 'JSX.IntrinsicElements'.
features/Profile.tsx(92,45): error TS2339: Property 'img' does not exist on type 'JSX.IntrinsicElements'.
features/Profile.tsx(96,37): error TS2339: Property 'div' does not exist on type 'JSX.IntrinsicElements'.
features/Profile.tsx(98,37): error TS2339: Property 'div' does not exist on type 'JSX.IntrinsicElements'.
features/Profile.tsx(100,37): error TS2339: Property 'div' does not exist on type 'JSX.IntrinsicElements'.
features/Profile.tsx(101,33): error TS2339: Property 'div' does not exist on type 'JSX.IntrinsicElements'.
features/Profile.tsx(102,33): error TS2339: Property 'div' does not exist on type 'JSX.IntrinsicElements'.
features/Profile.tsx(104,37): error TS2339: Property 'p' does not exist on type 'JSX.IntrinsicElements'.
features/Profile.tsx(104,99): error TS2339: Property 'p' does not exist on type 'JSX.IntrinsicElements'.
features/Profile.tsx(105,33): error TS2339: Property 'div' does not exist on type 'JSX.IntrinsicElements'.
features/Profile.tsx(106,29): error TS2339: Property 'div' does not exist on type 'JSX.IntrinsicElements'.
features/Profile.tsx(109,29): error TS2339: Property 'div' does not exist on type 'JSX.IntrinsicElements'.
features/Profile.tsx(110,33): error TS2339: Property 'div' does not exist on type 'JSX.IntrinsicElements'.
features/Profile.tsx(111,37): error TS2339: Property 'label' does not exist on type 'JSX.IntrinsicElements'.
features/Profile.tsx(111,122): error TS2339: Property 'label' does not exist on type 'JSX.IntrinsicElements'.
features/Profile.tsx(112,37): error TS2339: Property 'div' does not exist on type 'JSX.IntrinsicElements'.
features/Profile.tsx(114,41): error TS2339: Property 'span' does not exist on type 'JSX.IntrinsicElements'.
features/Profile.tsx(114,80): error TS2339: Property 'span' does not exist on type 'JSX.IntrinsicElements'.
features/Profile.tsx(115,37): error TS2339: Property 'div' does not exist on type 'JSX.IntrinsicElements'.
features/Profile.tsx(116,37): error TS2339: Property 'p' does not exist on type 'JSX.IntrinsicElements'.
features/Profile.tsx(116,111): error TS2339: Property 'p' does not exist on type 'JSX.IntrinsicElements'.
features/Profile.tsx(117,33): error TS2339: Property 'div' does not exist on type 'JSX.IntrinsicElements'.
features/Profile.tsx(119,33): error TS2339: Property 'div' does not exist on type 'JSX.IntrinsicElements'.
features/Profile.tsx(120,37): error TS2339: Property 'label' does not exist on type 'JSX.IntrinsicElements'.
features/Profile.tsx(120,118): error TS2339: Property 'label' does not exist on type 'JSX.IntrinsicElements'.
features/Profile.tsx(121,37): error TS2339: Property 'input' does not exist on type 'JSX.IntrinsicElements'.
features/Profile.tsx(128,33): error TS2339: Property 'div' does not exist on type 'JSX.IntrinsicElements'.
features/Profile.tsx(130,33): error TS2339: Property 'div' does not exist on type 'JSX.IntrinsicElements'.
features/Profile.tsx(131,37): error TS2339: Property 'label' does not exist on type 'JSX.IntrinsicElements'.
features/Profile.tsx(131,112): error TS2339: Property 'label' does not exist on type 'JSX.IntrinsicElements'.
features/Profile.tsx(132,37): error TS2339: Property 'textarea' does not exist on type 'JSX.IntrinsicElements'.
features/Profile.tsx(139,33): error TS2339: Property 'div' does not exist on type 'JSX.IntrinsicElements'.
features/Profile.tsx(141,33): error TS2339: Property 'div' does not exist on type 'JSX.IntrinsicElements'.
features/Profile.tsx(142,37): error TS2339: Property 'label' does not exist on type 'JSX.IntrinsicElements'.
features/Profile.tsx(142,119): error TS2339: Property 'label' does not exist on type 'JSX.IntrinsicElements'.
features/Profile.tsx(143,37): error TS2339: Property 'input' does not exist on type 'JSX.IntrinsicElements'.
features/Profile.tsx(150,37): error TS2339: Property 'p' does not exist on type 'JSX.IntrinsicElements'.
features/Profile.tsx(150,119): error TS2339: Property 'p' does not exist on type 'JSX.IntrinsicElements'.
features/Profile.tsx(151,33): error TS2339: Property 'div' does not exist on type 'JSX.IntrinsicElements'.
features/Profile.tsx(152,29): error TS2339: Property 'div' does not exist on type 'JSX.IntrinsicElements'.
features/Profile.tsx(155,29): error TS2339: Property 'div' does not exist on type 'JSX.IntrinsicElements'.
features/Profile.tsx(156,33): error TS2339: Property 'h4' does not exist on type 'JSX.IntrinsicElements'.
features/Profile.tsx(159,33): error TS2339: Property 'h4' does not exist on type 'JSX.IntrinsicElements'.
features/Profile.tsx(160,33): error TS2339: Property 'div' does not exist on type 'JSX.IntrinsicElements'.
features/Profile.tsx(161,37): error TS2339: Property 'div' does not exist on type 'JSX.IntrinsicElements'.
features/Profile.tsx(162,41): error TS2339: Property 'span' does not exist on type 'JSX.IntrinsicElements'.
features/Profile.tsx(164,37): error TS2339: Property 'div' does not exist on type 'JSX.IntrinsicElements'.
features/Profile.tsx(165,37): error TS2339: Property 'div' does not exist on type 'JSX.IntrinsicElements'.
features/Profile.tsx(166,41): error TS2339: Property 'span' does not exist on type 'JSX.IntrinsicElements'.
features/Profile.tsx(168,37): error TS2339: Property 'div' does not exist on type 'JSX.IntrinsicElements'.
features/Profile.tsx(169,33): error TS2339: Property 'div' does not exist on type 'JSX.IntrinsicElements'.
features/Profile.tsx(170,29): error TS2339: Property 'div' does not exist on type 'JSX.IntrinsicElements'.
features/Profile.tsx(173,29): error TS2339: Property 'div' does not exist on type 'JSX.IntrinsicElements'.
features/Profile.tsx(174,33): error TS2339: Property 'button' does not exist on type 'JSX.IntrinsicElements'.
features/Profile.tsx(181,33): error TS2339: Property 'button' does not exist on type 'JSX.IntrinsicElements'.
features/Profile.tsx(182,29): error TS2339: Property 'div' does not exist on type 'JSX.IntrinsicElements'.
features/Profile.tsx(183,25): error TS2339: Property 'form' does not exist on type 'JSX.IntrinsicElements'.
features/Profile.tsx(184,21): error TS2339: Property 'div' does not exist on type 'JSX.IntrinsicElements'.
features/Profile.tsx(186,13): error TS2339: Property 'div' does not exist on type 'JSX.IntrinsicElements'.
features/Profile.tsx(187,9): error TS2339: Property 'section' does not exist on type 'JSX.IntrinsicElements'.
features/Services.tsx(27,5): error TS2339: Property 'div' does not exist on type 'JSX.IntrinsicElements'.
features/Services.tsx(28,7): error TS2339: Property 'button' does not exist on type 'JSX.IntrinsicElements'.
features/Services.tsx(28,171): error TS2339: Property 'span' does not exist on type 'JSX.IntrinsicElements'.
features/Services.tsx(28,244): error TS2339: Property 'span' does not exist on type 'JSX.IntrinsicElements'.
features/Services.tsx(28,374): error TS2339: Property 'button' does not exist on type 'JSX.IntrinsicElements'.
features/Services.tsx(29,185): error TS2339: Property 'div' does not exist on type 'JSX.IntrinsicElements'.
features/Services.tsx(29,281): error TS2339: Property 'div' does not exist on type 'JSX.IntrinsicElements'.
features/Services.tsx(30,5): error TS2339: Property 'div' does not exist on type 'JSX.IntrinsicElements'.
features/Services.tsx(102,5): error TS2339: Property 'section' does not exist on type 'JSX.IntrinsicElements'.
features/Services.tsx(103,7): error TS2339: Property 'div' does not exist on type 'JSX.IntrinsicElements'.
features/Services.tsx(105,9): error TS2339: Property 'div' does not exist on type 'JSX.IntrinsicElements'.
features/Services.tsx(107,13): error TS2339: Property 'h2' does not exist on type 'JSX.IntrinsicElements'.
features/Services.tsx(107,86): error TS2339: Property 'h2' does not exist on type 'JSX.IntrinsicElements'.
features/Services.tsx(108,13): error TS2339: Property 'p' does not exist on type 'JSX.IntrinsicElements'.
features/Services.tsx(108,134): error TS2339: Property 'p' does not exist on type 'JSX.IntrinsicElements'.
features/Services.tsx(109,13): error TS2339: Property 'div' does not exist on type 'JSX.IntrinsicElements'.
features/Services.tsx(110,15): error TS2339: Property 'button' does not exist on type 'JSX.IntrinsicElements'.
features/Services.tsx(110,409): error TS2339: Property 'button' does not exist on type 'JSX.IntrinsicElements'.
features/Services.tsx(112,17): error TS2339: Property 'button' does not exist on type 'JSX.IntrinsicElements'.
features/Services.tsx(112,359): error TS2339: Property 'button' does not exist on type 'JSX.IntrinsicElements'.
features/Services.tsx(114,13): error TS2339: Property 'div' does not exist on type 'JSX.IntrinsicElements'.
features/Services.tsx(116,11): error TS2339: Property 'div' does not exist on type 'JSX.IntrinsicElements'.
features/Services.tsx(118,15): error TS2339: Property 'div' does not exist on type 'JSX.IntrinsicElements'.
features/Services.tsx(118,64): error TS2339: Property 'div' does not exist on type 'JSX.IntrinsicElements'.
features/Services.tsx(118,77): error TS2339: Property 'div' does not exist on type 'JSX.IntrinsicElements'.
features/Services.tsx(118,240): error TS2339: Property 'div' does not exist on type 'JSX.IntrinsicElements'.
features/Services.tsx(118,246): error TS2339: Property 'div' does not exist on type 'JSX.IntrinsicElements'.
features/Services.tsx(118,347): error TS2339: Property 'div' does not exist on type 'JSX.IntrinsicElements'.
features/Services.tsx(118,353): error TS2339: Property 'div' does not exist on type 'JSX.IntrinsicElements'.
features/Services.tsx(118,362): error TS2339: Property 'div' does not exist on type 'JSX.IntrinsicElements'.
features/Services.tsx(125,17): error TS2339: Property 'div' does not exist on type 'JSX.IntrinsicElements'.
features/Services.tsx(125,50): error TS2339: Property 'div' does not exist on type 'JSX.IntrinsicElements'.
features/Services.tsx(126,17): error TS2339: Property 'h3' does not exist on type 'JSX.IntrinsicElements'.
features/Services.tsx(126,87): error TS2339: Property 'h3' does not exist on type 'JSX.IntrinsicElements'.
features/Services.tsx(127,17): error TS2339: Property 'p' does not exist on type 'JSX.IntrinsicElements'.
features/Services.tsx(127,148): error TS2339: Property 'p' does not exist on type 'JSX.IntrinsicElements'.
features/Services.tsx(132,19): error TS2339: Property 'div' does not exist on type 'JSX.IntrinsicElements'.
features/Services.tsx(132,189): error TS2339: Property 'h3' does not exist on type 'JSX.IntrinsicElements'.
features/Services.tsx(132,296): error TS2339: Property 'h3' does not exist on type 'JSX.IntrinsicElements'.
features/Services.tsx(132,301): error TS2339: Property 'div' does not exist on type 'JSX.IntrinsicElements'.
features/Services.tsx(133,19): error TS2339: Property 'div' does not exist on type 'JSX.IntrinsicElements'.
features/Services.tsx(138,25): error TS2339: Property 'div' does not exist on type 'JSX.IntrinsicElements'.
features/Services.tsx(139,27): error TS2339: Property 'div' does not exist on type 'JSX.IntrinsicElements'.
features/Services.tsx(139,88): error TS2339: Property 'h4' does not exist on type 'JSX.IntrinsicElements'.
features/Services.tsx(139,237): error TS2339: Property 'h4' does not exist on type 'JSX.IntrinsicElements'.
features/Services.tsx(139,242): error TS2339: Property 'span' does not exist on type 'JSX.IntrinsicElements'.
features/Services.tsx(139,448): error TS2339: Property 'span' does not exist on type 'JSX.IntrinsicElements'.
features/Services.tsx(139,455): error TS2339: Property 'div' does not exist on type 'JSX.IntrinsicElements'.
features/Services.tsx(140,27): error TS2339: Property 'p' does not exist on type 'JSX.IntrinsicElements'.
features/Services.tsx(140,165): error TS2339: Property 'p' does not exist on type 'JSX.IntrinsicElements'.
features/Services.tsx(141,27): error TS2339: Property 'div' does not exist on type 'JSX.IntrinsicElements'.
features/Services.tsx(141,232): error TS2339: Property 'div' does not exist on type 'JSX.IntrinsicElements'.
features/Services.tsx(142,25): error TS2339: Property 'div' does not exist on type 'JSX.IntrinsicElements'.
features/Services.tsx(143,64): error TS2339: Property 'div' does not exist on type 'JSX.IntrinsicElements'.
features/Services.tsx(143,145): error TS2339: Property 'div' does not exist on type 'JSX.IntrinsicElements'.
features/Services.tsx(146,19): error TS2339: Property 'div' does not exist on type 'JSX.IntrinsicElements'.
features/Services.tsx(150,11): error TS2339: Property 'div' does not exist on type 'JSX.IntrinsicElements'.
features/Services.tsx(151,9): error TS2339: Property 'div' does not exist on type 'JSX.IntrinsicElements'.
features/Services.tsx(154,9): error TS2339: Property 'div' does not exist on type 'JSX.IntrinsicElements'.
features/Services.tsx(169,17): error TS2339: Property 'div' does not exist on type 'JSX.IntrinsicElements'.
features/Services.tsx(169,95): error TS2339: Property 'div' does not exist on type 'JSX.IntrinsicElements'.
features/Services.tsx(170,17): error TS2339: Property 'span' does not exist on type 'JSX.IntrinsicElements'.
features/Services.tsx(170,127): error TS2339: Property 'span' does not exist on type 'JSX.IntrinsicElements'.
features/Services.tsx(171,17): error TS2339: Property 'h4' does not exist on type 'JSX.IntrinsicElements'.
features/Services.tsx(171,120): error TS2339: Property 'h4' does not exist on type 'JSX.IntrinsicElements'.
features/Services.tsx(172,17): error TS2339: Property 'p' does not exist on type 'JSX.IntrinsicElements'.
features/Services.tsx(172,100): error TS2339: Property 'p' does not exist on type 'JSX.IntrinsicElements'.
features/Services.tsx(173,17): error TS2339: Property 'div' does not exist on type 'JSX.IntrinsicElements'.
features/Services.tsx(176,17): error TS2339: Property 'div' does not exist on type 'JSX.IntrinsicElements'.
features/Services.tsx(180,9): error TS2339: Property 'div' does not exist on type 'JSX.IntrinsicElements'.
features/Services.tsx(181,7): error TS2339: Property 'div' does not exist on type 'JSX.IntrinsicElements'.
features/Services.tsx(192,13): error TS2339: Property 'span' does not exist on type 'JSX.IntrinsicElements'.
features/Services.tsx(192,68): error TS2339: Property 'span' does not exist on type 'JSX.IntrinsicElements'.
features/Services.tsx(197,7): error TS2339: Property 'div' does not exist on type 'JSX.IntrinsicElements'.
features/Services.tsx(198,9): error TS2339: Property 'div' does not exist on type 'JSX.IntrinsicElements'.
features/Services.tsx(198,108): error TS2339: Property 'h3' does not exist on type 'JSX.IntrinsicElements'.
features/Services.tsx(198,184): error TS2339: Property 'h3' does not exist on type 'JSX.IntrinsicElements'.
features/Services.tsx(198,189): error TS2339: Property 'div' does not exist on type 'JSX.IntrinsicElements'.
features/Services.tsx(199,9): error TS2339: Property 'div' does not exist on type 'JSX.IntrinsicElements'.
features/Services.tsx(199,71): error TS2322: Type '{ key: any; question: any; answer: any; }' is not assignable to type '{ question: string; answer: string; }'.
  Property 'key' does not exist on type '{ question: string; answer: string; }'.
features/Services.tsx(199,132): error TS2339: Property 'div' does not exist on type 'JSX.IntrinsicElements'.
features/Services.tsx(200,7): error TS2339: Property 'div' does not exist on type 'JSX.IntrinsicElements'.
features/Services.tsx(201,5): error TS2339: Property 'section' does not exist on type 'JSX.IntrinsicElements'.
features/Team.tsx(76,7): error TS2339: Property 'div' does not exist on type 'JSX.IntrinsicElements'.
features/Team.tsx(87,9): error TS2339: Property 'div' does not exist on type 'JSX.IntrinsicElements'.
features/Team.tsx(91,11): error TS2339: Property 'div' does not exist on type 'JSX.IntrinsicElements'.
features/Team.tsx(92,13): error TS2339: Property 'div' does not exist on type 'JSX.IntrinsicElements'.
features/Team.tsx(92,100): error TS2339: Property 'div' does not exist on type 'JSX.IntrinsicElements'.
features/Team.tsx(93,13): error TS2339: Property 'span' does not exist on type 'JSX.IntrinsicElements'.
features/Team.tsx(93,115): error TS2339: Property 'span' does not exist on type 'JSX.IntrinsicElements'.
features/Team.tsx(94,11): error TS2339: Property 'div' does not exist on type 'JSX.IntrinsicElements'.
features/Team.tsx(97,9): error TS2339: Property 'div' does not exist on type 'JSX.IntrinsicElements'.
features/Team.tsx(99,13): error TS2339: Property 'h3' does not exist on type 'JSX.IntrinsicElements'.
features/Team.tsx(99,115): error TS2339: Property 'h3' does not exist on type 'JSX.IntrinsicElements'.
features/Team.tsx(100,13): error TS2339: Property 'p' does not exist on type 'JSX.IntrinsicElements'.
features/Team.tsx(100,85): error TS2339: Property 'p' does not exist on type 'JSX.IntrinsicElements'.
features/Team.tsx(102,9): error TS2339: Property 'div' does not exist on type 'JSX.IntrinsicElements'.
features/Team.tsx(103,7): error TS2339: Property 'div' does not exist on type 'JSX.IntrinsicElements'.
features/Team.tsx(105,7): error TS2339: Property 'div' does not exist on type 'JSX.IntrinsicElements'.
features/Team.tsx(116,17): error TS2339: Property 'p' does not exist on type 'JSX.IntrinsicElements'.
features/Team.tsx(116,100): error TS2339: Property 'p' does not exist on type 'JSX.IntrinsicElements'.
features/Team.tsx(126,17): error TS2339: Property 'p' does not exist on type 'JSX.IntrinsicElements'.
features/Team.tsx(126,100): error TS2339: Property 'p' does not exist on type 'JSX.IntrinsicElements'.
features/Team.tsx(133,11): error TS2339: Property 'div' does not exist on type 'JSX.IntrinsicElements'.
features/Team.tsx(135,15): error TS2339: Property 'a' does not exist on type 'JSX.IntrinsicElements'.
features/Team.tsx(137,15): error TS2339: Property 'a' does not exist on type 'JSX.IntrinsicElements'.
features/Team.tsx(140,15): error TS2339: Property 'button' does not exist on type 'JSX.IntrinsicElements'.
features/Team.tsx(142,15): error TS2339: Property 'button' does not exist on type 'JSX.IntrinsicElements'.
features/Team.tsx(145,15): error TS2339: Property 'a' does not exist on type 'JSX.IntrinsicElements'.
features/Team.tsx(147,15): error TS2339: Property 'a' does not exist on type 'JSX.IntrinsicElements'.
features/Team.tsx(150,15): error TS2339: Property 'a' does not exist on type 'JSX.IntrinsicElements'.
features/Team.tsx(152,15): error TS2339: Property 'a' does not exist on type 'JSX.IntrinsicElements'.
features/Team.tsx(155,15): error TS2339: Property 'a' does not exist on type 'JSX.IntrinsicElements'.
features/Team.tsx(157,15): error TS2339: Property 'a' does not exist on type 'JSX.IntrinsicElements'.
features/Team.tsx(159,11): error TS2339: Property 'div' does not exist on type 'JSX.IntrinsicElements'.
features/Team.tsx(160,11): error TS2339: Property 'div' does not exist on type 'JSX.IntrinsicElements'.
features/Team.tsx(163,11): error TS2339: Property 'div' does not exist on type 'JSX.IntrinsicElements'.
features/Team.tsx(165,7): error TS2339: Property 'div' does not exist on type 'JSX.IntrinsicElements'.
features/Team.tsx(189,5): error TS2339: Property 'section' does not exist on type 'JSX.IntrinsicElements'.
features/Team.tsx(190,7): error TS2339: Property 'div' does not exist on type 'JSX.IntrinsicElements'.
features/Team.tsx(191,9): error TS2339: Property 'h2' does not exist on type 'JSX.IntrinsicElements'.
features/Team.tsx(191,94): error TS2339: Property 'h2' does not exist on type 'JSX.IntrinsicElements'.
features/Team.tsx(192,9): error TS2339: Property 'p' does not exist on type 'JSX.IntrinsicElements'.
features/Team.tsx(195,9): error TS2339: Property 'p' does not exist on type 'JSX.IntrinsicElements'.
features/Team.tsx(196,7): error TS2339: Property 'div' does not exist on type 'JSX.IntrinsicElements'.
features/Team.tsx(198,7): error TS2339: Property 'div' does not exist on type 'JSX.IntrinsicElements'.
features/Team.tsx(203,23): error TS2322: Type '{ key: any; member: { name: any; role: any; bio: any; image: any; status: any; links: { instagram: any; email: any; spotify: any; website: any; soundcloud: any; }; }; index: any; }' is not assignable to type '{ member: TeamMember; index: number; }'.
  Property 'key' does not exist on type '{ member: TeamMember; index: number; }'.
features/Team.tsx(219,7): error TS2339: Property 'div' does not exist on type 'JSX.IntrinsicElements'.
features/Team.tsx(220,5): error TS2339: Property 'section' does not exist on type 'JSX.IntrinsicElements'.
features/Terms.tsx(29,9): error TS2339: Property 'section' does not exist on type 'JSX.IntrinsicElements'.
features/Terms.tsx(31,13): error TS2339: Property 'div' does not exist on type 'JSX.IntrinsicElements'.
features/Terms.tsx(32,13): error TS2339: Property 'div' does not exist on type 'JSX.IntrinsicElements'.
features/Terms.tsx(34,13): error TS2339: Property 'div' does not exist on type 'JSX.IntrinsicElements'.
features/Terms.tsx(36,17): error TS2339: Property 'div' does not exist on type 'JSX.IntrinsicElements'.
features/Terms.tsx(37,21): error TS2339: Property 'button' does not exist on type 'JSX.IntrinsicElements'.
features/Terms.tsx(41,25): error TS2339: Property 'div' does not exist on type 'JSX.IntrinsicElements'.
features/Terms.tsx(43,25): error TS2339: Property 'div' does not exist on type 'JSX.IntrinsicElements'.
features/Terms.tsx(44,25): error TS2339: Property 'span' does not exist on type 'JSX.IntrinsicElements'.
features/Terms.tsx(44,79): error TS2339: Property 'span' does not exist on type 'JSX.IntrinsicElements'.
features/Terms.tsx(45,21): error TS2339: Property 'button' does not exist on type 'JSX.IntrinsicElements'.
features/Terms.tsx(46,21): error TS2339: Property 'div' does not exist on type 'JSX.IntrinsicElements'.
features/Terms.tsx(48,21): error TS2339: Property 'div' does not exist on type 'JSX.IntrinsicElements'.
features/Terms.tsx(49,17): error TS2339: Property 'div' does not exist on type 'JSX.IntrinsicElements'.
features/Terms.tsx(58,21): error TS2339: Property 'div' does not exist on type 'JSX.IntrinsicElements'.
features/Terms.tsx(61,25): error TS2339: Property 'div' does not exist on type 'JSX.IntrinsicElements'.
features/Terms.tsx(63,25): error TS2339: Property 'div' does not exist on type 'JSX.IntrinsicElements'.
features/Terms.tsx(64,25): error TS2339: Property 'div' does not exist on type 'JSX.IntrinsicElements'.
features/Terms.tsx(65,29): error TS2339: Property 'h1' does not exist on type 'JSX.IntrinsicElements'.
features/Terms.tsx(65,125): error TS2339: Property 'h1' does not exist on type 'JSX.IntrinsicElements'.
features/Terms.tsx(66,29): error TS2339: Property 'p' does not exist on type 'JSX.IntrinsicElements'.
features/Terms.tsx(66,135): error TS2339: Property 'p' does not exist on type 'JSX.IntrinsicElements'.
features/Terms.tsx(67,25): error TS2339: Property 'div' does not exist on type 'JSX.IntrinsicElements'.
features/Terms.tsx(70,21): error TS2339: Property 'div' does not exist on type 'JSX.IntrinsicElements'.
features/Terms.tsx(74,29): error TS2339: Property 'div' does not exist on type 'JSX.IntrinsicElements'.
features/Terms.tsx(75,33): error TS2339: Property 'div' does not exist on type 'JSX.IntrinsicElements'.
features/Terms.tsx(77,33): error TS2339: Property 'div' does not exist on type 'JSX.IntrinsicElements'.
features/Terms.tsx(78,33): error TS2339: Property 'h3' does not exist on type 'JSX.IntrinsicElements'.
features/Terms.tsx(78,130): error TS2339: Property 'h3' does not exist on type 'JSX.IntrinsicElements'.
features/Terms.tsx(79,33): error TS2339: Property 'p' does not exist on type 'JSX.IntrinsicElements'.
features/Terms.tsx(80,172): error TS2339: Property 'span' does not exist on type 'JSX.IntrinsicElements'.
features/Terms.tsx(80,277): error TS2339: Property 'span' does not exist on type 'JSX.IntrinsicElements'.
features/Terms.tsx(81,33): error TS2339: Property 'p' does not exist on type 'JSX.IntrinsicElements'.
features/Terms.tsx(82,29): error TS2339: Property 'div' does not exist on type 'JSX.IntrinsicElements'.
features/Terms.tsx(84,29): error TS2339: Property 'div' does not exist on type 'JSX.IntrinsicElements'.
features/Terms.tsx(87,29): error TS2339: Property 'div' does not exist on type 'JSX.IntrinsicElements'.
features/Terms.tsx(88,33): error TS2339: Property 'h3' does not exist on type 'JSX.IntrinsicElements'.
features/Terms.tsx(89,37): error TS2339: Property 'span' does not exist on type 'JSX.IntrinsicElements'.
features/Terms.tsx(89,141): error TS2339: Property 'span' does not exist on type 'JSX.IntrinsicElements'.
features/Terms.tsx(91,33): error TS2339: Property 'h3' does not exist on type 'JSX.IntrinsicElements'.
features/Terms.tsx(92,33): error TS2339: Property 'div' does not exist on type 'JSX.IntrinsicElements'.
features/Terms.tsx(93,37): error TS2339: Property 'h4' does not exist on type 'JSX.IntrinsicElements'.
features/Terms.tsx(93,137): error TS2339: Property 'h4' does not exist on type 'JSX.IntrinsicElements'.
features/Terms.tsx(94,37): error TS2339: Property 'ul' does not exist on type 'JSX.IntrinsicElements'.
features/Terms.tsx(100,45): error TS2339: Property 'li' does not exist on type 'JSX.IntrinsicElements'.
features/Terms.tsx(101,49): error TS2339: Property 'div' does not exist on type 'JSX.IntrinsicElements'.
features/Terms.tsx(102,49): error TS2339: Property 'span' does not exist on type 'JSX.IntrinsicElements'.
features/Terms.tsx(102,61): error TS2339: Property 'span' does not exist on type 'JSX.IntrinsicElements'.
features/Terms.tsx(103,45): error TS2339: Property 'li' does not exist on type 'JSX.IntrinsicElements'.
features/Terms.tsx(105,37): error TS2339: Property 'ul' does not exist on type 'JSX.IntrinsicElements'.
features/Terms.tsx(106,33): error TS2339: Property 'div' does not exist on type 'JSX.IntrinsicElements'.
features/Terms.tsx(107,29): error TS2339: Property 'div' does not exist on type 'JSX.IntrinsicElements'.
features/Terms.tsx(109,29): error TS2339: Property 'div' does not exist on type 'JSX.IntrinsicElements'.
features/Terms.tsx(112,29): error TS2339: Property 'div' does not exist on type 'JSX.IntrinsicElements'.
features/Terms.tsx(113,33): error TS2339: Property 'h3' does not exist on type 'JSX.IntrinsicElements'.
features/Terms.tsx(114,37): error TS2339: Property 'span' does not exist on type 'JSX.IntrinsicElements'.
features/Terms.tsx(114,141): error TS2339: Property 'span' does not exist on type 'JSX.IntrinsicElements'.
features/Terms.tsx(116,33): error TS2339: Property 'h3' does not exist on type 'JSX.IntrinsicElements'.
features/Terms.tsx(117,33): error TS2339: Property 'div' does not exist on type 'JSX.IntrinsicElements'.
features/Terms.tsx(118,37): error TS2339: Property 'div' does not exist on type 'JSX.IntrinsicElements'.
features/Terms.tsx(119,41): error TS2339: Property 'h4' does not exist on type 'JSX.IntrinsicElements'.
features/Terms.tsx(119,131): error TS2339: Property 'h4' does not exist on type 'JSX.IntrinsicElements'.
features/Terms.tsx(120,41): error TS2339: Property 'ul' does not exist on type 'JSX.IntrinsicElements'.
features/Terms.tsx(121,45): error TS2339: Property 'li' does not exist on type 'JSX.IntrinsicElements'.
features/Terms.tsx(121,85): error TS2339: Property 'div' does not exist on type 'JSX.IntrinsicElements'.
features/Terms.tsx(121,152): error TS2339: Property 'li' does not exist on type 'JSX.IntrinsicElements'.
features/Terms.tsx(122,45): error TS2339: Property 'li' does not exist on type 'JSX.IntrinsicElements'.
features/Terms.tsx(122,85): error TS2339: Property 'div' does not exist on type 'JSX.IntrinsicElements'.
features/Terms.tsx(122,153): error TS2339: Property 'li' does not exist on type 'JSX.IntrinsicElements'.
features/Terms.tsx(123,45): error TS2339: Property 'li' does not exist on type 'JSX.IntrinsicElements'.
features/Terms.tsx(123,85): error TS2339: Property 'div' does not exist on type 'JSX.IntrinsicElements'.
features/Terms.tsx(123,155): error TS2339: Property 'li' does not exist on type 'JSX.IntrinsicElements'.
features/Terms.tsx(124,41): error TS2339: Property 'ul' does not exist on type 'JSX.IntrinsicElements'.
features/Terms.tsx(125,37): error TS2339: Property 'div' does not exist on type 'JSX.IntrinsicElements'.
features/Terms.tsx(126,37): error TS2339: Property 'div' does not exist on type 'JSX.IntrinsicElements'.
features/Terms.tsx(127,41): error TS2339: Property 'h4' does not exist on type 'JSX.IntrinsicElements'.
features/Terms.tsx(127,134): error TS2339: Property 'h4' does not exist on type 'JSX.IntrinsicElements'.
features/Terms.tsx(128,41): error TS2339: Property 'ul' does not exist on type 'JSX.IntrinsicElements'.
features/Terms.tsx(129,45): error TS2339: Property 'li' does not exist on type 'JSX.IntrinsicElements'.
features/Terms.tsx(129,85): error TS2339: Property 'div' does not exist on type 'JSX.IntrinsicElements'.
features/Terms.tsx(129,158): error TS2339: Property 'li' does not exist on type 'JSX.IntrinsicElements'.
features/Terms.tsx(130,45): error TS2339: Property 'li' does not exist on type 'JSX.IntrinsicElements'.
features/Terms.tsx(130,85): error TS2339: Property 'div' does not exist on type 'JSX.IntrinsicElements'.
features/Terms.tsx(130,151): error TS2339: Property 'li' does not exist on type 'JSX.IntrinsicElements'.
features/Terms.tsx(131,45): error TS2339: Property 'li' does not exist on type 'JSX.IntrinsicElements'.
features/Terms.tsx(131,85): error TS2339: Property 'div' does not exist on type 'JSX.IntrinsicElements'.
features/Terms.tsx(131,150): error TS2339: Property 'li' does not exist on type 'JSX.IntrinsicElements'.
features/Terms.tsx(132,41): error TS2339: Property 'ul' does not exist on type 'JSX.IntrinsicElements'.
features/Terms.tsx(133,37): error TS2339: Property 'div' does not exist on type 'JSX.IntrinsicElements'.
features/Terms.tsx(134,33): error TS2339: Property 'div' does not exist on type 'JSX.IntrinsicElements'.
features/Terms.tsx(135,33): error TS2339: Property 'p' does not exist on type 'JSX.IntrinsicElements'.
features/Terms.tsx(137,33): error TS2339: Property 'p' does not exist on type 'JSX.IntrinsicElements'.
features/Terms.tsx(138,29): error TS2339: Property 'div' does not exist on type 'JSX.IntrinsicElements'.
features/Terms.tsx(140,29): error TS2339: Property 'div' does not exist on type 'JSX.IntrinsicElements'.
features/Terms.tsx(143,29): error TS2339: Property 'div' does not exist on type 'JSX.IntrinsicElements'.
features/Terms.tsx(144,33): error TS2339: Property 'div' does not exist on type 'JSX.IntrinsicElements'.
features/Terms.tsx(145,37): error TS2339: Property 'h3' does not exist on type 'JSX.IntrinsicElements'.
features/Terms.tsx(146,41): error TS2339: Property 'span' does not exist on type 'JSX.IntrinsicElements'.
features/Terms.tsx(146,145): error TS2339: Property 'span' does not exist on type 'JSX.IntrinsicElements'.
features/Terms.tsx(148,37): error TS2339: Property 'h3' does not exist on type 'JSX.IntrinsicElements'.
features/Terms.tsx(149,37): error TS2339: Property 'p' does not exist on type 'JSX.IntrinsicElements'.
features/Terms.tsx(149,145): error TS2339: Property 'p' does not exist on type 'JSX.IntrinsicElements'.
features/Terms.tsx(150,33): error TS2339: Property 'div' does not exist on type 'JSX.IntrinsicElements'.
features/Terms.tsx(152,33): error TS2339: Property 'div' does not exist on type 'JSX.IntrinsicElements'.
features/Terms.tsx(153,37): error TS2339: Property 'div' does not exist on type 'JSX.IntrinsicElements'.
features/Terms.tsx(154,41): error TS2339: Property 'span' does not exist on type 'JSX.IntrinsicElements'.
features/Terms.tsx(154,160): error TS2339: Property 'span' does not exist on type 'JSX.IntrinsicElements'.
features/Terms.tsx(155,41): error TS2339: Property 'h3' does not exist on type 'JSX.IntrinsicElements'.
features/Terms.tsx(155,114): error TS2339: Property 'h3' does not exist on type 'JSX.IntrinsicElements'.
features/Terms.tsx(156,37): error TS2339: Property 'div' does not exist on type 'JSX.IntrinsicElements'.
features/Terms.tsx(157,37): error TS2339: Property 'p' does not exist on type 'JSX.IntrinsicElements'.
features/Terms.tsx(157,99): error TS2339: Property 'p' does not exist on type 'JSX.IntrinsicElements'.
features/Terms.tsx(158,37): error TS2339: Property 'div' does not exist on type 'JSX.IntrinsicElements'.
features/Terms.tsx(160,45): error TS2339: Property 'div' does not exist on type 'JSX.IntrinsicElements'.
features/Terms.tsx(161,49): error TS2339: Property 'div' does not exist on type 'JSX.IntrinsicElements'.
features/Terms.tsx(161,167): error TS2339: Property 'div' does not exist on type 'JSX.IntrinsicElements'.
features/Terms.tsx(162,49): error TS2339: Property 'span' does not exist on type 'JSX.IntrinsicElements'.
features/Terms.tsx(162,61): error TS2339: Property 'span' does not exist on type 'JSX.IntrinsicElements'.
features/Terms.tsx(163,45): error TS2339: Property 'div' does not exist on type 'JSX.IntrinsicElements'.
features/Terms.tsx(165,37): error TS2339: Property 'div' does not exist on type 'JSX.IntrinsicElements'.
features/Terms.tsx(166,33): error TS2339: Property 'div' does not exist on type 'JSX.IntrinsicElements'.
features/Terms.tsx(167,29): error TS2339: Property 'div' does not exist on type 'JSX.IntrinsicElements'.
features/Terms.tsx(169,29): error TS2339: Property 'div' does not exist on type 'JSX.IntrinsicElements'.
features/Terms.tsx(172,29): error TS2339: Property 'div' does not exist on type 'JSX.IntrinsicElements'.
features/Terms.tsx(173,33): error TS2339: Property 'h3' does not exist on type 'JSX.IntrinsicElements'.
features/Terms.tsx(174,37): error TS2339: Property 'span' does not exist on type 'JSX.IntrinsicElements'.
features/Terms.tsx(174,141): error TS2339: Property 'span' does not exist on type 'JSX.IntrinsicElements'.
features/Terms.tsx(176,33): error TS2339: Property 'h3' does not exist on type 'JSX.IntrinsicElements'.
features/Terms.tsx(177,33): error TS2339: Property 'div' does not exist on type 'JSX.IntrinsicElements'.
features/Terms.tsx(178,37): error TS2339: Property 'div' does not exist on type 'JSX.IntrinsicElements'.
features/Terms.tsx(179,41): error TS2339: Property 'h4' does not exist on type 'JSX.IntrinsicElements'.
features/Terms.tsx(179,116): error TS2339: Property 'h4' does not exist on type 'JSX.IntrinsicElements'.
features/Terms.tsx(180,41): error TS2339: Property 'ul' does not exist on type 'JSX.IntrinsicElements'.
features/Terms.tsx(181,45): error TS2339: Property 'li' does not exist on type 'JSX.IntrinsicElements'.
features/Terms.tsx(181,71): error TS2339: Property 'li' does not exist on type 'JSX.IntrinsicElements'.
features/Terms.tsx(182,45): error TS2339: Property 'li' does not exist on type 'JSX.IntrinsicElements'.
features/Terms.tsx(182,84): error TS2339: Property 'li' does not exist on type 'JSX.IntrinsicElements'.
features/Terms.tsx(183,45): error TS2339: Property 'li' does not exist on type 'JSX.IntrinsicElements'.
features/Terms.tsx(183,86): error TS2339: Property 'li' does not exist on type 'JSX.IntrinsicElements'.
features/Terms.tsx(184,41): error TS2339: Property 'ul' does not exist on type 'JSX.IntrinsicElements'.
features/Terms.tsx(185,37): error TS2339: Property 'div' does not exist on type 'JSX.IntrinsicElements'.
features/Terms.tsx(186,37): error TS2339: Property 'div' does not exist on type 'JSX.IntrinsicElements'.
features/Terms.tsx(187,41): error TS2339: Property 'h4' does not exist on type 'JSX.IntrinsicElements'.
features/Terms.tsx(187,119): error TS2339: Property 'h4' does not exist on type 'JSX.IntrinsicElements'.
features/Terms.tsx(188,41): error TS2339: Property 'ul' does not exist on type 'JSX.IntrinsicElements'.
features/Terms.tsx(189,45): error TS2339: Property 'li' does not exist on type 'JSX.IntrinsicElements'.
features/Terms.tsx(189,88): error TS2339: Property 'li' does not exist on type 'JSX.IntrinsicElements'.
features/Terms.tsx(190,45): error TS2339: Property 'li' does not exist on type 'JSX.IntrinsicElements'.
features/Terms.tsx(190,94): error TS2339: Property 'li' does not exist on type 'JSX.IntrinsicElements'.
features/Terms.tsx(191,41): error TS2339: Property 'ul' does not exist on type 'JSX.IntrinsicElements'.
features/Terms.tsx(192,37): error TS2339: Property 'div' does not exist on type 'JSX.IntrinsicElements'.
features/Terms.tsx(193,33): error TS2339: Property 'div' does not exist on type 'JSX.IntrinsicElements'.
features/Terms.tsx(194,33): error TS2339: Property 'div' does not exist on type 'JSX.IntrinsicElements'.
features/Terms.tsx(196,41): error TS2339: Property 'span' does not exist on type 'JSX.IntrinsicElements'.
features/Terms.tsx(198,41): error TS2339: Property 'span' does not exist on type 'JSX.IntrinsicElements'.
features/Terms.tsx(200,33): error TS2339: Property 'div' does not exist on type 'JSX.IntrinsicElements'.
features/Terms.tsx(201,29): error TS2339: Property 'div' does not exist on type 'JSX.IntrinsicElements'.
features/Terms.tsx(203,29): error TS2339: Property 'div' does not exist on type 'JSX.IntrinsicElements'.
features/Terms.tsx(206,29): error TS2339: Property 'div' does not exist on type 'JSX.IntrinsicElements'.
features/Terms.tsx(207,33): error TS2339: Property 'div' does not exist on type 'JSX.IntrinsicElements'.
features/Terms.tsx(208,37): error TS2339: Property 'strong' does not exist on type 'JSX.IntrinsicElements'.
features/Terms.tsx(208,101): error TS2339: Property 'strong' does not exist on type 'JSX.IntrinsicElements'.
features/Terms.tsx(210,33): error TS2339: Property 'div' does not exist on type 'JSX.IntrinsicElements'.
features/Terms.tsx(211,33): error TS2339: Property 'div' does not exist on type 'JSX.IntrinsicElements'.
features/Terms.tsx(212,37): error TS2339: Property 'strong' does not exist on type 'JSX.IntrinsicElements'.
features/Terms.tsx(212,87): error TS2339: Property 'strong' does not exist on type 'JSX.IntrinsicElements'.
features/Terms.tsx(214,33): error TS2339: Property 'div' does not exist on type 'JSX.IntrinsicElements'.
features/Terms.tsx(215,33): error TS2339: Property 'div' does not exist on type 'JSX.IntrinsicElements'.
features/Terms.tsx(216,37): error TS2339: Property 'strong' does not exist on type 'JSX.IntrinsicElements'.
features/Terms.tsx(216,93): error TS2339: Property 'strong' does not exist on type 'JSX.IntrinsicElements'.
features/Terms.tsx(218,33): error TS2339: Property 'div' does not exist on type 'JSX.IntrinsicElements'.
features/Terms.tsx(219,29): error TS2339: Property 'div' does not exist on type 'JSX.IntrinsicElements'.
features/Terms.tsx(221,29): error TS2339: Property 'div' does not exist on type 'JSX.IntrinsicElements'.
features/Terms.tsx(222,33): error TS2339: Property 'div' does not exist on type 'JSX.IntrinsicElements'.
features/Terms.tsx(223,33): error TS2339: Property 'h3' does not exist on type 'JSX.IntrinsicElements'.
features/Terms.tsx(223,108): error TS2339: Property 'h3' does not exist on type 'JSX.IntrinsicElements'.
features/Terms.tsx(224,33): error TS2339: Property 'p' does not exist on type 'JSX.IntrinsicElements'.
features/Terms.tsx(224,118): error TS2339: Property 'p' does not exist on type 'JSX.IntrinsicElements'.
features/Terms.tsx(225,33): error TS2339: Property 'a' does not exist on type 'JSX.IntrinsicElements'.
features/Terms.tsx(230,33): error TS2339: Property 'a' does not exist on type 'JSX.IntrinsicElements'.
features/Terms.tsx(231,29): error TS2339: Property 'div' does not exist on type 'JSX.IntrinsicElements'.
features/Terms.tsx(233,21): error TS2339: Property 'div' does not exist on type 'JSX.IntrinsicElements'.
features/Terms.tsx(235,13): error TS2339: Property 'div' does not exist on type 'JSX.IntrinsicElements'.
features/Terms.tsx(236,9): error TS2339: Property 'section' does not exist on type 'JSX.IntrinsicElements'.
features/admin/AuditLogViewer.tsx(37,9): error TS2339: Property 'div' does not exist on type 'JSX.IntrinsicElements'.
features/admin/AuditLogViewer.tsx(38,13): error TS2339: Property 'div' does not exist on type 'JSX.IntrinsicElements'.
features/admin/AuditLogViewer.tsx(39,17): error TS2339: Property 'div' does not exist on type 'JSX.IntrinsicElements'.
features/admin/AuditLogViewer.tsx(40,21): error TS2339: Property 'h2' does not exist on type 'JSX.IntrinsicElements'.
features/admin/AuditLogViewer.tsx(40,79): error TS2339: Property 'h2' does not exist on type 'JSX.IntrinsicElements'.
features/admin/AuditLogViewer.tsx(41,21): error TS2339: Property 'p' does not exist on type 'JSX.IntrinsicElements'.
features/admin/AuditLogViewer.tsx(41,86): error TS2339: Property 'p' does not exist on type 'JSX.IntrinsicElements'.
features/admin/AuditLogViewer.tsx(42,17): error TS2339: Property 'div' does not exist on type 'JSX.IntrinsicElements'.
features/admin/AuditLogViewer.tsx(43,17): error TS2339: Property 'button' does not exist on type 'JSX.IntrinsicElements'.
features/admin/AuditLogViewer.tsx(49,17): error TS2339: Property 'button' does not exist on type 'JSX.IntrinsicElements'.
features/admin/AuditLogViewer.tsx(50,13): error TS2339: Property 'div' does not exist on type 'JSX.IntrinsicElements'.
features/admin/AuditLogViewer.tsx(52,13): error TS2339: Property 'div' does not exist on type 'JSX.IntrinsicElements'.
features/admin/AuditLogViewer.tsx(53,17): error TS2339: Property 'div' does not exist on type 'JSX.IntrinsicElements'.
features/admin/AuditLogViewer.tsx(54,21): error TS2339: Property 'table' does not exist on type 'JSX.IntrinsicElements'.
features/admin/AuditLogViewer.tsx(55,25): error TS2339: Property 'thead' does not exist on type 'JSX.IntrinsicElements'.
features/admin/AuditLogViewer.tsx(56,29): error TS2339: Property 'tr' does not exist on type 'JSX.IntrinsicElements'.
features/admin/AuditLogViewer.tsx(57,33): error TS2339: Property 'th' does not exist on type 'JSX.IntrinsicElements'.
features/admin/AuditLogViewer.tsx(57,57): error TS2339: Property 'th' does not exist on type 'JSX.IntrinsicElements'.
features/admin/AuditLogViewer.tsx(58,33): error TS2339: Property 'th' does not exist on type 'JSX.IntrinsicElements'.
features/admin/AuditLogViewer.tsx(58,58): error TS2339: Property 'th' does not exist on type 'JSX.IntrinsicElements'.
features/admin/AuditLogViewer.tsx(59,33): error TS2339: Property 'th' does not exist on type 'JSX.IntrinsicElements'.
features/admin/AuditLogViewer.tsx(59,59): error TS2339: Property 'th' does not exist on type 'JSX.IntrinsicElements'.
features/admin/AuditLogViewer.tsx(60,33): error TS2339: Property 'th' does not exist on type 'JSX.IntrinsicElements'.
features/admin/AuditLogViewer.tsx(60,59): error TS2339: Property 'th' does not exist on type 'JSX.IntrinsicElements'.
features/admin/AuditLogViewer.tsx(61,33): error TS2339: Property 'th' does not exist on type 'JSX.IntrinsicElements'.
features/admin/AuditLogViewer.tsx(61,60): error TS2339: Property 'th' does not exist on type 'JSX.IntrinsicElements'.
features/admin/AuditLogViewer.tsx(62,29): error TS2339: Property 'tr' does not exist on type 'JSX.IntrinsicElements'.
features/admin/AuditLogViewer.tsx(63,25): error TS2339: Property 'thead' does not exist on type 'JSX.IntrinsicElements'.
features/admin/AuditLogViewer.tsx(64,25): error TS2339: Property 'tbody' does not exist on type 'JSX.IntrinsicElements'.
features/admin/AuditLogViewer.tsx(66,33): error TS2339: Property 'tr' does not exist on type 'JSX.IntrinsicElements'.
features/admin/AuditLogViewer.tsx(67,37): error TS2339: Property 'td' does not exist on type 'JSX.IntrinsicElements'.
features/admin/AuditLogViewer.tsx(67,110): error TS2339: Property 'td' does not exist on type 'JSX.IntrinsicElements'.
features/admin/AuditLogViewer.tsx(68,33): error TS2339: Property 'tr' does not exist on type 'JSX.IntrinsicElements'.
features/admin/AuditLogViewer.tsx(70,33): error TS2339: Property 'tr' does not exist on type 'JSX.IntrinsicElements'.
features/admin/AuditLogViewer.tsx(71,37): error TS2339: Property 'td' does not exist on type 'JSX.IntrinsicElements'.
features/admin/AuditLogViewer.tsx(71,119): error TS2339: Property 'td' does not exist on type 'JSX.IntrinsicElements'.
features/admin/AuditLogViewer.tsx(72,33): error TS2339: Property 'tr' does not exist on type 'JSX.IntrinsicElements'.
features/admin/AuditLogViewer.tsx(75,37): error TS2339: Property 'tr' does not exist on type 'JSX.IntrinsicElements'.
features/admin/AuditLogViewer.tsx(76,41): error TS2339: Property 'td' does not exist on type 'JSX.IntrinsicElements'.
features/admin/AuditLogViewer.tsx(78,41): error TS2339: Property 'td' does not exist on type 'JSX.IntrinsicElements'.
features/admin/AuditLogViewer.tsx(79,41): error TS2339: Property 'td' does not exist on type 'JSX.IntrinsicElements'.
features/admin/AuditLogViewer.tsx(80,45): error TS2339: Property 'div' does not exist on type 'JSX.IntrinsicElements'.
features/admin/AuditLogViewer.tsx(81,49): error TS2339: Property 'div' does not exist on type 'JSX.IntrinsicElements'.
features/admin/AuditLogViewer.tsx(83,49): error TS2339: Property 'div' does not exist on type 'JSX.IntrinsicElements'.
features/admin/AuditLogViewer.tsx(84,49): error TS2339: Property 'div' does not exist on type 'JSX.IntrinsicElements'.
features/admin/AuditLogViewer.tsx(85,53): error TS2339: Property 'span' does not exist on type 'JSX.IntrinsicElements'.
features/admin/AuditLogViewer.tsx(85,129): error TS2339: Property 'span' does not exist on type 'JSX.IntrinsicElements'.
features/admin/AuditLogViewer.tsx(86,53): error TS2339: Property 'span' does not exist on type 'JSX.IntrinsicElements'.
features/admin/AuditLogViewer.tsx(86,114): error TS2339: Property 'span' does not exist on type 'JSX.IntrinsicElements'.
features/admin/AuditLogViewer.tsx(87,49): error TS2339: Property 'div' does not exist on type 'JSX.IntrinsicElements'.
features/admin/AuditLogViewer.tsx(88,45): error TS2339: Property 'div' does not exist on type 'JSX.IntrinsicElements'.
features/admin/AuditLogViewer.tsx(89,41): error TS2339: Property 'td' does not exist on type 'JSX.IntrinsicElements'.
features/admin/AuditLogViewer.tsx(90,41): error TS2339: Property 'td' does not exist on type 'JSX.IntrinsicElements'.
features/admin/AuditLogViewer.tsx(91,45): error TS2339: Property 'span' does not exist on type 'JSX.IntrinsicElements'.
features/admin/AuditLogViewer.tsx(93,45): error TS2339: Property 'span' does not exist on type 'JSX.IntrinsicElements'.
features/admin/AuditLogViewer.tsx(94,41): error TS2339: Property 'td' does not exist on type 'JSX.IntrinsicElements'.
features/admin/AuditLogViewer.tsx(95,41): error TS2339: Property 'td' does not exist on type 'JSX.IntrinsicElements'.
features/admin/AuditLogViewer.tsx(96,45): error TS2339: Property 'div' does not exist on type 'JSX.IntrinsicElements'.
features/admin/AuditLogViewer.tsx(98,49): error TS2339: Property 'span' does not exist on type 'JSX.IntrinsicElements'.
features/admin/AuditLogViewer.tsx(98,117): error TS2339: Property 'span' does not exist on type 'JSX.IntrinsicElements'.
features/admin/AuditLogViewer.tsx(99,45): error TS2339: Property 'div' does not exist on type 'JSX.IntrinsicElements'.
features/admin/AuditLogViewer.tsx(100,41): error TS2339: Property 'td' does not exist on type 'JSX.IntrinsicElements'.
features/admin/AuditLogViewer.tsx(101,41): error TS2339: Property 'td' does not exist on type 'JSX.IntrinsicElements'.
features/admin/AuditLogViewer.tsx(103,41): error TS2339: Property 'td' does not exist on type 'JSX.IntrinsicElements'.
features/admin/AuditLogViewer.tsx(104,37): error TS2339: Property 'tr' does not exist on type 'JSX.IntrinsicElements'.
features/admin/AuditLogViewer.tsx(107,25): error TS2339: Property 'tbody' does not exist on type 'JSX.IntrinsicElements'.
features/admin/AuditLogViewer.tsx(108,21): error TS2339: Property 'table' does not exist on type 'JSX.IntrinsicElements'.
features/admin/AuditLogViewer.tsx(109,17): error TS2339: Property 'div' does not exist on type 'JSX.IntrinsicElements'.
features/admin/AuditLogViewer.tsx(110,13): error TS2339: Property 'div' does not exist on type 'JSX.IntrinsicElements'.
features/admin/AuditLogViewer.tsx(111,9): error TS2339: Property 'div' does not exist on type 'JSX.IntrinsicElements'.
features/admin/BlogManager.tsx(118,9): error TS2339: Property 'div' does not exist on type 'JSX.IntrinsicElements'.
features/admin/BlogManager.tsx(119,13): error TS2339: Property 'div' does not exist on type 'JSX.IntrinsicElements'.
features/admin/BlogManager.tsx(120,17): error TS2339: Property 'h2' does not exist on type 'JSX.IntrinsicElements'.
features/admin/BlogManager.tsx(120,75): error TS2339: Property 'h2' does not exist on type 'JSX.IntrinsicElements'.
features/admin/BlogManager.tsx(121,17): error TS2339: Property 'button' does not exist on type 'JSX.IntrinsicElements'.
features/admin/BlogManager.tsx(123,17): error TS2339: Property 'button' does not exist on type 'JSX.IntrinsicElements'.
features/admin/BlogManager.tsx(124,13): error TS2339: Property 'div' does not exist on type 'JSX.IntrinsicElements'.
features/admin/BlogManager.tsx(134,25): error TS2339: Property 'div' does not exist on type 'JSX.IntrinsicElements'.
features/admin/BlogManager.tsx(135,29): error TS2339: Property 'h3' does not exist on type 'JSX.IntrinsicElements'.
features/admin/BlogManager.tsx(135,112): error TS2339: Property 'h3' does not exist on type 'JSX.IntrinsicElements'.
features/admin/BlogManager.tsx(136,29): error TS2339: Property 'button' does not exist on type 'JSX.IntrinsicElements'.
features/admin/BlogManager.tsx(136,133): error TS2339: Property 'button' does not exist on type 'JSX.IntrinsicElements'.
features/admin/BlogManager.tsx(137,25): error TS2339: Property 'div' does not exist on type 'JSX.IntrinsicElements'.
features/admin/BlogManager.tsx(139,25): error TS2339: Property 'div' does not exist on type 'JSX.IntrinsicElements'.
features/admin/BlogManager.tsx(140,29): error TS2339: Property 'div' does not exist on type 'JSX.IntrinsicElements'.
features/admin/BlogManager.tsx(141,33): error TS2339: Property 'label' does not exist on type 'JSX.IntrinsicElements'.
features/admin/BlogManager.tsx(141,110): error TS2339: Property 'label' does not exist on type 'JSX.IntrinsicElements'.
features/admin/BlogManager.tsx(142,33): error TS2339: Property 'input' does not exist on type 'JSX.IntrinsicElements'.
features/admin/BlogManager.tsx(149,29): error TS2339: Property 'div' does not exist on type 'JSX.IntrinsicElements'.
features/admin/BlogManager.tsx(151,29): error TS2339: Property 'div' does not exist on type 'JSX.IntrinsicElements'.
features/admin/BlogManager.tsx(152,33): error TS2339: Property 'label' does not exist on type 'JSX.IntrinsicElements'.
features/admin/BlogManager.tsx(152,113): error TS2339: Property 'label' does not exist on type 'JSX.IntrinsicElements'.
features/admin/BlogManager.tsx(153,33): error TS2339: Property 'select' does not exist on type 'JSX.IntrinsicElements'.
features/admin/BlogManager.tsx(158,37): error TS2339: Property 'option' does not exist on type 'JSX.IntrinsicElements'.
features/admin/BlogManager.tsx(158,62): error TS2339: Property 'option' does not exist on type 'JSX.IntrinsicElements'.
features/admin/BlogManager.tsx(159,37): error TS2339: Property 'option' does not exist on type 'JSX.IntrinsicElements'.
features/admin/BlogManager.tsx(159,70): error TS2339: Property 'option' does not exist on type 'JSX.IntrinsicElements'.
features/admin/BlogManager.tsx(160,37): error TS2339: Property 'option' does not exist on type 'JSX.IntrinsicElements'.
features/admin/BlogManager.tsx(160,70): error TS2339: Property 'option' does not exist on type 'JSX.IntrinsicElements'.
features/admin/BlogManager.tsx(161,37): error TS2339: Property 'option' does not exist on type 'JSX.IntrinsicElements'.
features/admin/BlogManager.tsx(161,72): error TS2339: Property 'option' does not exist on type 'JSX.IntrinsicElements'.
features/admin/BlogManager.tsx(162,37): error TS2339: Property 'option' does not exist on type 'JSX.IntrinsicElements'.
features/admin/BlogManager.tsx(162,70): error TS2339: Property 'option' does not exist on type 'JSX.IntrinsicElements'.
features/admin/BlogManager.tsx(163,33): error TS2339: Property 'select' does not exist on type 'JSX.IntrinsicElements'.
features/admin/BlogManager.tsx(164,29): error TS2339: Property 'div' does not exist on type 'JSX.IntrinsicElements'.
features/admin/BlogManager.tsx(166,29): error TS2339: Property 'div' does not exist on type 'JSX.IntrinsicElements'.
features/admin/BlogManager.tsx(167,33): error TS2339: Property 'label' does not exist on type 'JSX.IntrinsicElements'.
features/admin/BlogManager.tsx(167,111): error TS2339: Property 'label' does not exist on type 'JSX.IntrinsicElements'.
features/admin/BlogManager.tsx(168,33): error TS2339: Property 'select' does not exist on type 'JSX.IntrinsicElements'.
features/admin/BlogManager.tsx(173,37): error TS2339: Property 'option' does not exist on type 'JSX.IntrinsicElements'.
features/admin/BlogManager.tsx(173,64): error TS2339: Property 'option' does not exist on type 'JSX.IntrinsicElements'.
features/admin/BlogManager.tsx(174,37): error TS2339: Property 'option' does not exist on type 'JSX.IntrinsicElements'.
features/admin/BlogManager.tsx(174,72): error TS2339: Property 'option' does not exist on type 'JSX.IntrinsicElements'.
features/admin/BlogManager.tsx(175,37): error TS2339: Property 'option' does not exist on type 'JSX.IntrinsicElements'.
features/admin/BlogManager.tsx(175,70): error TS2339: Property 'option' does not exist on type 'JSX.IntrinsicElements'.
features/admin/BlogManager.tsx(176,33): error TS2339: Property 'select' does not exist on type 'JSX.IntrinsicElements'.
features/admin/BlogManager.tsx(177,29): error TS2339: Property 'div' does not exist on type 'JSX.IntrinsicElements'.
features/admin/BlogManager.tsx(178,25): error TS2339: Property 'div' does not exist on type 'JSX.IntrinsicElements'.
features/admin/BlogManager.tsx(180,25): error TS2339: Property 'div' does not exist on type 'JSX.IntrinsicElements'.
features/admin/BlogManager.tsx(181,29): error TS2339: Property 'label' does not exist on type 'JSX.IntrinsicElements'.
features/admin/BlogManager.tsx(181,124): error TS2339: Property 'label' does not exist on type 'JSX.IntrinsicElements'.
features/admin/BlogManager.tsx(182,29): error TS2339: Property 'textarea' does not exist on type 'JSX.IntrinsicElements'.
features/admin/BlogManager.tsx(188,25): error TS2339: Property 'div' does not exist on type 'JSX.IntrinsicElements'.
features/admin/BlogManager.tsx(190,25): error TS2339: Property 'div' does not exist on type 'JSX.IntrinsicElements'.
features/admin/BlogManager.tsx(191,29): error TS2339: Property 'label' does not exist on type 'JSX.IntrinsicElements'.
features/admin/BlogManager.tsx(191,115): error TS2339: Property 'label' does not exist on type 'JSX.IntrinsicElements'.
features/admin/BlogManager.tsx(192,29): error TS2339: Property 'div' does not exist on type 'JSX.IntrinsicElements'.
features/admin/BlogManager.tsx(193,33): error TS2339: Property 'input' does not exist on type 'JSX.IntrinsicElements'.
features/admin/BlogManager.tsx(200,33): error TS2339: Property 'div' does not exist on type 'JSX.IntrinsicElements'.
features/admin/BlogManager.tsx(201,37): error TS2339: Property 'input' does not exist on type 'JSX.IntrinsicElements'.
features/admin/BlogManager.tsx(224,37): error TS2339: Property 'button' does not exist on type 'JSX.IntrinsicElements'.
features/admin/BlogManager.tsx(227,37): error TS2339: Property 'button' does not exist on type 'JSX.IntrinsicElements'.
features/admin/BlogManager.tsx(228,33): error TS2339: Property 'div' does not exist on type 'JSX.IntrinsicElements'.
features/admin/BlogManager.tsx(229,29): error TS2339: Property 'div' does not exist on type 'JSX.IntrinsicElements'.
features/admin/BlogManager.tsx(230,25): error TS2339: Property 'div' does not exist on type 'JSX.IntrinsicElements'.
features/admin/BlogManager.tsx(232,25): error TS2339: Property 'div' does not exist on type 'JSX.IntrinsicElements'.
features/admin/BlogManager.tsx(233,29): error TS2339: Property 'label' does not exist on type 'JSX.IntrinsicElements'.
features/admin/BlogManager.tsx(233,129): error TS2339: Property 'label' does not exist on type 'JSX.IntrinsicElements'.
features/admin/BlogManager.tsx(234,29): error TS2339: Property 'textarea' does not exist on type 'JSX.IntrinsicElements'.
features/admin/BlogManager.tsx(240,25): error TS2339: Property 'div' does not exist on type 'JSX.IntrinsicElements'.
features/admin/BlogManager.tsx(243,25): error TS2339: Property 'div' does not exist on type 'JSX.IntrinsicElements'.
features/admin/BlogManager.tsx(244,29): error TS2339: Property 'h4' does not exist on type 'JSX.IntrinsicElements'.
features/admin/BlogManager.tsx(247,29): error TS2339: Property 'h4' does not exist on type 'JSX.IntrinsicElements'.
features/admin/BlogManager.tsx(249,29): error TS2339: Property 'div' does not exist on type 'JSX.IntrinsicElements'.
features/admin/BlogManager.tsx(250,33): error TS2339: Property 'div' does not exist on type 'JSX.IntrinsicElements'.
features/admin/BlogManager.tsx(251,37): error TS2339: Property 'label' does not exist on type 'JSX.IntrinsicElements'.
features/admin/BlogManager.tsx(251,117): error TS2339: Property 'label' does not exist on type 'JSX.IntrinsicElements'.
features/admin/BlogManager.tsx(252,37): error TS2339: Property 'input' does not exist on type 'JSX.IntrinsicElements'.
features/admin/BlogManager.tsx(259,33): error TS2339: Property 'div' does not exist on type 'JSX.IntrinsicElements'.
features/admin/BlogManager.tsx(260,33): error TS2339: Property 'div' does not exist on type 'JSX.IntrinsicElements'.
features/admin/BlogManager.tsx(261,37): error TS2339: Property 'label' does not exist on type 'JSX.IntrinsicElements'.
features/admin/BlogManager.tsx(261,122): error TS2339: Property 'label' does not exist on type 'JSX.IntrinsicElements'.
features/admin/BlogManager.tsx(262,37): error TS2339: Property 'input' does not exist on type 'JSX.IntrinsicElements'.
features/admin/BlogManager.tsx(272,33): error TS2339: Property 'div' does not exist on type 'JSX.IntrinsicElements'.
features/admin/BlogManager.tsx(273,29): error TS2339: Property 'div' does not exist on type 'JSX.IntrinsicElements'.
features/admin/BlogManager.tsx(275,29): error TS2339: Property 'div' does not exist on type 'JSX.IntrinsicElements'.
features/admin/BlogManager.tsx(276,33): error TS2339: Property 'label' does not exist on type 'JSX.IntrinsicElements'.
features/admin/BlogManager.tsx(276,121): error TS2339: Property 'label' does not exist on type 'JSX.IntrinsicElements'.
features/admin/BlogManager.tsx(277,33): error TS2339: Property 'textarea' does not exist on type 'JSX.IntrinsicElements'.
features/admin/BlogManager.tsx(283,29): error TS2339: Property 'div' does not exist on type 'JSX.IntrinsicElements'.
features/admin/BlogManager.tsx(284,25): error TS2339: Property 'div' does not exist on type 'JSX.IntrinsicElements'.
features/admin/BlogManager.tsx(286,25): error TS2339: Property 'div' does not exist on type 'JSX.IntrinsicElements'.
features/admin/BlogManager.tsx(287,29): error TS2339: Property 'label' does not exist on type 'JSX.IntrinsicElements'.
features/admin/BlogManager.tsx(287,123): error TS2339: Property 'label' does not exist on type 'JSX.IntrinsicElements'.
features/admin/BlogManager.tsx(288,29): error TS2339: Property 'input' does not exist on type 'JSX.IntrinsicElements'.
features/admin/BlogManager.tsx(295,25): error TS2339: Property 'div' does not exist on type 'JSX.IntrinsicElements'.
features/admin/BlogManager.tsx(297,25): error TS2339: Property 'div' does not exist on type 'JSX.IntrinsicElements'.
features/admin/BlogManager.tsx(298,29): error TS2339: Property 'button' does not exist on type 'JSX.IntrinsicElements'.
features/admin/BlogManager.tsx(298,132): error TS2339: Property 'button' does not exist on type 'JSX.IntrinsicElements'.
features/admin/BlogManager.tsx(299,29): error TS2339: Property 'button' does not exist on type 'JSX.IntrinsicElements'.
features/admin/BlogManager.tsx(301,29): error TS2339: Property 'button' does not exist on type 'JSX.IntrinsicElements'.
features/admin/BlogManager.tsx(302,25): error TS2339: Property 'div' does not exist on type 'JSX.IntrinsicElements'.
features/admin/BlogManager.tsx(305,21): error TS2339: Property 'div' does not exist on type 'JSX.IntrinsicElements'.
features/admin/BlogManager.tsx(312,33): error TS2339: Property 'div' does not exist on type 'JSX.IntrinsicElements'.
features/admin/BlogManager.tsx(313,37): error TS2339: Property 'div' does not exist on type 'JSX.IntrinsicElements'.
features/admin/BlogManager.tsx(315,45): error TS2339: Property 'img' does not exist on type 'JSX.IntrinsicElements'.
features/admin/BlogManager.tsx(319,37): error TS2339: Property 'div' does not exist on type 'JSX.IntrinsicElements'.
features/admin/BlogManager.tsx(320,37): error TS2339: Property 'div' does not exist on type 'JSX.IntrinsicElements'.
features/admin/BlogManager.tsx(321,41): error TS2339: Property 'div' does not exist on type 'JSX.IntrinsicElements'.
features/admin/BlogManager.tsx(322,45): error TS2339: Property 'h3' does not exist on type 'JSX.IntrinsicElements'.
features/admin/BlogManager.tsx(322,102): error TS2339: Property 'h3' does not exist on type 'JSX.IntrinsicElements'.
features/admin/BlogManager.tsx(323,45): error TS2339: Property 'span' does not exist on type 'JSX.IntrinsicElements'.
features/admin/BlogManager.tsx(325,45): error TS2339: Property 'span' does not exist on type 'JSX.IntrinsicElements'.
features/admin/BlogManager.tsx(326,41): error TS2339: Property 'div' does not exist on type 'JSX.IntrinsicElements'.
features/admin/BlogManager.tsx(327,41): error TS2339: Property 'div' does not exist on type 'JSX.IntrinsicElements'.
features/admin/BlogManager.tsx(328,45): error TS2339: Property 'span' does not exist on type 'JSX.IntrinsicElements'.
features/admin/BlogManager.tsx(328,66): error TS2339: Property 'span' does not exist on type 'JSX.IntrinsicElements'.
features/admin/BlogManager.tsx(329,45): error TS2339: Property 'span' does not exist on type 'JSX.IntrinsicElements'.
features/admin/BlogManager.tsx(329,52): error TS2339: Property 'span' does not exist on type 'JSX.IntrinsicElements'.
features/admin/BlogManager.tsx(330,45): error TS2339: Property 'span' does not exist on type 'JSX.IntrinsicElements'.
features/admin/BlogManager.tsx(330,120): error TS2339: Property 'span' does not exist on type 'JSX.IntrinsicElements'.
features/admin/BlogManager.tsx(331,45): error TS2339: Property 'span' does not exist on type 'JSX.IntrinsicElements'.
features/admin/BlogManager.tsx(331,52): error TS2339: Property 'span' does not exist on type 'JSX.IntrinsicElements'.
features/admin/BlogManager.tsx(332,45): error TS2339: Property 'span' does not exist on type 'JSX.IntrinsicElements'.
features/admin/BlogManager.tsx(332,74): error TS2339: Property 'span' does not exist on type 'JSX.IntrinsicElements'.
features/admin/BlogManager.tsx(333,41): error TS2339: Property 'div' does not exist on type 'JSX.IntrinsicElements'.
features/admin/BlogManager.tsx(334,37): error TS2339: Property 'div' does not exist on type 'JSX.IntrinsicElements'.
features/admin/BlogManager.tsx(335,33): error TS2339: Property 'div' does not exist on type 'JSX.IntrinsicElements'.
features/admin/BlogManager.tsx(337,33): error TS2339: Property 'div' does not exist on type 'JSX.IntrinsicElements'.
features/admin/BlogManager.tsx(338,37): error TS2339: Property 'button' does not exist on type 'JSX.IntrinsicElements'.
features/admin/BlogManager.tsx(340,37): error TS2339: Property 'button' does not exist on type 'JSX.IntrinsicElements'.
features/admin/BlogManager.tsx(341,37): error TS2339: Property 'button' does not exist on type 'JSX.IntrinsicElements'.
features/admin/BlogManager.tsx(343,37): error TS2339: Property 'button' does not exist on type 'JSX.IntrinsicElements'.
features/admin/BlogManager.tsx(344,33): error TS2339: Property 'div' does not exist on type 'JSX.IntrinsicElements'.
features/admin/BlogManager.tsx(348,29): error TS2339: Property 'div' does not exist on type 'JSX.IntrinsicElements'.
features/admin/BlogManager.tsx(350,33): error TS2339: Property 'p' does not exist on type 'JSX.IntrinsicElements'.
features/admin/BlogManager.tsx(350,56): error TS2339: Property 'p' does not exist on type 'JSX.IntrinsicElements'.
features/admin/BlogManager.tsx(351,29): error TS2339: Property 'div' does not exist on type 'JSX.IntrinsicElements'.
features/admin/BlogManager.tsx(353,21): error TS2339: Property 'div' does not exist on type 'JSX.IntrinsicElements'.
features/admin/BlogManager.tsx(356,9): error TS2339: Property 'div' does not exist on type 'JSX.IntrinsicElements'.
features/admin/CommentsManager.tsx(59,9): error TS2339: Property 'div' does not exist on type 'JSX.IntrinsicElements'.
features/admin/CommentsManager.tsx(60,13): error TS2339: Property 'div' does not exist on type 'JSX.IntrinsicElements'.
features/admin/CommentsManager.tsx(61,17): error TS2339: Property 'div' does not exist on type 'JSX.IntrinsicElements'.
features/admin/CommentsManager.tsx(62,21): error TS2339: Property 'h2' does not exist on type 'JSX.IntrinsicElements'.
features/admin/CommentsManager.tsx(62,87): error TS2339: Property 'h2' does not exist on type 'JSX.IntrinsicElements'.
features/admin/CommentsManager.tsx(63,21): error TS2339: Property 'p' does not exist on type 'JSX.IntrinsicElements'.
features/admin/CommentsManager.tsx(63,81): error TS2339: Property 'p' does not exist on type 'JSX.IntrinsicElements'.
features/admin/CommentsManager.tsx(64,17): error TS2339: Property 'div' does not exist on type 'JSX.IntrinsicElements'.
features/admin/CommentsManager.tsx(65,17): error TS2339: Property 'div' does not exist on type 'JSX.IntrinsicElements'.
features/admin/CommentsManager.tsx(67,17): error TS2339: Property 'div' does not exist on type 'JSX.IntrinsicElements'.
features/admin/CommentsManager.tsx(68,13): error TS2339: Property 'div' does not exist on type 'JSX.IntrinsicElements'.
features/admin/CommentsManager.tsx(72,21): error TS2339: Property 'div' does not exist on type 'JSX.IntrinsicElements'.
features/admin/CommentsManager.tsx(73,25): error TS2339: Property 'p' does not exist on type 'JSX.IntrinsicElements'.
features/admin/CommentsManager.tsx(73,47): error TS2339: Property 'p' does not exist on type 'JSX.IntrinsicElements'.
features/admin/CommentsManager.tsx(74,21): error TS2339: Property 'div' does not exist on type 'JSX.IntrinsicElements'.
features/admin/CommentsManager.tsx(82,25): error TS2339: Property 'p' does not exist on type 'JSX.IntrinsicElements'.
features/admin/CommentsManager.tsx(82,71): error TS2339: Property 'p' does not exist on type 'JSX.IntrinsicElements'.
features/admin/CommentsManager.tsx(83,25): error TS2339: Property 'p' does not exist on type 'JSX.IntrinsicElements'.
features/admin/CommentsManager.tsx(83,78): error TS2339: Property 'p' does not exist on type 'JSX.IntrinsicElements'.
features/admin/CommentsManager.tsx(86,21): error TS2339: Property 'div' does not exist on type 'JSX.IntrinsicElements'.
features/admin/CommentsManager.tsx(96,33): error TS2339: Property 'div' does not exist on type 'JSX.IntrinsicElements'.
features/admin/CommentsManager.tsx(97,37): error TS2339: Property 'div' does not exist on type 'JSX.IntrinsicElements'.
features/admin/CommentsManager.tsx(98,41): error TS2339: Property 'div' does not exist on type 'JSX.IntrinsicElements'.
features/admin/CommentsManager.tsx(99,45): error TS2339: Property 'span' does not exist on type 'JSX.IntrinsicElements'.
features/admin/CommentsManager.tsx(99,105): error TS2339: Property 'span' does not exist on type 'JSX.IntrinsicElements'.
features/admin/CommentsManager.tsx(100,45): error TS2339: Property 'span' does not exist on type 'JSX.IntrinsicElements'.
features/admin/CommentsManager.tsx(100,86): error TS2339: Property 'span' does not exist on type 'JSX.IntrinsicElements'.
features/admin/CommentsManager.tsx(101,45): error TS2339: Property 'span' does not exist on type 'JSX.IntrinsicElements'.
features/admin/CommentsManager.tsx(101,132): error TS2339: Property 'span' does not exist on type 'JSX.IntrinsicElements'.
features/admin/CommentsManager.tsx(102,41): error TS2339: Property 'div' does not exist on type 'JSX.IntrinsicElements'.
features/admin/CommentsManager.tsx(104,41): error TS2339: Property 'div' does not exist on type 'JSX.IntrinsicElements'.
features/admin/CommentsManager.tsx(106,41): error TS2339: Property 'div' does not exist on type 'JSX.IntrinsicElements'.
features/admin/CommentsManager.tsx(108,41): error TS2339: Property 'p' does not exist on type 'JSX.IntrinsicElements'.
features/admin/CommentsManager.tsx(109,49): error TS2339: Property 'span' does not exist on type 'JSX.IntrinsicElements'.
features/admin/CommentsManager.tsx(109,117): error TS2339: Property 'span' does not exist on type 'JSX.IntrinsicElements'.
features/admin/CommentsManager.tsx(110,41): error TS2339: Property 'p' does not exist on type 'JSX.IntrinsicElements'.
features/admin/CommentsManager.tsx(111,37): error TS2339: Property 'div' does not exist on type 'JSX.IntrinsicElements'.
features/admin/CommentsManager.tsx(113,37): error TS2339: Property 'div' does not exist on type 'JSX.IntrinsicElements'.
features/admin/CommentsManager.tsx(114,41): error TS2339: Property 'button' does not exist on type 'JSX.IntrinsicElements'.
features/admin/CommentsManager.tsx(119,41): error TS2339: Property 'button' does not exist on type 'JSX.IntrinsicElements'.
features/admin/CommentsManager.tsx(120,41): error TS2339: Property 'button' does not exist on type 'JSX.IntrinsicElements'.
features/admin/CommentsManager.tsx(125,41): error TS2339: Property 'button' does not exist on type 'JSX.IntrinsicElements'.
features/admin/CommentsManager.tsx(126,37): error TS2339: Property 'div' does not exist on type 'JSX.IntrinsicElements'.
features/admin/CommentsManager.tsx(127,33): error TS2339: Property 'div' does not exist on type 'JSX.IntrinsicElements'.
features/admin/CommentsManager.tsx(130,21): error TS2339: Property 'div' does not exist on type 'JSX.IntrinsicElements'.
features/admin/CommentsManager.tsx(133,9): error TS2339: Property 'div' does not exist on type 'JSX.IntrinsicElements'.
features/admin/MessageManager.tsx(80,9): error TS2339: Property 'div' does not exist on type 'JSX.IntrinsicElements'.
features/admin/MessageManager.tsx(82,13): error TS2339: Property 'div' does not exist on type 'JSX.IntrinsicElements'.
features/admin/MessageManager.tsx(83,17): error TS2339: Property 'div' does not exist on type 'JSX.IntrinsicElements'.
features/admin/MessageManager.tsx(84,21): error TS2339: Property 'div' does not exist on type 'JSX.IntrinsicElements'.
features/admin/MessageManager.tsx(85,25): error TS2339: Property 'h2' does not exist on type 'JSX.IntrinsicElements'.
features/admin/MessageManager.tsx(85,78): error TS2339: Property 'h2' does not exist on type 'JSX.IntrinsicElements'.
features/admin/MessageManager.tsx(86,25): error TS2339: Property 'p' does not exist on type 'JSX.IntrinsicElements'.
features/admin/MessageManager.tsx(86,86): error TS2339: Property 'p' does not exist on type 'JSX.IntrinsicElements'.
features/admin/MessageManager.tsx(87,21): error TS2339: Property 'div' does not exist on type 'JSX.IntrinsicElements'.
features/admin/MessageManager.tsx(88,17): error TS2339: Property 'div' does not exist on type 'JSX.IntrinsicElements'.
features/admin/MessageManager.tsx(90,17): error TS2339: Property 'div' does not exist on type 'JSX.IntrinsicElements'.
features/admin/MessageManager.tsx(91,21): error TS2339: Property 'div' does not exist on type 'JSX.IntrinsicElements'.
features/admin/MessageManager.tsx(93,25): error TS2339: Property 'input' does not exist on type 'JSX.IntrinsicElements'.
features/admin/MessageManager.tsx(100,21): error TS2339: Property 'div' does not exist on type 'JSX.IntrinsicElements'.
features/admin/MessageManager.tsx(101,21): error TS2339: Property 'select' does not exist on type 'JSX.IntrinsicElements'.
features/admin/MessageManager.tsx(106,25): error TS2339: Property 'option' does not exist on type 'JSX.IntrinsicElements'.
features/admin/MessageManager.tsx(106,48): error TS2339: Property 'option' does not exist on type 'JSX.IntrinsicElements'.
features/admin/MessageManager.tsx(107,25): error TS2339: Property 'option' does not exist on type 'JSX.IntrinsicElements'.
features/admin/MessageManager.tsx(107,48): error TS2339: Property 'option' does not exist on type 'JSX.IntrinsicElements'.
features/admin/MessageManager.tsx(108,25): error TS2339: Property 'option' does not exist on type 'JSX.IntrinsicElements'.
features/admin/MessageManager.tsx(108,50): error TS2339: Property 'option' does not exist on type 'JSX.IntrinsicElements'.
features/admin/MessageManager.tsx(109,25): error TS2339: Property 'option' does not exist on type 'JSX.IntrinsicElements'.
features/admin/MessageManager.tsx(109,56): error TS2339: Property 'option' does not exist on type 'JSX.IntrinsicElements'.
features/admin/MessageManager.tsx(110,25): error TS2339: Property 'option' does not exist on type 'JSX.IntrinsicElements'.
features/admin/MessageManager.tsx(110,58): error TS2339: Property 'option' does not exist on type 'JSX.IntrinsicElements'.
features/admin/MessageManager.tsx(111,21): error TS2339: Property 'select' does not exist on type 'JSX.IntrinsicElements'.
features/admin/MessageManager.tsx(112,17): error TS2339: Property 'div' does not exist on type 'JSX.IntrinsicElements'.
features/admin/MessageManager.tsx(114,17): error TS2339: Property 'div' does not exist on type 'JSX.IntrinsicElements'.
features/admin/MessageManager.tsx(116,25): error TS2339: Property 'div' does not exist on type 'JSX.IntrinsicElements'.
features/admin/MessageManager.tsx(116,93): error TS2339: Property 'div' does not exist on type 'JSX.IntrinsicElements'.
features/admin/MessageManager.tsx(118,25): error TS2339: Property 'div' does not exist on type 'JSX.IntrinsicElements'.
features/admin/MessageManager.tsx(118,91): error TS2339: Property 'div' does not exist on type 'JSX.IntrinsicElements'.
features/admin/MessageManager.tsx(133,33): error TS2339: Property 'div' does not exist on type 'JSX.IntrinsicElements'.
features/admin/MessageManager.tsx(134,37): error TS2339: Property 'h3' does not exist on type 'JSX.IntrinsicElements'.
features/admin/MessageManager.tsx(136,37): error TS2339: Property 'h3' does not exist on type 'JSX.IntrinsicElements'.
features/admin/MessageManager.tsx(137,37): error TS2339: Property 'span' does not exist on type 'JSX.IntrinsicElements'.
features/admin/MessageManager.tsx(139,37): error TS2339: Property 'span' does not exist on type 'JSX.IntrinsicElements'.
features/admin/MessageManager.tsx(140,33): error TS2339: Property 'div' does not exist on type 'JSX.IntrinsicElements'.
features/admin/MessageManager.tsx(141,33): error TS2339: Property 'p' does not exist on type 'JSX.IntrinsicElements'.
features/admin/MessageManager.tsx(141,104): error TS2339: Property 'p' does not exist on type 'JSX.IntrinsicElements'.
features/admin/MessageManager.tsx(142,33): error TS2339: Property 'p' does not exist on type 'JSX.IntrinsicElements'.
features/admin/MessageManager.tsx(142,96): error TS2339: Property 'p' does not exist on type 'JSX.IntrinsicElements'.
features/admin/MessageManager.tsx(143,33): error TS2339: Property 'div' does not exist on type 'JSX.IntrinsicElements'.
features/admin/MessageManager.tsx(145,33): error TS2339: Property 'div' does not exist on type 'JSX.IntrinsicElements'.
features/admin/MessageManager.tsx(149,17): error TS2339: Property 'div' does not exist on type 'JSX.IntrinsicElements'.
features/admin/MessageManager.tsx(150,13): error TS2339: Property 'div' does not exist on type 'JSX.IntrinsicElements'.
features/admin/MessageManager.tsx(165,29): error TS2339: Property 'div' does not exist on type 'JSX.IntrinsicElements'.
features/admin/MessageManager.tsx(166,33): error TS2339: Property 'div' does not exist on type 'JSX.IntrinsicElements'.
features/admin/MessageManager.tsx(167,37): error TS2339: Property 'button' does not exist on type 'JSX.IntrinsicElements'.
features/admin/MessageManager.tsx(172,37): error TS2339: Property 'button' does not exist on type 'JSX.IntrinsicElements'.
features/admin/MessageManager.tsx(173,37): error TS2339: Property 'h2' does not exist on type 'JSX.IntrinsicElements'.
features/admin/MessageManager.tsx(173,114): error TS2339: Property 'h2' does not exist on type 'JSX.IntrinsicElements'.
features/admin/MessageManager.tsx(174,37): error TS2339: Property 'div' does not exist on type 'JSX.IntrinsicElements'.
features/admin/MessageManager.tsx(176,41): error TS2339: Property 'span' does not exist on type 'JSX.IntrinsicElements'.
features/admin/MessageManager.tsx(176,58): error TS2339: Property 'span' does not exist on type 'JSX.IntrinsicElements'.
features/admin/MessageManager.tsx(179,49): error TS2339: Property 'span' does not exist on type 'JSX.IntrinsicElements'.
features/admin/MessageManager.tsx(179,56): error TS2339: Property 'span' does not exist on type 'JSX.IntrinsicElements'.
features/admin/MessageManager.tsx(180,49): error TS2339: Property 'span' does not exist on type 'JSX.IntrinsicElements'.
features/admin/MessageManager.tsx(180,68): error TS2339: Property 'span' does not exist on type 'JSX.IntrinsicElements'.
features/admin/MessageManager.tsx(183,37): error TS2339: Property 'div' does not exist on type 'JSX.IntrinsicElements'.
features/admin/MessageManager.tsx(184,33): error TS2339: Property 'div' does not exist on type 'JSX.IntrinsicElements'.
features/admin/MessageManager.tsx(185,33): error TS2339: Property 'div' does not exist on type 'JSX.IntrinsicElements'.
features/admin/MessageManager.tsx(186,37): error TS2339: Property 'a' does not exist on type 'JSX.IntrinsicElements'.
features/admin/MessageManager.tsx(192,37): error TS2339: Property 'a' does not exist on type 'JSX.IntrinsicElements'.
features/admin/MessageManager.tsx(193,37): error TS2339: Property 'button' does not exist on type 'JSX.IntrinsicElements'.
features/admin/MessageManager.tsx(199,37): error TS2339: Property 'button' does not exist on type 'JSX.IntrinsicElements'.
features/admin/MessageManager.tsx(200,33): error TS2339: Property 'div' does not exist on type 'JSX.IntrinsicElements'.
features/admin/MessageManager.tsx(201,29): error TS2339: Property 'div' does not exist on type 'JSX.IntrinsicElements'.
features/admin/MessageManager.tsx(203,29): error TS2339: Property 'div' does not exist on type 'JSX.IntrinsicElements'.
features/admin/MessageManager.tsx(205,29): error TS2339: Property 'div' does not exist on type 'JSX.IntrinsicElements'.
features/admin/MessageManager.tsx(207,29): error TS2339: Property 'div' does not exist on type 'JSX.IntrinsicElements'.
features/admin/MessageManager.tsx(208,33): error TS2339: Property 'h4' does not exist on type 'JSX.IntrinsicElements'.
features/admin/MessageManager.tsx(208,109): error TS2339: Property 'h4' does not exist on type 'JSX.IntrinsicElements'.
features/admin/MessageManager.tsx(209,33): error TS2339: Property 'div' does not exist on type 'JSX.IntrinsicElements'.
features/admin/MessageManager.tsx(211,41): error TS2339: Property 'button' does not exist on type 'JSX.IntrinsicElements'.
features/admin/MessageManager.tsx(220,41): error TS2339: Property 'button' does not exist on type 'JSX.IntrinsicElements'.
features/admin/MessageManager.tsx(222,33): error TS2339: Property 'div' does not exist on type 'JSX.IntrinsicElements'.
features/admin/MessageManager.tsx(223,29): error TS2339: Property 'div' does not exist on type 'JSX.IntrinsicElements'.
features/admin/MessageManager.tsx(226,33): error TS2339: Property 'div' does not exist on type 'JSX.IntrinsicElements'.
features/admin/MessageManager.tsx(227,37): error TS2339: Property 'h4' does not exist on type 'JSX.IntrinsicElements'.
features/admin/MessageManager.tsx(227,108): error TS2339: Property 'h4' does not exist on type 'JSX.IntrinsicElements'.
features/admin/MessageManager.tsx(228,37): error TS2339: Property 'span' does not exist on type 'JSX.IntrinsicElements'.
features/admin/MessageManager.tsx(230,37): error TS2339: Property 'span' does not exist on type 'JSX.IntrinsicElements'.
features/admin/MessageManager.tsx(231,33): error TS2339: Property 'div' does not exist on type 'JSX.IntrinsicElements'.
features/admin/MessageManager.tsx(237,21): error TS2339: Property 'div' does not exist on type 'JSX.IntrinsicElements'.
features/admin/MessageManager.tsx(238,25): error TS2339: Property 'div' does not exist on type 'JSX.IntrinsicElements'.
features/admin/MessageManager.tsx(240,29): error TS2339: Property 'p' does not exist on type 'JSX.IntrinsicElements'.
features/admin/MessageManager.tsx(240,64): error TS2339: Property 'p' does not exist on type 'JSX.IntrinsicElements'.
features/admin/MessageManager.tsx(241,25): error TS2339: Property 'div' does not exist on type 'JSX.IntrinsicElements'.
features/admin/MessageManager.tsx(242,21): error TS2339: Property 'div' does not exist on type 'JSX.IntrinsicElements'.
features/admin/MessageManager.tsx(245,9): error TS2339: Property 'div' does not exist on type 'JSX.IntrinsicElements'.
features/admin/Overview.tsx(57,9): error TS2339: Property 'div' does not exist on type 'JSX.IntrinsicElements'.
features/admin/Overview.tsx(58,13): error TS2339: Property 'div' does not exist on type 'JSX.IntrinsicElements'.
features/admin/Overview.tsx(60,13): error TS2339: Property 'div' does not exist on type 'JSX.IntrinsicElements'.
features/admin/Overview.tsx(61,13): error TS2339: Property 'div' does not exist on type 'JSX.IntrinsicElements'.
features/admin/Overview.tsx(62,17): error TS2339: Property 'div' does not exist on type 'JSX.IntrinsicElements'.
features/admin/Overview.tsx(64,21): error TS2339: Property 'span' does not exist on type 'JSX.IntrinsicElements'.
features/admin/Overview.tsx(64,89): error TS2339: Property 'span' does not exist on type 'JSX.IntrinsicElements'.
features/admin/Overview.tsx(65,17): error TS2339: Property 'div' does not exist on type 'JSX.IntrinsicElements'.
features/admin/Overview.tsx(66,17): error TS2339: Property 'div' does not exist on type 'JSX.IntrinsicElements'.
features/admin/Overview.tsx(66,73): error TS2339: Property 'div' does not exist on type 'JSX.IntrinsicElements'.
features/admin/Overview.tsx(67,13): error TS2339: Property 'div' does not exist on type 'JSX.IntrinsicElements'.
features/admin/Overview.tsx(68,9): error TS2339: Property 'div' does not exist on type 'JSX.IntrinsicElements'.
features/admin/Overview.tsx(72,9): error TS2339: Property 'div' does not exist on type 'JSX.IntrinsicElements'.
features/admin/Overview.tsx(74,13): error TS2339: Property 'div' does not exist on type 'JSX.IntrinsicElements'.
features/admin/Overview.tsx(75,17): error TS2339: Property 'h2' does not exist on type 'JSX.IntrinsicElements'.
features/admin/Overview.tsx(75,83): error TS2339: Property 'h2' does not exist on type 'JSX.IntrinsicElements'.
features/admin/Overview.tsx(76,17): error TS2339: Property 'div' does not exist on type 'JSX.IntrinsicElements'.
features/admin/Overview.tsx(77,21): error TS2339: Property 'div' does not exist on type 'JSX.IntrinsicElements'.
features/admin/Overview.tsx(79,25): error TS2339: Property 'span' does not exist on type 'JSX.IntrinsicElements'.
features/admin/Overview.tsx(79,42): error TS2339: Property 'span' does not exist on type 'JSX.IntrinsicElements'.
features/admin/Overview.tsx(80,21): error TS2339: Property 'div' does not exist on type 'JSX.IntrinsicElements'.
features/admin/Overview.tsx(81,21): error TS2339: Property 'div' does not exist on type 'JSX.IntrinsicElements'.
features/admin/Overview.tsx(83,21): error TS2339: Property 'div' does not exist on type 'JSX.IntrinsicElements'.
features/admin/Overview.tsx(84,17): error TS2339: Property 'div' does not exist on type 'JSX.IntrinsicElements'.
features/admin/Overview.tsx(85,13): error TS2339: Property 'div' does not exist on type 'JSX.IntrinsicElements'.
features/admin/Overview.tsx(88,13): error TS2339: Property 'div' does not exist on type 'JSX.IntrinsicElements'.
features/admin/Overview.tsx(93,13): error TS2339: Property 'div' does not exist on type 'JSX.IntrinsicElements'.
features/admin/Overview.tsx(96,13): error TS2339: Property 'div' does not exist on type 'JSX.IntrinsicElements'.
features/admin/Overview.tsx(97,17): error TS2339: Property 'div' does not exist on type 'JSX.IntrinsicElements'.
features/admin/Overview.tsx(98,21): error TS2339: Property 'h3' does not exist on type 'JSX.IntrinsicElements'.
features/admin/Overview.tsx(100,25): error TS2339: Property 'span' does not exist on type 'JSX.IntrinsicElements'.
features/admin/Overview.tsx(100,49): error TS2339: Property 'span' does not exist on type 'JSX.IntrinsicElements'.
features/admin/Overview.tsx(101,21): error TS2339: Property 'h3' does not exist on type 'JSX.IntrinsicElements'.
features/admin/Overview.tsx(102,21): error TS2339: Property 'div' does not exist on type 'JSX.IntrinsicElements'.
features/admin/Overview.tsx(103,25): error TS2339: Property 'div' does not exist on type 'JSX.IntrinsicElements'.
features/admin/Overview.tsx(104,29): error TS2339: Property 'span' does not exist on type 'JSX.IntrinsicElements'.
features/admin/Overview.tsx(104,86): error TS2339: Property 'span' does not exist on type 'JSX.IntrinsicElements'.
features/admin/Overview.tsx(105,29): error TS2339: Property 'span' does not exist on type 'JSX.IntrinsicElements'.
features/admin/Overview.tsx(105,99): error TS2339: Property 'span' does not exist on type 'JSX.IntrinsicElements'.
features/admin/Overview.tsx(106,25): error TS2339: Property 'div' does not exist on type 'JSX.IntrinsicElements'.
features/admin/Overview.tsx(107,25): error TS2339: Property 'div' does not exist on type 'JSX.IntrinsicElements'.
features/admin/Overview.tsx(108,29): error TS2339: Property 'span' does not exist on type 'JSX.IntrinsicElements'.
features/admin/Overview.tsx(108,85): error TS2339: Property 'span' does not exist on type 'JSX.IntrinsicElements'.
features/admin/Overview.tsx(109,29): error TS2339: Property 'span' does not exist on type 'JSX.IntrinsicElements'.
features/admin/Overview.tsx(109,96): error TS2339: Property 'span' does not exist on type 'JSX.IntrinsicElements'.
features/admin/Overview.tsx(110,25): error TS2339: Property 'div' does not exist on type 'JSX.IntrinsicElements'.
features/admin/Overview.tsx(111,25): error TS2339: Property 'div' does not exist on type 'JSX.IntrinsicElements'.
features/admin/Overview.tsx(112,29): error TS2339: Property 'span' does not exist on type 'JSX.IntrinsicElements'.
features/admin/Overview.tsx(112,75): error TS2339: Property 'span' does not exist on type 'JSX.IntrinsicElements'.
features/admin/Overview.tsx(113,29): error TS2339: Property 'span' does not exist on type 'JSX.IntrinsicElements'.
features/admin/Overview.tsx(113,102): error TS2339: Property 'span' does not exist on type 'JSX.IntrinsicElements'.
features/admin/Overview.tsx(114,25): error TS2339: Property 'div' does not exist on type 'JSX.IntrinsicElements'.
features/admin/Overview.tsx(115,21): error TS2339: Property 'div' does not exist on type 'JSX.IntrinsicElements'.
features/admin/Overview.tsx(116,17): error TS2339: Property 'div' does not exist on type 'JSX.IntrinsicElements'.
features/admin/Overview.tsx(118,17): error TS2339: Property 'div' does not exist on type 'JSX.IntrinsicElements'.
features/admin/Overview.tsx(119,21): error TS2339: Property 'h3' does not exist on type 'JSX.IntrinsicElements'.
features/admin/Overview.tsx(121,25): error TS2339: Property 'span' does not exist on type 'JSX.IntrinsicElements'.
features/admin/Overview.tsx(121,50): error TS2339: Property 'span' does not exist on type 'JSX.IntrinsicElements'.
features/admin/Overview.tsx(122,21): error TS2339: Property 'h3' does not exist on type 'JSX.IntrinsicElements'.
features/admin/Overview.tsx(123,21): error TS2339: Property 'div' does not exist on type 'JSX.IntrinsicElements'.
features/admin/Overview.tsx(124,25): error TS2339: Property 'div' does not exist on type 'JSX.IntrinsicElements'.
features/admin/Overview.tsx(125,29): error TS2339: Property 'span' does not exist on type 'JSX.IntrinsicElements'.
features/admin/Overview.tsx(125,80): error TS2339: Property 'span' does not exist on type 'JSX.IntrinsicElements'.
features/admin/Overview.tsx(126,29): error TS2339: Property 'span' does not exist on type 'JSX.IntrinsicElements'.
features/admin/Overview.tsx(126,96): error TS2339: Property 'span' does not exist on type 'JSX.IntrinsicElements'.
features/admin/Overview.tsx(127,25): error TS2339: Property 'div' does not exist on type 'JSX.IntrinsicElements'.
features/admin/Overview.tsx(128,25): error TS2339: Property 'div' does not exist on type 'JSX.IntrinsicElements'.
features/admin/Overview.tsx(129,29): error TS2339: Property 'span' does not exist on type 'JSX.IntrinsicElements'.
features/admin/Overview.tsx(129,83): error TS2339: Property 'span' does not exist on type 'JSX.IntrinsicElements'.
features/admin/Overview.tsx(130,29): error TS2339: Property 'span' does not exist on type 'JSX.IntrinsicElements'.
features/admin/Overview.tsx(130,99): error TS2339: Property 'span' does not exist on type 'JSX.IntrinsicElements'.
features/admin/Overview.tsx(131,25): error TS2339: Property 'div' does not exist on type 'JSX.IntrinsicElements'.
features/admin/Overview.tsx(132,25): error TS2339: Property 'div' does not exist on type 'JSX.IntrinsicElements'.
features/admin/Overview.tsx(133,29): error TS2339: Property 'span' does not exist on type 'JSX.IntrinsicElements'.
features/admin/Overview.tsx(133,82): error TS2339: Property 'span' does not exist on type 'JSX.IntrinsicElements'.
features/admin/Overview.tsx(134,29): error TS2339: Property 'span' does not exist on type 'JSX.IntrinsicElements'.
features/admin/Overview.tsx(134,102): error TS2339: Property 'span' does not exist on type 'JSX.IntrinsicElements'.
features/admin/Overview.tsx(135,25): error TS2339: Property 'div' does not exist on type 'JSX.IntrinsicElements'.
features/admin/Overview.tsx(136,21): error TS2339: Property 'div' does not exist on type 'JSX.IntrinsicElements'.
features/admin/Overview.tsx(137,17): error TS2339: Property 'div' does not exist on type 'JSX.IntrinsicElements'.
features/admin/Overview.tsx(138,13): error TS2339: Property 'div' does not exist on type 'JSX.IntrinsicElements'.
features/admin/Overview.tsx(139,9): error TS2339: Property 'div' does not exist on type 'JSX.IntrinsicElements'.
features/admin/ProjectManager.tsx(97,9): error TS2339: Property 'div' does not exist on type 'JSX.IntrinsicElements'.
features/admin/ProjectManager.tsx(98,13): error TS2339: Property 'div' does not exist on type 'JSX.IntrinsicElements'.
features/admin/ProjectManager.tsx(99,17): error TS2339: Property 'h2' does not exist on type 'JSX.IntrinsicElements'.
features/admin/ProjectManager.tsx(99,77): error TS2339: Property 'h2' does not exist on type 'JSX.IntrinsicElements'.
features/admin/ProjectManager.tsx(100,17): error TS2339: Property 'button' does not exist on type 'JSX.IntrinsicElements'.
features/admin/ProjectManager.tsx(102,17): error TS2339: Property 'button' does not exist on type 'JSX.IntrinsicElements'.
features/admin/ProjectManager.tsx(103,13): error TS2339: Property 'div' does not exist on type 'JSX.IntrinsicElements'.
features/admin/ProjectManager.tsx(113,25): error TS2339: Property 'div' does not exist on type 'JSX.IntrinsicElements'.
features/admin/ProjectManager.tsx(114,29): error TS2339: Property 'h3' does not exist on type 'JSX.IntrinsicElements'.
features/admin/ProjectManager.tsx(114,109): error TS2339: Property 'h3' does not exist on type 'JSX.IntrinsicElements'.
features/admin/ProjectManager.tsx(115,29): error TS2339: Property 'button' does not exist on type 'JSX.IntrinsicElements'.
features/admin/ProjectManager.tsx(115,133): error TS2339: Property 'button' does not exist on type 'JSX.IntrinsicElements'.
features/admin/ProjectManager.tsx(116,25): error TS2339: Property 'div' does not exist on type 'JSX.IntrinsicElements'.
features/admin/ProjectManager.tsx(118,25): error TS2339: Property 'div' does not exist on type 'JSX.IntrinsicElements'.
features/admin/ProjectManager.tsx(119,29): error TS2339: Property 'div' does not exist on type 'JSX.IntrinsicElements'.
features/admin/ProjectManager.tsx(120,33): error TS2339: Property 'label' does not exist on type 'JSX.IntrinsicElements'.
features/admin/ProjectManager.tsx(120,110): error TS2339: Property 'label' does not exist on type 'JSX.IntrinsicElements'.
features/admin/ProjectManager.tsx(121,33): error TS2339: Property 'input' does not exist on type 'JSX.IntrinsicElements'.
features/admin/ProjectManager.tsx(127,29): error TS2339: Property 'div' does not exist on type 'JSX.IntrinsicElements'.
features/admin/ProjectManager.tsx(128,29): error TS2339: Property 'div' does not exist on type 'JSX.IntrinsicElements'.
features/admin/ProjectManager.tsx(129,33): error TS2339: Property 'label' does not exist on type 'JSX.IntrinsicElements'.
features/admin/ProjectManager.tsx(129,111): error TS2339: Property 'label' does not exist on type 'JSX.IntrinsicElements'.
features/admin/ProjectManager.tsx(130,33): error TS2339: Property 'input' does not exist on type 'JSX.IntrinsicElements'.
features/admin/ProjectManager.tsx(136,29): error TS2339: Property 'div' does not exist on type 'JSX.IntrinsicElements'.
features/admin/ProjectManager.tsx(137,25): error TS2339: Property 'div' does not exist on type 'JSX.IntrinsicElements'.
features/admin/ProjectManager.tsx(139,25): error TS2339: Property 'div' does not exist on type 'JSX.IntrinsicElements'.
features/admin/ProjectManager.tsx(140,29): error TS2339: Property 'label' does not exist on type 'JSX.IntrinsicElements'.
features/admin/ProjectManager.tsx(140,112): error TS2339: Property 'label' does not exist on type 'JSX.IntrinsicElements'.
features/admin/ProjectManager.tsx(141,29): error TS2339: Property 'textarea' does not exist on type 'JSX.IntrinsicElements'.
features/admin/ProjectManager.tsx(146,25): error TS2339: Property 'div' does not exist on type 'JSX.IntrinsicElements'.
features/admin/ProjectManager.tsx(148,25): error TS2339: Property 'div' does not exist on type 'JSX.IntrinsicElements'.
features/admin/ProjectManager.tsx(149,29): error TS2339: Property 'div' does not exist on type 'JSX.IntrinsicElements'.
features/admin/ProjectManager.tsx(150,33): error TS2339: Property 'label' does not exist on type 'JSX.IntrinsicElements'.
features/admin/ProjectManager.tsx(150,114): error TS2339: Property 'label' does not exist on type 'JSX.IntrinsicElements'.
features/admin/ProjectManager.tsx(151,33): error TS2339: Property 'input' does not exist on type 'JSX.IntrinsicElements'.
features/admin/ProjectManager.tsx(158,29): error TS2339: Property 'div' does not exist on type 'JSX.IntrinsicElements'.
features/admin/ProjectManager.tsx(159,29): error TS2339: Property 'div' does not exist on type 'JSX.IntrinsicElements'.
features/admin/ProjectManager.tsx(160,33): error TS2339: Property 'label' does not exist on type 'JSX.IntrinsicElements'.
features/admin/ProjectManager.tsx(160,116): error TS2339: Property 'label' does not exist on type 'JSX.IntrinsicElements'.
features/admin/ProjectManager.tsx(161,33): error TS2339: Property 'input' does not exist on type 'JSX.IntrinsicElements'.
features/admin/ProjectManager.tsx(168,29): error TS2339: Property 'div' does not exist on type 'JSX.IntrinsicElements'.
features/admin/ProjectManager.tsx(169,25): error TS2339: Property 'div' does not exist on type 'JSX.IntrinsicElements'.
features/admin/ProjectManager.tsx(172,25): error TS2339: Property 'div' does not exist on type 'JSX.IntrinsicElements'.
features/admin/ProjectManager.tsx(173,29): error TS2339: Property 'label' does not exist on type 'JSX.IntrinsicElements'.
features/admin/ProjectManager.tsx(173,119): error TS2339: Property 'label' does not exist on type 'JSX.IntrinsicElements'.
features/admin/ProjectManager.tsx(174,29): error TS2339: Property 'div' does not exist on type 'JSX.IntrinsicElements'.
features/admin/ProjectManager.tsx(176,37): error TS2339: Property 'button' does not exist on type 'JSX.IntrinsicElements'.
features/admin/ProjectManager.tsx(185,37): error TS2339: Property 'button' does not exist on type 'JSX.IntrinsicElements'.
features/admin/ProjectManager.tsx(187,29): error TS2339: Property 'div' does not exist on type 'JSX.IntrinsicElements'.
features/admin/ProjectManager.tsx(188,25): error TS2339: Property 'div' does not exist on type 'JSX.IntrinsicElements'.
features/admin/ProjectManager.tsx(190,25): error TS2339: Property 'div' does not exist on type 'JSX.IntrinsicElements'.
features/admin/ProjectManager.tsx(191,29): error TS2339: Property 'button' does not exist on type 'JSX.IntrinsicElements'.
features/admin/ProjectManager.tsx(191,132): error TS2339: Property 'button' does not exist on type 'JSX.IntrinsicElements'.
features/admin/ProjectManager.tsx(192,29): error TS2339: Property 'button' does not exist on type 'JSX.IntrinsicElements'.
features/admin/ProjectManager.tsx(194,29): error TS2339: Property 'button' does not exist on type 'JSX.IntrinsicElements'.
features/admin/ProjectManager.tsx(195,25): error TS2339: Property 'div' does not exist on type 'JSX.IntrinsicElements'.
features/admin/ProjectManager.tsx(198,21): error TS2339: Property 'div' does not exist on type 'JSX.IntrinsicElements'.
features/admin/ProjectManager.tsx(205,33): error TS2339: Property 'div' does not exist on type 'JSX.IntrinsicElements'.
features/admin/ProjectManager.tsx(207,41): error TS2339: Property 'img' does not exist on type 'JSX.IntrinsicElements'.
features/admin/ProjectManager.tsx(209,41): error TS2339: Property 'div' does not exist on type 'JSX.IntrinsicElements'.
features/admin/ProjectManager.tsx(211,41): error TS2339: Property 'div' does not exist on type 'JSX.IntrinsicElements'.
features/admin/ProjectManager.tsx(213,37): error TS2339: Property 'div' does not exist on type 'JSX.IntrinsicElements'.
features/admin/ProjectManager.tsx(214,41): error TS2339: Property 'button' does not exist on type 'JSX.IntrinsicElements'.
features/admin/ProjectManager.tsx(216,41): error TS2339: Property 'button' does not exist on type 'JSX.IntrinsicElements'.
features/admin/ProjectManager.tsx(217,41): error TS2339: Property 'button' does not exist on type 'JSX.IntrinsicElements'.
features/admin/ProjectManager.tsx(219,41): error TS2339: Property 'button' does not exist on type 'JSX.IntrinsicElements'.
features/admin/ProjectManager.tsx(220,37): error TS2339: Property 'div' does not exist on type 'JSX.IntrinsicElements'.
features/admin/ProjectManager.tsx(221,33): error TS2339: Property 'div' does not exist on type 'JSX.IntrinsicElements'.
features/admin/ProjectManager.tsx(222,33): error TS2339: Property 'div' does not exist on type 'JSX.IntrinsicElements'.
features/admin/ProjectManager.tsx(223,37): error TS2339: Property 'h3' does not exist on type 'JSX.IntrinsicElements'.
features/admin/ProjectManager.tsx(223,98): error TS2339: Property 'h3' does not exist on type 'JSX.IntrinsicElements'.
features/admin/ProjectManager.tsx(224,37): error TS2339: Property 'p' does not exist on type 'JSX.IntrinsicElements'.
features/admin/ProjectManager.tsx(224,95): error TS2339: Property 'p' does not exist on type 'JSX.IntrinsicElements'.
features/admin/ProjectManager.tsx(228,41): error TS2339: Property 'div' does not exist on type 'JSX.IntrinsicElements'.
features/admin/ProjectManager.tsx(232,53): error TS2339: Property 'span' does not exist on type 'JSX.IntrinsicElements'.
features/admin/ProjectManager.tsx(234,53): error TS2339: Property 'span' does not exist on type 'JSX.IntrinsicElements'.
features/admin/ProjectManager.tsx(237,41): error TS2339: Property 'div' does not exist on type 'JSX.IntrinsicElements'.
features/admin/ProjectManager.tsx(239,33): error TS2339: Property 'div' does not exist on type 'JSX.IntrinsicElements'.
features/admin/ProjectManager.tsx(242,21): error TS2339: Property 'div' does not exist on type 'JSX.IntrinsicElements'.
features/admin/ProjectManager.tsx(245,9): error TS2339: Property 'div' does not exist on type 'JSX.IntrinsicElements'.
features/admin/ServiceManager.tsx(106,9): error TS2339: Property 'div' does not exist on type 'JSX.IntrinsicElements'.
features/admin/ServiceManager.tsx(107,13): error TS2339: Property 'div' does not exist on type 'JSX.IntrinsicElements'.
features/admin/ServiceManager.tsx(108,17): error TS2339: Property 'h2' does not exist on type 'JSX.IntrinsicElements'.
features/admin/ServiceManager.tsx(108,82): error TS2339: Property 'h2' does not exist on type 'JSX.IntrinsicElements'.
features/admin/ServiceManager.tsx(109,17): error TS2339: Property 'button' does not exist on type 'JSX.IntrinsicElements'.
features/admin/ServiceManager.tsx(109,137): error TS2339: Property 'button' does not exist on type 'JSX.IntrinsicElements'.
features/admin/ServiceManager.tsx(110,13): error TS2339: Property 'div' does not exist on type 'JSX.IntrinsicElements'.
features/admin/ServiceManager.tsx(112,13): error TS2339: Property 'div' does not exist on type 'JSX.IntrinsicElements'.
features/admin/ServiceManager.tsx(121,29): error TS2339: Property 'div' does not exist on type 'JSX.IntrinsicElements'.
features/admin/ServiceManager.tsx(122,33): error TS2339: Property 'div' does not exist on type 'JSX.IntrinsicElements'.
features/admin/ServiceManager.tsx(123,37): error TS2339: Property 'div' does not exist on type 'JSX.IntrinsicElements'.
features/admin/ServiceManager.tsx(124,41): error TS2339: Property 'label' does not exist on type 'JSX.IntrinsicElements'.
features/admin/ServiceManager.tsx(124,118): error TS2339: Property 'label' does not exist on type 'JSX.IntrinsicElements'.
features/admin/ServiceManager.tsx(125,41): error TS2339: Property 'input' does not exist on type 'JSX.IntrinsicElements'.
features/admin/ServiceManager.tsx(131,37): error TS2339: Property 'div' does not exist on type 'JSX.IntrinsicElements'.
features/admin/ServiceManager.tsx(132,37): error TS2339: Property 'div' does not exist on type 'JSX.IntrinsicElements'.
features/admin/ServiceManager.tsx(133,41): error TS2339: Property 'label' does not exist on type 'JSX.IntrinsicElements'.
features/admin/ServiceManager.tsx(133,120): error TS2339: Property 'label' does not exist on type 'JSX.IntrinsicElements'.
features/admin/ServiceManager.tsx(134,41): error TS2339: Property 'input' does not exist on type 'JSX.IntrinsicElements'.
features/admin/ServiceManager.tsx(140,37): error TS2339: Property 'div' does not exist on type 'JSX.IntrinsicElements'.
features/admin/ServiceManager.tsx(141,33): error TS2339: Property 'div' does not exist on type 'JSX.IntrinsicElements'.
features/admin/ServiceManager.tsx(143,33): error TS2339: Property 'div' does not exist on type 'JSX.IntrinsicElements'.
features/admin/ServiceManager.tsx(144,37): error TS2339: Property 'label' does not exist on type 'JSX.IntrinsicElements'.
features/admin/ServiceManager.tsx(144,113): error TS2339: Property 'label' does not exist on type 'JSX.IntrinsicElements'.
features/admin/ServiceManager.tsx(145,37): error TS2339: Property 'textarea' does not exist on type 'JSX.IntrinsicElements'.
features/admin/ServiceManager.tsx(150,33): error TS2339: Property 'div' does not exist on type 'JSX.IntrinsicElements'.
features/admin/ServiceManager.tsx(153,33): error TS2339: Property 'div' does not exist on type 'JSX.IntrinsicElements'.
features/admin/ServiceManager.tsx(154,37): error TS2339: Property 'div' does not exist on type 'JSX.IntrinsicElements'.
features/admin/ServiceManager.tsx(155,41): error TS2339: Property 'label' does not exist on type 'JSX.IntrinsicElements'.
features/admin/ServiceManager.tsx(155,132): error TS2339: Property 'label' does not exist on type 'JSX.IntrinsicElements'.
features/admin/ServiceManager.tsx(156,41): error TS2339: Property 'button' does not exist on type 'JSX.IntrinsicElements'.
features/admin/ServiceManager.tsx(156,177): error TS2339: Property 'button' does not exist on type 'JSX.IntrinsicElements'.
features/admin/ServiceManager.tsx(157,37): error TS2339: Property 'div' does not exist on type 'JSX.IntrinsicElements'.
features/admin/ServiceManager.tsx(159,37): error TS2339: Property 'div' does not exist on type 'JSX.IntrinsicElements'.
features/admin/ServiceManager.tsx(161,45): error TS2339: Property 'div' does not exist on type 'JSX.IntrinsicElements'.
features/admin/ServiceManager.tsx(162,49): error TS2339: Property 'input' does not exist on type 'JSX.IntrinsicElements'.
features/admin/ServiceManager.tsx(169,49): error TS2339: Property 'input' does not exist on type 'JSX.IntrinsicElements'.
features/admin/ServiceManager.tsx(176,49): error TS2339: Property 'button' does not exist on type 'JSX.IntrinsicElements'.
features/admin/ServiceManager.tsx(176,173): error TS2339: Property 'button' does not exist on type 'JSX.IntrinsicElements'.
features/admin/ServiceManager.tsx(177,45): error TS2339: Property 'div' does not exist on type 'JSX.IntrinsicElements'.
features/admin/ServiceManager.tsx(179,70): error TS2339: Property 'div' does not exist on type 'JSX.IntrinsicElements'.
features/admin/ServiceManager.tsx(179,145): error TS2339: Property 'div' does not exist on type 'JSX.IntrinsicElements'.
features/admin/ServiceManager.tsx(180,37): error TS2339: Property 'div' does not exist on type 'JSX.IntrinsicElements'.
features/admin/ServiceManager.tsx(181,33): error TS2339: Property 'div' does not exist on type 'JSX.IntrinsicElements'.
features/admin/ServiceManager.tsx(183,33): error TS2339: Property 'div' does not exist on type 'JSX.IntrinsicElements'.
features/admin/ServiceManager.tsx(184,37): error TS2339: Property 'button' does not exist on type 'JSX.IntrinsicElements'.
features/admin/ServiceManager.tsx(184,165): error TS2339: Property 'button' does not exist on type 'JSX.IntrinsicElements'.
features/admin/ServiceManager.tsx(185,37): error TS2339: Property 'button' does not exist on type 'JSX.IntrinsicElements'.
features/admin/ServiceManager.tsx(185,191): error TS2339: Property 'button' does not exist on type 'JSX.IntrinsicElements'.
features/admin/ServiceManager.tsx(186,33): error TS2339: Property 'div' does not exist on type 'JSX.IntrinsicElements'.
features/admin/ServiceManager.tsx(187,29): error TS2339: Property 'div' does not exist on type 'JSX.IntrinsicElements'.
features/admin/ServiceManager.tsx(190,29): error TS2339: Property 'div' does not exist on type 'JSX.IntrinsicElements'.
features/admin/ServiceManager.tsx(191,33): error TS2339: Property 'div' does not exist on type 'JSX.IntrinsicElements'.
features/admin/ServiceManager.tsx(192,37): error TS2339: Property 'div' does not exist on type 'JSX.IntrinsicElements'.
features/admin/ServiceManager.tsx(193,37): error TS2339: Property 'div' does not exist on type 'JSX.IntrinsicElements'.
features/admin/ServiceManager.tsx(194,41): error TS2339: Property 'h3' does not exist on type 'JSX.IntrinsicElements'.
features/admin/ServiceManager.tsx(194,92): error TS2339: Property 'h3' does not exist on type 'JSX.IntrinsicElements'.
features/admin/ServiceManager.tsx(195,41): error TS2339: Property 'div' does not exist on type 'JSX.IntrinsicElements'.
features/admin/ServiceManager.tsx(196,45): error TS2339: Property 'span' does not exist on type 'JSX.IntrinsicElements'.
features/admin/ServiceManager.tsx(196,72): error TS2339: Property 'span' does not exist on type 'JSX.IntrinsicElements'.
features/admin/ServiceManager.tsx(197,45): error TS2339: Property 'span' does not exist on type 'JSX.IntrinsicElements'.
features/admin/ServiceManager.tsx(197,52): error TS2339: Property 'span' does not exist on type 'JSX.IntrinsicElements'.
features/admin/ServiceManager.tsx(198,45): error TS2339: Property 'span' does not exist on type 'JSX.IntrinsicElements'.
features/admin/ServiceManager.tsx(198,69): error TS2339: Property 'span' does not exist on type 'JSX.IntrinsicElements'.
features/admin/ServiceManager.tsx(201,53): error TS2339: Property 'span' does not exist on type 'JSX.IntrinsicElements'.
features/admin/ServiceManager.tsx(201,60): error TS2339: Property 'span' does not exist on type 'JSX.IntrinsicElements'.
features/admin/ServiceManager.tsx(202,53): error TS2339: Property 'span' does not exist on type 'JSX.IntrinsicElements'.
features/admin/ServiceManager.tsx(202,115): error TS2339: Property 'span' does not exist on type 'JSX.IntrinsicElements'.
features/admin/ServiceManager.tsx(205,41): error TS2339: Property 'div' does not exist on type 'JSX.IntrinsicElements'.
features/admin/ServiceManager.tsx(206,37): error TS2339: Property 'div' does not exist on type 'JSX.IntrinsicElements'.
features/admin/ServiceManager.tsx(207,33): error TS2339: Property 'div' does not exist on type 'JSX.IntrinsicElements'.
features/admin/ServiceManager.tsx(209,33): error TS2339: Property 'div' does not exist on type 'JSX.IntrinsicElements'.
features/admin/ServiceManager.tsx(210,37): error TS2339: Property 'button' does not exist on type 'JSX.IntrinsicElements'.
features/admin/ServiceManager.tsx(212,37): error TS2339: Property 'button' does not exist on type 'JSX.IntrinsicElements'.
features/admin/ServiceManager.tsx(213,37): error TS2339: Property 'button' does not exist on type 'JSX.IntrinsicElements'.
features/admin/ServiceManager.tsx(215,37): error TS2339: Property 'button' does not exist on type 'JSX.IntrinsicElements'.
features/admin/ServiceManager.tsx(216,33): error TS2339: Property 'div' does not exist on type 'JSX.IntrinsicElements'.
features/admin/ServiceManager.tsx(217,29): error TS2339: Property 'div' does not exist on type 'JSX.IntrinsicElements'.
features/admin/ServiceManager.tsx(221,13): error TS2339: Property 'div' does not exist on type 'JSX.IntrinsicElements'.
features/admin/ServiceManager.tsx(222,9): error TS2339: Property 'div' does not exist on type 'JSX.IntrinsicElements'.
features/admin/SettingsManager.tsx(84,9): error TS2339: Property 'div' does not exist on type 'JSX.IntrinsicElements'.
features/admin/SettingsManager.tsx(86,13): error TS2339: Property 'div' does not exist on type 'JSX.IntrinsicElements'.
features/admin/SettingsManager.tsx(87,17): error TS2339: Property 'button' does not exist on type 'JSX.IntrinsicElements'.
features/admin/SettingsManager.tsx(95,21): error TS2339: Property 'span' does not exist on type 'JSX.IntrinsicElements'.
features/admin/SettingsManager.tsx(95,59): error TS2339: Property 'span' does not exist on type 'JSX.IntrinsicElements'.
features/admin/SettingsManager.tsx(96,17): error TS2339: Property 'button' does not exist on type 'JSX.IntrinsicElements'.
features/admin/SettingsManager.tsx(97,17): error TS2339: Property 'button' does not exist on type 'JSX.IntrinsicElements'.
features/admin/SettingsManager.tsx(105,21): error TS2339: Property 'span' does not exist on type 'JSX.IntrinsicElements'.
features/admin/SettingsManager.tsx(105,61): error TS2339: Property 'span' does not exist on type 'JSX.IntrinsicElements'.
features/admin/SettingsManager.tsx(106,17): error TS2339: Property 'button' does not exist on type 'JSX.IntrinsicElements'.
features/admin/SettingsManager.tsx(108,17): error TS2339: Property 'div' does not exist on type 'JSX.IntrinsicElements'.
features/admin/SettingsManager.tsx(109,21): error TS2339: Property 'button' does not exist on type 'JSX.IntrinsicElements'.
features/admin/SettingsManager.tsx(114,25): error TS2339: Property 'span' does not exist on type 'JSX.IntrinsicElements'.
features/admin/SettingsManager.tsx(114,61): error TS2339: Property 'span' does not exist on type 'JSX.IntrinsicElements'.
features/admin/SettingsManager.tsx(115,21): error TS2339: Property 'button' does not exist on type 'JSX.IntrinsicElements'.
features/admin/SettingsManager.tsx(116,17): error TS2339: Property 'div' does not exist on type 'JSX.IntrinsicElements'.
features/admin/SettingsManager.tsx(117,13): error TS2339: Property 'div' does not exist on type 'JSX.IntrinsicElements'.
features/admin/SettingsManager.tsx(120,13): error TS2339: Property 'div' does not exist on type 'JSX.IntrinsicElements'.
features/admin/SettingsManager.tsx(130,29): error TS2339: Property 'h2' does not exist on type 'JSX.IntrinsicElements'.
features/admin/SettingsManager.tsx(130,98): error TS2339: Property 'h2' does not exist on type 'JSX.IntrinsicElements'.
features/admin/SettingsManager.tsx(132,29): error TS2339: Property 'div' does not exist on type 'JSX.IntrinsicElements'.
features/admin/SettingsManager.tsx(133,33): error TS2339: Property 'div' does not exist on type 'JSX.IntrinsicElements'.
features/admin/SettingsManager.tsx(135,41): error TS2339: Property 'img' does not exist on type 'JSX.IntrinsicElements'.
features/admin/SettingsManager.tsx(139,33): error TS2339: Property 'div' does not exist on type 'JSX.IntrinsicElements'.
features/admin/SettingsManager.tsx(140,33): error TS2339: Property 'div' does not exist on type 'JSX.IntrinsicElements'.
features/admin/SettingsManager.tsx(141,37): error TS2339: Property 'label' does not exist on type 'JSX.IntrinsicElements'.
features/admin/SettingsManager.tsx(141,119): error TS2339: Property 'label' does not exist on type 'JSX.IntrinsicElements'.
features/admin/SettingsManager.tsx(142,37): error TS2339: Property 'input' does not exist on type 'JSX.IntrinsicElements'.
features/admin/SettingsManager.tsx(149,33): error TS2339: Property 'div' does not exist on type 'JSX.IntrinsicElements'.
features/admin/SettingsManager.tsx(150,29): error TS2339: Property 'div' does not exist on type 'JSX.IntrinsicElements'.
features/admin/SettingsManager.tsx(152,29): error TS2339: Property 'div' does not exist on type 'JSX.IntrinsicElements'.
features/admin/SettingsManager.tsx(153,33): error TS2339: Property 'div' does not exist on type 'JSX.IntrinsicElements'.
features/admin/SettingsManager.tsx(154,37): error TS2339: Property 'label' does not exist on type 'JSX.IntrinsicElements'.
features/admin/SettingsManager.tsx(154,121): error TS2339: Property 'label' does not exist on type 'JSX.IntrinsicElements'.
features/admin/SettingsManager.tsx(155,37): error TS2339: Property 'input' does not exist on type 'JSX.IntrinsicElements'.
features/admin/SettingsManager.tsx(161,33): error TS2339: Property 'div' does not exist on type 'JSX.IntrinsicElements'.
features/admin/SettingsManager.tsx(163,33): error TS2339: Property 'div' does not exist on type 'JSX.IntrinsicElements'.
features/admin/SettingsManager.tsx(164,37): error TS2339: Property 'label' does not exist on type 'JSX.IntrinsicElements'.
features/admin/SettingsManager.tsx(164,122): error TS2339: Property 'label' does not exist on type 'JSX.IntrinsicElements'.
features/admin/SettingsManager.tsx(165,37): error TS2339: Property 'input' does not exist on type 'JSX.IntrinsicElements'.
features/admin/SettingsManager.tsx(171,37): error TS2339: Property 'p' does not exist on type 'JSX.IntrinsicElements'.
features/admin/SettingsManager.tsx(171,112): error TS2339: Property 'p' does not exist on type 'JSX.IntrinsicElements'.
features/admin/SettingsManager.tsx(172,33): error TS2339: Property 'div' does not exist on type 'JSX.IntrinsicElements'.
features/admin/SettingsManager.tsx(173,29): error TS2339: Property 'div' does not exist on type 'JSX.IntrinsicElements'.
features/admin/SettingsManager.tsx(175,29): error TS2339: Property 'div' does not exist on type 'JSX.IntrinsicElements'.
features/admin/SettingsManager.tsx(176,33): error TS2339: Property 'button' does not exist on type 'JSX.IntrinsicElements'.
features/admin/SettingsManager.tsx(182,33): error TS2339: Property 'button' does not exist on type 'JSX.IntrinsicElements'.
features/admin/SettingsManager.tsx(183,29): error TS2339: Property 'div' does not exist on type 'JSX.IntrinsicElements'.
features/admin/SettingsManager.tsx(193,29): error TS2339: Property 'h2' does not exist on type 'JSX.IntrinsicElements'.
features/admin/SettingsManager.tsx(193,98): error TS2339: Property 'h2' does not exist on type 'JSX.IntrinsicElements'.
features/admin/SettingsManager.tsx(194,29): error TS2339: Property 'p' does not exist on type 'JSX.IntrinsicElements'.
features/admin/SettingsManager.tsx(194,113): error TS2339: Property 'p' does not exist on type 'JSX.IntrinsicElements'.
features/admin/SettingsManager.tsx(196,29): error TS2339: Property 'div' does not exist on type 'JSX.IntrinsicElements'.
features/admin/SettingsManager.tsx(197,33): error TS2339: Property 'div' does not exist on type 'JSX.IntrinsicElements'.
features/admin/SettingsManager.tsx(198,37): error TS2339: Property 'label' does not exist on type 'JSX.IntrinsicElements'.
features/admin/SettingsManager.tsx(198,125): error TS2339: Property 'label' does not exist on type 'JSX.IntrinsicElements'.
features/admin/SettingsManager.tsx(199,37): error TS2339: Property 'select' does not exist on type 'JSX.IntrinsicElements'.
features/admin/SettingsManager.tsx(204,41): error TS2339: Property 'option' does not exist on type 'JSX.IntrinsicElements'.
features/admin/SettingsManager.tsx(204,78): error TS2339: Property 'option' does not exist on type 'JSX.IntrinsicElements'.
features/admin/SettingsManager.tsx(205,41): error TS2339: Property 'option' does not exist on type 'JSX.IntrinsicElements'.
features/admin/SettingsManager.tsx(205,76): error TS2339: Property 'option' does not exist on type 'JSX.IntrinsicElements'.
features/admin/SettingsManager.tsx(206,41): error TS2339: Property 'option' does not exist on type 'JSX.IntrinsicElements'.
features/admin/SettingsManager.tsx(206,85): error TS2339: Property 'option' does not exist on type 'JSX.IntrinsicElements'.
features/admin/SettingsManager.tsx(207,41): error TS2339: Property 'option' does not exist on type 'JSX.IntrinsicElements'.
features/admin/SettingsManager.tsx(207,79): error TS2339: Property 'option' does not exist on type 'JSX.IntrinsicElements'.
features/admin/SettingsManager.tsx(208,41): error TS2339: Property 'option' does not exist on type 'JSX.IntrinsicElements'.
features/admin/SettingsManager.tsx(208,70): error TS2339: Property 'option' does not exist on type 'JSX.IntrinsicElements'.
features/admin/SettingsManager.tsx(209,41): error TS2339: Property 'option' does not exist on type 'JSX.IntrinsicElements'.
features/admin/SettingsManager.tsx(209,72): error TS2339: Property 'option' does not exist on type 'JSX.IntrinsicElements'.
features/admin/SettingsManager.tsx(210,37): error TS2339: Property 'select' does not exist on type 'JSX.IntrinsicElements'.
features/admin/SettingsManager.tsx(211,33): error TS2339: Property 'div' does not exist on type 'JSX.IntrinsicElements'.
features/admin/SettingsManager.tsx(213,33): error TS2339: Property 'div' does not exist on type 'JSX.IntrinsicElements'.
features/admin/SettingsManager.tsx(214,37): error TS2339: Property 'label' does not exist on type 'JSX.IntrinsicElements'.
features/admin/SettingsManager.tsx(214,122): error TS2339: Property 'label' does not exist on type 'JSX.IntrinsicElements'.
features/admin/SettingsManager.tsx(215,37): error TS2339: Property 'textarea' does not exist on type 'JSX.IntrinsicElements'.
features/admin/SettingsManager.tsx(221,37): error TS2339: Property 'p' does not exist on type 'JSX.IntrinsicElements'.
features/admin/SettingsManager.tsx(221,136): error TS2339: Property 'p' does not exist on type 'JSX.IntrinsicElements'.
features/admin/SettingsManager.tsx(222,33): error TS2339: Property 'div' does not exist on type 'JSX.IntrinsicElements'.
features/admin/SettingsManager.tsx(224,33): error TS2339: Property 'div' does not exist on type 'JSX.IntrinsicElements'.
features/admin/SettingsManager.tsx(225,37): error TS2339: Property 'div' does not exist on type 'JSX.IntrinsicElements'.
features/admin/SettingsManager.tsx(226,41): error TS2339: Property 'label' does not exist on type 'JSX.IntrinsicElements'.
features/admin/SettingsManager.tsx(226,151): error TS2339: Property 'label' does not exist on type 'JSX.IntrinsicElements'.
features/admin/SettingsManager.tsx(227,41): error TS2339: Property 'input' does not exist on type 'JSX.IntrinsicElements'.
features/admin/SettingsManager.tsx(236,41): error TS2339: Property 'div' does not exist on type 'JSX.IntrinsicElements'.
features/admin/SettingsManager.tsx(237,45): error TS2339: Property 'span' does not exist on type 'JSX.IntrinsicElements'.
features/admin/SettingsManager.tsx(237,58): error TS2339: Property 'span' does not exist on type 'JSX.IntrinsicElements'.
features/admin/SettingsManager.tsx(238,45): error TS2339: Property 'span' does not exist on type 'JSX.IntrinsicElements'.
features/admin/SettingsManager.tsx(238,59): error TS2339: Property 'span' does not exist on type 'JSX.IntrinsicElements'.
features/admin/SettingsManager.tsx(239,41): error TS2339: Property 'div' does not exist on type 'JSX.IntrinsicElements'.
features/admin/SettingsManager.tsx(240,37): error TS2339: Property 'div' does not exist on type 'JSX.IntrinsicElements'.
features/admin/SettingsManager.tsx(241,37): error TS2339: Property 'div' does not exist on type 'JSX.IntrinsicElements'.
features/admin/SettingsManager.tsx(242,41): error TS2339: Property 'input' does not exist on type 'JSX.IntrinsicElements'.
features/admin/SettingsManager.tsx(248,41): error TS2339: Property 'div' does not exist on type 'JSX.IntrinsicElements'.
features/admin/SettingsManager.tsx(249,45): error TS2339: Property 'span' does not exist on type 'JSX.IntrinsicElements'.
features/admin/SettingsManager.tsx(249,115): error TS2339: Property 'span' does not exist on type 'JSX.IntrinsicElements'.
features/admin/SettingsManager.tsx(250,45): error TS2339: Property 'span' does not exist on type 'JSX.IntrinsicElements'.
features/admin/SettingsManager.tsx(250,127): error TS2339: Property 'span' does not exist on type 'JSX.IntrinsicElements'.
features/admin/SettingsManager.tsx(251,41): error TS2339: Property 'div' does not exist on type 'JSX.IntrinsicElements'.
features/admin/SettingsManager.tsx(252,37): error TS2339: Property 'div' does not exist on type 'JSX.IntrinsicElements'.
features/admin/SettingsManager.tsx(253,33): error TS2339: Property 'div' does not exist on type 'JSX.IntrinsicElements'.
features/admin/SettingsManager.tsx(255,33): error TS2339: Property 'div' does not exist on type 'JSX.IntrinsicElements'.
features/admin/SettingsManager.tsx(256,37): error TS2339: Property 'button' does not exist on type 'JSX.IntrinsicElements'.
features/admin/SettingsManager.tsx(262,37): error TS2339: Property 'button' does not exist on type 'JSX.IntrinsicElements'.
features/admin/SettingsManager.tsx(263,33): error TS2339: Property 'div' does not exist on type 'JSX.IntrinsicElements'.
features/admin/SettingsManager.tsx(264,29): error TS2339: Property 'div' does not exist on type 'JSX.IntrinsicElements'.
features/admin/SettingsManager.tsx(268,13): error TS2339: Property 'div' does not exist on type 'JSX.IntrinsicElements'.
features/admin/SettingsManager.tsx(269,9): error TS2339: Property 'div' does not exist on type 'JSX.IntrinsicElements'.
features/admin/TransparencyManager.tsx(73,9): error TS2339: Property 'div' does not exist on type 'JSX.IntrinsicElements'.
features/admin/TransparencyManager.tsx(74,13): error TS2339: Property 'div' does not exist on type 'JSX.IntrinsicElements'.
features/admin/TransparencyManager.tsx(75,17): error TS2339: Property 'div' does not exist on type 'JSX.IntrinsicElements'.
features/admin/TransparencyManager.tsx(76,21): error TS2339: Property 'h2' does not exist on type 'JSX.IntrinsicElements'.
features/admin/TransparencyManager.tsx(76,81): error TS2339: Property 'h2' does not exist on type 'JSX.IntrinsicElements'.
features/admin/TransparencyManager.tsx(77,21): error TS2339: Property 'p' does not exist on type 'JSX.IntrinsicElements'.
features/admin/TransparencyManager.tsx(77,89): error TS2339: Property 'p' does not exist on type 'JSX.IntrinsicElements'.
features/admin/TransparencyManager.tsx(78,17): error TS2339: Property 'div' does not exist on type 'JSX.IntrinsicElements'.
features/admin/TransparencyManager.tsx(79,17): error TS2339: Property 'button' does not exist on type 'JSX.IntrinsicElements'.
features/admin/TransparencyManager.tsx(84,17): error TS2339: Property 'button' does not exist on type 'JSX.IntrinsicElements'.
features/admin/TransparencyManager.tsx(85,13): error TS2339: Property 'div' does not exist on type 'JSX.IntrinsicElements'.
features/admin/TransparencyManager.tsx(95,25): error TS2339: Property 'h3' does not exist on type 'JSX.IntrinsicElements'.
features/admin/TransparencyManager.tsx(95,76): error TS2339: Property 'h3' does not exist on type 'JSX.IntrinsicElements'.
features/admin/TransparencyManager.tsx(96,25): error TS2339: Property 'div' does not exist on type 'JSX.IntrinsicElements'.
features/admin/TransparencyManager.tsx(97,29): error TS2339: Property 'div' does not exist on type 'JSX.IntrinsicElements'.
features/admin/TransparencyManager.tsx(98,33): error TS2339: Property 'label' does not exist on type 'JSX.IntrinsicElements'.
features/admin/TransparencyManager.tsx(98,109): error TS2339: Property 'label' does not exist on type 'JSX.IntrinsicElements'.
features/admin/TransparencyManager.tsx(99,33): error TS2339: Property 'select' does not exist on type 'JSX.IntrinsicElements'.
features/admin/TransparencyManager.tsx(104,37): error TS2339: Property 'option' does not exist on type 'JSX.IntrinsicElements'.
features/admin/TransparencyManager.tsx(104,68): error TS2339: Property 'option' does not exist on type 'JSX.IntrinsicElements'.
features/admin/TransparencyManager.tsx(105,37): error TS2339: Property 'option' does not exist on type 'JSX.IntrinsicElements'.
features/admin/TransparencyManager.tsx(105,70): error TS2339: Property 'option' does not exist on type 'JSX.IntrinsicElements'.
features/admin/TransparencyManager.tsx(106,37): error TS2339: Property 'option' does not exist on type 'JSX.IntrinsicElements'.
features/admin/TransparencyManager.tsx(106,78): error TS2339: Property 'option' does not exist on type 'JSX.IntrinsicElements'.
features/admin/TransparencyManager.tsx(107,37): error TS2339: Property 'option' does not exist on type 'JSX.IntrinsicElements'.
features/admin/TransparencyManager.tsx(107,72): error TS2339: Property 'option' does not exist on type 'JSX.IntrinsicElements'.
features/admin/TransparencyManager.tsx(108,37): error TS2339: Property 'option' does not exist on type 'JSX.IntrinsicElements'.
features/admin/TransparencyManager.tsx(108,85): error TS2339: Property 'option' does not exist on type 'JSX.IntrinsicElements'.
features/admin/TransparencyManager.tsx(109,33): error TS2339: Property 'select' does not exist on type 'JSX.IntrinsicElements'.
features/admin/TransparencyManager.tsx(110,29): error TS2339: Property 'div' does not exist on type 'JSX.IntrinsicElements'.
features/admin/TransparencyManager.tsx(111,29): error TS2339: Property 'div' does not exist on type 'JSX.IntrinsicElements'.
features/admin/TransparencyManager.tsx(112,33): error TS2339: Property 'label' does not exist on type 'JSX.IntrinsicElements'.
features/admin/TransparencyManager.tsx(112,111): error TS2339: Property 'label' does not exist on type 'JSX.IntrinsicElements'.
features/admin/TransparencyManager.tsx(113,33): error TS2339: Property 'input' does not exist on type 'JSX.IntrinsicElements'.
features/admin/TransparencyManager.tsx(119,29): error TS2339: Property 'div' does not exist on type 'JSX.IntrinsicElements'.
features/admin/TransparencyManager.tsx(120,29): error TS2339: Property 'div' does not exist on type 'JSX.IntrinsicElements'.
features/admin/TransparencyManager.tsx(121,33): error TS2339: Property 'label' does not exist on type 'JSX.IntrinsicElements'.
features/admin/TransparencyManager.tsx(121,114): error TS2339: Property 'label' does not exist on type 'JSX.IntrinsicElements'.
features/admin/TransparencyManager.tsx(122,33): error TS2339: Property 'input' does not exist on type 'JSX.IntrinsicElements'.
features/admin/TransparencyManager.tsx(128,29): error TS2339: Property 'div' does not exist on type 'JSX.IntrinsicElements'.
features/admin/TransparencyManager.tsx(129,29): error TS2339: Property 'div' does not exist on type 'JSX.IntrinsicElements'.
features/admin/TransparencyManager.tsx(130,33): error TS2339: Property 'label' does not exist on type 'JSX.IntrinsicElements'.
features/admin/TransparencyManager.tsx(130,110): error TS2339: Property 'label' does not exist on type 'JSX.IntrinsicElements'.
features/admin/TransparencyManager.tsx(131,33): error TS2339: Property 'input' does not exist on type 'JSX.IntrinsicElements'.
features/admin/TransparencyManager.tsx(138,29): error TS2339: Property 'div' does not exist on type 'JSX.IntrinsicElements'.
features/admin/TransparencyManager.tsx(139,25): error TS2339: Property 'div' does not exist on type 'JSX.IntrinsicElements'.
features/admin/TransparencyManager.tsx(140,25): error TS2339: Property 'div' does not exist on type 'JSX.IntrinsicElements'.
features/admin/TransparencyManager.tsx(141,29): error TS2339: Property 'button' does not exist on type 'JSX.IntrinsicElements'.
features/admin/TransparencyManager.tsx(141,125): error TS2339: Property 'button' does not exist on type 'JSX.IntrinsicElements'.
features/admin/TransparencyManager.tsx(142,29): error TS2339: Property 'button' does not exist on type 'JSX.IntrinsicElements'.
features/admin/TransparencyManager.tsx(144,29): error TS2339: Property 'button' does not exist on type 'JSX.IntrinsicElements'.
features/admin/TransparencyManager.tsx(145,25): error TS2339: Property 'div' does not exist on type 'JSX.IntrinsicElements'.
features/admin/TransparencyManager.tsx(150,13): error TS2339: Property 'div' does not exist on type 'JSX.IntrinsicElements'.
features/admin/TransparencyManager.tsx(152,21): error TS2339: Property 'div' does not exist on type 'JSX.IntrinsicElements'.
features/admin/TransparencyManager.tsx(152,80): error TS2339: Property 'div' does not exist on type 'JSX.IntrinsicElements'.
features/admin/TransparencyManager.tsx(154,21): error TS2339: Property 'div' does not exist on type 'JSX.IntrinsicElements'.
features/admin/TransparencyManager.tsx(156,25): error TS2339: Property 'p' does not exist on type 'JSX.IntrinsicElements'.
features/admin/TransparencyManager.tsx(156,62): error TS2339: Property 'p' does not exist on type 'JSX.IntrinsicElements'.
features/admin/TransparencyManager.tsx(157,21): error TS2339: Property 'div' does not exist on type 'JSX.IntrinsicElements'.
features/admin/TransparencyManager.tsx(168,33): error TS2339: Property 'h3' does not exist on type 'JSX.IntrinsicElements'.
features/admin/TransparencyManager.tsx(170,33): error TS2339: Property 'h3' does not exist on type 'JSX.IntrinsicElements'.
features/admin/TransparencyManager.tsx(171,33): error TS2339: Property 'div' does not exist on type 'JSX.IntrinsicElements'.
features/admin/TransparencyManager.tsx(172,44): error TS2339: Property 'map' does not exist on type 'unknown'.
features/admin/TransparencyManager.tsx(173,41): error TS2339: Property 'div' does not exist on type 'JSX.IntrinsicElements'.
features/admin/TransparencyManager.tsx(174,45): error TS2339: Property 'div' does not exist on type 'JSX.IntrinsicElements'.
features/admin/TransparencyManager.tsx(175,49): error TS2339: Property 'div' does not exist on type 'JSX.IntrinsicElements'.
features/admin/TransparencyManager.tsx(180,49): error TS2339: Property 'div' does not exist on type 'JSX.IntrinsicElements'.
features/admin/TransparencyManager.tsx(181,49): error TS2339: Property 'div' does not exist on type 'JSX.IntrinsicElements'.
features/admin/TransparencyManager.tsx(182,53): error TS2339: Property 'p' does not exist on type 'JSX.IntrinsicElements'.
features/admin/TransparencyManager.tsx(182,144): error TS2339: Property 'p' does not exist on type 'JSX.IntrinsicElements'.
features/admin/TransparencyManager.tsx(183,68): error TS2339: Property 'p' does not exist on type 'JSX.IntrinsicElements'.
features/admin/TransparencyManager.tsx(183,117): error TS2339: Property 'p' does not exist on type 'JSX.IntrinsicElements'.
features/admin/TransparencyManager.tsx(184,49): error TS2339: Property 'div' does not exist on type 'JSX.IntrinsicElements'.
features/admin/TransparencyManager.tsx(185,45): error TS2339: Property 'div' does not exist on type 'JSX.IntrinsicElements'.
features/admin/TransparencyManager.tsx(186,45): error TS2339: Property 'div' does not exist on type 'JSX.IntrinsicElements'.
features/admin/TransparencyManager.tsx(187,49): error TS2339: Property 'span' does not exist on type 'JSX.IntrinsicElements'.
features/admin/TransparencyManager.tsx(189,49): error TS2339: Property 'span' does not exist on type 'JSX.IntrinsicElements'.
features/admin/TransparencyManager.tsx(190,49): error TS2339: Property 'button' does not exist on type 'JSX.IntrinsicElements'.
features/admin/TransparencyManager.tsx(195,49): error TS2339: Property 'button' does not exist on type 'JSX.IntrinsicElements'.
features/admin/TransparencyManager.tsx(196,45): error TS2339: Property 'div' does not exist on type 'JSX.IntrinsicElements'.
features/admin/TransparencyManager.tsx(197,41): error TS2339: Property 'div' does not exist on type 'JSX.IntrinsicElements'.
features/admin/TransparencyManager.tsx(199,37): error TS2339: Property 'div' does not exist on type 'JSX.IntrinsicElements'.
features/admin/TransparencyManager.tsx(200,41): error TS2339: Property 'span' does not exist on type 'JSX.IntrinsicElements'.
features/admin/TransparencyManager.tsx(200,50): error TS2339: Property 'span' does not exist on type 'JSX.IntrinsicElements'.
features/admin/TransparencyManager.tsx(201,41): error TS2339: Property 'span' does not exist on type 'JSX.IntrinsicElements'.
features/admin/TransparencyManager.tsx(202,52): error TS2339: Property 'filter' does not exist on type 'unknown'.
features/admin/TransparencyManager.tsx(203,55): error TS2339: Property 'filter' does not exist on type 'unknown'.
features/admin/TransparencyManager.tsx(207,55): error TS2339: Property 'filter' does not exist on type 'unknown'.
features/admin/TransparencyManager.tsx(208,55): error TS2339: Property 'filter' does not exist on type 'unknown'.
features/admin/TransparencyManager.tsx(210,41): error TS2339: Property 'span' does not exist on type 'JSX.IntrinsicElements'.
features/admin/TransparencyManager.tsx(211,37): error TS2339: Property 'div' does not exist on type 'JSX.IntrinsicElements'.
features/admin/TransparencyManager.tsx(212,33): error TS2339: Property 'div' does not exist on type 'JSX.IntrinsicElements'.
features/admin/TransparencyManager.tsx(216,13): error TS2339: Property 'div' does not exist on type 'JSX.IntrinsicElements'.
features/admin/TransparencyManager.tsx(217,9): error TS2339: Property 'div' does not exist on type 'JSX.IntrinsicElements'.
features/admin/UserManager.tsx(50,25): error TS2345: Argument of type '{ role: "admin" | "contributor" | "member"; }' is not assignable to parameter of type 'never'.
features/admin/UserManager.tsx(122,13): error TS2339: Property 'span' does not exist on type 'JSX.IntrinsicElements'.
features/admin/UserManager.tsx(124,13): error TS2339: Property 'span' does not exist on type 'JSX.IntrinsicElements'.
features/admin/UserManager.tsx(129,9): error TS2339: Property 'div' does not exist on type 'JSX.IntrinsicElements'.
features/admin/UserManager.tsx(130,13): error TS2339: Property 'div' does not exist on type 'JSX.IntrinsicElements'.
features/admin/UserManager.tsx(131,17): error TS2339: Property 'div' does not exist on type 'JSX.IntrinsicElements'.
features/admin/UserManager.tsx(132,21): error TS2339: Property 'h2' does not exist on type 'JSX.IntrinsicElements'.
features/admin/UserManager.tsx(132,83): error TS2339: Property 'h2' does not exist on type 'JSX.IntrinsicElements'.
features/admin/UserManager.tsx(133,21): error TS2339: Property 'p' does not exist on type 'JSX.IntrinsicElements'.
features/admin/UserManager.tsx(133,87): error TS2339: Property 'p' does not exist on type 'JSX.IntrinsicElements'.
features/admin/UserManager.tsx(134,17): error TS2339: Property 'div' does not exist on type 'JSX.IntrinsicElements'.
features/admin/UserManager.tsx(136,17): error TS2339: Property 'div' does not exist on type 'JSX.IntrinsicElements'.
features/admin/UserManager.tsx(137,21): error TS2339: Property 'div' does not exist on type 'JSX.IntrinsicElements'.
features/admin/UserManager.tsx(139,25): error TS2339: Property 'input' does not exist on type 'JSX.IntrinsicElements'.
features/admin/UserManager.tsx(146,21): error TS2339: Property 'div' does not exist on type 'JSX.IntrinsicElements'.
features/admin/UserManager.tsx(147,21): error TS2339: Property 'select' does not exist on type 'JSX.IntrinsicElements'.
features/admin/UserManager.tsx(152,25): error TS2339: Property 'option' does not exist on type 'JSX.IntrinsicElements'.
features/admin/UserManager.tsx(152,54): error TS2339: Property 'option' does not exist on type 'JSX.IntrinsicElements'.
features/admin/UserManager.tsx(153,25): error TS2339: Property 'option' does not exist on type 'JSX.IntrinsicElements'.
features/admin/UserManager.tsx(153,53): error TS2339: Property 'option' does not exist on type 'JSX.IntrinsicElements'.
features/admin/UserManager.tsx(154,25): error TS2339: Property 'option' does not exist on type 'JSX.IntrinsicElements'.
features/admin/UserManager.tsx(154,65): error TS2339: Property 'option' does not exist on type 'JSX.IntrinsicElements'.
features/admin/UserManager.tsx(155,25): error TS2339: Property 'option' does not exist on type 'JSX.IntrinsicElements'.
features/admin/UserManager.tsx(155,55): error TS2339: Property 'option' does not exist on type 'JSX.IntrinsicElements'.
features/admin/UserManager.tsx(156,21): error TS2339: Property 'select' does not exist on type 'JSX.IntrinsicElements'.
features/admin/UserManager.tsx(157,21): error TS2339: Property 'button' does not exist on type 'JSX.IntrinsicElements'.
features/admin/UserManager.tsx(162,25): error TS2339: Property 'span' does not exist on type 'JSX.IntrinsicElements'.
features/admin/UserManager.tsx(162,68): error TS2339: Property 'span' does not exist on type 'JSX.IntrinsicElements'.
features/admin/UserManager.tsx(163,25): error TS2339: Property 'span' does not exist on type 'JSX.IntrinsicElements'.
features/admin/UserManager.tsx(163,56): error TS2339: Property 'span' does not exist on type 'JSX.IntrinsicElements'.
features/admin/UserManager.tsx(164,21): error TS2339: Property 'button' does not exist on type 'JSX.IntrinsicElements'.
features/admin/UserManager.tsx(165,17): error TS2339: Property 'div' does not exist on type 'JSX.IntrinsicElements'.
features/admin/UserManager.tsx(166,13): error TS2339: Property 'div' does not exist on type 'JSX.IntrinsicElements'.
features/admin/UserManager.tsx(168,13): error TS2339: Property 'div' does not exist on type 'JSX.IntrinsicElements'.
features/admin/UserManager.tsx(169,17): error TS2339: Property 'div' does not exist on type 'JSX.IntrinsicElements'.
features/admin/UserManager.tsx(170,21): error TS2339: Property 'table' does not exist on type 'JSX.IntrinsicElements'.
features/admin/UserManager.tsx(171,25): error TS2339: Property 'thead' does not exist on type 'JSX.IntrinsicElements'.
features/admin/UserManager.tsx(172,29): error TS2339: Property 'tr' does not exist on type 'JSX.IntrinsicElements'.
features/admin/UserManager.tsx(173,33): error TS2339: Property 'th' does not exist on type 'JSX.IntrinsicElements'.
features/admin/UserManager.tsx(173,99): error TS2339: Property 'th' does not exist on type 'JSX.IntrinsicElements'.
features/admin/UserManager.tsx(174,33): error TS2339: Property 'th' does not exist on type 'JSX.IntrinsicElements'.
features/admin/UserManager.tsx(174,99): error TS2339: Property 'th' does not exist on type 'JSX.IntrinsicElements'.
features/admin/UserManager.tsx(175,33): error TS2339: Property 'th' does not exist on type 'JSX.IntrinsicElements'.
features/admin/UserManager.tsx(175,106): error TS2339: Property 'th' does not exist on type 'JSX.IntrinsicElements'.
features/admin/UserManager.tsx(176,33): error TS2339: Property 'th' does not exist on type 'JSX.IntrinsicElements'.
features/admin/UserManager.tsx(176,101): error TS2339: Property 'th' does not exist on type 'JSX.IntrinsicElements'.
features/admin/UserManager.tsx(177,33): error TS2339: Property 'th' does not exist on type 'JSX.IntrinsicElements'.
features/admin/UserManager.tsx(177,113): error TS2339: Property 'th' does not exist on type 'JSX.IntrinsicElements'.
features/admin/UserManager.tsx(178,29): error TS2339: Property 'tr' does not exist on type 'JSX.IntrinsicElements'.
features/admin/UserManager.tsx(179,25): error TS2339: Property 'thead' does not exist on type 'JSX.IntrinsicElements'.
features/admin/UserManager.tsx(180,25): error TS2339: Property 'tbody' does not exist on type 'JSX.IntrinsicElements'.
features/admin/UserManager.tsx(182,33): error TS2339: Property 'tr' does not exist on type 'JSX.IntrinsicElements'.
features/admin/UserManager.tsx(183,37): error TS2339: Property 'td' does not exist on type 'JSX.IntrinsicElements'.
features/admin/UserManager.tsx(183,111): error TS2339: Property 'td' does not exist on type 'JSX.IntrinsicElements'.
features/admin/UserManager.tsx(184,33): error TS2339: Property 'tr' does not exist on type 'JSX.IntrinsicElements'.
features/admin/UserManager.tsx(186,33): error TS2339: Property 'tr' does not exist on type 'JSX.IntrinsicElements'.
features/admin/UserManager.tsx(187,37): error TS2339: Property 'td' does not exist on type 'JSX.IntrinsicElements'.
features/admin/UserManager.tsx(187,110): error TS2339: Property 'td' does not exist on type 'JSX.IntrinsicElements'.
features/admin/UserManager.tsx(188,33): error TS2339: Property 'tr' does not exist on type 'JSX.IntrinsicElements'.
features/admin/UserManager.tsx(193,41): error TS2339: Property 'tr' does not exist on type 'JSX.IntrinsicElements'.
features/admin/UserManager.tsx(194,45): error TS2339: Property 'td' does not exist on type 'JSX.IntrinsicElements'.
features/admin/UserManager.tsx(195,49): error TS2339: Property 'div' does not exist on type 'JSX.IntrinsicElements'.
features/admin/UserManager.tsx(196,53): error TS2339: Property 'div' does not exist on type 'JSX.IntrinsicElements'.
features/admin/UserManager.tsx(198,61): error TS2339: Property 'img' does not exist on type 'JSX.IntrinsicElements'.
features/admin/UserManager.tsx(202,53): error TS2339: Property 'div' does not exist on type 'JSX.IntrinsicElements'.
features/admin/UserManager.tsx(203,53): error TS2339: Property 'div' does not exist on type 'JSX.IntrinsicElements'.
features/admin/UserManager.tsx(204,57): error TS2339: Property 'div' does not exist on type 'JSX.IntrinsicElements'.
features/admin/UserManager.tsx(204,139): error TS2339: Property 'div' does not exist on type 'JSX.IntrinsicElements'.
features/admin/UserManager.tsx(205,57): error TS2339: Property 'div' does not exist on type 'JSX.IntrinsicElements'.
features/admin/UserManager.tsx(208,57): error TS2339: Property 'div' does not exist on type 'JSX.IntrinsicElements'.
features/admin/UserManager.tsx(209,53): error TS2339: Property 'div' does not exist on type 'JSX.IntrinsicElements'.
features/admin/UserManager.tsx(210,49): error TS2339: Property 'div' does not exist on type 'JSX.IntrinsicElements'.
features/admin/UserManager.tsx(211,45): error TS2339: Property 'td' does not exist on type 'JSX.IntrinsicElements'.
features/admin/UserManager.tsx(212,45): error TS2339: Property 'td' does not exist on type 'JSX.IntrinsicElements'.
features/admin/UserManager.tsx(214,45): error TS2339: Property 'td' does not exist on type 'JSX.IntrinsicElements'.
features/admin/UserManager.tsx(215,45): error TS2339: Property 'td' does not exist on type 'JSX.IntrinsicElements'.
features/admin/UserManager.tsx(216,49): error TS2339: Property 'div' does not exist on type 'JSX.IntrinsicElements'.
features/admin/UserManager.tsx(217,53): error TS2339: Property 'button' does not exist on type 'JSX.IntrinsicElements'.
features/admin/UserManager.tsx(223,53): error TS2339: Property 'button' does not exist on type 'JSX.IntrinsicElements'.
features/admin/UserManager.tsx(224,53): error TS2339: Property 'button' does not exist on type 'JSX.IntrinsicElements'.
features/admin/UserManager.tsx(230,53): error TS2339: Property 'button' does not exist on type 'JSX.IntrinsicElements'.
features/admin/UserManager.tsx(231,49): error TS2339: Property 'div' does not exist on type 'JSX.IntrinsicElements'.
features/admin/UserManager.tsx(232,45): error TS2339: Property 'td' does not exist on type 'JSX.IntrinsicElements'.
features/admin/UserManager.tsx(233,45): error TS2339: Property 'td' does not exist on type 'JSX.IntrinsicElements'.
features/admin/UserManager.tsx(235,45): error TS2339: Property 'td' does not exist on type 'JSX.IntrinsicElements'.
features/admin/UserManager.tsx(236,45): error TS2339: Property 'td' does not exist on type 'JSX.IntrinsicElements'.
features/admin/UserManager.tsx(237,49): error TS2339: Property 'div' does not exist on type 'JSX.IntrinsicElements'.
features/admin/UserManager.tsx(238,53): error TS2339: Property 'select' does not exist on type 'JSX.IntrinsicElements'.
features/admin/UserManager.tsx(243,57): error TS2339: Property 'option' does not exist on type 'JSX.IntrinsicElements'.
features/admin/UserManager.tsx(243,86): error TS2339: Property 'option' does not exist on type 'JSX.IntrinsicElements'.
features/admin/UserManager.tsx(244,57): error TS2339: Property 'option' does not exist on type 'JSX.IntrinsicElements'.
features/admin/UserManager.tsx(244,96): error TS2339: Property 'option' does not exist on type 'JSX.IntrinsicElements'.
features/admin/UserManager.tsx(245,57): error TS2339: Property 'option' does not exist on type 'JSX.IntrinsicElements'.
features/admin/UserManager.tsx(245,84): error TS2339: Property 'option' does not exist on type 'JSX.IntrinsicElements'.
features/admin/UserManager.tsx(246,53): error TS2339: Property 'select' does not exist on type 'JSX.IntrinsicElements'.
features/admin/UserManager.tsx(247,53): error TS2339: Property 'button' does not exist on type 'JSX.IntrinsicElements'.
features/admin/UserManager.tsx(253,53): error TS2339: Property 'button' does not exist on type 'JSX.IntrinsicElements'.
features/admin/UserManager.tsx(254,49): error TS2339: Property 'div' does not exist on type 'JSX.IntrinsicElements'.
features/admin/UserManager.tsx(255,45): error TS2339: Property 'td' does not exist on type 'JSX.IntrinsicElements'.
features/admin/UserManager.tsx(256,41): error TS2339: Property 'tr' does not exist on type 'JSX.IntrinsicElements'.
features/admin/UserManager.tsx(260,25): error TS2339: Property 'tbody' does not exist on type 'JSX.IntrinsicElements'.
features/admin/UserManager.tsx(261,21): error TS2339: Property 'table' does not exist on type 'JSX.IntrinsicElements'.
features/admin/UserManager.tsx(262,17): error TS2339: Property 'div' does not exist on type 'JSX.IntrinsicElements'.
features/admin/UserManager.tsx(263,13): error TS2339: Property 'div' does not exist on type 'JSX.IntrinsicElements'.
features/admin/UserManager.tsx(282,29): error TS2339: Property 'h3' does not exist on type 'JSX.IntrinsicElements'.
features/admin/UserManager.tsx(282,83): error TS2339: Property 'h3' does not exist on type 'JSX.IntrinsicElements'.
features/admin/UserManager.tsx(283,29): error TS2339: Property 'form' does not exist on type 'JSX.IntrinsicElements'.
features/admin/UserManager.tsx(284,33): error TS2339: Property 'div' does not exist on type 'JSX.IntrinsicElements'.
features/admin/UserManager.tsx(285,37): error TS2339: Property 'label' does not exist on type 'JSX.IntrinsicElements'.
features/admin/UserManager.tsx(285,118): error TS2339: Property 'label' does not exist on type 'JSX.IntrinsicElements'.
features/admin/UserManager.tsx(286,37): error TS2339: Property 'input' does not exist on type 'JSX.IntrinsicElements'.
features/admin/UserManager.tsx(294,33): error TS2339: Property 'div' does not exist on type 'JSX.IntrinsicElements'.
features/admin/UserManager.tsx(295,33): error TS2339: Property 'div' does not exist on type 'JSX.IntrinsicElements'.
features/admin/UserManager.tsx(296,37): error TS2339: Property 'label' does not exist on type 'JSX.IntrinsicElements'.
features/admin/UserManager.tsx(296,122): error TS2339: Property 'label' does not exist on type 'JSX.IntrinsicElements'.
features/admin/UserManager.tsx(297,37): error TS2339: Property 'input' does not exist on type 'JSX.IntrinsicElements'.
features/admin/UserManager.tsx(305,33): error TS2339: Property 'div' does not exist on type 'JSX.IntrinsicElements'.
features/admin/UserManager.tsx(306,33): error TS2339: Property 'div' does not exist on type 'JSX.IntrinsicElements'.
features/admin/UserManager.tsx(307,37): error TS2339: Property 'button' does not exist on type 'JSX.IntrinsicElements'.
features/admin/UserManager.tsx(313,37): error TS2339: Property 'button' does not exist on type 'JSX.IntrinsicElements'.
features/admin/UserManager.tsx(314,37): error TS2339: Property 'button' does not exist on type 'JSX.IntrinsicElements'.
features/admin/UserManager.tsx(319,37): error TS2339: Property 'button' does not exist on type 'JSX.IntrinsicElements'.
features/admin/UserManager.tsx(320,33): error TS2339: Property 'div' does not exist on type 'JSX.IntrinsicElements'.
features/admin/UserManager.tsx(321,29): error TS2339: Property 'form' does not exist on type 'JSX.IntrinsicElements'.
features/admin/UserManager.tsx(326,9): error TS2339: Property 'div' does not exist on type 'JSX.IntrinsicElements'.
features/blog/components/BlogEditor.tsx(249,5): error TS2339: Property 'button' does not exist on type 'JSX.IntrinsicElements'.
features/blog/components/BlogEditor.tsx(255,5): error TS2339: Property 'button' does not exist on type 'JSX.IntrinsicElements'.
features/blog/components/BlogEditor.tsx(290,5): error TS2339: Property 'div' does not exist on type 'JSX.IntrinsicElements'.
features/blog/components/BlogEditor.tsx(291,7): error TS2339: Property 'h4' does not exist on type 'JSX.IntrinsicElements'.
features/blog/components/BlogEditor.tsx(293,7): error TS2339: Property 'h4' does not exist on type 'JSX.IntrinsicElements'.
features/blog/components/BlogEditor.tsx(294,7): error TS2339: Property 'div' does not exist on type 'JSX.IntrinsicElements'.
features/blog/components/BlogEditor.tsx(295,9): error TS2339: Property 'img' does not exist on type 'JSX.IntrinsicElements'.
features/blog/components/BlogEditor.tsx(296,9): error TS2339: Property 'div' does not exist on type 'JSX.IntrinsicElements'.
features/blog/components/BlogEditor.tsx(297,11): error TS2339: Property 'button' does not exist on type 'JSX.IntrinsicElements'.
features/blog/components/BlogEditor.tsx(302,11): error TS2339: Property 'button' does not exist on type 'JSX.IntrinsicElements'.
features/blog/components/BlogEditor.tsx(303,11): error TS2339: Property 'div' does not exist on type 'JSX.IntrinsicElements'.
features/blog/components/BlogEditor.tsx(304,13): error TS2339: Property 'div' does not exist on type 'JSX.IntrinsicElements'.
features/blog/components/BlogEditor.tsx(305,13): error TS2339: Property 'span' does not exist on type 'JSX.IntrinsicElements'.
features/blog/components/BlogEditor.tsx(305,73): error TS2339: Property 'span' does not exist on type 'JSX.IntrinsicElements'.
features/blog/components/BlogEditor.tsx(306,13): error TS2339: Property 'div' does not exist on type 'JSX.IntrinsicElements'.
features/blog/components/BlogEditor.tsx(307,11): error TS2339: Property 'div' does not exist on type 'JSX.IntrinsicElements'.
features/blog/components/BlogEditor.tsx(308,11): error TS2339: Property 'input' does not exist on type 'JSX.IntrinsicElements'.
features/blog/components/BlogEditor.tsx(315,9): error TS2339: Property 'div' does not exist on type 'JSX.IntrinsicElements'.
features/blog/components/BlogEditor.tsx(316,7): error TS2339: Property 'div' does not exist on type 'JSX.IntrinsicElements'.
features/blog/components/BlogEditor.tsx(317,7): error TS2339: Property 'input' does not exist on type 'JSX.IntrinsicElements'.
features/blog/components/BlogEditor.tsx(318,5): error TS2339: Property 'div' does not exist on type 'JSX.IntrinsicElements'.
features/blog/components/BlogEditor.tsx(322,5): error TS2339: Property 'div' does not exist on type 'JSX.IntrinsicElements'.
features/blog/components/BlogEditor.tsx(323,7): error TS2339: Property 'h4' does not exist on type 'JSX.IntrinsicElements'.
features/blog/components/BlogEditor.tsx(325,7): error TS2339: Property 'h4' does not exist on type 'JSX.IntrinsicElements'.
features/blog/components/BlogEditor.tsx(326,7): error TS2339: Property 'div' does not exist on type 'JSX.IntrinsicElements'.
features/blog/components/BlogEditor.tsx(328,11): error TS2339: Property 'button' does not exist on type 'JSX.IntrinsicElements'.
features/blog/components/BlogEditor.tsx(334,11): error TS2339: Property 'button' does not exist on type 'JSX.IntrinsicElements'.
features/blog/components/BlogEditor.tsx(336,7): error TS2339: Property 'div' does not exist on type 'JSX.IntrinsicElements'.
features/blog/components/BlogEditor.tsx(337,5): error TS2339: Property 'div' does not exist on type 'JSX.IntrinsicElements'.
features/blog/components/BlogEditor.tsx(347,7): error TS2339: Property 'header' does not exist on type 'JSX.IntrinsicElements'.
features/blog/components/BlogEditor.tsx(348,9): error TS2339: Property 'div' does not exist on type 'JSX.IntrinsicElements'.
features/blog/components/BlogEditor.tsx(349,11): error TS2339: Property 'button' does not exist on type 'JSX.IntrinsicElements'.
features/blog/components/BlogEditor.tsx(351,11): error TS2339: Property 'button' does not exist on type 'JSX.IntrinsicElements'.
features/blog/components/BlogEditor.tsx(352,11): error TS2339: Property 'div' does not exist on type 'JSX.IntrinsicElements'.
features/blog/components/BlogEditor.tsx(353,11): error TS2339: Property 'div' does not exist on type 'JSX.IntrinsicElements'.
features/blog/components/BlogEditor.tsx(354,13): error TS2339: Property 'div' does not exist on type 'JSX.IntrinsicElements'.
features/blog/components/BlogEditor.tsx(356,13): error TS2339: Property 'div' does not exist on type 'JSX.IntrinsicElements'.
features/blog/components/BlogEditor.tsx(357,13): error TS2339: Property 'span' does not exist on type 'JSX.IntrinsicElements'.
features/blog/components/BlogEditor.tsx(357,153): error TS2339: Property 'span' does not exist on type 'JSX.IntrinsicElements'.
features/blog/components/BlogEditor.tsx(358,11): error TS2339: Property 'div' does not exist on type 'JSX.IntrinsicElements'.
features/blog/components/BlogEditor.tsx(359,9): error TS2339: Property 'div' does not exist on type 'JSX.IntrinsicElements'.
features/blog/components/BlogEditor.tsx(361,9): error TS2339: Property 'div' does not exist on type 'JSX.IntrinsicElements'.
features/blog/components/BlogEditor.tsx(363,11): error TS2339: Property 'div' does not exist on type 'JSX.IntrinsicElements'.
features/blog/components/BlogEditor.tsx(366,11): error TS2339: Property 'div' does not exist on type 'JSX.IntrinsicElements'.
features/blog/components/BlogEditor.tsx(369,11): error TS2339: Property 'div' does not exist on type 'JSX.IntrinsicElements'.
features/blog/components/BlogEditor.tsx(371,15): error TS2339: Property 'button' does not exist on type 'JSX.IntrinsicElements'.
features/blog/components/BlogEditor.tsx(377,15): error TS2339: Property 'button' does not exist on type 'JSX.IntrinsicElements'.
features/blog/components/BlogEditor.tsx(379,11): error TS2339: Property 'div' does not exist on type 'JSX.IntrinsicElements'.
features/blog/components/BlogEditor.tsx(382,11): error TS2339: Property 'button' does not exist on type 'JSX.IntrinsicElements'.
features/blog/components/BlogEditor.tsx(388,11): error TS2339: Property 'button' does not exist on type 'JSX.IntrinsicElements'.
features/blog/components/BlogEditor.tsx(391,11): error TS2339: Property 'button' does not exist on type 'JSX.IntrinsicElements'.
features/blog/components/BlogEditor.tsx(397,11): error TS2339: Property 'button' does not exist on type 'JSX.IntrinsicElements'.
features/blog/components/BlogEditor.tsx(399,11): error TS2339: Property 'div' does not exist on type 'JSX.IntrinsicElements'.
features/blog/components/BlogEditor.tsx(400,13): error TS2339: Property 'button' does not exist on type 'JSX.IntrinsicElements'.
features/blog/components/BlogEditor.tsx(404,35): error TS2339: Property 'span' does not exist on type 'JSX.IntrinsicElements'.
features/blog/components/BlogEditor.tsx(404,75): error TS2339: Property 'span' does not exist on type 'JSX.IntrinsicElements'.
features/blog/components/BlogEditor.tsx(405,13): error TS2339: Property 'button' does not exist on type 'JSX.IntrinsicElements'.
features/blog/components/BlogEditor.tsx(406,13): error TS2339: Property 'button' does not exist on type 'JSX.IntrinsicElements'.
features/blog/components/BlogEditor.tsx(410,33): error TS2339: Property 'span' does not exist on type 'JSX.IntrinsicElements'.
features/blog/components/BlogEditor.tsx(410,75): error TS2339: Property 'span' does not exist on type 'JSX.IntrinsicElements'.
features/blog/components/BlogEditor.tsx(411,13): error TS2339: Property 'button' does not exist on type 'JSX.IntrinsicElements'.
features/blog/components/BlogEditor.tsx(412,13): error TS2339: Property 'button' does not exist on type 'JSX.IntrinsicElements'.
features/blog/components/BlogEditor.tsx(416,38): error TS2339: Property 'span' does not exist on type 'JSX.IntrinsicElements'.
features/blog/components/BlogEditor.tsx(416,79): error TS2339: Property 'span' does not exist on type 'JSX.IntrinsicElements'.
features/blog/components/BlogEditor.tsx(417,13): error TS2339: Property 'button' does not exist on type 'JSX.IntrinsicElements'.
features/blog/components/BlogEditor.tsx(418,11): error TS2339: Property 'div' does not exist on type 'JSX.IntrinsicElements'.
features/blog/components/BlogEditor.tsx(419,11): error TS2339: Property 'button' does not exist on type 'JSX.IntrinsicElements'.
features/blog/components/BlogEditor.tsx(423,32): error TS2339: Property 'span' does not exist on type 'JSX.IntrinsicElements'.
features/blog/components/BlogEditor.tsx(423,74): error TS2339: Property 'span' does not exist on type 'JSX.IntrinsicElements'.
features/blog/components/BlogEditor.tsx(424,11): error TS2339: Property 'button' does not exist on type 'JSX.IntrinsicElements'.
features/blog/components/BlogEditor.tsx(425,9): error TS2339: Property 'div' does not exist on type 'JSX.IntrinsicElements'.
features/blog/components/BlogEditor.tsx(426,7): error TS2339: Property 'header' does not exist on type 'JSX.IntrinsicElements'.
features/blog/components/BlogEditor.tsx(429,7): error TS2339: Property 'div' does not exist on type 'JSX.IntrinsicElements'.
features/blog/components/BlogEditor.tsx(432,9): error TS2339: Property 'aside' does not exist on type 'JSX.IntrinsicElements'.
features/blog/components/BlogEditor.tsx(435,11): error TS2339: Property 'div' does not exist on type 'JSX.IntrinsicElements'.
features/blog/components/BlogEditor.tsx(436,13): error TS2339: Property 'h4' does not exist on type 'JSX.IntrinsicElements'.
features/blog/components/BlogEditor.tsx(438,13): error TS2339: Property 'h4' does not exist on type 'JSX.IntrinsicElements'.
features/blog/components/BlogEditor.tsx(439,13): error TS2339: Property 'div' does not exist on type 'JSX.IntrinsicElements'.
features/blog/components/BlogEditor.tsx(440,15): error TS2339: Property 'div' does not exist on type 'JSX.IntrinsicElements'.
features/blog/components/BlogEditor.tsx(442,17): error TS2339: Property 'div' does not exist on type 'JSX.IntrinsicElements'.
features/blog/components/BlogEditor.tsx(443,19): error TS2339: Property 'div' does not exist on type 'JSX.IntrinsicElements'.
features/blog/components/BlogEditor.tsx(444,19): error TS2339: Property 'span' does not exist on type 'JSX.IntrinsicElements'.
features/blog/components/BlogEditor.tsx(444,80): error TS2339: Property 'span' does not exist on type 'JSX.IntrinsicElements'.
features/blog/components/BlogEditor.tsx(445,17): error TS2339: Property 'div' does not exist on type 'JSX.IntrinsicElements'.
features/blog/components/BlogEditor.tsx(447,17): error TS2339: Property 'p' does not exist on type 'JSX.IntrinsicElements'.
features/blog/components/BlogEditor.tsx(447,91): error TS2339: Property 'p' does not exist on type 'JSX.IntrinsicElements'.
features/blog/components/BlogEditor.tsx(449,13): error TS2339: Property 'div' does not exist on type 'JSX.IntrinsicElements'.
features/blog/components/BlogEditor.tsx(450,11): error TS2339: Property 'div' does not exist on type 'JSX.IntrinsicElements'.
features/blog/components/BlogEditor.tsx(453,9): error TS2339: Property 'aside' does not exist on type 'JSX.IntrinsicElements'.
features/blog/components/BlogEditor.tsx(456,9): error TS2339: Property 'main' does not exist on type 'JSX.IntrinsicElements'.
features/blog/components/BlogEditor.tsx(467,17): error TS2339: Property 'div' does not exist on type 'JSX.IntrinsicElements'.
features/blog/components/BlogEditor.tsx(471,19): error TS2339: Property 'div' does not exist on type 'JSX.IntrinsicElements'.
features/blog/components/BlogEditor.tsx(475,19): error TS2339: Property 'div' does not exist on type 'JSX.IntrinsicElements'.
features/blog/components/BlogEditor.tsx(481,19): error TS2339: Property 'div' does not exist on type 'JSX.IntrinsicElements'.
features/blog/components/BlogEditor.tsx(483,17): error TS2339: Property 'div' does not exist on type 'JSX.IntrinsicElements'.
features/blog/components/BlogEditor.tsx(494,23): error TS2339: Property 'div' does not exist on type 'JSX.IntrinsicElements'.
features/blog/components/BlogEditor.tsx(495,25): error TS2339: Property 'div' does not exist on type 'JSX.IntrinsicElements'.
features/blog/components/BlogEditor.tsx(497,25): error TS2339: Property 'div' does not exist on type 'JSX.IntrinsicElements'.
features/blog/components/BlogEditor.tsx(498,25): error TS2339: Property 'div' does not exist on type 'JSX.IntrinsicElements'.
features/blog/components/BlogEditor.tsx(507,25): error TS2339: Property 'div' does not exist on type 'JSX.IntrinsicElements'.
features/blog/components/BlogEditor.tsx(508,25): error TS2339: Property 'div' does not exist on type 'JSX.IntrinsicElements'.
features/blog/components/BlogEditor.tsx(509,27): error TS2339: Property 'input' does not exist on type 'JSX.IntrinsicElements'.
features/blog/components/BlogEditor.tsx(517,27): error TS2339: Property 'button' does not exist on type 'JSX.IntrinsicElements'.
features/blog/components/BlogEditor.tsx(524,27): error TS2339: Property 'button' does not exist on type 'JSX.IntrinsicElements'.
features/blog/components/BlogEditor.tsx(525,25): error TS2339: Property 'div' does not exist on type 'JSX.IntrinsicElements'.
features/blog/components/BlogEditor.tsx(526,23): error TS2339: Property 'div' does not exist on type 'JSX.IntrinsicElements'.
features/blog/components/BlogEditor.tsx(531,17): error TS2339: Property 'div' does not exist on type 'JSX.IntrinsicElements'.
features/blog/components/BlogEditor.tsx(532,19): error TS2339: Property 'div' does not exist on type 'JSX.IntrinsicElements'.
features/blog/components/BlogEditor.tsx(533,21): error TS2339: Property 'input' does not exist on type 'JSX.IntrinsicElements'.
features/blog/components/BlogEditor.tsx(541,21): error TS2339: Property 'textarea' does not exist on type 'JSX.IntrinsicElements'.
features/blog/components/BlogEditor.tsx(548,19): error TS2339: Property 'div' does not exist on type 'JSX.IntrinsicElements'.
features/blog/components/BlogEditor.tsx(549,17): error TS2339: Property 'div' does not exist on type 'JSX.IntrinsicElements'.
features/blog/components/BlogEditor.tsx(559,17): error TS2339: Property 'div' does not exist on type 'JSX.IntrinsicElements'.
features/blog/components/BlogEditor.tsx(560,19): error TS2339: Property 'div' does not exist on type 'JSX.IntrinsicElements'.
features/blog/components/BlogEditor.tsx(561,21): error TS2339: Property 'img' does not exist on type 'JSX.IntrinsicElements'.
features/blog/components/BlogEditor.tsx(562,21): error TS2339: Property 'div' does not exist on type 'JSX.IntrinsicElements'.
features/blog/components/BlogEditor.tsx(563,21): error TS2339: Property 'div' does not exist on type 'JSX.IntrinsicElements'.
features/blog/components/BlogEditor.tsx(564,23): error TS2339: Property 'span' does not exist on type 'JSX.IntrinsicElements'.
features/blog/components/BlogEditor.tsx(564,201): error TS2339: Property 'span' does not exist on type 'JSX.IntrinsicElements'.
features/blog/components/BlogEditor.tsx(565,23): error TS2339: Property 'h1' does not exist on type 'JSX.IntrinsicElements'.
features/blog/components/BlogEditor.tsx(565,166): error TS2339: Property 'h1' does not exist on type 'JSX.IntrinsicElements'.
features/blog/components/BlogEditor.tsx(566,21): error TS2339: Property 'div' does not exist on type 'JSX.IntrinsicElements'.
features/blog/components/BlogEditor.tsx(567,19): error TS2339: Property 'div' does not exist on type 'JSX.IntrinsicElements'.
features/blog/components/BlogEditor.tsx(569,17): error TS2339: Property 'div' does not exist on type 'JSX.IntrinsicElements'.
features/blog/components/BlogEditor.tsx(579,17): error TS2339: Property 'div' does not exist on type 'JSX.IntrinsicElements'.
features/blog/components/BlogEditor.tsx(581,19): error TS2339: Property 'div' does not exist on type 'JSX.IntrinsicElements'.
features/blog/components/BlogEditor.tsx(584,21): error TS2339: Property 'div' does not exist on type 'JSX.IntrinsicElements'.
features/blog/components/BlogEditor.tsx(585,19): error TS2339: Property 'div' does not exist on type 'JSX.IntrinsicElements'.
features/blog/components/BlogEditor.tsx(587,19): error TS2339: Property 'div' does not exist on type 'JSX.IntrinsicElements'.
features/blog/components/BlogEditor.tsx(588,21): error TS2339: Property 'h3' does not exist on type 'JSX.IntrinsicElements'.
features/blog/components/BlogEditor.tsx(590,21): error TS2339: Property 'h3' does not exist on type 'JSX.IntrinsicElements'.
features/blog/components/BlogEditor.tsx(591,21): error TS2339: Property 'div' does not exist on type 'JSX.IntrinsicElements'.
features/blog/components/BlogEditor.tsx(594,21): error TS2339: Property 'div' does not exist on type 'JSX.IntrinsicElements'.
features/blog/components/BlogEditor.tsx(595,19): error TS2339: Property 'div' does not exist on type 'JSX.IntrinsicElements'.
features/blog/components/BlogEditor.tsx(597,19): error TS2339: Property 'div' does not exist on type 'JSX.IntrinsicElements'.
features/blog/components/BlogEditor.tsx(598,21): error TS2339: Property 'h3' does not exist on type 'JSX.IntrinsicElements'.
features/blog/components/BlogEditor.tsx(600,21): error TS2339: Property 'h3' does not exist on type 'JSX.IntrinsicElements'.
features/blog/components/BlogEditor.tsx(601,21): error TS2339: Property 'div' does not exist on type 'JSX.IntrinsicElements'.
features/blog/components/BlogEditor.tsx(604,23): error TS2339: Property 'div' does not exist on type 'JSX.IntrinsicElements'.
features/blog/components/BlogEditor.tsx(605,25): error TS2339: Property 'label' does not exist on type 'JSX.IntrinsicElements'.
features/blog/components/BlogEditor.tsx(605,134): error TS2339: Property 'label' does not exist on type 'JSX.IntrinsicElements'.
features/blog/components/BlogEditor.tsx(606,25): error TS2339: Property 'div' does not exist on type 'JSX.IntrinsicElements'.
features/blog/components/BlogEditor.tsx(608,29): error TS2339: Property 'span' does not exist on type 'JSX.IntrinsicElements'.
features/blog/components/BlogEditor.tsx(609,35): error TS2339: Property 'button' does not exist on type 'JSX.IntrinsicElements'.
features/blog/components/BlogEditor.tsx(609,179): error TS2339: Property 'button' does not exist on type 'JSX.IntrinsicElements'.
features/blog/components/BlogEditor.tsx(610,29): error TS2339: Property 'span' does not exist on type 'JSX.IntrinsicElements'.
features/blog/components/BlogEditor.tsx(612,25): error TS2339: Property 'div' does not exist on type 'JSX.IntrinsicElements'.
features/blog/components/BlogEditor.tsx(613,25): error TS2339: Property 'input' does not exist on type 'JSX.IntrinsicElements'.
features/blog/components/BlogEditor.tsx(619,23): error TS2339: Property 'div' does not exist on type 'JSX.IntrinsicElements'.
features/blog/components/BlogEditor.tsx(620,21): error TS2339: Property 'div' does not exist on type 'JSX.IntrinsicElements'.
features/blog/components/BlogEditor.tsx(621,19): error TS2339: Property 'div' does not exist on type 'JSX.IntrinsicElements'.
features/blog/components/BlogEditor.tsx(623,19): error TS2339: Property 'div' does not exist on type 'JSX.IntrinsicElements'.
features/blog/components/BlogEditor.tsx(624,21): error TS2339: Property 'div' does not exist on type 'JSX.IntrinsicElements'.
features/blog/components/BlogEditor.tsx(625,23): error TS2339: Property 'h4' does not exist on type 'JSX.IntrinsicElements'.
features/blog/components/BlogEditor.tsx(625,88): error TS2339: Property 'h4' does not exist on type 'JSX.IntrinsicElements'.
features/blog/components/BlogEditor.tsx(626,23): error TS2339: Property 'p' does not exist on type 'JSX.IntrinsicElements'.
features/blog/components/BlogEditor.tsx(626,107): error TS2339: Property 'p' does not exist on type 'JSX.IntrinsicElements'.
features/blog/components/BlogEditor.tsx(627,21): error TS2339: Property 'div' does not exist on type 'JSX.IntrinsicElements'.
features/blog/components/BlogEditor.tsx(628,21): error TS2339: Property 'button' does not exist on type 'JSX.IntrinsicElements'.
features/blog/components/BlogEditor.tsx(630,21): error TS2339: Property 'button' does not exist on type 'JSX.IntrinsicElements'.
features/blog/components/BlogEditor.tsx(631,19): error TS2339: Property 'div' does not exist on type 'JSX.IntrinsicElements'.
features/blog/components/BlogEditor.tsx(632,17): error TS2339: Property 'div' does not exist on type 'JSX.IntrinsicElements'.
features/blog/components/BlogEditor.tsx(636,9): error TS2339: Property 'main' does not exist on type 'JSX.IntrinsicElements'.
features/blog/components/BlogEditor.tsx(637,7): error TS2339: Property 'div' does not exist on type 'JSX.IntrinsicElements'.
features/blog/components/BlogEditor.tsx(643,3): error TS2339: Property 'button' does not exist on type 'JSX.IntrinsicElements'.
features/blog/components/BlogEditor.tsx(649,15): error TS2339: Property 'span' does not exist on type 'JSX.IntrinsicElements'.
features/blog/components/BlogEditor.tsx(649,89): error TS2339: Property 'span' does not exist on type 'JSX.IntrinsicElements'.
features/blog/components/BlogEditor.tsx(650,3): error TS2339: Property 'button' does not exist on type 'JSX.IntrinsicElements'.
features/blog/components/BlogEditor.tsx(654,3): error TS2339: Property 'div' does not exist on type 'JSX.IntrinsicElements'.
features/blog/components/BlogEditor.tsx(655,5): error TS2339: Property 'label' does not exist on type 'JSX.IntrinsicElements'.
features/blog/components/BlogEditor.tsx(655,99): error TS2339: Property 'label' does not exist on type 'JSX.IntrinsicElements'.
features/blog/components/BlogEditor.tsx(656,5): error TS2339: Property 'input' does not exist on type 'JSX.IntrinsicElements'.
features/blog/components/BlogEditor.tsx(663,3): error TS2339: Property 'div' does not exist on type 'JSX.IntrinsicElements'.
features/blog/components/BlogEditor.tsx(667,3): error TS2339: Property 'div' does not exist on type 'JSX.IntrinsicElements'.
features/blog/components/BlogEditor.tsx(668,5): error TS2339: Property 'label' does not exist on type 'JSX.IntrinsicElements'.
features/blog/components/BlogEditor.tsx(668,99): error TS2339: Property 'label' does not exist on type 'JSX.IntrinsicElements'.
features/blog/components/BlogEditor.tsx(669,5): error TS2339: Property 'textarea' does not exist on type 'JSX.IntrinsicElements'.
features/blog/components/BlogEditor.tsx(675,3): error TS2339: Property 'div' does not exist on type 'JSX.IntrinsicElements'.
features/blog/components/BlogList.tsx(32,10): error TS2339: Property 'div' does not exist on type 'JSX.IntrinsicElements'.
features/blog/components/BlogList.tsx(34,13): error TS2339: Property 'div' does not exist on type 'JSX.IntrinsicElements'.
features/blog/components/BlogList.tsx(36,13): error TS2339: Property 'div' does not exist on type 'JSX.IntrinsicElements'.
features/blog/components/BlogList.tsx(38,16): error TS2339: Property 'div' does not exist on type 'JSX.IntrinsicElements'.
features/blog/components/BlogList.tsx(39,19): error TS2339: Property 'div' does not exist on type 'JSX.IntrinsicElements'.
features/blog/components/BlogList.tsx(40,22): error TS2339: Property 'span' does not exist on type 'JSX.IntrinsicElements'.
features/blog/components/BlogList.tsx(43,22): error TS2339: Property 'span' does not exist on type 'JSX.IntrinsicElements'.
features/blog/components/BlogList.tsx(44,22): error TS2339: Property 'span' does not exist on type 'JSX.IntrinsicElements'.
features/blog/components/BlogList.tsx(44,114): error TS2339: Property 'span' does not exist on type 'JSX.IntrinsicElements'.
features/blog/components/BlogList.tsx(45,19): error TS2339: Property 'div' does not exist on type 'JSX.IntrinsicElements'.
features/blog/components/BlogList.tsx(46,19): error TS2339: Property 'button' does not exist on type 'JSX.IntrinsicElements'.
features/blog/components/BlogList.tsx(51,19): error TS2339: Property 'button' does not exist on type 'JSX.IntrinsicElements'.
features/blog/components/BlogList.tsx(52,16): error TS2339: Property 'div' does not exist on type 'JSX.IntrinsicElements'.
features/blog/components/BlogList.tsx(65,19): error TS2339: Property 'div' does not exist on type 'JSX.IntrinsicElements'.
features/blog/components/BlogList.tsx(67,25): error TS2339: Property 'button' does not exist on type 'JSX.IntrinsicElements'.
features/blog/components/BlogList.tsx(73,25): error TS2339: Property 'button' does not exist on type 'JSX.IntrinsicElements'.
features/blog/components/BlogList.tsx(75,19): error TS2339: Property 'div' does not exist on type 'JSX.IntrinsicElements'.
features/blog/components/BlogList.tsx(78,19): error TS2339: Property 'div' does not exist on type 'JSX.IntrinsicElements'.
features/blog/components/BlogList.tsx(79,22): error TS2339: Property 'div' does not exist on type 'JSX.IntrinsicElements'.
features/blog/components/BlogList.tsx(80,25): error TS2339: Property 'button' does not exist on type 'JSX.IntrinsicElements'.
features/blog/components/BlogList.tsx(80,314): error TS2339: Property 'button' does not exist on type 'JSX.IntrinsicElements'.
features/blog/components/BlogList.tsx(81,25): error TS2339: Property 'button' does not exist on type 'JSX.IntrinsicElements'.
features/blog/components/BlogList.tsx(81,317): error TS2339: Property 'button' does not exist on type 'JSX.IntrinsicElements'.
features/blog/components/BlogList.tsx(82,22): error TS2339: Property 'div' does not exist on type 'JSX.IntrinsicElements'.
features/blog/components/BlogList.tsx(83,22): error TS2339: Property 'div' does not exist on type 'JSX.IntrinsicElements'.
features/blog/components/BlogList.tsx(85,25): error TS2339: Property 'input' does not exist on type 'JSX.IntrinsicElements'.
features/blog/components/BlogList.tsx(92,22): error TS2339: Property 'div' does not exist on type 'JSX.IntrinsicElements'.
features/blog/components/BlogList.tsx(93,19): error TS2339: Property 'div' does not exist on type 'JSX.IntrinsicElements'.
features/blog/components/BlogList.tsx(95,13): error TS2339: Property 'div' does not exist on type 'JSX.IntrinsicElements'.
features/blog/components/BlogList.tsx(96,10): error TS2339: Property 'div' does not exist on type 'JSX.IntrinsicElements'.
features/blog/components/BlogList.tsx(100,13): error TS2339: Property 'div' does not exist on type 'JSX.IntrinsicElements'.
features/blog/components/BlogList.tsx(102,13): error TS2339: Property 'div' does not exist on type 'JSX.IntrinsicElements'.
features/blog/components/BlogList.tsx(104,13): error TS2339: Property 'div' does not exist on type 'JSX.IntrinsicElements'.
features/blog/components/BlogList.tsx(106,16): error TS2339: Property 'p' does not exist on type 'JSX.IntrinsicElements'.
features/blog/components/BlogList.tsx(106,76): error TS2339: Property 'p' does not exist on type 'JSX.IntrinsicElements'.
features/blog/components/BlogList.tsx(107,16): error TS2339: Property 'button' does not exist on type 'JSX.IntrinsicElements'.
features/blog/components/BlogList.tsx(107,148): error TS2339: Property 'button' does not exist on type 'JSX.IntrinsicElements'.
features/blog/components/BlogList.tsx(108,13): error TS2339: Property 'div' does not exist on type 'JSX.IntrinsicElements'.
features/blog/components/BlogList.tsx(110,13): error TS2339: Property 'div' does not exist on type 'JSX.IntrinsicElements'.
features/blog/components/BlogList.tsx(119,22): error TS2339: Property 'div' does not exist on type 'JSX.IntrinsicElements'.
features/blog/components/BlogList.tsx(120,22): error TS2339: Property 'div' does not exist on type 'JSX.IntrinsicElements'.
features/blog/components/BlogList.tsx(121,25): error TS2339: Property 'span' does not exist on type 'JSX.IntrinsicElements'.
features/blog/components/BlogList.tsx(121,158): error TS2339: Property 'span' does not exist on type 'JSX.IntrinsicElements'.
features/blog/components/BlogList.tsx(122,25): error TS2339: Property 'h2' does not exist on type 'JSX.IntrinsicElements'.
features/blog/components/BlogList.tsx(122,189): error TS2339: Property 'h2' does not exist on type 'JSX.IntrinsicElements'.
features/blog/components/BlogList.tsx(123,25): error TS2339: Property 'p' does not exist on type 'JSX.IntrinsicElements'.
features/blog/components/BlogList.tsx(123,150): error TS2339: Property 'p' does not exist on type 'JSX.IntrinsicElements'.
features/blog/components/BlogList.tsx(124,25): error TS2339: Property 'div' does not exist on type 'JSX.IntrinsicElements'.
features/blog/components/BlogList.tsx(125,28): error TS2339: Property 'span' does not exist on type 'JSX.IntrinsicElements'.
features/blog/components/BlogList.tsx(125,70): error TS2339: Property 'img' does not exist on type 'JSX.IntrinsicElements'.
features/blog/components/BlogList.tsx(125,250): error TS2339: Property 'span' does not exist on type 'JSX.IntrinsicElements'.
features/blog/components/BlogList.tsx(126,28): error TS2339: Property 'span' does not exist on type 'JSX.IntrinsicElements'.
features/blog/components/BlogList.tsx(126,122): error TS2339: Property 'span' does not exist on type 'JSX.IntrinsicElements'.
features/blog/components/BlogList.tsx(127,25): error TS2339: Property 'div' does not exist on type 'JSX.IntrinsicElements'.
features/blog/components/BlogList.tsx(128,22): error TS2339: Property 'div' does not exist on type 'JSX.IntrinsicElements'.
features/blog/components/BlogList.tsx(133,16): error TS2339: Property 'div' does not exist on type 'JSX.IntrinsicElements'.
features/blog/components/BlogList.tsx(144,25): error TS2339: Property 'div' does not exist on type 'JSX.IntrinsicElements'.
features/blog/components/BlogList.tsx(153,28): error TS2339: Property 'div' does not exist on type 'JSX.IntrinsicElements'.
features/blog/components/BlogList.tsx(155,28): error TS2339: Property 'div' does not exist on type 'JSX.IntrinsicElements'.
features/blog/components/BlogList.tsx(156,25): error TS2339: Property 'div' does not exist on type 'JSX.IntrinsicElements'.
features/blog/components/BlogList.tsx(157,25): error TS2339: Property 'div' does not exist on type 'JSX.IntrinsicElements'.
features/blog/components/BlogList.tsx(158,28): error TS2339: Property 'div' does not exist on type 'JSX.IntrinsicElements'.
features/blog/components/BlogList.tsx(160,28): error TS2339: Property 'div' does not exist on type 'JSX.IntrinsicElements'.
features/blog/components/BlogList.tsx(161,28): error TS2339: Property 'h3' does not exist on type 'JSX.IntrinsicElements'.
features/blog/components/BlogList.tsx(161,158): error TS2339: Property 'h3' does not exist on type 'JSX.IntrinsicElements'.
features/blog/components/BlogList.tsx(162,28): error TS2339: Property 'p' does not exist on type 'JSX.IntrinsicElements'.
features/blog/components/BlogList.tsx(162,120): error TS2339: Property 'p' does not exist on type 'JSX.IntrinsicElements'.
features/blog/components/BlogList.tsx(163,28): error TS2339: Property 'div' does not exist on type 'JSX.IntrinsicElements'.
features/blog/components/BlogList.tsx(164,31): error TS2339: Property 'div' does not exist on type 'JSX.IntrinsicElements'.
features/blog/components/BlogList.tsx(165,34): error TS2339: Property 'span' does not exist on type 'JSX.IntrinsicElements'.
features/blog/components/BlogList.tsx(165,86): error TS2339: Property 'span' does not exist on type 'JSX.IntrinsicElements'.
features/blog/components/BlogList.tsx(166,31): error TS2339: Property 'div' does not exist on type 'JSX.IntrinsicElements'.
features/blog/components/BlogList.tsx(167,31): error TS2339: Property 'div' does not exist on type 'JSX.IntrinsicElements'.
features/blog/components/BlogList.tsx(168,34): error TS2339: Property 'span' does not exist on type 'JSX.IntrinsicElements'.
features/blog/components/BlogList.tsx(168,106): error TS2339: Property 'span' does not exist on type 'JSX.IntrinsicElements'.
features/blog/components/BlogList.tsx(169,34): error TS2339: Property 'span' does not exist on type 'JSX.IntrinsicElements'.
features/blog/components/BlogList.tsx(169,108): error TS2339: Property 'span' does not exist on type 'JSX.IntrinsicElements'.
features/blog/components/BlogList.tsx(170,31): error TS2339: Property 'div' does not exist on type 'JSX.IntrinsicElements'.
features/blog/components/BlogList.tsx(171,28): error TS2339: Property 'div' does not exist on type 'JSX.IntrinsicElements'.
features/blog/components/BlogList.tsx(172,25): error TS2339: Property 'div' does not exist on type 'JSX.IntrinsicElements'.
features/blog/components/BlogList.tsx(175,16): error TS2339: Property 'div' does not exist on type 'JSX.IntrinsicElements'.
features/blog/components/BlogList.tsx(176,13): error TS2339: Property 'div' does not exist on type 'JSX.IntrinsicElements'.
features/blog/components/BlogPost.tsx(72,10): error TS2339: Property 'div' does not exist on type 'JSX.IntrinsicElements'.
features/blog/components/BlogPost.tsx(73,13): error TS2339: Property 'button' does not exist on type 'JSX.IntrinsicElements'.
features/blog/components/BlogPost.tsx(73,207): error TS2339: Property 'button' does not exist on type 'JSX.IntrinsicElements'.
features/blog/components/BlogPost.tsx(74,13): error TS2339: Property 'div' does not exist on type 'JSX.IntrinsicElements'.
features/blog/components/BlogPost.tsx(75,16): error TS2339: Property 'button' does not exist on type 'JSX.IntrinsicElements'.
features/blog/components/BlogPost.tsx(75,228): error TS2339: Property 'button' does not exist on type 'JSX.IntrinsicElements'.
features/blog/components/BlogPost.tsx(76,16): error TS2339: Property 'button' does not exist on type 'JSX.IntrinsicElements'.
features/blog/components/BlogPost.tsx(76,259): error TS2339: Property 'button' does not exist on type 'JSX.IntrinsicElements'.
features/blog/components/BlogPost.tsx(77,13): error TS2339: Property 'div' does not exist on type 'JSX.IntrinsicElements'.
features/blog/components/BlogPost.tsx(78,10): error TS2339: Property 'div' does not exist on type 'JSX.IntrinsicElements'.
features/blog/components/BlogPost.tsx(98,22): error TS2339: Property 'div' does not exist on type 'JSX.IntrinsicElements'.
features/blog/components/BlogPost.tsx(99,25): error TS2339: Property 'h3' does not exist on type 'JSX.IntrinsicElements'.
features/blog/components/BlogPost.tsx(99,93): error TS2339: Property 'h3' does not exist on type 'JSX.IntrinsicElements'.
features/blog/components/BlogPost.tsx(100,25): error TS2339: Property 'button' does not exist on type 'JSX.IntrinsicElements'.
features/blog/components/BlogPost.tsx(100,165): error TS2339: Property 'button' does not exist on type 'JSX.IntrinsicElements'.
features/blog/components/BlogPost.tsx(101,22): error TS2339: Property 'div' does not exist on type 'JSX.IntrinsicElements'.
features/blog/components/BlogPost.tsx(102,22): error TS2339: Property 'div' does not exist on type 'JSX.IntrinsicElements'.
features/blog/components/BlogPost.tsx(104,22): error TS2339: Property 'div' does not exist on type 'JSX.IntrinsicElements'.
features/blog/components/BlogPost.tsx(110,10): error TS2339: Property 'button' does not exist on type 'JSX.IntrinsicElements'.
features/blog/components/BlogPost.tsx(112,10): error TS2339: Property 'button' does not exist on type 'JSX.IntrinsicElements'.
features/blog/components/BlogPost.tsx(117,16): error TS2339: Property 'img' does not exist on type 'JSX.IntrinsicElements'.
features/blog/components/BlogPost.tsx(118,16): error TS2339: Property 'div' does not exist on type 'JSX.IntrinsicElements'.
features/blog/components/BlogPost.tsx(119,16): error TS2339: Property 'div' does not exist on type 'JSX.IntrinsicElements'.
features/blog/components/BlogPost.tsx(120,19): error TS2339: Property 'div' does not exist on type 'JSX.IntrinsicElements'.
features/blog/components/BlogPost.tsx(120,60): error TS2339: Property 'span' does not exist on type 'JSX.IntrinsicElements'.
features/blog/components/BlogPost.tsx(120,209): error TS2339: Property 'span' does not exist on type 'JSX.IntrinsicElements'.
features/blog/components/BlogPost.tsx(120,216): error TS2339: Property 'div' does not exist on type 'JSX.IntrinsicElements'.
features/blog/components/BlogPost.tsx(121,19): error TS2339: Property 'h1' does not exist on type 'JSX.IntrinsicElements'.
features/blog/components/BlogPost.tsx(121,156): error TS2339: Property 'h1' does not exist on type 'JSX.IntrinsicElements'.
features/blog/components/BlogPost.tsx(122,19): error TS2339: Property 'div' does not exist on type 'JSX.IntrinsicElements'.
features/blog/components/BlogPost.tsx(123,22): error TS2339: Property 'div' does not exist on type 'JSX.IntrinsicElements'.
features/blog/components/BlogPost.tsx(123,63): error TS2339: Property 'div' does not exist on type 'JSX.IntrinsicElements'.
features/blog/components/BlogPost.tsx(123,166): error TS2339: Property 'img' does not exist on type 'JSX.IntrinsicElements'.
features/blog/components/BlogPost.tsx(123,288): error TS2339: Property 'div' does not exist on type 'JSX.IntrinsicElements'.
features/blog/components/BlogPost.tsx(123,294): error TS2339: Property 'span' does not exist on type 'JSX.IntrinsicElements'.
features/blog/components/BlogPost.tsx(123,346): error TS2339: Property 'span' does not exist on type 'JSX.IntrinsicElements'.
features/blog/components/BlogPost.tsx(123,353): error TS2339: Property 'div' does not exist on type 'JSX.IntrinsicElements'.
features/blog/components/BlogPost.tsx(124,22): error TS2339: Property 'span' does not exist on type 'JSX.IntrinsicElements'.
features/blog/components/BlogPost.tsx(124,69): error TS2339: Property 'span' does not exist on type 'JSX.IntrinsicElements'.
features/blog/components/BlogPost.tsx(124,76): error TS2339: Property 'span' does not exist on type 'JSX.IntrinsicElements'.
features/blog/components/BlogPost.tsx(124,163): error TS2339: Property 'span' does not exist on type 'JSX.IntrinsicElements'.
features/blog/components/BlogPost.tsx(124,170): error TS2339: Property 'span' does not exist on type 'JSX.IntrinsicElements'.
features/blog/components/BlogPost.tsx(124,267): error TS2339: Property 'span' does not exist on type 'JSX.IntrinsicElements'.
features/blog/components/BlogPost.tsx(125,19): error TS2339: Property 'div' does not exist on type 'JSX.IntrinsicElements'.
features/blog/components/BlogPost.tsx(126,16): error TS2339: Property 'div' does not exist on type 'JSX.IntrinsicElements'.
features/blog/components/BlogPost.tsx(129,13): error TS2339: Property 'div' does not exist on type 'JSX.IntrinsicElements'.
features/blog/components/BlogPost.tsx(135,19): error TS2339: Property 'div' does not exist on type 'JSX.IntrinsicElements'.
features/blog/components/BlogPost.tsx(136,22): error TS2339: Property 'div' does not exist on type 'JSX.IntrinsicElements'.
features/blog/components/BlogPost.tsx(137,25): error TS2339: Property 'button' does not exist on type 'JSX.IntrinsicElements'.
features/blog/components/BlogPost.tsx(137,266): error TS2339: Property 'span' does not exist on type 'JSX.IntrinsicElements'.
features/blog/components/BlogPost.tsx(137,338): error TS2339: Property 'span' does not exist on type 'JSX.IntrinsicElements'.
features/blog/components/BlogPost.tsx(137,345): error TS2339: Property 'button' does not exist on type 'JSX.IntrinsicElements'.
features/blog/components/BlogPost.tsx(138,25): error TS2339: Property 'button' does not exist on type 'JSX.IntrinsicElements'.
features/blog/components/BlogPost.tsx(138,238): error TS2339: Property 'span' does not exist on type 'JSX.IntrinsicElements'.
features/blog/components/BlogPost.tsx(138,323): error TS2339: Property 'span' does not exist on type 'JSX.IntrinsicElements'.
features/blog/components/BlogPost.tsx(138,330): error TS2339: Property 'button' does not exist on type 'JSX.IntrinsicElements'.
features/blog/components/BlogPost.tsx(139,22): error TS2339: Property 'div' does not exist on type 'JSX.IntrinsicElements'.
features/blog/components/BlogPost.tsx(140,22): error TS2339: Property 'div' does not exist on type 'JSX.IntrinsicElements'.
features/blog/components/BlogPost.tsx(141,43): error TS2339: Property 'button' does not exist on type 'JSX.IntrinsicElements'.
features/blog/components/BlogPost.tsx(141,185): error TS2339: Property 'button' does not exist on type 'JSX.IntrinsicElements'.
features/blog/components/BlogPost.tsx(142,25): error TS2339: Property 'div' does not exist on type 'JSX.IntrinsicElements'.
features/blog/components/BlogPost.tsx(143,28): error TS2339: Property 'button' does not exist on type 'JSX.IntrinsicElements'.
features/blog/components/BlogPost.tsx(143,231): error TS2339: Property 'button' does not exist on type 'JSX.IntrinsicElements'.
features/blog/components/BlogPost.tsx(152,37): error TS2339: Property 'button' does not exist on type 'JSX.IntrinsicElements'.
features/blog/components/BlogPost.tsx(154,37): error TS2339: Property 'button' does not exist on type 'JSX.IntrinsicElements'.
features/blog/components/BlogPost.tsx(155,37): error TS2339: Property 'button' does not exist on type 'JSX.IntrinsicElements'.
features/blog/components/BlogPost.tsx(157,37): error TS2339: Property 'button' does not exist on type 'JSX.IntrinsicElements'.
features/blog/components/BlogPost.tsx(158,37): error TS2339: Property 'button' does not exist on type 'JSX.IntrinsicElements'.
features/blog/components/BlogPost.tsx(160,37): error TS2339: Property 'button' does not exist on type 'JSX.IntrinsicElements'.
features/blog/components/BlogPost.tsx(164,25): error TS2339: Property 'div' does not exist on type 'JSX.IntrinsicElements'.
features/blog/components/BlogPost.tsx(165,22): error TS2339: Property 'div' does not exist on type 'JSX.IntrinsicElements'.
features/blog/components/BlogPost.tsx(166,19): error TS2339: Property 'div' does not exist on type 'JSX.IntrinsicElements'.
features/blog/components/BlogPost.tsx(171,22): error TS2339: Property 'div' does not exist on type 'JSX.IntrinsicElements'.
features/blog/components/BlogPost.tsx(172,25): error TS2339: Property 'div' does not exist on type 'JSX.IntrinsicElements'.
features/blog/components/BlogPost.tsx(173,28): error TS2339: Property 'h3' does not exist on type 'JSX.IntrinsicElements'.
features/blog/components/BlogPost.tsx(175,28): error TS2339: Property 'h3' does not exist on type 'JSX.IntrinsicElements'.
features/blog/components/BlogPost.tsx(176,25): error TS2339: Property 'div' does not exist on type 'JSX.IntrinsicElements'.
features/blog/components/BlogPost.tsx(178,25): error TS2339: Property 'div' does not exist on type 'JSX.IntrinsicElements'.
features/blog/components/BlogPost.tsx(180,31): error TS2339: Property 'div' does not exist on type 'JSX.IntrinsicElements'.
features/blog/components/BlogPost.tsx(185,34): error TS2339: Property 'div' does not exist on type 'JSX.IntrinsicElements'.
features/blog/components/BlogPost.tsx(186,37): error TS2339: Property 'img' does not exist on type 'JSX.IntrinsicElements'.
features/blog/components/BlogPost.tsx(187,37): error TS2339: Property 'div' does not exist on type 'JSX.IntrinsicElements'.
features/blog/components/BlogPost.tsx(187,203): error TS2339: Property 'div' does not exist on type 'JSX.IntrinsicElements'.
features/blog/components/BlogPost.tsx(188,34): error TS2339: Property 'div' does not exist on type 'JSX.IntrinsicElements'.
features/blog/components/BlogPost.tsx(189,34): error TS2339: Property 'div' does not exist on type 'JSX.IntrinsicElements'.
features/blog/components/BlogPost.tsx(190,37): error TS2339: Property 'div' does not exist on type 'JSX.IntrinsicElements'.
features/blog/components/BlogPost.tsx(192,37): error TS2339: Property 'div' does not exist on type 'JSX.IntrinsicElements'.
features/blog/components/BlogPost.tsx(193,37): error TS2339: Property 'h4' does not exist on type 'JSX.IntrinsicElements'.
features/blog/components/BlogPost.tsx(193,168): error TS2339: Property 'h4' does not exist on type 'JSX.IntrinsicElements'.
features/blog/components/BlogPost.tsx(194,37): error TS2339: Property 'p' does not exist on type 'JSX.IntrinsicElements'.
features/blog/components/BlogPost.tsx(194,115): error TS2339: Property 'p' does not exist on type 'JSX.IntrinsicElements'.
features/blog/components/BlogPost.tsx(195,34): error TS2339: Property 'div' does not exist on type 'JSX.IntrinsicElements'.
features/blog/components/BlogPost.tsx(196,31): error TS2339: Property 'div' does not exist on type 'JSX.IntrinsicElements'.
features/blog/components/BlogPost.tsx(198,25): error TS2339: Property 'div' does not exist on type 'JSX.IntrinsicElements'.
features/blog/components/BlogPost.tsx(199,22): error TS2339: Property 'div' does not exist on type 'JSX.IntrinsicElements'.
features/blog/components/BlogPost.tsx(202,19): error TS2339: Property 'div' does not exist on type 'JSX.IntrinsicElements'.
features/blog/components/BlogPost.tsx(202,96): error TS2339: Property 'div' does not exist on type 'JSX.IntrinsicElements'.
features/blog/components/BlogPost.tsx(210,19): error TS2339: Property 'div' does not exist on type 'JSX.IntrinsicElements'.
features/blog/components/BlogPost.tsx(219,28): error TS2339: Property 'h4' does not exist on type 'JSX.IntrinsicElements'.
features/blog/components/BlogPost.tsx(219,161): error TS2339: Property 'h4' does not exist on type 'JSX.IntrinsicElements'.
features/blog/components/BlogPost.tsx(220,28): error TS2339: Property 'div' does not exist on type 'JSX.IntrinsicElements'.
features/blog/components/BlogPost.tsx(222,34): error TS2339: Property 'div' does not exist on type 'JSX.IntrinsicElements'.
features/blog/components/BlogPost.tsx(223,37): error TS2339: Property 'div' does not exist on type 'JSX.IntrinsicElements'.
features/blog/components/BlogPost.tsx(223,131): error TS2339: Property 'img' does not exist on type 'JSX.IntrinsicElements'.
features/blog/components/BlogPost.tsx(223,291): error TS2339: Property 'div' does not exist on type 'JSX.IntrinsicElements'.
features/blog/components/BlogPost.tsx(224,37): error TS2339: Property 'h5' does not exist on type 'JSX.IntrinsicElements'.
features/blog/components/BlogPost.tsx(224,155): error TS2339: Property 'h5' does not exist on type 'JSX.IntrinsicElements'.
features/blog/components/BlogPost.tsx(225,37): error TS2339: Property 'span' does not exist on type 'JSX.IntrinsicElements'.
features/blog/components/BlogPost.tsx(225,120): error TS2339: Property 'span' does not exist on type 'JSX.IntrinsicElements'.
features/blog/components/BlogPost.tsx(226,34): error TS2339: Property 'div' does not exist on type 'JSX.IntrinsicElements'.
features/blog/components/BlogPost.tsx(228,28): error TS2339: Property 'div' does not exist on type 'JSX.IntrinsicElements'.
features/blog/components/BlogPost.tsx(231,19): error TS2339: Property 'div' does not exist on type 'JSX.IntrinsicElements'.
features/blog/components/BlogPost.tsx(233,13): error TS2339: Property 'div' does not exist on type 'JSX.IntrinsicElements'.
features/blog/components/UserProfile.tsx(186,49): error TS2322: Type 'unknown' is not assignable to type 'string'.
features/blog/components/reader/AuthorBio.tsx(6,3): error TS2339: Property 'div' does not exist on type 'JSX.IntrinsicElements'.
features/blog/components/reader/AuthorBio.tsx(7,6): error TS2339: Property 'div' does not exist on type 'JSX.IntrinsicElements'.
features/blog/components/reader/AuthorBio.tsx(7,109): error TS2339: Property 'img' does not exist on type 'JSX.IntrinsicElements'.
features/blog/components/reader/AuthorBio.tsx(7,247): error TS2339: Property 'div' does not exist on type 'JSX.IntrinsicElements'.
features/blog/components/reader/AuthorBio.tsx(8,6): error TS2339: Property 'div' does not exist on type 'JSX.IntrinsicElements'.
features/blog/components/reader/AuthorBio.tsx(9,9): error TS2339: Property 'div' does not exist on type 'JSX.IntrinsicElements'.
features/blog/components/reader/AuthorBio.tsx(9,89): error TS2339: Property 'h4' does not exist on type 'JSX.IntrinsicElements'.
features/blog/components/reader/AuthorBio.tsx(9,147): error TS2339: Property 'h4' does not exist on type 'JSX.IntrinsicElements'.
features/blog/components/reader/AuthorBio.tsx(9,152): error TS2339: Property 'span' does not exist on type 'JSX.IntrinsicElements'.
features/blog/components/reader/AuthorBio.tsx(9,265): error TS2339: Property 'span' does not exist on type 'JSX.IntrinsicElements'.
features/blog/components/reader/AuthorBio.tsx(9,272): error TS2339: Property 'div' does not exist on type 'JSX.IntrinsicElements'.
features/blog/components/reader/AuthorBio.tsx(10,9): error TS2339: Property 'p' does not exist on type 'JSX.IntrinsicElements'.
features/blog/components/reader/AuthorBio.tsx(10,209): error TS2339: Property 'p' does not exist on type 'JSX.IntrinsicElements'.
features/blog/components/reader/AuthorBio.tsx(11,9): error TS2339: Property 'div' does not exist on type 'JSX.IntrinsicElements'.
features/blog/components/reader/AuthorBio.tsx(11,69): error TS2339: Property 'button' does not exist on type 'JSX.IntrinsicElements'.
features/blog/components/reader/AuthorBio.tsx(11,159): error TS2339: Property 'button' does not exist on type 'JSX.IntrinsicElements'.
features/blog/components/reader/AuthorBio.tsx(11,168): error TS2339: Property 'button' does not exist on type 'JSX.IntrinsicElements'.
features/blog/components/reader/AuthorBio.tsx(11,259): error TS2339: Property 'button' does not exist on type 'JSX.IntrinsicElements'.
features/blog/components/reader/AuthorBio.tsx(11,268): error TS2339: Property 'button' does not exist on type 'JSX.IntrinsicElements'.
features/blog/components/reader/AuthorBio.tsx(11,356): error TS2339: Property 'button' does not exist on type 'JSX.IntrinsicElements'.
features/blog/components/reader/AuthorBio.tsx(11,365): error TS2339: Property 'div' does not exist on type 'JSX.IntrinsicElements'.
features/blog/components/reader/AuthorBio.tsx(12,6): error TS2339: Property 'div' does not exist on type 'JSX.IntrinsicElements'.
features/blog/components/reader/AuthorBio.tsx(13,3): error TS2339: Property 'div' does not exist on type 'JSX.IntrinsicElements'.
features/blog/components/reader/CommentSection.tsx(57,41): error TS2339: Property 'getUser' does not exist on type '{ signInWithGoogle: () => Promise<void>; signInWithEmail: (email: string) => Promise<void>; signOut: () => Promise<void>; getSession: () => Promise<Session>; ... 8 more ...; verifyAdminServer: () => Promise<...>; }'.
features/blog/components/reader/CommentSection.tsx(73,7): error TS2339: Property 'div' does not exist on type 'JSX.IntrinsicElements'.
features/blog/components/reader/CommentSection.tsx(74,10): error TS2339: Property 'h3' does not exist on type 'JSX.IntrinsicElements'.
features/blog/components/reader/CommentSection.tsx(75,24): error TS2339: Property 'span' does not exist on type 'JSX.IntrinsicElements'.
features/blog/components/reader/CommentSection.tsx(75,166): error TS2339: Property 'span' does not exist on type 'JSX.IntrinsicElements'.
features/blog/components/reader/CommentSection.tsx(76,10): error TS2339: Property 'h3' does not exist on type 'JSX.IntrinsicElements'.
features/blog/components/reader/CommentSection.tsx(78,10): error TS2339: Property 'form' does not exist on type 'JSX.IntrinsicElements'.
features/blog/components/reader/CommentSection.tsx(79,13): error TS2339: Property 'h4' does not exist on type 'JSX.IntrinsicElements'.
features/blog/components/reader/CommentSection.tsx(81,13): error TS2339: Property 'h4' does not exist on type 'JSX.IntrinsicElements'.
features/blog/components/reader/CommentSection.tsx(82,13): error TS2339: Property 'div' does not exist on type 'JSX.IntrinsicElements'.
features/blog/components/reader/CommentSection.tsx(83,16): error TS2339: Property 'input' does not exist on type 'JSX.IntrinsicElements'.
features/blog/components/reader/CommentSection.tsx(90,13): error TS2339: Property 'div' does not exist on type 'JSX.IntrinsicElements'.
features/blog/components/reader/CommentSection.tsx(91,13): error TS2339: Property 'textarea' does not exist on type 'JSX.IntrinsicElements'.
features/blog/components/reader/CommentSection.tsx(97,13): error TS2339: Property 'div' does not exist on type 'JSX.IntrinsicElements'.
features/blog/components/reader/CommentSection.tsx(98,16): error TS2339: Property 'button' does not exist on type 'JSX.IntrinsicElements'.
features/blog/components/reader/CommentSection.tsx(100,16): error TS2339: Property 'button' does not exist on type 'JSX.IntrinsicElements'.
features/blog/components/reader/CommentSection.tsx(101,13): error TS2339: Property 'div' does not exist on type 'JSX.IntrinsicElements'.
features/blog/components/reader/CommentSection.tsx(102,10): error TS2339: Property 'form' does not exist on type 'JSX.IntrinsicElements'.
features/blog/components/reader/CommentSection.tsx(104,10): error TS2339: Property 'div' does not exist on type 'JSX.IntrinsicElements'.
features/blog/components/reader/CommentSection.tsx(106,16): error TS2339: Property 'div' does not exist on type 'JSX.IntrinsicElements'.
features/blog/components/reader/CommentSection.tsx(108,19): error TS2339: Property 'p' does not exist on type 'JSX.IntrinsicElements'.
features/blog/components/reader/CommentSection.tsx(108,105): error TS2339: Property 'p' does not exist on type 'JSX.IntrinsicElements'.
features/blog/components/reader/CommentSection.tsx(109,16): error TS2339: Property 'div' does not exist on type 'JSX.IntrinsicElements'.
features/blog/components/reader/CommentSection.tsx(112,19): error TS2339: Property 'div' does not exist on type 'JSX.IntrinsicElements'.
features/blog/components/reader/CommentSection.tsx(115,28): error TS2339: Property 'img' does not exist on type 'JSX.IntrinsicElements'.
features/blog/components/reader/CommentSection.tsx(118,25): error TS2339: Property 'img' does not exist on type 'JSX.IntrinsicElements'.
features/blog/components/reader/CommentSection.tsx(121,22): error TS2339: Property 'div' does not exist on type 'JSX.IntrinsicElements'.
features/blog/components/reader/CommentSection.tsx(122,25): error TS2339: Property 'div' does not exist on type 'JSX.IntrinsicElements'.
features/blog/components/reader/CommentSection.tsx(123,28): error TS2339: Property 'div' does not exist on type 'JSX.IntrinsicElements'.
features/blog/components/reader/CommentSection.tsx(129,34): error TS2339: Property 'span' does not exist on type 'JSX.IntrinsicElements'.
features/blog/components/reader/CommentSection.tsx(129,99): error TS2339: Property 'span' does not exist on type 'JSX.IntrinsicElements'.
features/blog/components/reader/CommentSection.tsx(131,31): error TS2339: Property 'span' does not exist on type 'JSX.IntrinsicElements'.
features/blog/components/reader/CommentSection.tsx(131,128): error TS2339: Property 'span' does not exist on type 'JSX.IntrinsicElements'.
features/blog/components/reader/CommentSection.tsx(132,28): error TS2339: Property 'div' does not exist on type 'JSX.IntrinsicElements'.
features/blog/components/reader/CommentSection.tsx(134,28): error TS2339: Property 'button' does not exist on type 'JSX.IntrinsicElements'.
features/blog/components/reader/CommentSection.tsx(140,28): error TS2339: Property 'button' does not exist on type 'JSX.IntrinsicElements'.
features/blog/components/reader/CommentSection.tsx(141,25): error TS2339: Property 'div' does not exist on type 'JSX.IntrinsicElements'.
features/blog/components/reader/CommentSection.tsx(143,25): error TS2339: Property 'div' does not exist on type 'JSX.IntrinsicElements'.
features/blog/components/reader/CommentSection.tsx(144,28): error TS2339: Property 'p' does not exist on type 'JSX.IntrinsicElements'.
features/blog/components/reader/CommentSection.tsx(144,118): error TS2339: Property 'p' does not exist on type 'JSX.IntrinsicElements'.
features/blog/components/reader/CommentSection.tsx(147,28): error TS2339: Property 'div' does not exist on type 'JSX.IntrinsicElements'.
features/blog/components/reader/CommentSection.tsx(148,31): error TS2339: Property 'button' does not exist on type 'JSX.IntrinsicElements'.
features/blog/components/reader/CommentSection.tsx(153,34): error TS2339: Property 'span' does not exist on type 'JSX.IntrinsicElements'.
features/blog/components/reader/CommentSection.tsx(153,62): error TS2339: Property 'span' does not exist on type 'JSX.IntrinsicElements'.
features/blog/components/reader/CommentSection.tsx(154,31): error TS2339: Property 'button' does not exist on type 'JSX.IntrinsicElements'.
features/blog/components/reader/CommentSection.tsx(156,31): error TS2339: Property 'button' does not exist on type 'JSX.IntrinsicElements'.
features/blog/components/reader/CommentSection.tsx(161,34): error TS2339: Property 'span' does not exist on type 'JSX.IntrinsicElements'.
features/blog/components/reader/CommentSection.tsx(161,64): error TS2339: Property 'span' does not exist on type 'JSX.IntrinsicElements'.
features/blog/components/reader/CommentSection.tsx(162,31): error TS2339: Property 'button' does not exist on type 'JSX.IntrinsicElements'.
features/blog/components/reader/CommentSection.tsx(164,31): error TS2339: Property 'button' does not exist on type 'JSX.IntrinsicElements'.
features/blog/components/reader/CommentSection.tsx(166,31): error TS2339: Property 'button' does not exist on type 'JSX.IntrinsicElements'.
features/blog/components/reader/CommentSection.tsx(167,28): error TS2339: Property 'div' does not exist on type 'JSX.IntrinsicElements'.
features/blog/components/reader/CommentSection.tsx(168,25): error TS2339: Property 'div' does not exist on type 'JSX.IntrinsicElements'.
features/blog/components/reader/CommentSection.tsx(179,34): error TS2339: Property 'div' does not exist on type 'JSX.IntrinsicElements'.
features/blog/components/reader/CommentSection.tsx(180,37): error TS2339: Property 'h5' does not exist on type 'JSX.IntrinsicElements'.
features/blog/components/reader/CommentSection.tsx(182,37): error TS2339: Property 'h5' does not exist on type 'JSX.IntrinsicElements'.
features/blog/components/reader/CommentSection.tsx(183,37): error TS2339: Property 'button' does not exist on type 'JSX.IntrinsicElements'.
features/blog/components/reader/CommentSection.tsx(185,37): error TS2339: Property 'button' does not exist on type 'JSX.IntrinsicElements'.
features/blog/components/reader/CommentSection.tsx(186,34): error TS2339: Property 'div' does not exist on type 'JSX.IntrinsicElements'.
features/blog/components/reader/CommentSection.tsx(187,34): error TS2339: Property 'select' does not exist on type 'JSX.IntrinsicElements'.
features/blog/components/reader/CommentSection.tsx(192,37): error TS2339: Property 'option' does not exist on type 'JSX.IntrinsicElements'.
features/blog/components/reader/CommentSection.tsx(192,62): error TS2339: Property 'option' does not exist on type 'JSX.IntrinsicElements'.
features/blog/components/reader/CommentSection.tsx(193,37): error TS2339: Property 'option' does not exist on type 'JSX.IntrinsicElements'.
features/blog/components/reader/CommentSection.tsx(193,77): error TS2339: Property 'option' does not exist on type 'JSX.IntrinsicElements'.
features/blog/components/reader/CommentSection.tsx(194,37): error TS2339: Property 'option' does not exist on type 'JSX.IntrinsicElements'.
features/blog/components/reader/CommentSection.tsx(194,74): error TS2339: Property 'option' does not exist on type 'JSX.IntrinsicElements'.
features/blog/components/reader/CommentSection.tsx(195,37): error TS2339: Property 'option' does not exist on type 'JSX.IntrinsicElements'.
features/blog/components/reader/CommentSection.tsx(195,82): error TS2339: Property 'option' does not exist on type 'JSX.IntrinsicElements'.
features/blog/components/reader/CommentSection.tsx(196,37): error TS2339: Property 'option' does not exist on type 'JSX.IntrinsicElements'.
features/blog/components/reader/CommentSection.tsx(196,64): error TS2339: Property 'option' does not exist on type 'JSX.IntrinsicElements'.
features/blog/components/reader/CommentSection.tsx(197,34): error TS2339: Property 'select' does not exist on type 'JSX.IntrinsicElements'.
features/blog/components/reader/CommentSection.tsx(198,34): error TS2339: Property 'button' does not exist on type 'JSX.IntrinsicElements'.
features/blog/components/reader/CommentSection.tsx(203,34): error TS2339: Property 'button' does not exist on type 'JSX.IntrinsicElements'.
features/blog/components/reader/CommentSection.tsx(207,22): error TS2339: Property 'div' does not exist on type 'JSX.IntrinsicElements'.
features/blog/components/reader/CommentSection.tsx(208,19): error TS2339: Property 'div' does not exist on type 'JSX.IntrinsicElements'.
features/blog/components/reader/CommentSection.tsx(211,10): error TS2339: Property 'div' does not exist on type 'JSX.IntrinsicElements'.
features/blog/components/reader/CommentSection.tsx(212,7): error TS2339: Property 'div' does not exist on type 'JSX.IntrinsicElements'.
features/blog/components/reader/MarkdownRenderer.tsx(9,64): error TS2339: Property 'strong' does not exist on type 'JSX.IntrinsicElements'.
features/blog/components/reader/MarkdownRenderer.tsx(9,137): error TS2339: Property 'strong' does not exist on type 'JSX.IntrinsicElements'.
features/blog/components/reader/MarkdownRenderer.tsx(10,62): error TS2339: Property 'em' does not exist on type 'JSX.IntrinsicElements'.
features/blog/components/reader/MarkdownRenderer.tsx(10,130): error TS2339: Property 'em' does not exist on type 'JSX.IntrinsicElements'.
features/blog/components/reader/MarkdownRenderer.tsx(11,62): error TS2339: Property 'code' does not exist on type 'JSX.IntrinsicElements'.
features/blog/components/reader/MarkdownRenderer.tsx(11,197): error TS2339: Property 'code' does not exist on type 'JSX.IntrinsicElements'.
features/blog/components/reader/MarkdownRenderer.tsx(14,28): error TS2339: Property 'a' does not exist on type 'JSX.IntrinsicElements'.
features/blog/components/reader/MarkdownRenderer.tsx(14,182): error TS2339: Property 'a' does not exist on type 'JSX.IntrinsicElements'.
features/blog/components/reader/MarkdownRenderer.tsx(23,5): error TS2339: Property 'article' does not exist on type 'JSX.IntrinsicElements'.
features/blog/components/reader/MarkdownRenderer.tsx(27,20): error TS2339: Property 'h1' does not exist on type 'JSX.IntrinsicElements'.
features/blog/components/reader/MarkdownRenderer.tsx(27,165): error TS2339: Property 'h1' does not exist on type 'JSX.IntrinsicElements'.
features/blog/components/reader/MarkdownRenderer.tsx(31,20): error TS2339: Property 'h2' does not exist on type 'JSX.IntrinsicElements'.
features/blog/components/reader/MarkdownRenderer.tsx(31,177): error TS2339: Property 'div' does not exist on type 'JSX.IntrinsicElements'.
features/blog/components/reader/MarkdownRenderer.tsx(31,219): error TS2339: Property 'div' does not exist on type 'JSX.IntrinsicElements'.
features/blog/components/reader/MarkdownRenderer.tsx(31,225): error TS2339: Property 'h2' does not exist on type 'JSX.IntrinsicElements'.
features/blog/components/reader/MarkdownRenderer.tsx(35,20): error TS2339: Property 'h3' does not exist on type 'JSX.IntrinsicElements'.
features/blog/components/reader/MarkdownRenderer.tsx(35,149): error TS2339: Property 'h3' does not exist on type 'JSX.IntrinsicElements'.
features/blog/components/reader/MarkdownRenderer.tsx(37,43): error TS2339: Property 'blockquote' does not exist on type 'JSX.IntrinsicElements'.
features/blog/components/reader/MarkdownRenderer.tsx(37,228): error TS2339: Property 'blockquote' does not exist on type 'JSX.IntrinsicElements'.
features/blog/components/reader/MarkdownRenderer.tsx(38,43): error TS2339: Property 'li' does not exist on type 'JSX.IntrinsicElements'.
features/blog/components/reader/MarkdownRenderer.tsx(38,184): error TS2339: Property 'li' does not exist on type 'JSX.IntrinsicElements'.
features/blog/components/reader/MarkdownRenderer.tsx(39,40): error TS2339: Property 'div' does not exist on type 'JSX.IntrinsicElements'.
features/blog/components/reader/MarkdownRenderer.tsx(40,16): error TS2339: Property 'p' does not exist on type 'JSX.IntrinsicElements'.
features/blog/components/reader/MarkdownRenderer.tsx(40,117): error TS2339: Property 'p' does not exist on type 'JSX.IntrinsicElements'.
features/blog/components/reader/MarkdownRenderer.tsx(42,5): error TS2339: Property 'article' does not exist on type 'JSX.IntrinsicElements'.
features/blog/components/reader/TableOfContents.tsx(51,6): error TS2339: Property 'div' does not exist on type 'JSX.IntrinsicElements'.
features/blog/components/reader/TableOfContents.tsx(53,9): error TS2339: Property 'div' does not exist on type 'JSX.IntrinsicElements'.
features/blog/components/reader/TableOfContents.tsx(55,9): error TS2339: Property 'ul' does not exist on type 'JSX.IntrinsicElements'.
features/blog/components/reader/TableOfContents.tsx(57,16): error TS2339: Property 'li' does not exist on type 'JSX.IntrinsicElements'.
features/blog/components/reader/TableOfContents.tsx(58,19): error TS2339: Property 'a' does not exist on type 'JSX.IntrinsicElements'.
features/blog/components/reader/TableOfContents.tsx(76,19): error TS2339: Property 'a' does not exist on type 'JSX.IntrinsicElements'.
features/blog/components/reader/TableOfContents.tsx(77,16): error TS2339: Property 'li' does not exist on type 'JSX.IntrinsicElements'.
features/blog/components/reader/TableOfContents.tsx(79,9): error TS2339: Property 'ul' does not exist on type 'JSX.IntrinsicElements'.
features/blog/components/reader/TableOfContents.tsx(80,6): error TS2339: Property 'div' does not exist on type 'JSX.IntrinsicElements'.
features/blog/components/reader/TableOfContents.tsx(85,9): error TS2339: Property 'div' does not exist on type 'JSX.IntrinsicElements'.
features/blog/components/reader/TableOfContents.tsx(86,13): error TS2339: Property 'div' does not exist on type 'JSX.IntrinsicElements'.
features/blog/components/reader/TableOfContents.tsx(88,17): error TS2339: Property 'span' does not exist on type 'JSX.IntrinsicElements'.
features/blog/components/reader/TableOfContents.tsx(88,94): error TS2339: Property 'span' does not exist on type 'JSX.IntrinsicElements'.
features/blog/components/reader/TableOfContents.tsx(89,13): error TS2339: Property 'div' does not exist on type 'JSX.IntrinsicElements'.
features/blog/components/reader/TableOfContents.tsx(90,13): error TS2339: Property 'div' does not exist on type 'JSX.IntrinsicElements'.
features/blog/components/reader/TableOfContents.tsx(92,13): error TS2339: Property 'div' does not exist on type 'JSX.IntrinsicElements'.
features/blog/components/reader/TableOfContents.tsx(93,9): error TS2339: Property 'div' does not exist on type 'JSX.IntrinsicElements'.
features/blog/components/reader/TableOfContents.tsx(99,5): error TS2339: Property 'div' does not exist on type 'JSX.IntrinsicElements'.
features/blog/components/reader/TableOfContents.tsx(100,9): error TS2339: Property 'div' does not exist on type 'JSX.IntrinsicElements'.
features/blog/components/reader/TableOfContents.tsx(114,16): error TS2339: Property 'div' does not exist on type 'JSX.IntrinsicElements'.
features/blog/components/reader/TableOfContents.tsx(115,20): error TS2339: Property 'div' does not exist on type 'JSX.IntrinsicElements'.
features/blog/components/reader/TableOfContents.tsx(116,24): error TS2339: Property 'div' does not exist on type 'JSX.IntrinsicElements'.
features/blog/components/reader/TableOfContents.tsx(117,28): error TS2339: Property 'div' does not exist on type 'JSX.IntrinsicElements'.
features/blog/components/reader/TableOfContents.tsx(118,28): error TS2339: Property 'span' does not exist on type 'JSX.IntrinsicElements'.
features/blog/components/reader/TableOfContents.tsx(118,118): error TS2339: Property 'span' does not exist on type 'JSX.IntrinsicElements'.
features/blog/components/reader/TableOfContents.tsx(119,24): error TS2339: Property 'div' does not exist on type 'JSX.IntrinsicElements'.
features/blog/components/reader/TableOfContents.tsx(120,24): error TS2339: Property 'button' does not exist on type 'JSX.IntrinsicElements'.
features/blog/components/reader/TableOfContents.tsx(126,24): error TS2339: Property 'button' does not exist on type 'JSX.IntrinsicElements'.
features/blog/components/reader/TableOfContents.tsx(127,20): error TS2339: Property 'div' does not exist on type 'JSX.IntrinsicElements'.
features/blog/components/reader/TableOfContents.tsx(129,20): error TS2339: Property 'div' does not exist on type 'JSX.IntrinsicElements'.
features/blog/components/reader/TableOfContents.tsx(131,20): error TS2339: Property 'div' does not exist on type 'JSX.IntrinsicElements'.
features/blog/components/reader/TableOfContents.tsx(132,16): error TS2339: Property 'div' does not exist on type 'JSX.IntrinsicElements'.
features/blog/components/reader/TableOfContents.tsx(134,9): error TS2339: Property 'div' does not exist on type 'JSX.IntrinsicElements'.
features/blog/components/reader/TableOfContents.tsx(135,5): error TS2339: Property 'div' does not exist on type 'JSX.IntrinsicElements'.
features/chat/components/ChatMessageItem.tsx(33,13): error TS2339: Property 'div' does not exist on type 'JSX.IntrinsicElements'.
features/chat/components/ChatMessageItem.tsx(35,13): error TS2339: Property 'div' does not exist on type 'JSX.IntrinsicElements'.
features/chat/components/ChatMessageItem.tsx(36,13): error TS2339: Property 'div' does not exist on type 'JSX.IntrinsicElements'.
features/chat/components/ChatMessageItem.tsx(38,21): error TS2339: Property 'div' does not exist on type 'JSX.IntrinsicElements'.
features/chat/components/ChatMessageItem.tsx(39,25): error TS2339: Property 'div' does not exist on type 'JSX.IntrinsicElements'.
features/chat/components/ChatMessageItem.tsx(41,33): error TS2339: Property 'div' does not exist on type 'JSX.IntrinsicElements'.
features/chat/components/ChatMessageItem.tsx(43,33): error TS2339: Property 'div' does not exist on type 'JSX.IntrinsicElements'.
features/chat/components/ChatMessageItem.tsx(45,44): error TS2339: Property 'p' does not exist on type 'JSX.IntrinsicElements'.
features/chat/components/ChatMessageItem.tsx(45,105): error TS2339: Property 'p' does not exist on type 'JSX.IntrinsicElements'.
features/chat/components/ChatMessageItem.tsx(48,33): error TS2339: Property 'div' does not exist on type 'JSX.IntrinsicElements'.
features/chat/components/ChatMessageItem.tsx(58,49): error TS2339: Property 'a' does not exist on type 'JSX.IntrinsicElements'.
features/chat/components/ChatMessageItem.tsx(65,53): error TS2339: Property 'img' does not exist on type 'JSX.IntrinsicElements'.
features/chat/components/ChatMessageItem.tsx(70,53): error TS2339: Property 'div' does not exist on type 'JSX.IntrinsicElements'.
features/chat/components/ChatMessageItem.tsx(70,127): error TS2339: Property 'div' does not exist on type 'JSX.IntrinsicElements'.
features/chat/components/ChatMessageItem.tsx(71,49): error TS2339: Property 'a' does not exist on type 'JSX.IntrinsicElements'.
features/chat/components/ChatMessageItem.tsx(76,45): error TS2339: Property 'div' does not exist on type 'JSX.IntrinsicElements'.
features/chat/components/ChatMessageItem.tsx(78,49): error TS2339: Property 'div' does not exist on type 'JSX.IntrinsicElements'.
features/chat/components/ChatMessageItem.tsx(79,53): error TS2339: Property 'div' does not exist on type 'JSX.IntrinsicElements'.
features/chat/components/ChatMessageItem.tsx(79,114): error TS2339: Property 'div' does not exist on type 'JSX.IntrinsicElements'.
features/chat/components/ChatMessageItem.tsx(80,53): error TS2339: Property 'div' does not exist on type 'JSX.IntrinsicElements'.
features/chat/components/ChatMessageItem.tsx(80,131): error TS2339: Property 'div' does not exist on type 'JSX.IntrinsicElements'.
features/chat/components/ChatMessageItem.tsx(81,49): error TS2339: Property 'div' does not exist on type 'JSX.IntrinsicElements'.
features/chat/components/ChatMessageItem.tsx(82,45): error TS2339: Property 'div' does not exist on type 'JSX.IntrinsicElements'.
features/chat/components/ChatMessageItem.tsx(85,33): error TS2339: Property 'div' does not exist on type 'JSX.IntrinsicElements'.
features/chat/components/ChatMessageItem.tsx(87,25): error TS2339: Property 'div' does not exist on type 'JSX.IntrinsicElements'.
features/chat/components/ChatMessageItem.tsx(88,21): error TS2339: Property 'div' does not exist on type 'JSX.IntrinsicElements'.
features/chat/components/ChatMessageItem.tsx(91,21): error TS2339: Property 'div' does not exist on type 'JSX.IntrinsicElements'.
features/chat/components/ChatMessageItem.tsx(92,25): error TS2339: Property 'div' does not exist on type 'JSX.IntrinsicElements'.
features/chat/components/ChatMessageItem.tsx(92,100): error TS2339: Property 'span' does not exist on type 'JSX.IntrinsicElements'.
features/chat/components/ChatMessageItem.tsx(92,148): error TS2339: Property 'span' does not exist on type 'JSX.IntrinsicElements'.
features/chat/components/ChatMessageItem.tsx(92,155): error TS2339: Property 'div' does not exist on type 'JSX.IntrinsicElements'.
features/chat/components/ChatMessageItem.tsx(93,21): error TS2339: Property 'div' does not exist on type 'JSX.IntrinsicElements'.
features/chat/components/ChatMessageItem.tsx(95,30): error TS2339: Property 'span' does not exist on type 'JSX.IntrinsicElements'.
features/chat/components/ChatMessageItem.tsx(95,134): error TS2339: Property 'span' does not exist on type 'JSX.IntrinsicElements'.
features/chat/components/ChatMessageItem.tsx(96,13): error TS2339: Property 'div' does not exist on type 'JSX.IntrinsicElements'.
features/chat/components/QuickActionCard.tsx(12,5): error TS2339: Property 'button' does not exist on type 'JSX.IntrinsicElements'.
features/chat/components/QuickActionCard.tsx(13,9): error TS2339: Property 'div' does not exist on type 'JSX.IntrinsicElements'.
features/chat/components/QuickActionCard.tsx(13,143): error TS2339: Property 'div' does not exist on type 'JSX.IntrinsicElements'.
features/chat/components/QuickActionCard.tsx(15,9): error TS2339: Property 'h4' does not exist on type 'JSX.IntrinsicElements'.
features/chat/components/QuickActionCard.tsx(15,92): error TS2339: Property 'h4' does not exist on type 'JSX.IntrinsicElements'.
features/chat/components/QuickActionCard.tsx(16,9): error TS2339: Property 'p' does not exist on type 'JSX.IntrinsicElements'.
features/chat/components/QuickActionCard.tsx(16,67): error TS2339: Property 'p' does not exist on type 'JSX.IntrinsicElements'.
features/chat/components/QuickActionCard.tsx(17,5): error TS2339: Property 'button' does not exist on type 'JSX.IntrinsicElements'.
features/chat/components/SettingsModal.tsx(118,5): error TS2339: Property 'div' does not exist on type 'JSX.IntrinsicElements'.
features/chat/components/SettingsModal.tsx(132,11): error TS2339: Property 'div' does not exist on type 'JSX.IntrinsicElements'.
features/chat/components/SettingsModal.tsx(133,13): error TS2339: Property 'div' does not exist on type 'JSX.IntrinsicElements'.
features/chat/components/SettingsModal.tsx(134,16): error TS2339: Property 'div' does not exist on type 'JSX.IntrinsicElements'.
features/chat/components/SettingsModal.tsx(136,16): error TS2339: Property 'div' does not exist on type 'JSX.IntrinsicElements'.
features/chat/components/SettingsModal.tsx(137,16): error TS2339: Property 'div' does not exist on type 'JSX.IntrinsicElements'.
features/chat/components/SettingsModal.tsx(138,19): error TS2339: Property 'h3' does not exist on type 'JSX.IntrinsicElements'.
features/chat/components/SettingsModal.tsx(138,102): error TS2339: Property 'h3' does not exist on type 'JSX.IntrinsicElements'.
features/chat/components/SettingsModal.tsx(139,16): error TS2339: Property 'div' does not exist on type 'JSX.IntrinsicElements'.
features/chat/components/SettingsModal.tsx(140,13): error TS2339: Property 'div' does not exist on type 'JSX.IntrinsicElements'.
features/chat/components/SettingsModal.tsx(141,13): error TS2339: Property 'button' does not exist on type 'JSX.IntrinsicElements'.
features/chat/components/SettingsModal.tsx(141,105): error TS2339: Property 'button' does not exist on type 'JSX.IntrinsicElements'.
features/chat/components/SettingsModal.tsx(142,11): error TS2339: Property 'div' does not exist on type 'JSX.IntrinsicElements'.
features/chat/components/SettingsModal.tsx(145,11): error TS2339: Property 'div' does not exist on type 'JSX.IntrinsicElements'.
features/chat/components/SettingsModal.tsx(146,14): error TS2339: Property 'div' does not exist on type 'JSX.IntrinsicElements'.
features/chat/components/SettingsModal.tsx(148,17): error TS2339: Property 'div' does not exist on type 'JSX.IntrinsicElements'.
features/chat/components/SettingsModal.tsx(149,20): error TS2339: Property 'div' does not exist on type 'JSX.IntrinsicElements'.
features/chat/components/SettingsModal.tsx(151,20): error TS2339: Property 'div' does not exist on type 'JSX.IntrinsicElements'.
features/chat/components/SettingsModal.tsx(152,20): error TS2339: Property 'div' does not exist on type 'JSX.IntrinsicElements'.
features/chat/components/SettingsModal.tsx(153,23): error TS2339: Property 'h3' does not exist on type 'JSX.IntrinsicElements'.
features/chat/components/SettingsModal.tsx(153,106): error TS2339: Property 'h3' does not exist on type 'JSX.IntrinsicElements'.
features/chat/components/SettingsModal.tsx(154,23): error TS2339: Property 'p' does not exist on type 'JSX.IntrinsicElements'.
features/chat/components/SettingsModal.tsx(154,111): error TS2339: Property 'p' does not exist on type 'JSX.IntrinsicElements'.
features/chat/components/SettingsModal.tsx(155,20): error TS2339: Property 'div' does not exist on type 'JSX.IntrinsicElements'.
features/chat/components/SettingsModal.tsx(156,17): error TS2339: Property 'div' does not exist on type 'JSX.IntrinsicElements'.
features/chat/components/SettingsModal.tsx(163,14): error TS2339: Property 'div' does not exist on type 'JSX.IntrinsicElements'.
features/chat/components/SettingsModal.tsx(165,14): error TS2339: Property 'div' does not exist on type 'JSX.IntrinsicElements'.
features/chat/components/SettingsModal.tsx(166,17): error TS2339: Property 'div' does not exist on type 'JSX.IntrinsicElements'.
features/chat/components/SettingsModal.tsx(167,20): error TS2339: Property 'div' does not exist on type 'JSX.IntrinsicElements'.
features/chat/components/SettingsModal.tsx(168,44): error TS2339: Property 'span' does not exist on type 'JSX.IntrinsicElements'.
features/chat/components/SettingsModal.tsx(168,103): error TS2339: Property 'span' does not exist on type 'JSX.IntrinsicElements'.
features/chat/components/SettingsModal.tsx(169,20): error TS2339: Property 'div' does not exist on type 'JSX.IntrinsicElements'.
features/chat/components/SettingsModal.tsx(170,20): error TS2339: Property 'div' does not exist on type 'JSX.IntrinsicElements'.
features/chat/components/SettingsModal.tsx(171,23): error TS2339: Property 'div' does not exist on type 'JSX.IntrinsicElements'.
features/chat/components/SettingsModal.tsx(171,88): error TS2339: Property 'div' does not exist on type 'JSX.IntrinsicElements'.
features/chat/components/SettingsModal.tsx(172,23): error TS2339: Property 'span' does not exist on type 'JSX.IntrinsicElements'.
features/chat/components/SettingsModal.tsx(172,76): error TS2339: Property 'span' does not exist on type 'JSX.IntrinsicElements'.
features/chat/components/SettingsModal.tsx(173,20): error TS2339: Property 'div' does not exist on type 'JSX.IntrinsicElements'.
features/chat/components/SettingsModal.tsx(174,17): error TS2339: Property 'div' does not exist on type 'JSX.IntrinsicElements'.
features/chat/components/SettingsModal.tsx(175,14): error TS2339: Property 'div' does not exist on type 'JSX.IntrinsicElements'.
features/chat/components/SettingsModal.tsx(176,11): error TS2339: Property 'div' does not exist on type 'JSX.IntrinsicElements'.
features/chat/components/SettingsModal.tsx(179,11): error TS2339: Property 'div' does not exist on type 'JSX.IntrinsicElements'.
features/chat/components/SettingsModal.tsx(181,14): error TS2339: Property 'div' does not exist on type 'JSX.IntrinsicElements'.
features/chat/components/SettingsModal.tsx(182,17): error TS2339: Property 'h2' does not exist on type 'JSX.IntrinsicElements'.
features/chat/components/SettingsModal.tsx(184,17): error TS2339: Property 'h2' does not exist on type 'JSX.IntrinsicElements'.
features/chat/components/SettingsModal.tsx(185,17): error TS2339: Property 'button' does not exist on type 'JSX.IntrinsicElements'.
features/chat/components/SettingsModal.tsx(185,154): error TS2339: Property 'button' does not exist on type 'JSX.IntrinsicElements'.
features/chat/components/SettingsModal.tsx(186,14): error TS2339: Property 'div' does not exist on type 'JSX.IntrinsicElements'.
features/chat/components/SettingsModal.tsx(188,14): error TS2339: Property 'div' does not exist on type 'JSX.IntrinsicElements'.
features/chat/components/SettingsModal.tsx(189,17): error TS2339: Property 'div' does not exist on type 'JSX.IntrinsicElements'.
features/chat/components/SettingsModal.tsx(241,17): error TS2339: Property 'div' does not exist on type 'JSX.IntrinsicElements'.
features/chat/components/SettingsModal.tsx(242,14): error TS2339: Property 'div' does not exist on type 'JSX.IntrinsicElements'.
features/chat/components/SettingsModal.tsx(243,11): error TS2339: Property 'div' does not exist on type 'JSX.IntrinsicElements'.
features/chat/components/SettingsModal.tsx(245,5): error TS2339: Property 'div' does not exist on type 'JSX.IntrinsicElements'.
features/chat/components/SettingsModal.tsx(250,3): error TS2339: Property 'button' does not exist on type 'JSX.IntrinsicElements'.
features/chat/components/SettingsModal.tsx(252,5): error TS2339: Property 'span' does not exist on type 'JSX.IntrinsicElements'.
features/chat/components/SettingsModal.tsx(252,73): error TS2339: Property 'span' does not exist on type 'JSX.IntrinsicElements'.
features/chat/components/SettingsModal.tsx(253,16): error TS2339: Property 'div' does not exist on type 'JSX.IntrinsicElements'.
features/chat/components/SettingsModal.tsx(254,3): error TS2339: Property 'button' does not exist on type 'JSX.IntrinsicElements'.
features/chat/components/Sidebar.tsx(28,5): error TS2339: Property 'div' does not exist on type 'JSX.IntrinsicElements'.
features/chat/components/Sidebar.tsx(31,9): error TS2339: Property 'div' does not exist on type 'JSX.IntrinsicElements'.
features/chat/components/Sidebar.tsx(32,13): error TS2339: Property 'h2' does not exist on type 'JSX.IntrinsicElements'.
features/chat/components/Sidebar.tsx(32,78): error TS2339: Property 'h2' does not exist on type 'JSX.IntrinsicElements'.
features/chat/components/Sidebar.tsx(33,13): error TS2339: Property 'button' does not exist on type 'JSX.IntrinsicElements'.
features/chat/components/Sidebar.tsx(38,13): error TS2339: Property 'button' does not exist on type 'JSX.IntrinsicElements'.
features/chat/components/Sidebar.tsx(39,9): error TS2339: Property 'div' does not exist on type 'JSX.IntrinsicElements'.
features/chat/components/Sidebar.tsx(44,11): error TS2339: Property 'div' does not exist on type 'JSX.IntrinsicElements'.
features/chat/components/Sidebar.tsx(45,13): error TS2339: Property 'span' does not exist on type 'JSX.IntrinsicElements'.
features/chat/components/Sidebar.tsx(45,102): error TS2339: Property 'span' does not exist on type 'JSX.IntrinsicElements'.
features/chat/components/Sidebar.tsx(46,13): error TS2339: Property 'div' does not exist on type 'JSX.IntrinsicElements'.
features/chat/components/Sidebar.tsx(47,16): error TS2339: Property 'button' does not exist on type 'JSX.IntrinsicElements'.
features/chat/components/Sidebar.tsx(49,16): error TS2339: Property 'button' does not exist on type 'JSX.IntrinsicElements'.
features/chat/components/Sidebar.tsx(50,16): error TS2339: Property 'button' does not exist on type 'JSX.IntrinsicElements'.
features/chat/components/Sidebar.tsx(52,16): error TS2339: Property 'button' does not exist on type 'JSX.IntrinsicElements'.
features/chat/components/Sidebar.tsx(53,13): error TS2339: Property 'div' does not exist on type 'JSX.IntrinsicElements'.
features/chat/components/Sidebar.tsx(54,11): error TS2339: Property 'div' does not exist on type 'JSX.IntrinsicElements'.
features/chat/components/Sidebar.tsx(57,7): error TS2339: Property 'div' does not exist on type 'JSX.IntrinsicElements'.
features/chat/components/Sidebar.tsx(58,10): error TS2339: Property 'button' does not exist on type 'JSX.IntrinsicElements'.
features/chat/components/Sidebar.tsx(59,13): error TS2339: Property 'div' does not exist on type 'JSX.IntrinsicElements'.
features/chat/components/Sidebar.tsx(59,120): error TS2339: Property 'div' does not exist on type 'JSX.IntrinsicElements'.
features/chat/components/Sidebar.tsx(60,13): error TS2339: Property 'span' does not exist on type 'JSX.IntrinsicElements'.
features/chat/components/Sidebar.tsx(60,115): error TS2339: Property 'span' does not exist on type 'JSX.IntrinsicElements'.
features/chat/components/Sidebar.tsx(61,10): error TS2339: Property 'button' does not exist on type 'JSX.IntrinsicElements'.
features/chat/components/Sidebar.tsx(64,13): error TS2339: Property 'button' does not exist on type 'JSX.IntrinsicElements'.
features/chat/components/Sidebar.tsx(69,16): error TS2339: Property 'div' does not exist on type 'JSX.IntrinsicElements'.
features/chat/components/Sidebar.tsx(70,19): error TS2339: Property 'div' does not exist on type 'JSX.IntrinsicElements'.
features/chat/components/Sidebar.tsx(70,93): error TS2339: Property 'div' does not exist on type 'JSX.IntrinsicElements'.
features/chat/components/Sidebar.tsx(71,19): error TS2339: Property 'div' does not exist on type 'JSX.IntrinsicElements'.
features/chat/components/Sidebar.tsx(72,22): error TS2339: Property 'span' does not exist on type 'JSX.IntrinsicElements'.
features/chat/components/Sidebar.tsx(72,129): error TS2339: Property 'span' does not exist on type 'JSX.IntrinsicElements'.
features/chat/components/Sidebar.tsx(74,25): error TS2339: Property 'div' does not exist on type 'JSX.IntrinsicElements'.
features/chat/components/Sidebar.tsx(75,28): error TS2339: Property 'div' does not exist on type 'JSX.IntrinsicElements'.
features/chat/components/Sidebar.tsx(75,79): error TS2339: Property 'div' does not exist on type 'JSX.IntrinsicElements'.
features/chat/components/Sidebar.tsx(76,28): error TS2339: Property 'span' does not exist on type 'JSX.IntrinsicElements'.
features/chat/components/Sidebar.tsx(76,103): error TS2339: Property 'span' does not exist on type 'JSX.IntrinsicElements'.
features/chat/components/Sidebar.tsx(77,25): error TS2339: Property 'div' does not exist on type 'JSX.IntrinsicElements'.
features/chat/components/Sidebar.tsx(79,19): error TS2339: Property 'div' does not exist on type 'JSX.IntrinsicElements'.
features/chat/components/Sidebar.tsx(80,16): error TS2339: Property 'div' does not exist on type 'JSX.IntrinsicElements'.
features/chat/components/Sidebar.tsx(82,19): error TS2339: Property 'div' does not exist on type 'JSX.IntrinsicElements'.
features/chat/components/Sidebar.tsx(82,145): error TS2339: Property 'div' does not exist on type 'JSX.IntrinsicElements'.
features/chat/components/Sidebar.tsx(86,13): error TS2339: Property 'button' does not exist on type 'JSX.IntrinsicElements'.
features/chat/components/Sidebar.tsx(88,7): error TS2339: Property 'div' does not exist on type 'JSX.IntrinsicElements'.
features/chat/components/Sidebar.tsx(89,5): error TS2339: Property 'div' does not exist on type 'JSX.IntrinsicElements'.
features/chat/components/ThinkingIndicator.tsx(12,9): error TS2339: Property 'div' does not exist on type 'JSX.IntrinsicElements'.
features/chat/components/ThinkingIndicator.tsx(14,9): error TS2339: Property 'div' does not exist on type 'JSX.IntrinsicElements'.
features/chat/components/ThinkingIndicator.tsx(15,9): error TS2339: Property 'div' does not exist on type 'JSX.IntrinsicElements'.
features/chat/components/ThinkingIndicator.tsx(16,13): error TS2339: Property 'span' does not exist on type 'JSX.IntrinsicElements'.
features/chat/components/ThinkingIndicator.tsx(16,100): error TS2339: Property 'span' does not exist on type 'JSX.IntrinsicElements'.
features/chat/components/ThinkingIndicator.tsx(17,13): error TS2339: Property 'div' does not exist on type 'JSX.IntrinsicElements'.
features/chat/components/ThinkingIndicator.tsx(18,17): error TS2339: Property 'div' does not exist on type 'JSX.IntrinsicElements'.
features/chat/components/ThinkingIndicator.tsx(18,117): error TS2339: Property 'div' does not exist on type 'JSX.IntrinsicElements'.
features/chat/components/ThinkingIndicator.tsx(19,17): error TS2339: Property 'div' does not exist on type 'JSX.IntrinsicElements'.
features/chat/components/ThinkingIndicator.tsx(19,120): error TS2339: Property 'div' does not exist on type 'JSX.IntrinsicElements'.
features/chat/components/ThinkingIndicator.tsx(20,17): error TS2339: Property 'div' does not exist on type 'JSX.IntrinsicElements'.
features/chat/components/ThinkingIndicator.tsx(20,119): error TS2339: Property 'div' does not exist on type 'JSX.IntrinsicElements'.
features/chat/components/ThinkingIndicator.tsx(21,13): error TS2339: Property 'div' does not exist on type 'JSX.IntrinsicElements'.
features/chat/components/ThinkingIndicator.tsx(22,9): error TS2339: Property 'div' does not exist on type 'JSX.IntrinsicElements'.
features/chat/components/ToolEditor.tsx(45,5): error TS2339: Property 'div' does not exist on type 'JSX.IntrinsicElements'.
features/chat/components/ToolEditor.tsx(47,7): error TS2339: Property 'div' does not exist on type 'JSX.IntrinsicElements'.
features/chat/components/ToolEditor.tsx(48,10): error TS2339: Property 'div' does not exist on type 'JSX.IntrinsicElements'.
features/chat/components/ToolEditor.tsx(49,13): error TS2339: Property 'button' does not exist on type 'JSX.IntrinsicElements'.
features/chat/components/ToolEditor.tsx(49,209): error TS2339: Property 'button' does not exist on type 'JSX.IntrinsicElements'.
features/chat/components/ToolEditor.tsx(50,13): error TS2339: Property 'div' does not exist on type 'JSX.IntrinsicElements'.
features/chat/components/ToolEditor.tsx(50,51): error TS2339: Property 'div' does not exist on type 'JSX.IntrinsicElements'.
features/chat/components/ToolEditor.tsx(51,13): error TS2339: Property 'span' does not exist on type 'JSX.IntrinsicElements'.
features/chat/components/ToolEditor.tsx(51,100): error TS2339: Property 'span' does not exist on type 'JSX.IntrinsicElements'.
features/chat/components/ToolEditor.tsx(52,13): error TS2339: Property 'span' does not exist on type 'JSX.IntrinsicElements'.
features/chat/components/ToolEditor.tsx(52,130): error TS2339: Property 'span' does not exist on type 'JSX.IntrinsicElements'.
features/chat/components/ToolEditor.tsx(53,10): error TS2339: Property 'div' does not exist on type 'JSX.IntrinsicElements'.
features/chat/components/ToolEditor.tsx(54,10): error TS2339: Property 'button' does not exist on type 'JSX.IntrinsicElements'.
features/chat/components/ToolEditor.tsx(54,233): error TS2339: Property 'button' does not exist on type 'JSX.IntrinsicElements'.
features/chat/components/ToolEditor.tsx(55,7): error TS2339: Property 'div' does not exist on type 'JSX.IntrinsicElements'.
features/chat/components/ToolEditor.tsx(58,7): error TS2339: Property 'div' does not exist on type 'JSX.IntrinsicElements'.
features/chat/components/ToolEditor.tsx(60,10): error TS2339: Property 'div' does not exist on type 'JSX.IntrinsicElements'.
features/chat/components/ToolEditor.tsx(61,13): error TS2339: Property 'button' does not exist on type 'JSX.IntrinsicElements'.
features/chat/components/ToolEditor.tsx(61,275): error TS2339: Property 'button' does not exist on type 'JSX.IntrinsicElements'.
features/chat/components/ToolEditor.tsx(62,13): error TS2339: Property 'button' does not exist on type 'JSX.IntrinsicElements'.
features/chat/components/ToolEditor.tsx(62,280): error TS2339: Property 'button' does not exist on type 'JSX.IntrinsicElements'.
features/chat/components/ToolEditor.tsx(63,13): error TS2339: Property 'button' does not exist on type 'JSX.IntrinsicElements'.
features/chat/components/ToolEditor.tsx(63,275): error TS2339: Property 'button' does not exist on type 'JSX.IntrinsicElements'.
features/chat/components/ToolEditor.tsx(64,10): error TS2339: Property 'div' does not exist on type 'JSX.IntrinsicElements'.
features/chat/components/ToolEditor.tsx(67,10): error TS2339: Property 'div' does not exist on type 'JSX.IntrinsicElements'.
features/chat/components/ToolEditor.tsx(69,16): error TS2339: Property 'div' does not exist on type 'JSX.IntrinsicElements'.
features/chat/components/ToolEditor.tsx(70,19): error TS2339: Property 'div' does not exist on type 'JSX.IntrinsicElements'.
features/chat/components/ToolEditor.tsx(71,22): error TS2339: Property 'label' does not exist on type 'JSX.IntrinsicElements'.
features/chat/components/ToolEditor.tsx(71,107): error TS2339: Property 'label' does not exist on type 'JSX.IntrinsicElements'.
features/chat/components/ToolEditor.tsx(72,22): error TS2339: Property 'input' does not exist on type 'JSX.IntrinsicElements'.
features/chat/components/ToolEditor.tsx(73,19): error TS2339: Property 'div' does not exist on type 'JSX.IntrinsicElements'.
features/chat/components/ToolEditor.tsx(74,19): error TS2339: Property 'div' does not exist on type 'JSX.IntrinsicElements'.
features/chat/components/ToolEditor.tsx(75,22): error TS2339: Property 'label' does not exist on type 'JSX.IntrinsicElements'.
features/chat/components/ToolEditor.tsx(75,105): error TS2339: Property 'label' does not exist on type 'JSX.IntrinsicElements'.
features/chat/components/ToolEditor.tsx(76,22): error TS2339: Property 'textarea' does not exist on type 'JSX.IntrinsicElements'.
features/chat/components/ToolEditor.tsx(77,19): error TS2339: Property 'div' does not exist on type 'JSX.IntrinsicElements'.
features/chat/components/ToolEditor.tsx(78,19): error TS2339: Property 'div' does not exist on type 'JSX.IntrinsicElements'.
features/chat/components/ToolEditor.tsx(79,21): error TS2339: Property 'div' does not exist on type 'JSX.IntrinsicElements'.
features/chat/components/ToolEditor.tsx(80,24): error TS2339: Property 'span' does not exist on type 'JSX.IntrinsicElements'.
features/chat/components/ToolEditor.tsx(80,81): error TS2339: Property 'span' does not exist on type 'JSX.IntrinsicElements'.
features/chat/components/ToolEditor.tsx(81,24): error TS2339: Property 'div' does not exist on type 'JSX.IntrinsicElements'.
features/chat/components/ToolEditor.tsx(82,27): error TS2339: Property 'div' does not exist on type 'JSX.IntrinsicElements'.
features/chat/components/ToolEditor.tsx(83,24): error TS2339: Property 'div' does not exist on type 'JSX.IntrinsicElements'.
features/chat/components/ToolEditor.tsx(84,21): error TS2339: Property 'div' does not exist on type 'JSX.IntrinsicElements'.
features/chat/components/ToolEditor.tsx(85,21): error TS2339: Property 'div' does not exist on type 'JSX.IntrinsicElements'.
features/chat/components/ToolEditor.tsx(86,24): error TS2339: Property 'span' does not exist on type 'JSX.IntrinsicElements'.
features/chat/components/ToolEditor.tsx(86,83): error TS2339: Property 'span' does not exist on type 'JSX.IntrinsicElements'.
features/chat/components/ToolEditor.tsx(87,24): error TS2339: Property 'div' does not exist on type 'JSX.IntrinsicElements'.
features/chat/components/ToolEditor.tsx(88,27): error TS2339: Property 'div' does not exist on type 'JSX.IntrinsicElements'.
features/chat/components/ToolEditor.tsx(89,24): error TS2339: Property 'div' does not exist on type 'JSX.IntrinsicElements'.
features/chat/components/ToolEditor.tsx(90,21): error TS2339: Property 'div' does not exist on type 'JSX.IntrinsicElements'.
features/chat/components/ToolEditor.tsx(91,19): error TS2339: Property 'div' does not exist on type 'JSX.IntrinsicElements'.
features/chat/components/ToolEditor.tsx(92,16): error TS2339: Property 'div' does not exist on type 'JSX.IntrinsicElements'.
features/chat/components/ToolEditor.tsx(96,16): error TS2339: Property 'div' does not exist on type 'JSX.IntrinsicElements'.
features/chat/components/ToolEditor.tsx(97,19): error TS2339: Property 'div' does not exist on type 'JSX.IntrinsicElements'.
features/chat/components/ToolEditor.tsx(98,22): error TS2339: Property 'button' does not exist on type 'JSX.IntrinsicElements'.
features/chat/components/ToolEditor.tsx(103,41): error TS2339: Property 'span' does not exist on type 'JSX.IntrinsicElements'.
features/chat/components/ToolEditor.tsx(103,73): error TS2339: Property 'span' does not exist on type 'JSX.IntrinsicElements'.
features/chat/components/ToolEditor.tsx(105,22): error TS2339: Property 'button' does not exist on type 'JSX.IntrinsicElements'.
features/chat/components/ToolEditor.tsx(106,19): error TS2339: Property 'div' does not exist on type 'JSX.IntrinsicElements'.
features/chat/components/ToolEditor.tsx(107,19): error TS2339: Property 'textarea' does not exist on type 'JSX.IntrinsicElements'.
features/chat/components/ToolEditor.tsx(113,16): error TS2339: Property 'div' does not exist on type 'JSX.IntrinsicElements'.
features/chat/components/ToolEditor.tsx(117,16): error TS2339: Property 'textarea' does not exist on type 'JSX.IntrinsicElements'.
features/chat/components/ToolEditor.tsx(124,10): error TS2339: Property 'div' does not exist on type 'JSX.IntrinsicElements'.
features/chat/components/ToolEditor.tsx(125,7): error TS2339: Property 'div' does not exist on type 'JSX.IntrinsicElements'.
features/chat/components/ToolEditor.tsx(126,5): error TS2339: Property 'div' does not exist on type 'JSX.IntrinsicElements'.
features/chat/components/settings/GeneralTab.tsx(143,11): error TS2339: Property 'div' does not exist on type 'JSX.IntrinsicElements'.
features/chat/components/settings/GeneralTab.tsx(144,13): error TS2339: Property 'div' does not exist on type 'JSX.IntrinsicElements'.
features/chat/components/settings/GeneralTab.tsx(145,15): error TS2339: Property 'div' does not exist on type 'JSX.IntrinsicElements'.
features/chat/components/settings/GeneralTab.tsx(147,15): error TS2339: Property 'div' does not exist on type 'JSX.IntrinsicElements'.
features/chat/components/settings/GeneralTab.tsx(148,15): error TS2339: Property 'div' does not exist on type 'JSX.IntrinsicElements'.
features/chat/components/settings/GeneralTab.tsx(149,17): error TS2339: Property 'div' does not exist on type 'JSX.IntrinsicElements'.
features/chat/components/settings/GeneralTab.tsx(149,78): error TS2339: Property 'div' does not exist on type 'JSX.IntrinsicElements'.
features/chat/components/settings/GeneralTab.tsx(150,17): error TS2339: Property 'div' does not exist on type 'JSX.IntrinsicElements'.
features/chat/components/settings/GeneralTab.tsx(150,93): error TS2339: Property 'div' does not exist on type 'JSX.IntrinsicElements'.
features/chat/components/settings/GeneralTab.tsx(151,15): error TS2339: Property 'div' does not exist on type 'JSX.IntrinsicElements'.
features/chat/components/settings/GeneralTab.tsx(152,13): error TS2339: Property 'div' does not exist on type 'JSX.IntrinsicElements'.
features/chat/components/settings/GeneralTab.tsx(153,13): error TS2339: Property 'div' does not exist on type 'JSX.IntrinsicElements'.
features/chat/components/settings/GeneralTab.tsx(154,15): error TS2339: Property 'div' does not exist on type 'JSX.IntrinsicElements'.
features/chat/components/settings/GeneralTab.tsx(154,95): error TS2339: Property 'div' does not exist on type 'JSX.IntrinsicElements'.
features/chat/components/settings/GeneralTab.tsx(155,15): error TS2339: Property 'div' does not exist on type 'JSX.IntrinsicElements'.
features/chat/components/settings/GeneralTab.tsx(155,72): error TS2339: Property 'div' does not exist on type 'JSX.IntrinsicElements'.
features/chat/components/settings/GeneralTab.tsx(156,13): error TS2339: Property 'div' does not exist on type 'JSX.IntrinsicElements'.
features/chat/components/settings/GeneralTab.tsx(157,11): error TS2339: Property 'div' does not exist on type 'JSX.IntrinsicElements'.
features/chat/components/settings/GeneralTab.tsx(158,11): error TS2339: Property 'div' does not exist on type 'JSX.IntrinsicElements'.
features/chat/components/settings/GeneralTab.tsx(159,13): error TS2339: Property 'div' does not exist on type 'JSX.IntrinsicElements'.
features/chat/components/settings/GeneralTab.tsx(165,13): error TS2339: Property 'div' does not exist on type 'JSX.IntrinsicElements'.
features/chat/components/settings/GeneralTab.tsx(166,13): error TS2339: Property 'div' does not exist on type 'JSX.IntrinsicElements'.
features/chat/components/settings/GeneralTab.tsx(167,15): error TS2339: Property 'span' does not exist on type 'JSX.IntrinsicElements'.
features/chat/components/settings/GeneralTab.tsx(167,58): error TS2339: Property 'span' does not exist on type 'JSX.IntrinsicElements'.
features/chat/components/settings/GeneralTab.tsx(168,15): error TS2339: Property 'span' does not exist on type 'JSX.IntrinsicElements'.
features/chat/components/settings/GeneralTab.tsx(168,56): error TS2339: Property 'span' does not exist on type 'JSX.IntrinsicElements'.
features/chat/components/settings/GeneralTab.tsx(169,13): error TS2339: Property 'div' does not exist on type 'JSX.IntrinsicElements'.
features/chat/components/settings/GeneralTab.tsx(170,11): error TS2339: Property 'div' does not exist on type 'JSX.IntrinsicElements'.
features/chat/components/settings/GeneralTab.tsx(175,7): error TS2339: Property 'div' does not exist on type 'JSX.IntrinsicElements'.
features/chat/components/settings/GeneralTab.tsx(177,9): error TS2339: Property 'div' does not exist on type 'JSX.IntrinsicElements'.
features/chat/components/settings/GeneralTab.tsx(179,13): error TS2339: Property 'button' does not exist on type 'JSX.IntrinsicElements'.
features/chat/components/settings/GeneralTab.tsx(188,17): error TS2339: Property 'div' does not exist on type 'JSX.IntrinsicElements'.
features/chat/components/settings/GeneralTab.tsx(190,17): error TS2339: Property 'div' does not exist on type 'JSX.IntrinsicElements'.
features/chat/components/settings/GeneralTab.tsx(193,17): error TS2339: Property 'div' does not exist on type 'JSX.IntrinsicElements'.
features/chat/components/settings/GeneralTab.tsx(195,17): error TS2339: Property 'div' does not exist on type 'JSX.IntrinsicElements'.
features/chat/components/settings/GeneralTab.tsx(197,15): error TS2339: Property 'span' does not exist on type 'JSX.IntrinsicElements'.
features/chat/components/settings/GeneralTab.tsx(197,93): error TS2339: Property 'span' does not exist on type 'JSX.IntrinsicElements'.
features/chat/components/settings/GeneralTab.tsx(198,15): error TS2339: Property 'span' does not exist on type 'JSX.IntrinsicElements'.
features/chat/components/settings/GeneralTab.tsx(200,15): error TS2339: Property 'span' does not exist on type 'JSX.IntrinsicElements'.
features/chat/components/settings/GeneralTab.tsx(202,17): error TS2339: Property 'span' does not exist on type 'JSX.IntrinsicElements'.
features/chat/components/settings/GeneralTab.tsx(202,87): error TS2339: Property 'span' does not exist on type 'JSX.IntrinsicElements'.
features/chat/components/settings/GeneralTab.tsx(207,13): error TS2339: Property 'button' does not exist on type 'JSX.IntrinsicElements'.
features/chat/components/settings/GeneralTab.tsx(209,9): error TS2339: Property 'div' does not exist on type 'JSX.IntrinsicElements'.
features/chat/components/settings/GeneralTab.tsx(210,7): error TS2339: Property 'div' does not exist on type 'JSX.IntrinsicElements'.
features/chat/components/settings/GeneralTab.tsx(214,9): error TS2339: Property 'div' does not exist on type 'JSX.IntrinsicElements'.
features/chat/components/settings/GeneralTab.tsx(219,13): error TS2339: Property 'div' does not exist on type 'JSX.IntrinsicElements'.
features/chat/components/settings/GeneralTab.tsx(220,15): error TS2339: Property 'div' does not exist on type 'JSX.IntrinsicElements'.
features/chat/components/settings/GeneralTab.tsx(225,13): error TS2339: Property 'div' does not exist on type 'JSX.IntrinsicElements'.
features/chat/components/settings/GeneralTab.tsx(229,11): error TS2339: Property 'div' does not exist on type 'JSX.IntrinsicElements'.
features/chat/components/settings/GeneralTab.tsx(231,15): error TS2339: Property 'button' does not exist on type 'JSX.IntrinsicElements'.
features/chat/components/settings/GeneralTab.tsx(239,17): error TS2339: Property 'span' does not exist on type 'JSX.IntrinsicElements'.
features/chat/components/settings/GeneralTab.tsx(239,101): error TS2339: Property 'span' does not exist on type 'JSX.IntrinsicElements'.
features/chat/components/settings/GeneralTab.tsx(240,17): error TS2339: Property 'span' does not exist on type 'JSX.IntrinsicElements'.
features/chat/components/settings/GeneralTab.tsx(243,17): error TS2339: Property 'span' does not exist on type 'JSX.IntrinsicElements'.
features/chat/components/settings/GeneralTab.tsx(245,17): error TS2339: Property 'div' does not exist on type 'JSX.IntrinsicElements'.
features/chat/components/settings/GeneralTab.tsx(250,17): error TS2339: Property 'div' does not exist on type 'JSX.IntrinsicElements'.
features/chat/components/settings/GeneralTab.tsx(256,15): error TS2339: Property 'button' does not exist on type 'JSX.IntrinsicElements'.
features/chat/components/settings/GeneralTab.tsx(258,11): error TS2339: Property 'div' does not exist on type 'JSX.IntrinsicElements'.
features/chat/components/settings/GeneralTab.tsx(262,13): error TS2339: Property 'div' does not exist on type 'JSX.IntrinsicElements'.
features/chat/components/settings/GeneralTab.tsx(263,15): error TS2339: Property 'div' does not exist on type 'JSX.IntrinsicElements'.
features/chat/components/settings/GeneralTab.tsx(264,17): error TS2339: Property 'span' does not exist on type 'JSX.IntrinsicElements'.
features/chat/components/settings/GeneralTab.tsx(264,69): error TS2339: Property 'span' does not exist on type 'JSX.IntrinsicElements'.
features/chat/components/settings/GeneralTab.tsx(265,17): error TS2339: Property 'div' does not exist on type 'JSX.IntrinsicElements'.
features/chat/components/settings/GeneralTab.tsx(266,19): error TS2339: Property 'div' does not exist on type 'JSX.IntrinsicElements'.
features/chat/components/settings/GeneralTab.tsx(266,91): error TS2339: Property 'div' does not exist on type 'JSX.IntrinsicElements'.
features/chat/components/settings/GeneralTab.tsx(267,19): error TS2339: Property 'div' does not exist on type 'JSX.IntrinsicElements'.
features/chat/components/settings/GeneralTab.tsx(267,94): error TS2339: Property 'div' does not exist on type 'JSX.IntrinsicElements'.
features/chat/components/settings/GeneralTab.tsx(268,17): error TS2339: Property 'div' does not exist on type 'JSX.IntrinsicElements'.
features/chat/components/settings/GeneralTab.tsx(270,19): error TS2339: Property 'span' does not exist on type 'JSX.IntrinsicElements'.
features/chat/components/settings/GeneralTab.tsx(272,19): error TS2339: Property 'span' does not exist on type 'JSX.IntrinsicElements'.
features/chat/components/settings/GeneralTab.tsx(274,15): error TS2339: Property 'div' does not exist on type 'JSX.IntrinsicElements'.
features/chat/components/settings/GeneralTab.tsx(275,15): error TS2339: Property 'div' does not exist on type 'JSX.IntrinsicElements'.
features/chat/components/settings/GeneralTab.tsx(277,19): error TS2339: Property 'span' does not exist on type 'JSX.IntrinsicElements'.
features/chat/components/settings/GeneralTab.tsx(279,19): error TS2339: Property 'span' does not exist on type 'JSX.IntrinsicElements'.
features/chat/components/settings/GeneralTab.tsx(282,19): error TS2339: Property 'span' does not exist on type 'JSX.IntrinsicElements'.
features/chat/components/settings/GeneralTab.tsx(284,19): error TS2339: Property 'span' does not exist on type 'JSX.IntrinsicElements'.
features/chat/components/settings/GeneralTab.tsx(287,19): error TS2339: Property 'span' does not exist on type 'JSX.IntrinsicElements'.
features/chat/components/settings/GeneralTab.tsx(289,19): error TS2339: Property 'span' does not exist on type 'JSX.IntrinsicElements'.
features/chat/components/settings/GeneralTab.tsx(292,19): error TS2339: Property 'span' does not exist on type 'JSX.IntrinsicElements'.
features/chat/components/settings/GeneralTab.tsx(294,19): error TS2339: Property 'span' does not exist on type 'JSX.IntrinsicElements'.
features/chat/components/settings/GeneralTab.tsx(296,15): error TS2339: Property 'div' does not exist on type 'JSX.IntrinsicElements'.
features/chat/components/settings/GeneralTab.tsx(297,13): error TS2339: Property 'div' does not exist on type 'JSX.IntrinsicElements'.
features/chat/components/settings/GeneralTab.tsx(301,11): error TS2339: Property 'div' does not exist on type 'JSX.IntrinsicElements'.
features/chat/components/settings/GeneralTab.tsx(302,13): error TS2339: Property 'div' does not exist on type 'JSX.IntrinsicElements'.
features/chat/components/settings/GeneralTab.tsx(303,15): error TS2339: Property 'label' does not exist on type 'JSX.IntrinsicElements'.
features/chat/components/settings/GeneralTab.tsx(305,15): error TS2339: Property 'label' does not exist on type 'JSX.IntrinsicElements'.
features/chat/components/settings/GeneralTab.tsx(306,15): error TS2339: Property 'span' does not exist on type 'JSX.IntrinsicElements'.
features/chat/components/settings/GeneralTab.tsx(309,15): error TS2339: Property 'span' does not exist on type 'JSX.IntrinsicElements'.
features/chat/components/settings/GeneralTab.tsx(310,13): error TS2339: Property 'div' does not exist on type 'JSX.IntrinsicElements'.
features/chat/components/settings/GeneralTab.tsx(313,13): error TS2339: Property 'div' does not exist on type 'JSX.IntrinsicElements'.
features/chat/components/settings/GeneralTab.tsx(315,15): error TS2339: Property 'input' does not exist on type 'JSX.IntrinsicElements'.
features/chat/components/settings/GeneralTab.tsx(322,13): error TS2339: Property 'div' does not exist on type 'JSX.IntrinsicElements'.
features/chat/components/settings/GeneralTab.tsx(325,13): error TS2339: Property 'div' does not exist on type 'JSX.IntrinsicElements'.
features/chat/components/settings/GeneralTab.tsx(327,17): error TS2339: Property 'div' does not exist on type 'JSX.IntrinsicElements'.
features/chat/components/settings/GeneralTab.tsx(330,17): error TS2339: Property 'div' does not exist on type 'JSX.IntrinsicElements'.
features/chat/components/settings/GeneralTab.tsx(334,21): error TS2339: Property 'button' does not exist on type 'JSX.IntrinsicElements'.
features/chat/components/settings/GeneralTab.tsx(342,23): error TS2339: Property 'div' does not exist on type 'JSX.IntrinsicElements'.
features/chat/components/settings/GeneralTab.tsx(343,25): error TS2339: Property 'span' does not exist on type 'JSX.IntrinsicElements'.
features/chat/components/settings/GeneralTab.tsx(343,59): error TS2339: Property 'span' does not exist on type 'JSX.IntrinsicElements'.
features/chat/components/settings/GeneralTab.tsx(345,23): error TS2339: Property 'div' does not exist on type 'JSX.IntrinsicElements'.
features/chat/components/settings/GeneralTab.tsx(346,21): error TS2339: Property 'button' does not exist on type 'JSX.IntrinsicElements'.
features/chat/components/settings/GeneralTab.tsx(349,21): error TS2339: Property 'button' does not exist on type 'JSX.IntrinsicElements'.
features/chat/components/settings/GeneralTab.tsx(354,21): error TS2339: Property 'button' does not exist on type 'JSX.IntrinsicElements'.
features/chat/components/settings/GeneralTab.tsx(358,17): error TS2339: Property 'div' does not exist on type 'JSX.IntrinsicElements'.
features/chat/components/settings/GeneralTab.tsx(360,17): error TS2339: Property 'div' does not exist on type 'JSX.IntrinsicElements'.
features/chat/components/settings/GeneralTab.tsx(362,13): error TS2339: Property 'div' does not exist on type 'JSX.IntrinsicElements'.
features/chat/components/settings/GeneralTab.tsx(365,13): error TS2339: Property 'div' does not exist on type 'JSX.IntrinsicElements'.
features/chat/components/settings/GeneralTab.tsx(366,15): error TS2339: Property 'div' does not exist on type 'JSX.IntrinsicElements'.
features/chat/components/settings/GeneralTab.tsx(366,87): error TS2339: Property 'div' does not exist on type 'JSX.IntrinsicElements'.
features/chat/components/settings/GeneralTab.tsx(367,15): error TS2339: Property 'div' does not exist on type 'JSX.IntrinsicElements'.
features/chat/components/settings/GeneralTab.tsx(367,96): error TS2339: Property 'div' does not exist on type 'JSX.IntrinsicElements'.
features/chat/components/settings/GeneralTab.tsx(368,13): error TS2339: Property 'div' does not exist on type 'JSX.IntrinsicElements'.
features/chat/components/settings/GeneralTab.tsx(369,11): error TS2339: Property 'div' does not exist on type 'JSX.IntrinsicElements'.
features/chat/components/settings/GeneralTab.tsx(372,11): error TS2339: Property 'div' does not exist on type 'JSX.IntrinsicElements'.
features/chat/components/settings/GeneralTab.tsx(375,15): error TS2339: Property 'form' does not exist on type 'JSX.IntrinsicElements'.
features/chat/components/settings/GeneralTab.tsx(376,17): error TS2339: Property 'label' does not exist on type 'JSX.IntrinsicElements'.
features/chat/components/settings/GeneralTab.tsx(378,17): error TS2339: Property 'label' does not exist on type 'JSX.IntrinsicElements'.
features/chat/components/settings/GeneralTab.tsx(379,17): error TS2339: Property 'div' does not exist on type 'JSX.IntrinsicElements'.
features/chat/components/settings/GeneralTab.tsx(380,19): error TS2339: Property 'input' does not exist on type 'JSX.IntrinsicElements'.
features/chat/components/settings/GeneralTab.tsx(388,19): error TS2339: Property 'button' does not exist on type 'JSX.IntrinsicElements'.
features/chat/components/settings/GeneralTab.tsx(394,19): error TS2339: Property 'button' does not exist on type 'JSX.IntrinsicElements'.
features/chat/components/settings/GeneralTab.tsx(395,17): error TS2339: Property 'div' does not exist on type 'JSX.IntrinsicElements'.
features/chat/components/settings/GeneralTab.tsx(396,15): error TS2339: Property 'form' does not exist on type 'JSX.IntrinsicElements'.
features/chat/components/settings/GeneralTab.tsx(401,15): error TS2339: Property 'div' does not exist on type 'JSX.IntrinsicElements'.
features/chat/components/settings/GeneralTab.tsx(402,17): error TS2339: Property 'label' does not exist on type 'JSX.IntrinsicElements'.
features/chat/components/settings/GeneralTab.tsx(404,17): error TS2339: Property 'label' does not exist on type 'JSX.IntrinsicElements'.
features/chat/components/settings/GeneralTab.tsx(405,17): error TS2339: Property 'input' does not exist on type 'JSX.IntrinsicElements'.
features/chat/components/settings/GeneralTab.tsx(412,15): error TS2339: Property 'div' does not exist on type 'JSX.IntrinsicElements'.
features/chat/components/settings/GeneralTab.tsx(416,13): error TS2339: Property 'div' does not exist on type 'JSX.IntrinsicElements'.
features/chat/components/settings/GeneralTab.tsx(417,15): error TS2339: Property 'div' does not exist on type 'JSX.IntrinsicElements'.
features/chat/components/settings/GeneralTab.tsx(418,17): error TS2339: Property 'label' does not exist on type 'JSX.IntrinsicElements'.
features/chat/components/settings/GeneralTab.tsx(420,17): error TS2339: Property 'label' does not exist on type 'JSX.IntrinsicElements'.
features/chat/components/settings/GeneralTab.tsx(421,17): error TS2339: Property 'button' does not exist on type 'JSX.IntrinsicElements'.
features/chat/components/settings/GeneralTab.tsx(431,17): error TS2339: Property 'button' does not exist on type 'JSX.IntrinsicElements'.
features/chat/components/settings/GeneralTab.tsx(432,15): error TS2339: Property 'div' does not exist on type 'JSX.IntrinsicElements'.
features/chat/components/settings/GeneralTab.tsx(433,15): error TS2339: Property 'div' does not exist on type 'JSX.IntrinsicElements'.
features/chat/components/settings/GeneralTab.tsx(433,90): error TS2339: Property 'div' does not exist on type 'JSX.IntrinsicElements'.
features/chat/components/settings/GeneralTab.tsx(434,13): error TS2339: Property 'div' does not exist on type 'JSX.IntrinsicElements'.
features/chat/components/settings/GeneralTab.tsx(438,15): error TS2339: Property 'div' does not exist on type 'JSX.IntrinsicElements'.
features/chat/components/settings/GeneralTab.tsx(439,17): error TS2339: Property 'div' does not exist on type 'JSX.IntrinsicElements'.
features/chat/components/settings/GeneralTab.tsx(440,19): error TS2339: Property 'label' does not exist on type 'JSX.IntrinsicElements'.
features/chat/components/settings/GeneralTab.tsx(442,19): error TS2339: Property 'label' does not exist on type 'JSX.IntrinsicElements'.
features/chat/components/settings/GeneralTab.tsx(443,19): error TS2339: Property 'button' does not exist on type 'JSX.IntrinsicElements'.
features/chat/components/settings/GeneralTab.tsx(453,19): error TS2339: Property 'button' does not exist on type 'JSX.IntrinsicElements'.
features/chat/components/settings/GeneralTab.tsx(454,17): error TS2339: Property 'div' does not exist on type 'JSX.IntrinsicElements'.
features/chat/components/settings/GeneralTab.tsx(455,17): error TS2339: Property 'div' does not exist on type 'JSX.IntrinsicElements'.
features/chat/components/settings/GeneralTab.tsx(455,91): error TS2339: Property 'div' does not exist on type 'JSX.IntrinsicElements'.
features/chat/components/settings/GeneralTab.tsx(456,15): error TS2339: Property 'div' does not exist on type 'JSX.IntrinsicElements'.
features/chat/components/settings/GeneralTab.tsx(458,11): error TS2339: Property 'div' does not exist on type 'JSX.IntrinsicElements'.
features/chat/components/settings/GeneralTab.tsx(459,9): error TS2339: Property 'div' does not exist on type 'JSX.IntrinsicElements'.
features/chat/components/settings/GeneralTab.tsx(464,9): error TS2339: Property 'div' does not exist on type 'JSX.IntrinsicElements'.
features/chat/components/settings/GeneralTab.tsx(466,11): error TS2339: Property 'div' does not exist on type 'JSX.IntrinsicElements'.
features/chat/components/settings/GeneralTab.tsx(468,15): error TS2339: Property 'button' does not exist on type 'JSX.IntrinsicElements'.
features/chat/components/settings/GeneralTab.tsx(476,17): error TS2339: Property 'div' does not exist on type 'JSX.IntrinsicElements'.
features/chat/components/settings/GeneralTab.tsx(479,17): error TS2339: Property 'div' does not exist on type 'JSX.IntrinsicElements'.
features/chat/components/settings/GeneralTab.tsx(480,19): error TS2339: Property 'div' does not exist on type 'JSX.IntrinsicElements'.
features/chat/components/settings/GeneralTab.tsx(482,19): error TS2339: Property 'div' does not exist on type 'JSX.IntrinsicElements'.
features/chat/components/settings/GeneralTab.tsx(483,19): error TS2339: Property 'div' does not exist on type 'JSX.IntrinsicElements'.
features/chat/components/settings/GeneralTab.tsx(483,81): error TS2339: Property 'div' does not exist on type 'JSX.IntrinsicElements'.
features/chat/components/settings/GeneralTab.tsx(484,17): error TS2339: Property 'div' does not exist on type 'JSX.IntrinsicElements'.
features/chat/components/settings/GeneralTab.tsx(488,15): error TS2339: Property 'button' does not exist on type 'JSX.IntrinsicElements'.
features/chat/components/settings/GeneralTab.tsx(490,11): error TS2339: Property 'div' does not exist on type 'JSX.IntrinsicElements'.
features/chat/components/settings/GeneralTab.tsx(491,11): error TS2339: Property 'div' does not exist on type 'JSX.IntrinsicElements'.
features/chat/components/settings/GeneralTab.tsx(493,13): error TS2339: Property 'span' does not exist on type 'JSX.IntrinsicElements'.
features/chat/components/settings/GeneralTab.tsx(493,92): error TS2339: Property 'span' does not exist on type 'JSX.IntrinsicElements'.
features/chat/components/settings/GeneralTab.tsx(494,11): error TS2339: Property 'div' does not exist on type 'JSX.IntrinsicElements'.
features/chat/components/settings/GeneralTab.tsx(495,9): error TS2339: Property 'div' does not exist on type 'JSX.IntrinsicElements'.
features/chat/components/settings/GeneralTab.tsx(500,9): error TS2339: Property 'div' does not exist on type 'JSX.IntrinsicElements'.
features/chat/components/settings/GeneralTab.tsx(503,11): error TS2339: Property 'div' does not exist on type 'JSX.IntrinsicElements'.
features/chat/components/settings/GeneralTab.tsx(505,13): error TS2339: Property 'form' does not exist on type 'JSX.IntrinsicElements'.
features/chat/components/settings/GeneralTab.tsx(506,15): error TS2339: Property 'div' does not exist on type 'JSX.IntrinsicElements'.
features/chat/components/settings/GeneralTab.tsx(507,17): error TS2339: Property 'label' does not exist on type 'JSX.IntrinsicElements'.
features/chat/components/settings/GeneralTab.tsx(509,17): error TS2339: Property 'label' does not exist on type 'JSX.IntrinsicElements'.
features/chat/components/settings/GeneralTab.tsx(510,17): error TS2339: Property 'span' does not exist on type 'JSX.IntrinsicElements'.
features/chat/components/settings/GeneralTab.tsx(510,88): error TS2339: Property 'span' does not exist on type 'JSX.IntrinsicElements'.
features/chat/components/settings/GeneralTab.tsx(511,15): error TS2339: Property 'div' does not exist on type 'JSX.IntrinsicElements'.
features/chat/components/settings/GeneralTab.tsx(512,15): error TS2339: Property 'div' does not exist on type 'JSX.IntrinsicElements'.
features/chat/components/settings/GeneralTab.tsx(513,17): error TS2339: Property 'input' does not exist on type 'JSX.IntrinsicElements'.
features/chat/components/settings/GeneralTab.tsx(521,17): error TS2339: Property 'button' does not exist on type 'JSX.IntrinsicElements'.
features/chat/components/settings/GeneralTab.tsx(527,17): error TS2339: Property 'button' does not exist on type 'JSX.IntrinsicElements'.
features/chat/components/settings/GeneralTab.tsx(528,15): error TS2339: Property 'div' does not exist on type 'JSX.IntrinsicElements'.
features/chat/components/settings/GeneralTab.tsx(529,15): error TS2339: Property 'div' does not exist on type 'JSX.IntrinsicElements'.
features/chat/components/settings/GeneralTab.tsx(532,15): error TS2339: Property 'div' does not exist on type 'JSX.IntrinsicElements'.
features/chat/components/settings/GeneralTab.tsx(533,13): error TS2339: Property 'form' does not exist on type 'JSX.IntrinsicElements'.
features/chat/components/settings/GeneralTab.tsx(536,13): error TS2339: Property 'div' does not exist on type 'JSX.IntrinsicElements'.
features/chat/components/settings/GeneralTab.tsx(537,15): error TS2339: Property 'label' does not exist on type 'JSX.IntrinsicElements'.
features/chat/components/settings/GeneralTab.tsx(539,15): error TS2339: Property 'label' does not exist on type 'JSX.IntrinsicElements'.
features/chat/components/settings/GeneralTab.tsx(540,15): error TS2339: Property 'input' does not exist on type 'JSX.IntrinsicElements'.
features/chat/components/settings/GeneralTab.tsx(547,15): error TS2339: Property 'div' does not exist on type 'JSX.IntrinsicElements'.
features/chat/components/settings/GeneralTab.tsx(548,17): error TS2339: Property 'span' does not exist on type 'JSX.IntrinsicElements'.
features/chat/components/settings/GeneralTab.tsx(548,112): error TS2339: Property 'span' does not exist on type 'JSX.IntrinsicElements'.
features/chat/components/settings/GeneralTab.tsx(549,17): error TS2339: Property 'a' does not exist on type 'JSX.IntrinsicElements'.
features/chat/components/settings/GeneralTab.tsx(549,73): error TS2339: Property 'a' does not exist on type 'JSX.IntrinsicElements'.
features/chat/components/settings/GeneralTab.tsx(550,15): error TS2339: Property 'div' does not exist on type 'JSX.IntrinsicElements'.
features/chat/components/settings/GeneralTab.tsx(551,13): error TS2339: Property 'div' does not exist on type 'JSX.IntrinsicElements'.
features/chat/components/settings/GeneralTab.tsx(552,11): error TS2339: Property 'div' does not exist on type 'JSX.IntrinsicElements'.
features/chat/components/settings/GeneralTab.tsx(563,17): error TS2339: Property 'div' does not exist on type 'JSX.IntrinsicElements'.
features/chat/components/settings/GeneralTab.tsx(564,19): error TS2339: Property 'label' does not exist on type 'JSX.IntrinsicElements'.
features/chat/components/settings/GeneralTab.tsx(566,19): error TS2339: Property 'label' does not exist on type 'JSX.IntrinsicElements'.
features/chat/components/settings/GeneralTab.tsx(567,19): error TS2339: Property 'input' does not exist on type 'JSX.IntrinsicElements'.
features/chat/components/settings/GeneralTab.tsx(574,17): error TS2339: Property 'div' does not exist on type 'JSX.IntrinsicElements'.
features/chat/components/settings/GeneralTab.tsx(575,17): error TS2339: Property 'div' does not exist on type 'JSX.IntrinsicElements'.
features/chat/components/settings/GeneralTab.tsx(576,19): error TS2339: Property 'label' does not exist on type 'JSX.IntrinsicElements'.
features/chat/components/settings/GeneralTab.tsx(578,19): error TS2339: Property 'label' does not exist on type 'JSX.IntrinsicElements'.
features/chat/components/settings/GeneralTab.tsx(579,19): error TS2339: Property 'input' does not exist on type 'JSX.IntrinsicElements'.
features/chat/components/settings/GeneralTab.tsx(586,17): error TS2339: Property 'div' does not exist on type 'JSX.IntrinsicElements'.
features/chat/components/settings/GeneralTab.tsx(590,9): error TS2339: Property 'div' does not exist on type 'JSX.IntrinsicElements'.
features/chat/components/settings/GeneralTab.tsx(594,7): error TS2339: Property 'div' does not exist on type 'JSX.IntrinsicElements'.
features/chat/components/settings/GeneralTab.tsx(596,9): error TS2339: Property 'div' does not exist on type 'JSX.IntrinsicElements'.
features/chat/components/settings/GeneralTab.tsx(597,11): error TS2339: Property 'div' does not exist on type 'JSX.IntrinsicElements'.
features/chat/components/settings/GeneralTab.tsx(598,13): error TS2339: Property 'div' does not exist on type 'JSX.IntrinsicElements'.
features/chat/components/settings/GeneralTab.tsx(599,15): error TS2339: Property 'label' does not exist on type 'JSX.IntrinsicElements'.
features/chat/components/settings/GeneralTab.tsx(599,116): error TS2339: Property 'label' does not exist on type 'JSX.IntrinsicElements'.
features/chat/components/settings/GeneralTab.tsx(600,15): error TS2339: Property 'span' does not exist on type 'JSX.IntrinsicElements'.
features/chat/components/settings/GeneralTab.tsx(600,95): error TS2339: Property 'span' does not exist on type 'JSX.IntrinsicElements'.
features/chat/components/settings/GeneralTab.tsx(601,13): error TS2339: Property 'div' does not exist on type 'JSX.IntrinsicElements'.
features/chat/components/settings/GeneralTab.tsx(602,13): error TS2339: Property 'div' does not exist on type 'JSX.IntrinsicElements'.
features/chat/components/settings/GeneralTab.tsx(603,15): error TS2339: Property 'span' does not exist on type 'JSX.IntrinsicElements'.
features/chat/components/settings/GeneralTab.tsx(603,75): error TS2339: Property 'span' does not exist on type 'JSX.IntrinsicElements'.
features/chat/components/settings/GeneralTab.tsx(604,15): error TS2339: Property 'input' does not exist on type 'JSX.IntrinsicElements'.
features/chat/components/settings/GeneralTab.tsx(610,15): error TS2339: Property 'span' does not exist on type 'JSX.IntrinsicElements'.
features/chat/components/settings/GeneralTab.tsx(610,77): error TS2339: Property 'span' does not exist on type 'JSX.IntrinsicElements'.
features/chat/components/settings/GeneralTab.tsx(611,13): error TS2339: Property 'div' does not exist on type 'JSX.IntrinsicElements'.
features/chat/components/settings/GeneralTab.tsx(612,11): error TS2339: Property 'div' does not exist on type 'JSX.IntrinsicElements'.
features/chat/components/settings/GeneralTab.tsx(614,11): error TS2339: Property 'div' does not exist on type 'JSX.IntrinsicElements'.
features/chat/components/settings/GeneralTab.tsx(615,13): error TS2339: Property 'label' does not exist on type 'JSX.IntrinsicElements'.
features/chat/components/settings/GeneralTab.tsx(615,124): error TS2339: Property 'label' does not exist on type 'JSX.IntrinsicElements'.
features/chat/components/settings/GeneralTab.tsx(616,13): error TS2339: Property 'div' does not exist on type 'JSX.IntrinsicElements'.
features/chat/components/settings/GeneralTab.tsx(618,17): error TS2339: Property 'button' does not exist on type 'JSX.IntrinsicElements'.
features/chat/components/settings/GeneralTab.tsx(624,17): error TS2339: Property 'button' does not exist on type 'JSX.IntrinsicElements'.
features/chat/components/settings/GeneralTab.tsx(626,13): error TS2339: Property 'div' does not exist on type 'JSX.IntrinsicElements'.
features/chat/components/settings/GeneralTab.tsx(627,11): error TS2339: Property 'div' does not exist on type 'JSX.IntrinsicElements'.
features/chat/components/settings/GeneralTab.tsx(628,9): error TS2339: Property 'div' does not exist on type 'JSX.IntrinsicElements'.
features/chat/components/settings/GeneralTab.tsx(629,7): error TS2339: Property 'div' does not exist on type 'JSX.IntrinsicElements'.
features/chat/components/settings/GeneralTab.tsx(631,7): error TS2339: Property 'div' does not exist on type 'JSX.IntrinsicElements'.
features/chat/components/settings/GeneralTab.tsx(632,9): error TS2339: Property 'button' does not exist on type 'JSX.IntrinsicElements'.
features/chat/components/settings/GeneralTab.tsx(637,9): error TS2339: Property 'button' does not exist on type 'JSX.IntrinsicElements'.
features/chat/components/settings/GeneralTab.tsx(638,7): error TS2339: Property 'div' does not exist on type 'JSX.IntrinsicElements'.
features/chat/components/settings/MemoryTab.tsx(17,7): error TS2339: Property 'div' does not exist on type 'JSX.IntrinsicElements'.
features/chat/components/settings/MemoryTab.tsx(18,9): error TS2339: Property 'div' does not exist on type 'JSX.IntrinsicElements'.
features/chat/components/settings/MemoryTab.tsx(19,11): error TS2339: Property 'div' does not exist on type 'JSX.IntrinsicElements'.
features/chat/components/settings/MemoryTab.tsx(21,11): error TS2339: Property 'div' does not exist on type 'JSX.IntrinsicElements'.
features/chat/components/settings/MemoryTab.tsx(22,11): error TS2339: Property 'div' does not exist on type 'JSX.IntrinsicElements'.
features/chat/components/settings/MemoryTab.tsx(23,13): error TS2339: Property 'h4' does not exist on type 'JSX.IntrinsicElements'.
features/chat/components/settings/MemoryTab.tsx(23,90): error TS2339: Property 'h4' does not exist on type 'JSX.IntrinsicElements'.
features/chat/components/settings/MemoryTab.tsx(24,13): error TS2339: Property 'p' does not exist on type 'JSX.IntrinsicElements'.
features/chat/components/settings/MemoryTab.tsx(24,86): error TS2339: Property 'p' does not exist on type 'JSX.IntrinsicElements'.
features/chat/components/settings/MemoryTab.tsx(25,11): error TS2339: Property 'div' does not exist on type 'JSX.IntrinsicElements'.
features/chat/components/settings/MemoryTab.tsx(26,9): error TS2339: Property 'div' does not exist on type 'JSX.IntrinsicElements'.
features/chat/components/settings/MemoryTab.tsx(27,9): error TS2339: Property 'button' does not exist on type 'JSX.IntrinsicElements'.
features/chat/components/settings/MemoryTab.tsx(32,9): error TS2339: Property 'button' does not exist on type 'JSX.IntrinsicElements'.
features/chat/components/settings/MemoryTab.tsx(33,7): error TS2339: Property 'div' does not exist on type 'JSX.IntrinsicElements'.
features/chat/components/settings/MemoryTab.tsx(34,7): error TS2339: Property 'div' does not exist on type 'JSX.IntrinsicElements'.
features/chat/components/settings/MemoryTab.tsx(36,11): error TS2339: Property 'div' does not exist on type 'JSX.IntrinsicElements'.
features/chat/components/settings/MemoryTab.tsx(38,13): error TS2339: Property 'p' does not exist on type 'JSX.IntrinsicElements'.
features/chat/components/settings/MemoryTab.tsx(38,63): error TS2339: Property 'p' does not exist on type 'JSX.IntrinsicElements'.
features/chat/components/settings/MemoryTab.tsx(39,11): error TS2339: Property 'div' does not exist on type 'JSX.IntrinsicElements'.
features/chat/components/settings/MemoryTab.tsx(42,13): error TS2339: Property 'div' does not exist on type 'JSX.IntrinsicElements'.
features/chat/components/settings/MemoryTab.tsx(43,15): error TS2339: Property 'div' does not exist on type 'JSX.IntrinsicElements'.
features/chat/components/settings/MemoryTab.tsx(44,17): error TS2339: Property 'div' does not exist on type 'JSX.IntrinsicElements'.
features/chat/components/settings/MemoryTab.tsx(46,19): error TS2339: Property 'div' does not exist on type 'JSX.IntrinsicElements'.
features/chat/components/settings/MemoryTab.tsx(47,21): error TS2339: Property 'div' does not exist on type 'JSX.IntrinsicElements'.
features/chat/components/settings/MemoryTab.tsx(47,74): error TS2339: Property 'div' does not exist on type 'JSX.IntrinsicElements'.
features/chat/components/settings/MemoryTab.tsx(48,21): error TS2339: Property 'span' does not exist on type 'JSX.IntrinsicElements'.
features/chat/components/settings/MemoryTab.tsx(48,120): error TS2339: Property 'span' does not exist on type 'JSX.IntrinsicElements'.
features/chat/components/settings/MemoryTab.tsx(49,19): error TS2339: Property 'div' does not exist on type 'JSX.IntrinsicElements'.
features/chat/components/settings/MemoryTab.tsx(50,17): error TS2339: Property 'div' does not exist on type 'JSX.IntrinsicElements'.
features/chat/components/settings/MemoryTab.tsx(52,19): error TS2339: Property 'span' does not exist on type 'JSX.IntrinsicElements'.
features/chat/components/settings/MemoryTab.tsx(54,19): error TS2339: Property 'span' does not exist on type 'JSX.IntrinsicElements'.
features/chat/components/settings/MemoryTab.tsx(56,15): error TS2339: Property 'div' does not exist on type 'JSX.IntrinsicElements'.
features/chat/components/settings/MemoryTab.tsx(58,17): error TS2339: Property 'div' does not exist on type 'JSX.IntrinsicElements'.
features/chat/components/settings/MemoryTab.tsx(60,17): error TS2339: Property 'div' does not exist on type 'JSX.IntrinsicElements'.
features/chat/components/settings/MemoryTab.tsx(62,15): error TS2339: Property 'div' does not exist on type 'JSX.IntrinsicElements'.
features/chat/components/settings/MemoryTab.tsx(66,21): error TS2339: Property 'div' does not exist on type 'JSX.IntrinsicElements'.
features/chat/components/settings/MemoryTab.tsx(68,21): error TS2339: Property 'div' does not exist on type 'JSX.IntrinsicElements'.
features/chat/components/settings/MemoryTab.tsx(71,15): error TS2339: Property 'div' does not exist on type 'JSX.IntrinsicElements'.
features/chat/components/settings/MemoryTab.tsx(72,13): error TS2339: Property 'div' does not exist on type 'JSX.IntrinsicElements'.
features/chat/components/settings/MemoryTab.tsx(75,7): error TS2339: Property 'div' does not exist on type 'JSX.IntrinsicElements'.
features/chat/components/settings/PersonaTab.tsx(17,7): error TS2339: Property 'div' does not exist on type 'JSX.IntrinsicElements'.
features/chat/components/settings/PersonaTab.tsx(18,9): error TS2339: Property 'div' does not exist on type 'JSX.IntrinsicElements'.
features/chat/components/settings/PersonaTab.tsx(19,11): error TS2339: Property 'div' does not exist on type 'JSX.IntrinsicElements'.
features/chat/components/settings/PersonaTab.tsx(20,13): error TS2339: Property 'div' does not exist on type 'JSX.IntrinsicElements'.
features/chat/components/settings/PersonaTab.tsx(20,65): error TS2339: Property 'div' does not exist on type 'JSX.IntrinsicElements'.
features/chat/components/settings/PersonaTab.tsx(21,13): error TS2339: Property 'div' does not exist on type 'JSX.IntrinsicElements'.
features/chat/components/settings/PersonaTab.tsx(21,68): error TS2339: Property 'div' does not exist on type 'JSX.IntrinsicElements'.
features/chat/components/settings/PersonaTab.tsx(22,13): error TS2339: Property 'div' does not exist on type 'JSX.IntrinsicElements'.
features/chat/components/settings/PersonaTab.tsx(22,67): error TS2339: Property 'div' does not exist on type 'JSX.IntrinsicElements'.
features/chat/components/settings/PersonaTab.tsx(23,11): error TS2339: Property 'div' does not exist on type 'JSX.IntrinsicElements'.
features/chat/components/settings/PersonaTab.tsx(24,11): error TS2339: Property 'button' does not exist on type 'JSX.IntrinsicElements'.
features/chat/components/settings/PersonaTab.tsx(29,29): error TS2339: Property 'span' does not exist on type 'JSX.IntrinsicElements'.
features/chat/components/settings/PersonaTab.tsx(29,61): error TS2339: Property 'span' does not exist on type 'JSX.IntrinsicElements'.
features/chat/components/settings/PersonaTab.tsx(30,11): error TS2339: Property 'button' does not exist on type 'JSX.IntrinsicElements'.
features/chat/components/settings/PersonaTab.tsx(31,9): error TS2339: Property 'div' does not exist on type 'JSX.IntrinsicElements'.
features/chat/components/settings/PersonaTab.tsx(32,9): error TS2339: Property 'textarea' does not exist on type 'JSX.IntrinsicElements'.
features/chat/components/settings/PersonaTab.tsx(38,7): error TS2339: Property 'div' does not exist on type 'JSX.IntrinsicElements'.
features/chat/components/settings/Shared.tsx(4,4): error TS2339: Property 'div' does not exist on type 'JSX.IntrinsicElements'.
features/chat/components/settings/Shared.tsx(5,7): error TS2339: Property 'h3' does not exist on type 'JSX.IntrinsicElements'.
features/chat/components/settings/Shared.tsx(5,78): error TS2339: Property 'h3' does not exist on type 'JSX.IntrinsicElements'.
features/chat/components/settings/Shared.tsx(6,7): error TS2339: Property 'p' does not exist on type 'JSX.IntrinsicElements'.
features/chat/components/settings/Shared.tsx(6,54): error TS2339: Property 'p' does not exist on type 'JSX.IntrinsicElements'.
features/chat/components/settings/Shared.tsx(7,4): error TS2339: Property 'div' does not exist on type 'JSX.IntrinsicElements'.
features/chat/components/settings/ToolsTab.tsx(18,7): error TS2339: Property 'div' does not exist on type 'JSX.IntrinsicElements'.
features/chat/components/settings/ToolsTab.tsx(20,11): error TS2339: Property 'div' does not exist on type 'JSX.IntrinsicElements'.
features/chat/components/settings/ToolsTab.tsx(21,13): error TS2339: Property 'div' does not exist on type 'JSX.IntrinsicElements'.
features/chat/components/settings/ToolsTab.tsx(22,15): error TS2339: Property 'div' does not exist on type 'JSX.IntrinsicElements'.
features/chat/components/settings/ToolsTab.tsx(23,17): error TS2339: Property 'div' does not exist on type 'JSX.IntrinsicElements'.
features/chat/components/settings/ToolsTab.tsx(25,17): error TS2339: Property 'div' does not exist on type 'JSX.IntrinsicElements'.
features/chat/components/settings/ToolsTab.tsx(26,17): error TS2339: Property 'div' does not exist on type 'JSX.IntrinsicElements'.
features/chat/components/settings/ToolsTab.tsx(30,19): error TS2339: Property 'div' does not exist on type 'JSX.IntrinsicElements'.
features/chat/components/settings/ToolsTab.tsx(31,17): error TS2339: Property 'div' does not exist on type 'JSX.IntrinsicElements'.
features/chat/components/settings/ToolsTab.tsx(32,15): error TS2339: Property 'div' does not exist on type 'JSX.IntrinsicElements'.
features/chat/components/settings/ToolsTab.tsx(33,15): error TS2339: Property 'h4' does not exist on type 'JSX.IntrinsicElements'.
features/chat/components/settings/ToolsTab.tsx(33,80): error TS2339: Property 'h4' does not exist on type 'JSX.IntrinsicElements'.
features/chat/components/settings/ToolsTab.tsx(34,15): error TS2339: Property 'p' does not exist on type 'JSX.IntrinsicElements'.
features/chat/components/settings/ToolsTab.tsx(34,101): error TS2339: Property 'p' does not exist on type 'JSX.IntrinsicElements'.
features/chat/components/settings/ToolsTab.tsx(35,13): error TS2339: Property 'div' does not exist on type 'JSX.IntrinsicElements'.
features/chat/components/settings/ToolsTab.tsx(36,13): error TS2339: Property 'button' does not exist on type 'JSX.IntrinsicElements'.
features/chat/components/settings/ToolsTab.tsx(41,13): error TS2339: Property 'button' does not exist on type 'JSX.IntrinsicElements'.
features/chat/components/settings/ToolsTab.tsx(42,11): error TS2339: Property 'div' does not exist on type 'JSX.IntrinsicElements'.
features/chat/components/settings/ToolsTab.tsx(44,9): error TS2339: Property 'button' does not exist on type 'JSX.IntrinsicElements'.
features/chat/components/settings/ToolsTab.tsx(48,11): error TS2339: Property 'div' does not exist on type 'JSX.IntrinsicElements'.
features/chat/components/settings/ToolsTab.tsx(50,11): error TS2339: Property 'div' does not exist on type 'JSX.IntrinsicElements'.
features/chat/components/settings/ToolsTab.tsx(51,11): error TS2339: Property 'span' does not exist on type 'JSX.IntrinsicElements'.
features/chat/components/settings/ToolsTab.tsx(51,88): error TS2339: Property 'span' does not exist on type 'JSX.IntrinsicElements'.
features/chat/components/settings/ToolsTab.tsx(52,9): error TS2339: Property 'button' does not exist on type 'JSX.IntrinsicElements'.
features/chat/components/settings/ToolsTab.tsx(53,7): error TS2339: Property 'div' does not exist on type 'JSX.IntrinsicElements'.
features/chat/components/settings/VoiceTab.tsx(10,7): error TS2339: Property 'div' does not exist on type 'JSX.IntrinsicElements'.
features/chat/components/settings/VoiceTab.tsx(11,9): error TS2339: Property 'div' does not exist on type 'JSX.IntrinsicElements'.
features/chat/components/settings/VoiceTab.tsx(11,90): error TS2339: Property 'div' does not exist on type 'JSX.IntrinsicElements'.
features/chat/components/settings/VoiceTab.tsx(12,9): error TS2339: Property 'div' does not exist on type 'JSX.IntrinsicElements'.
features/chat/components/settings/VoiceTab.tsx(13,11): error TS2339: Property 'h4' does not exist on type 'JSX.IntrinsicElements'.
features/chat/components/settings/VoiceTab.tsx(13,78): error TS2339: Property 'h4' does not exist on type 'JSX.IntrinsicElements'.
features/chat/components/settings/VoiceTab.tsx(14,11): error TS2339: Property 'p' does not exist on type 'JSX.IntrinsicElements'.
features/chat/components/settings/VoiceTab.tsx(14,112): error TS2339: Property 'p' does not exist on type 'JSX.IntrinsicElements'.
features/chat/components/settings/VoiceTab.tsx(15,9): error TS2339: Property 'div' does not exist on type 'JSX.IntrinsicElements'.
features/chat/components/settings/VoiceTab.tsx(16,7): error TS2339: Property 'div' does not exist on type 'JSX.IntrinsicElements'.
features/chat/components/settings/VoiceTab.tsx(17,7): error TS2339: Property 'div' does not exist on type 'JSX.IntrinsicElements'.
features/chat/components/settings/VoiceTab.tsx(19,11): error TS2339: Property 'button' does not exist on type 'JSX.IntrinsicElements'.
features/chat/components/settings/VoiceTab.tsx(20,25): error TS2339: Property 'div' does not exist on type 'JSX.IntrinsicElements'.
features/chat/components/settings/VoiceTab.tsx(20,102): error TS2339: Property 'div' does not exist on type 'JSX.IntrinsicElements'.
features/chat/components/settings/VoiceTab.tsx(21,13): error TS2339: Property 'div' does not exist on type 'JSX.IntrinsicElements'.
features/chat/components/settings/VoiceTab.tsx(23,13): error TS2339: Property 'div' does not exist on type 'JSX.IntrinsicElements'.
features/chat/components/settings/VoiceTab.tsx(24,13): error TS2339: Property 'span' does not exist on type 'JSX.IntrinsicElements'.
features/chat/components/settings/VoiceTab.tsx(24,56): error TS2339: Property 'span' does not exist on type 'JSX.IntrinsicElements'.
features/chat/components/settings/VoiceTab.tsx(25,11): error TS2339: Property 'button' does not exist on type 'JSX.IntrinsicElements'.
features/chat/components/settings/VoiceTab.tsx(27,7): error TS2339: Property 'div' does not exist on type 'JSX.IntrinsicElements'.
features/chat/utils/markdownRenderer.tsx(12,20): error TS2339: Property 'strong' does not exist on type 'JSX.IntrinsicElements'.
features/chat/utils/markdownRenderer.tsx(12,89): error TS2339: Property 'strong' does not exist on type 'JSX.IntrinsicElements'.
features/chat/utils/markdownRenderer.tsx(16,20): error TS2339: Property 'em' does not exist on type 'JSX.IntrinsicElements'.
features/chat/utils/markdownRenderer.tsx(16,84): error TS2339: Property 'em' does not exist on type 'JSX.IntrinsicElements'.
features/chat/utils/markdownRenderer.tsx(20,20): error TS2339: Property 'code' does not exist on type 'JSX.IntrinsicElements'.
features/chat/utils/markdownRenderer.tsx(20,151): error TS2339: Property 'code' does not exist on type 'JSX.IntrinsicElements'.
features/chat/utils/markdownRenderer.tsx(27,21): error TS2339: Property 'a' does not exist on type 'JSX.IntrinsicElements'.
features/chat/utils/markdownRenderer.tsx(35,21): error TS2339: Property 'a' does not exist on type 'JSX.IntrinsicElements'.
features/chat/utils/markdownRenderer.tsx(39,16): error TS2339: Property 'span' does not exist on type 'JSX.IntrinsicElements'.
features/chat/utils/markdownRenderer.tsx(39,36): error TS2339: Property 'span' does not exist on type 'JSX.IntrinsicElements'.
features/chat/utils/markdownRenderer.tsx(58,17): error TS2339: Property 'div' does not exist on type 'JSX.IntrinsicElements'.
features/chat/utils/markdownRenderer.tsx(59,21): error TS2339: Property 'div' does not exist on type 'JSX.IntrinsicElements'.
features/chat/utils/markdownRenderer.tsx(60,25): error TS2339: Property 'span' does not exist on type 'JSX.IntrinsicElements'.
features/chat/utils/markdownRenderer.tsx(60,125): error TS2339: Property 'span' does not exist on type 'JSX.IntrinsicElements'.
features/chat/utils/markdownRenderer.tsx(61,25): error TS2339: Property 'div' does not exist on type 'JSX.IntrinsicElements'.
features/chat/utils/markdownRenderer.tsx(62,29): error TS2339: Property 'div' does not exist on type 'JSX.IntrinsicElements'.
features/chat/utils/markdownRenderer.tsx(63,29): error TS2339: Property 'div' does not exist on type 'JSX.IntrinsicElements'.
features/chat/utils/markdownRenderer.tsx(64,29): error TS2339: Property 'div' does not exist on type 'JSX.IntrinsicElements'.
features/chat/utils/markdownRenderer.tsx(65,25): error TS2339: Property 'div' does not exist on type 'JSX.IntrinsicElements'.
features/chat/utils/markdownRenderer.tsx(66,21): error TS2339: Property 'div' does not exist on type 'JSX.IntrinsicElements'.
features/chat/utils/markdownRenderer.tsx(67,21): error TS2339: Property 'pre' does not exist on type 'JSX.IntrinsicElements'.
features/chat/utils/markdownRenderer.tsx(68,25): error TS2339: Property 'code' does not exist on type 'JSX.IntrinsicElements'.
features/chat/utils/markdownRenderer.tsx(68,44): error TS2339: Property 'code' does not exist on type 'JSX.IntrinsicElements'.
features/chat/utils/markdownRenderer.tsx(69,21): error TS2339: Property 'pre' does not exist on type 'JSX.IntrinsicElements'.
features/chat/utils/markdownRenderer.tsx(70,17): error TS2339: Property 'div' does not exist on type 'JSX.IntrinsicElements'.
features/chat/utils/markdownRenderer.tsx(82,24): error TS2339: Property 'hr' does not exist on type 'JSX.IntrinsicElements'.
features/chat/utils/markdownRenderer.tsx(93,36): error TS2339: Property 'h1' does not exist on type 'JSX.IntrinsicElements'.
features/chat/utils/markdownRenderer.tsx(93,153): error TS2339: Property 'h1' does not exist on type 'JSX.IntrinsicElements'.
features/chat/utils/markdownRenderer.tsx(94,36): error TS2339: Property 'h2' does not exist on type 'JSX.IntrinsicElements'.
features/chat/utils/markdownRenderer.tsx(94,148): error TS2339: Property 'div' does not exist on type 'JSX.IntrinsicElements'.
features/chat/utils/markdownRenderer.tsx(94,192): error TS2339: Property 'h2' does not exist on type 'JSX.IntrinsicElements'.
features/chat/utils/markdownRenderer.tsx(95,36): error TS2339: Property 'h3' does not exist on type 'JSX.IntrinsicElements'.
features/chat/utils/markdownRenderer.tsx(95,134): error TS2339: Property 'h3' does not exist on type 'JSX.IntrinsicElements'.
features/chat/utils/markdownRenderer.tsx(96,36): error TS2339: Property 'h4' does not exist on type 'JSX.IntrinsicElements'.
features/chat/utils/markdownRenderer.tsx(96,135): error TS2339: Property 'h4' does not exist on type 'JSX.IntrinsicElements'.
features/chat/utils/markdownRenderer.tsx(97,36): error TS2339: Property 'h5' does not exist on type 'JSX.IntrinsicElements'.
features/chat/utils/markdownRenderer.tsx(97,137): error TS2339: Property 'h5' does not exist on type 'JSX.IntrinsicElements'.
features/chat/utils/markdownRenderer.tsx(98,36): error TS2339: Property 'h6' does not exist on type 'JSX.IntrinsicElements'.
features/chat/utils/markdownRenderer.tsx(98,163): error TS2339: Property 'h6' does not exist on type 'JSX.IntrinsicElements'.
features/chat/utils/markdownRenderer.tsx(105,21): error TS2339: Property 'div' does not exist on type 'JSX.IntrinsicElements'.
features/chat/utils/markdownRenderer.tsx(107,21): error TS2339: Property 'div' does not exist on type 'JSX.IntrinsicElements'.
features/chat/utils/markdownRenderer.tsx(114,21): error TS2339: Property 'div' does not exist on type 'JSX.IntrinsicElements'.
features/chat/utils/markdownRenderer.tsx(115,25): error TS2339: Property 'span' does not exist on type 'JSX.IntrinsicElements'.
features/chat/utils/markdownRenderer.tsx(116,25): error TS2339: Property 'div' does not exist on type 'JSX.IntrinsicElements'.
features/chat/utils/markdownRenderer.tsx(116,113): error TS2339: Property 'div' does not exist on type 'JSX.IntrinsicElements'.
features/chat/utils/markdownRenderer.tsx(117,21): error TS2339: Property 'div' does not exist on type 'JSX.IntrinsicElements'.
features/chat/utils/markdownRenderer.tsx(125,21): error TS2339: Property 'div' does not exist on type 'JSX.IntrinsicElements'.
features/chat/utils/markdownRenderer.tsx(126,25): error TS2339: Property 'span' does not exist on type 'JSX.IntrinsicElements'.
features/chat/utils/markdownRenderer.tsx(126,121): error TS2339: Property 'span' does not exist on type 'JSX.IntrinsicElements'.
features/chat/utils/markdownRenderer.tsx(127,25): error TS2339: Property 'div' does not exist on type 'JSX.IntrinsicElements'.
features/chat/utils/markdownRenderer.tsx(127,112): error TS2339: Property 'div' does not exist on type 'JSX.IntrinsicElements'.
features/chat/utils/markdownRenderer.tsx(128,21): error TS2339: Property 'div' does not exist on type 'JSX.IntrinsicElements'.
features/chat/utils/markdownRenderer.tsx(133,40): error TS2339: Property 'div' does not exist on type 'JSX.IntrinsicElements'.
features/chat/utils/markdownRenderer.tsx(136,20): error TS2339: Property 'p' does not exist on type 'JSX.IntrinsicElements'.
features/chat/utils/markdownRenderer.tsx(136,123): error TS2339: Property 'p' does not exist on type 'JSX.IntrinsicElements'.
features/services/components/BookingConsole.tsx(150,5): error TS2339: Property 'div' does not exist on type 'JSX.IntrinsicElements'.
features/services/components/BookingConsole.tsx(151,7): error TS2339: Property 'div' does not exist on type 'JSX.IntrinsicElements'.
features/services/components/BookingConsole.tsx(157,11): error TS2339: Property 'div' does not exist on type 'JSX.IntrinsicElements'.
features/services/components/BookingConsole.tsx(157,134): error TS2339: Property 'div' does not exist on type 'JSX.IntrinsicElements'.
features/services/components/BookingConsole.tsx(159,11): error TS2339: Property 'div' does not exist on type 'JSX.IntrinsicElements'.
features/services/components/BookingConsole.tsx(161,13): error TS2339: Property 'div' does not exist on type 'JSX.IntrinsicElements'.
features/services/components/BookingConsole.tsx(162,15): error TS2339: Property 'div' does not exist on type 'JSX.IntrinsicElements'.
features/services/components/BookingConsole.tsx(164,18): error TS2339: Property 'h3' does not exist on type 'JSX.IntrinsicElements'.
features/services/components/BookingConsole.tsx(164,83): error TS2339: Property 'h3' does not exist on type 'JSX.IntrinsicElements'.
features/services/components/BookingConsole.tsx(165,15): error TS2339: Property 'div' does not exist on type 'JSX.IntrinsicElements'.
features/services/components/BookingConsole.tsx(167,18): error TS2339: Property 'button' does not exist on type 'JSX.IntrinsicElements'.
features/services/components/BookingConsole.tsx(169,18): error TS2339: Property 'button' does not exist on type 'JSX.IntrinsicElements'.
features/services/components/BookingConsole.tsx(171,13): error TS2339: Property 'div' does not exist on type 'JSX.IntrinsicElements'.
features/services/components/BookingConsole.tsx(182,19): error TS2339: Property 'div' does not exist on type 'JSX.IntrinsicElements'.
features/services/components/BookingConsole.tsx(182,182): error TS2339: Property 'div' does not exist on type 'JSX.IntrinsicElements'.
features/services/components/BookingConsole.tsx(183,19): error TS2339: Property 'p' does not exist on type 'JSX.IntrinsicElements'.
features/services/components/BookingConsole.tsx(183,85): error TS2339: Property 'p' does not exist on type 'JSX.IntrinsicElements'.
features/services/components/BookingConsole.tsx(184,19): error TS2339: Property 'p' does not exist on type 'JSX.IntrinsicElements'.
features/services/components/BookingConsole.tsx(184,126): error TS2339: Property 'p' does not exist on type 'JSX.IntrinsicElements'.
features/services/components/BookingConsole.tsx(195,20): error TS2339: Property 'div' does not exist on type 'JSX.IntrinsicElements'.
features/services/components/BookingConsole.tsx(196,23): error TS2339: Property 'div' does not exist on type 'JSX.IntrinsicElements'.
features/services/components/BookingConsole.tsx(198,23): error TS2339: Property 'div' does not exist on type 'JSX.IntrinsicElements'.
features/services/components/BookingConsole.tsx(199,23): error TS2339: Property 'h3' does not exist on type 'JSX.IntrinsicElements'.
features/services/components/BookingConsole.tsx(199,105): error TS2339: Property 'h3' does not exist on type 'JSX.IntrinsicElements'.
features/services/components/BookingConsole.tsx(200,23): error TS2339: Property 'p' does not exist on type 'JSX.IntrinsicElements'.
features/services/components/BookingConsole.tsx(200,95): error TS2339: Property 'p' does not exist on type 'JSX.IntrinsicElements'.
features/services/components/BookingConsole.tsx(201,20): error TS2339: Property 'div' does not exist on type 'JSX.IntrinsicElements'.
features/services/components/BookingConsole.tsx(203,20): error TS2339: Property 'div' does not exist on type 'JSX.IntrinsicElements'.
features/services/components/BookingConsole.tsx(204,23): error TS2339: Property 'div' does not exist on type 'JSX.IntrinsicElements'.
features/services/components/BookingConsole.tsx(205,26): error TS2339: Property 'button' does not exist on type 'JSX.IntrinsicElements'.
features/services/components/BookingConsole.tsx(205,201): error TS2339: Property 'button' does not exist on type 'JSX.IntrinsicElements'.
features/services/components/BookingConsole.tsx(206,23): error TS2339: Property 'div' does not exist on type 'JSX.IntrinsicElements'.
features/services/components/BookingConsole.tsx(207,23): error TS2339: Property 'div' does not exist on type 'JSX.IntrinsicElements'.
features/services/components/BookingConsole.tsx(208,26): error TS2339: Property 'span' does not exist on type 'JSX.IntrinsicElements'.
features/services/components/BookingConsole.tsx(208,105): error TS2339: Property 'span' does not exist on type 'JSX.IntrinsicElements'.
features/services/components/BookingConsole.tsx(209,26): error TS2339: Property 'span' does not exist on type 'JSX.IntrinsicElements'.
features/services/components/BookingConsole.tsx(209,103): error TS2339: Property 'span' does not exist on type 'JSX.IntrinsicElements'.
features/services/components/BookingConsole.tsx(210,23): error TS2339: Property 'div' does not exist on type 'JSX.IntrinsicElements'.
features/services/components/BookingConsole.tsx(211,23): error TS2339: Property 'div' does not exist on type 'JSX.IntrinsicElements'.
features/services/components/BookingConsole.tsx(212,26): error TS2339: Property 'span' does not exist on type 'JSX.IntrinsicElements'.
features/services/components/BookingConsole.tsx(212,65): error TS2339: Property 'span' does not exist on type 'JSX.IntrinsicElements'.
features/services/components/BookingConsole.tsx(213,26): error TS2339: Property 'span' does not exist on type 'JSX.IntrinsicElements'.
features/services/components/BookingConsole.tsx(213,103): error TS2339: Property 'span' does not exist on type 'JSX.IntrinsicElements'.
features/services/components/BookingConsole.tsx(214,23): error TS2339: Property 'div' does not exist on type 'JSX.IntrinsicElements'.
features/services/components/BookingConsole.tsx(215,23): error TS2339: Property 'div' does not exist on type 'JSX.IntrinsicElements'.
features/services/components/BookingConsole.tsx(216,26): error TS2339: Property 'span' does not exist on type 'JSX.IntrinsicElements'.
features/services/components/BookingConsole.tsx(216,66): error TS2339: Property 'span' does not exist on type 'JSX.IntrinsicElements'.
features/services/components/BookingConsole.tsx(217,26): error TS2339: Property 'span' does not exist on type 'JSX.IntrinsicElements'.
features/services/components/BookingConsole.tsx(217,93): error TS2339: Property 'span' does not exist on type 'JSX.IntrinsicElements'.
features/services/components/BookingConsole.tsx(218,23): error TS2339: Property 'div' does not exist on type 'JSX.IntrinsicElements'.
features/services/components/BookingConsole.tsx(219,23): error TS2339: Property 'div' does not exist on type 'JSX.IntrinsicElements'.
features/services/components/BookingConsole.tsx(220,26): error TS2339: Property 'span' does not exist on type 'JSX.IntrinsicElements'.
features/services/components/BookingConsole.tsx(220,63): error TS2339: Property 'span' does not exist on type 'JSX.IntrinsicElements'.
features/services/components/BookingConsole.tsx(221,26): error TS2339: Property 'span' does not exist on type 'JSX.IntrinsicElements'.
features/services/components/BookingConsole.tsx(221,124): error TS2339: Property 'span' does not exist on type 'JSX.IntrinsicElements'.
features/services/components/BookingConsole.tsx(222,23): error TS2339: Property 'div' does not exist on type 'JSX.IntrinsicElements'.
features/services/components/BookingConsole.tsx(223,24): error TS2339: Property 'div' does not exist on type 'JSX.IntrinsicElements'.
features/services/components/BookingConsole.tsx(224,26): error TS2339: Property 'span' does not exist on type 'JSX.IntrinsicElements'.
features/services/components/BookingConsole.tsx(224,62): error TS2339: Property 'span' does not exist on type 'JSX.IntrinsicElements'.
features/services/components/BookingConsole.tsx(225,26): error TS2339: Property 'span' does not exist on type 'JSX.IntrinsicElements'.
features/services/components/BookingConsole.tsx(225,101): error TS2339: Property 'span' does not exist on type 'JSX.IntrinsicElements'.
features/services/components/BookingConsole.tsx(226,23): error TS2339: Property 'div' does not exist on type 'JSX.IntrinsicElements'.
features/services/components/BookingConsole.tsx(227,23): error TS2339: Property 'div' does not exist on type 'JSX.IntrinsicElements'.
features/services/components/BookingConsole.tsx(228,26): error TS2339: Property 'span' does not exist on type 'JSX.IntrinsicElements'.
features/services/components/BookingConsole.tsx(228,68): error TS2339: Property 'span' does not exist on type 'JSX.IntrinsicElements'.
features/services/components/BookingConsole.tsx(229,26): error TS2339: Property 'span' does not exist on type 'JSX.IntrinsicElements'.
features/services/components/BookingConsole.tsx(229,69): error TS2339: Property 'span' does not exist on type 'JSX.IntrinsicElements'.
features/services/components/BookingConsole.tsx(230,23): error TS2339: Property 'div' does not exist on type 'JSX.IntrinsicElements'.
features/services/components/BookingConsole.tsx(231,20): error TS2339: Property 'div' does not exist on type 'JSX.IntrinsicElements'.
features/services/components/BookingConsole.tsx(233,20): error TS2339: Property 'div' does not exist on type 'JSX.IntrinsicElements'.
features/services/components/BookingConsole.tsx(234,23): error TS2339: Property 'button' does not exist on type 'JSX.IntrinsicElements'.
features/services/components/BookingConsole.tsx(236,23): error TS2339: Property 'button' does not exist on type 'JSX.IntrinsicElements'.
features/services/components/BookingConsole.tsx(237,23): error TS2339: Property 'button' does not exist on type 'JSX.IntrinsicElements'.
features/services/components/BookingConsole.tsx(239,23): error TS2339: Property 'button' does not exist on type 'JSX.IntrinsicElements'.
features/services/components/BookingConsole.tsx(240,20): error TS2339: Property 'div' does not exist on type 'JSX.IntrinsicElements'.
features/services/components/BookingConsole.tsx(253,19): error TS2339: Property 'div' does not exist on type 'JSX.IntrinsicElements'.
features/services/components/BookingConsole.tsx(254,21): error TS2339: Property 'div' does not exist on type 'JSX.IntrinsicElements'.
features/services/components/BookingConsole.tsx(255,23): error TS2339: Property 'div' does not exist on type 'JSX.IntrinsicElements'.
features/services/components/BookingConsole.tsx(257,25): error TS2339: Property 'h4' does not exist on type 'JSX.IntrinsicElements'.
features/services/components/BookingConsole.tsx(257,126): error TS2339: Property 'h4' does not exist on type 'JSX.IntrinsicElements'.
features/services/components/BookingConsole.tsx(258,23): error TS2339: Property 'div' does not exist on type 'JSX.IntrinsicElements'.
features/services/components/BookingConsole.tsx(259,23): error TS2339: Property 'div' does not exist on type 'JSX.IntrinsicElements'.
features/services/components/BookingConsole.tsx(263,25): error TS2339: Property 'button' does not exist on type 'JSX.IntrinsicElements'.
features/services/components/BookingConsole.tsx(265,25): error TS2339: Property 'button' does not exist on type 'JSX.IntrinsicElements'.
features/services/components/BookingConsole.tsx(266,23): error TS2339: Property 'div' does not exist on type 'JSX.IntrinsicElements'.
features/services/components/BookingConsole.tsx(267,21): error TS2339: Property 'div' does not exist on type 'JSX.IntrinsicElements'.
features/services/components/BookingConsole.tsx(268,19): error TS2339: Property 'div' does not exist on type 'JSX.IntrinsicElements'.
features/services/components/BookingConsole.tsx(271,19): error TS2339: Property 'div' does not exist on type 'JSX.IntrinsicElements'.
features/services/components/BookingConsole.tsx(275,23): error TS2339: Property 'div' does not exist on type 'JSX.IntrinsicElements'.
features/services/components/BookingConsole.tsx(276,25): error TS2339: Property 'label' does not exist on type 'JSX.IntrinsicElements'.
features/services/components/BookingConsole.tsx(276,157): error TS2339: Property 'label' does not exist on type 'JSX.IntrinsicElements'.
features/services/components/BookingConsole.tsx(277,25): error TS2339: Property 'div' does not exist on type 'JSX.IntrinsicElements'.
features/services/components/BookingConsole.tsx(279,30): error TS2339: Property 'button' does not exist on type 'JSX.IntrinsicElements'.
features/services/components/BookingConsole.tsx(285,30): error TS2339: Property 'button' does not exist on type 'JSX.IntrinsicElements'.
features/services/components/BookingConsole.tsx(287,25): error TS2339: Property 'div' does not exist on type 'JSX.IntrinsicElements'.
features/services/components/BookingConsole.tsx(288,23): error TS2339: Property 'div' does not exist on type 'JSX.IntrinsicElements'.
features/services/components/BookingConsole.tsx(293,24): error TS2339: Property 'div' does not exist on type 'JSX.IntrinsicElements'.
features/services/components/BookingConsole.tsx(294,27): error TS2339: Property 'div' does not exist on type 'JSX.IntrinsicElements'.
features/services/components/BookingConsole.tsx(295,30): error TS2339: Property 'label' does not exist on type 'JSX.IntrinsicElements'.
features/services/components/BookingConsole.tsx(295,164): error TS2339: Property 'label' does not exist on type 'JSX.IntrinsicElements'.
features/services/components/BookingConsole.tsx(296,30): error TS2339: Property 'span' does not exist on type 'JSX.IntrinsicElements'.
features/services/components/BookingConsole.tsx(296,136): error TS2339: Property 'span' does not exist on type 'JSX.IntrinsicElements'.
features/services/components/BookingConsole.tsx(297,27): error TS2339: Property 'div' does not exist on type 'JSX.IntrinsicElements'.
features/services/components/BookingConsole.tsx(298,27): error TS2339: Property 'div' does not exist on type 'JSX.IntrinsicElements'.
features/services/components/BookingConsole.tsx(299,30): error TS2339: Property 'input' does not exist on type 'JSX.IntrinsicElements'.
features/services/components/BookingConsole.tsx(308,27): error TS2339: Property 'div' does not exist on type 'JSX.IntrinsicElements'.
features/services/components/BookingConsole.tsx(309,27): error TS2339: Property 'div' does not exist on type 'JSX.IntrinsicElements'.
features/services/components/BookingConsole.tsx(310,30): error TS2339: Property 'span' does not exist on type 'JSX.IntrinsicElements'.
features/services/components/BookingConsole.tsx(310,77): error TS2339: Property 'span' does not exist on type 'JSX.IntrinsicElements'.
features/services/components/BookingConsole.tsx(311,30): error TS2339: Property 'span' does not exist on type 'JSX.IntrinsicElements'.
features/services/components/BookingConsole.tsx(311,44): error TS2339: Property 'span' does not exist on type 'JSX.IntrinsicElements'.
features/services/components/BookingConsole.tsx(312,27): error TS2339: Property 'div' does not exist on type 'JSX.IntrinsicElements'.
features/services/components/BookingConsole.tsx(313,24): error TS2339: Property 'div' does not exist on type 'JSX.IntrinsicElements'.
features/services/components/BookingConsole.tsx(318,24): error TS2339: Property 'div' does not exist on type 'JSX.IntrinsicElements'.
features/services/components/BookingConsole.tsx(319,27): error TS2339: Property 'label' does not exist on type 'JSX.IntrinsicElements'.
features/services/components/BookingConsole.tsx(319,161): error TS2339: Property 'label' does not exist on type 'JSX.IntrinsicElements'.
features/services/components/BookingConsole.tsx(320,27): error TS2339: Property 'div' does not exist on type 'JSX.IntrinsicElements'.
features/services/components/BookingConsole.tsx(322,33): error TS2339: Property 'button' does not exist on type 'JSX.IntrinsicElements'.
features/services/components/BookingConsole.tsx(327,36): error TS2339: Property 'div' does not exist on type 'JSX.IntrinsicElements'.
features/services/components/BookingConsole.tsx(328,39): error TS2339: Property 'div' does not exist on type 'JSX.IntrinsicElements'.
features/services/components/BookingConsole.tsx(330,39): error TS2339: Property 'div' does not exist on type 'JSX.IntrinsicElements'.
features/services/components/BookingConsole.tsx(331,39): error TS2339: Property 'span' does not exist on type 'JSX.IntrinsicElements'.
features/services/components/BookingConsole.tsx(331,78): error TS2339: Property 'span' does not exist on type 'JSX.IntrinsicElements'.
features/services/components/BookingConsole.tsx(332,36): error TS2339: Property 'div' does not exist on type 'JSX.IntrinsicElements'.
features/services/components/BookingConsole.tsx(333,36): error TS2339: Property 'span' does not exist on type 'JSX.IntrinsicElements'.
features/services/components/BookingConsole.tsx(333,146): error TS2339: Property 'span' does not exist on type 'JSX.IntrinsicElements'.
features/services/components/BookingConsole.tsx(334,33): error TS2339: Property 'button' does not exist on type 'JSX.IntrinsicElements'.
features/services/components/BookingConsole.tsx(336,27): error TS2339: Property 'div' does not exist on type 'JSX.IntrinsicElements'.
features/services/components/BookingConsole.tsx(337,24): error TS2339: Property 'div' does not exist on type 'JSX.IntrinsicElements'.
features/services/components/BookingConsole.tsx(341,21): error TS2339: Property 'div' does not exist on type 'JSX.IntrinsicElements'.
features/services/components/BookingConsole.tsx(342,24): error TS2339: Property 'label' does not exist on type 'JSX.IntrinsicElements'.
features/services/components/BookingConsole.tsx(342,162): error TS2339: Property 'label' does not exist on type 'JSX.IntrinsicElements'.
features/services/components/BookingConsole.tsx(343,24): error TS2339: Property 'textarea' does not exist on type 'JSX.IntrinsicElements'.
features/services/components/BookingConsole.tsx(349,21): error TS2339: Property 'div' does not exist on type 'JSX.IntrinsicElements'.
features/services/components/BookingConsole.tsx(350,19): error TS2339: Property 'div' does not exist on type 'JSX.IntrinsicElements'.
features/services/components/BookingConsole.tsx(353,19): error TS2339: Property 'div' does not exist on type 'JSX.IntrinsicElements'.
features/services/components/BookingConsole.tsx(354,21): error TS2339: Property 'div' does not exist on type 'JSX.IntrinsicElements'.
features/services/components/BookingConsole.tsx(354,77): error TS2339: Property 'h4' does not exist on type 'JSX.IntrinsicElements'.
features/services/components/BookingConsole.tsx(354,169): error TS2339: Property 'h4' does not exist on type 'JSX.IntrinsicElements'.
features/services/components/BookingConsole.tsx(354,174): error TS2339: Property 'div' does not exist on type 'JSX.IntrinsicElements'.
features/services/components/BookingConsole.tsx(354,202): error TS2339: Property 'button' does not exist on type 'JSX.IntrinsicElements'.
features/services/components/BookingConsole.tsx(354,299): error TS2339: Property 'button' does not exist on type 'JSX.IntrinsicElements'.
features/services/components/BookingConsole.tsx(354,308): error TS2339: Property 'button' does not exist on type 'JSX.IntrinsicElements'.
features/services/components/BookingConsole.tsx(354,394): error TS2339: Property 'button' does not exist on type 'JSX.IntrinsicElements'.
features/services/components/BookingConsole.tsx(354,403): error TS2339: Property 'div' does not exist on type 'JSX.IntrinsicElements'.
features/services/components/BookingConsole.tsx(354,409): error TS2339: Property 'div' does not exist on type 'JSX.IntrinsicElements'.
features/services/components/BookingConsole.tsx(355,21): error TS2339: Property 'div' does not exist on type 'JSX.IntrinsicElements'.
features/services/components/BookingConsole.tsx(355,113): error TS2339: Property 'div' does not exist on type 'JSX.IntrinsicElements'.
features/services/components/BookingConsole.tsx(355,119): error TS2339: Property 'div' does not exist on type 'JSX.IntrinsicElements'.
features/services/components/BookingConsole.tsx(355,125): error TS2339: Property 'div' does not exist on type 'JSX.IntrinsicElements'.
features/services/components/BookingConsole.tsx(355,131): error TS2339: Property 'div' does not exist on type 'JSX.IntrinsicElements'.
features/services/components/BookingConsole.tsx(355,137): error TS2339: Property 'div' does not exist on type 'JSX.IntrinsicElements'.
features/services/components/BookingConsole.tsx(355,143): error TS2339: Property 'div' does not exist on type 'JSX.IntrinsicElements'.
features/services/components/BookingConsole.tsx(355,149): error TS2339: Property 'div' does not exist on type 'JSX.IntrinsicElements'.
features/services/components/BookingConsole.tsx(355,155): error TS2339: Property 'div' does not exist on type 'JSX.IntrinsicElements'.
features/services/components/BookingConsole.tsx(355,161): error TS2339: Property 'div' does not exist on type 'JSX.IntrinsicElements'.
features/services/components/BookingConsole.tsx(355,167): error TS2339: Property 'div' does not exist on type 'JSX.IntrinsicElements'.
features/services/components/BookingConsole.tsx(355,173): error TS2339: Property 'div' does not exist on type 'JSX.IntrinsicElements'.
features/services/components/BookingConsole.tsx(355,179): error TS2339: Property 'div' does not exist on type 'JSX.IntrinsicElements'.
features/services/components/BookingConsole.tsx(355,185): error TS2339: Property 'div' does not exist on type 'JSX.IntrinsicElements'.
features/services/components/BookingConsole.tsx(355,191): error TS2339: Property 'div' does not exist on type 'JSX.IntrinsicElements'.
features/services/components/BookingConsole.tsx(355,197): error TS2339: Property 'div' does not exist on type 'JSX.IntrinsicElements'.
features/services/components/BookingConsole.tsx(356,21): error TS2339: Property 'div' does not exist on type 'JSX.IntrinsicElements'.
features/services/components/BookingConsole.tsx(357,52): error TS2339: Property 'div' does not exist on type 'JSX.IntrinsicElements'.
features/services/components/BookingConsole.tsx(359,25): error TS2339: Property 'button' does not exist on type 'JSX.IntrinsicElements'.
features/services/components/BookingConsole.tsx(359,410): error TS2339: Property 'button' does not exist on type 'JSX.IntrinsicElements'.
features/services/components/BookingConsole.tsx(361,21): error TS2339: Property 'div' does not exist on type 'JSX.IntrinsicElements'.
features/services/components/BookingConsole.tsx(362,19): error TS2339: Property 'div' does not exist on type 'JSX.IntrinsicElements'.
features/services/components/BookingConsole.tsx(364,19): error TS2339: Property 'div' does not exist on type 'JSX.IntrinsicElements'.
features/services/components/BookingConsole.tsx(365,21): error TS2339: Property 'div' does not exist on type 'JSX.IntrinsicElements'.
features/services/components/BookingConsole.tsx(366,23): error TS2339: Property 'button' does not exist on type 'JSX.IntrinsicElements'.
features/services/components/BookingConsole.tsx(367,25): error TS2339: Property 'div' does not exist on type 'JSX.IntrinsicElements'.
features/services/components/BookingConsole.tsx(368,25): error TS2339: Property 'div' does not exist on type 'JSX.IntrinsicElements'.
features/services/components/BookingConsole.tsx(368,291): error TS2339: Property 'div' does not exist on type 'JSX.IntrinsicElements'.
features/services/components/BookingConsole.tsx(369,23): error TS2339: Property 'button' does not exist on type 'JSX.IntrinsicElements'.
features/services/components/BookingConsole.tsx(370,53): error TS2339: Property 'div' does not exist on type 'JSX.IntrinsicElements'.
features/services/components/BookingConsole.tsx(370,236): error TS2339: Property 'div' does not exist on type 'JSX.IntrinsicElements'.
features/services/components/BookingConsole.tsx(371,21): error TS2339: Property 'div' does not exist on type 'JSX.IntrinsicElements'.
features/services/components/BookingConsole.tsx(372,19): error TS2339: Property 'div' does not exist on type 'JSX.IntrinsicElements'.
features/services/components/BookingConsole.tsx(376,11): error TS2339: Property 'div' does not exist on type 'JSX.IntrinsicElements'.
features/services/components/BookingConsole.tsx(378,7): error TS2339: Property 'div' does not exist on type 'JSX.IntrinsicElements'.
features/services/components/BookingConsole.tsx(379,5): error TS2339: Property 'div' does not exist on type 'JSX.IntrinsicElements'.
lib/supabase/adminService.ts(40,17): error TS2345: Argument of type '{ permissions: UserPermission; }' is not assignable to parameter of type 'never'.
lib/supabase/adminService.ts(90,17): error TS2769: No overload matches this call.
  Overload 1 of 2, '(values: never, options?: { count?: "exact" | "planned" | "estimated"; }): PostgrestFilterBuilder<{ PostgrestVersion: "12"; }, never, never, null, any, never, "POST">', gave the following error.
    Argument of type 'TransparencyMetricInsert' is not assignable to parameter of type 'never'.
  Overload 2 of 2, '(values: never[], options?: { count?: "exact" | "planned" | "estimated"; defaultToNull?: boolean; }): PostgrestFilterBuilder<{ PostgrestVersion: "12"; }, never, never, null, any, never, "POST">', gave the following error.
    Argument of type 'TransparencyMetricInsert' is not assignable to parameter of type 'never[]'.
      Type 'TransparencyMetricInsert' is missing the following properties from type 'never[]': length, pop, push, concat, and 29 more.
lib/supabase/adminService.ts(136,17): error TS2345: Argument of type 'any' is not assignable to parameter of type 'never'.
lib/supabase/adminService.ts(191,10): error TS2769: No overload matches this call.
  Overload 1 of 2, '(values: never, options?: { count?: "exact" | "planned" | "estimated"; }): PostgrestFilterBuilder<{ PostgrestVersion: "12"; }, never, never, null, any, never, "POST">', gave the following error.
    Argument of type '{ admin_id: string; action: string; target_resource: string; target_id: string; details: any; }' is not assignable to parameter of type 'never'.
  Overload 2 of 2, '(values: never[], options?: { count?: "exact" | "planned" | "estimated"; defaultToNull?: boolean; }): PostgrestFilterBuilder<{ PostgrestVersion: "12"; }, never, never, null, any, never, "POST">', gave the following error.
    Object literal may only specify known properties, and 'admin_id' does not exist in type 'never[]'.
lib/supabase/aiService.ts(270,37): error TS2345: Argument of type '{ p_user_id: string; p_limit_usd: number; }' is not assignable to parameter of type 'never'.
lib/supabase/aiService.ts(286,18): error TS18047: 'data' is possibly 'null'.
lib/supabase/authService.ts(126,13): error TS2345: Argument of type '{ updated_at: string; avatar_url?: string | null; bio?: string | null; created_at?: string | null; email?: string | null; full_name?: string | null; id?: string; permissions?: Json | null; role?: Database["public"]["Enums"]["user_role"] | null; }' is not assignable to parameter of type 'never'.
lib/supabase/authService.ts(151,6): error TS2769: No overload matches this call.
  Overload 1 of 2, '(values: never, options?: { count?: "exact" | "planned" | "estimated"; }): PostgrestFilterBuilder<{ PostgrestVersion: "12"; }, never, never, null, "profiles", never, "POST">', gave the following error.
    Argument of type '{ id: string; email: string; full_name: string; avatar_url: string; role: string; }' is not assignable to parameter of type 'never'.
  Overload 2 of 2, '(values: never[], options?: { count?: "exact" | "planned" | "estimated"; defaultToNull?: boolean; }): PostgrestFilterBuilder<{ PostgrestVersion: "12"; }, never, never, null, "profiles", never, "POST">', gave the following error.
    Object literal may only specify known properties, and 'id' does not exist in type 'never[]'.
lib/supabase/blogService.ts(13,49): error TS2339: Property 'blog_comments' does not exist on type '{ admin_audit_logs: { Row: { action: string; admin_id: string; created_at: string; details: Json; id: string; target_id: string; target_resource: string; }; Insert: { action: string; admin_id?: string; ... 4 more ...; target_resource?: string; }; Update: { ...; }; }; ... 8 more ...; ai_usage: { ...; }; }'.
lib/supabase/blogService.ts(14,55): error TS2339: Property 'blog_comments' does not exist on type '{ admin_audit_logs: { Row: { action: string; admin_id: string; created_at: string; details: Json; id: string; target_id: string; target_resource: string; }; Insert: { action: string; admin_id?: string; ... 4 more ...; target_resource?: string; }; Update: { ...; }; }; ... 8 more ...; ai_usage: { ...; }; }'.
lib/supabase/blogService.ts(139,10): error TS2339: Property 'tags' does not exist on type 'never'.
lib/supabase/blogService.ts(170,14): error TS2339: Property 'status' does not exist on type 'never'.
lib/supabase/blogService.ts(171,19): error TS2339: Property 'status' does not exist on type 'never'.
lib/supabase/blogService.ts(172,19): error TS2339: Property 'status' does not exist on type 'never'.
lib/supabase/blogService.ts(296,6): error TS2769: No overload matches this call.
  Overload 1 of 2, '(values: never, options?: { count?: "exact" | "planned" | "estimated"; }): PostgrestFilterBuilder<{ PostgrestVersion: "12"; }, never, never, null, "blog_posts", never, "POST">', gave the following error.
    Argument of type '{ slug: string; read_time: number; created_at: string; author_id: string; category: Database["public"]["Enums"]["blog_category"]; content: string; excerpt?: string | null; id?: string; ... 6 more ...; views?: number | null; }' is not assignable to parameter of type 'never'.
  Overload 2 of 2, '(values: never[], options?: { count?: "exact" | "planned" | "estimated"; defaultToNull?: boolean; }): PostgrestFilterBuilder<{ PostgrestVersion: "12"; }, never, never, null, "blog_posts", never, "POST">', gave the following error.
    Object literal may only specify known properties, and 'slug' does not exist in type 'never[]'.
lib/supabase/blogService.ts(323,16): error TS2339: Property 'read_time' does not exist on type '{ author_id?: string; category?: "Creative" | "Tech" | "Ministry" | "Strategy" | "Growth"; content?: string; created_at?: string; excerpt?: string; id?: string; image_url?: string; published_at?: string; ... 5 more ...; views?: number; }'.
lib/supabase/blogService.ts(332,13): error TS2345: Argument of type '{ author_id?: string; category?: "Creative" | "Tech" | "Ministry" | "Strategy" | "Growth"; content?: string; created_at?: string; excerpt?: string; id?: string; image_url?: string; published_at?: string; ... 5 more ...; views?: number; }' is not assignable to parameter of type 'never'.
lib/supabase/blogService.ts(397,15): error TS2345: Argument of type '{ views: any; }' is not assignable to parameter of type 'never'.
lib/supabase/blogService.ts(397,30): error TS2339: Property 'views' does not exist on type 'never'.
lib/supabase/blogService.ts(413,40): error TS2339: Property 'likes' does not exist on type 'never'.
lib/supabase/blogService.ts(416,15): error TS2345: Argument of type '{ likes: number; }' is not assignable to parameter of type 'never'.
lib/supabase/blogService.ts(473,13): error TS2345: Argument of type '{ is_approved: boolean; }' is not assignable to parameter of type 'never'.
lib/supabase/blogService.ts(596,13): error TS2345: Argument of type 'any' is not assignable to parameter of type 'never'.
lib/supabase/blogService.ts(596,54): error TS2345: Argument of type '{ x: number; }' is not assignable to parameter of type 'never'.
lib/supabase/blogService.ts(632,15): error TS2345: Argument of type 'any' is not assignable to parameter of type 'never'.
lib/supabase/blogService.ts(652,15): error TS2345: Argument of type 'any' is not assignable to parameter of type 'never'.
lib/supabase/blogService.ts(985,40): error TS2339: Property 'revision_number' does not exist on type 'never'.
lib/supabase/blogService.ts(991,6): error TS2769: No overload matches this call.
  Overload 1 of 2, '(values: never, options?: { count?: "exact" | "planned" | "estimated"; }): PostgrestFilterBuilder<{ PostgrestVersion: "12"; }, never, never, null, "blog_post_revisions", never, "POST">', gave the following error.
    Argument of type '{ post_id: string; title: string; content: string; excerpt: string; revision_number: any; created_by: string; }' is not assignable to parameter of type 'never'.
  Overload 2 of 2, '(values: never[], options?: { count?: "exact" | "planned" | "estimated"; defaultToNull?: boolean; }): PostgrestFilterBuilder<{ PostgrestVersion: "12"; }, never, never, null, "blog_post_revisions", never, "POST">', gave the following error.
    Object literal may only specify known properties, and 'post_id' does not exist in type 'never[]'.
lib/supabase/blogService.ts(1055,44): error TS2339: Property 'title' does not exist on type 'never'.
lib/supabase/blogService.ts(1055,63): error TS2339: Property 'content' does not exist on type 'never'.
lib/supabase/blogService.ts(1055,84): error TS2339: Property 'excerpt' does not exist on type 'never'.
lib/supabase/blogService.ts(1189,17): error TS2345: Argument of type '{ vote_type: VoteType; }' is not assignable to parameter of type 'never'.
lib/supabase/blogService.ts(1196,8): error TS2769: No overload matches this call.
  Overload 1 of 2, '(values: never, options?: { count?: "exact" | "planned" | "estimated"; }): PostgrestFilterBuilder<{ PostgrestVersion: "12"; }, never, never, null, "comment_votes", never, "POST">', gave the following error.
    Argument of type '{ user_id: string; comment_id: string; vote_type: VoteType; }' is not assignable to parameter of type 'never'.
  Overload 2 of 2, '(values: never[], options?: { count?: "exact" | "planned" | "estimated"; defaultToNull?: boolean; }): PostgrestFilterBuilder<{ PostgrestVersion: "12"; }, never, never, null, "comment_votes", never, "POST">', gave the following error.
    Object literal may only specify known properties, and 'user_id' does not exist in type 'never[]'.
lib/supabase/blogService.ts(1278,6): error TS2769: No overload matches this call.
  Overload 1 of 2, '(values: never, options?: { count?: "exact" | "planned" | "estimated"; }): PostgrestFilterBuilder<{ PostgrestVersion: "12"; }, never, never, null, "content_reports", never, "POST">', gave the following error.
    Argument of type '{ reporter_id: string; content_type: ContentType; content_id: string; reason: ReportReason; description: string; }' is not assignable to parameter of type 'never'.
  Overload 2 of 2, '(values: never[], options?: { count?: "exact" | "planned" | "estimated"; defaultToNull?: boolean; }): PostgrestFilterBuilder<{ PostgrestVersion: "12"; }, never, never, null, "content_reports", never, "POST">', gave the following error.
    Object literal may only specify known properties, and 'reporter_id' does not exist in type 'never[]'.
lib/supabase/blogService.ts(1321,13): error TS2345: Argument of type '{ status: ReportStatus; reviewed_by: string; reviewed_at: string; }' is not assignable to parameter of type 'never'.
lib/supabase/bookingService.ts(61,5): error TS2353: Object literal may only specify known properties, and 'selected_options' does not exist in type '{ customer_email: string; customer_name: string; id?: string; notes?: string; scheduled_date?: string; service_id?: string; status?: "pending" | "confirmed" | "in_progress" | "completed" | "cancelled"; ... 4 more ...; created_at?: string; }'.
lib/supabase/bookingService.ts(74,13): error TS2769: No overload matches this call.
  Overload 1 of 2, '(values: never, options?: { count?: "exact" | "planned" | "estimated"; }): PostgrestFilterBuilder<{ PostgrestVersion: "12"; }, never, never, null, "bookings", never, "POST">', gave the following error.
    Argument of type '{ customer_email: string; customer_name: string; id?: string; notes?: string; scheduled_date?: string; service_id?: string; status?: "pending" | "confirmed" | "in_progress" | "completed" | "cancelled"; ... 4 more ...; created_at?: string; }' is not assignable to parameter of type 'never'.
  Overload 2 of 2, '(values: never[], options?: { count?: "exact" | "planned" | "estimated"; defaultToNull?: boolean; }): PostgrestFilterBuilder<{ PostgrestVersion: "12"; }, never, never, null, "bookings", never, "POST">', gave the following error.
    Argument of type '{ customer_email: string; customer_name: string; id?: string; notes?: string; scheduled_date?: string; service_id?: string; status?: "pending" | "confirmed" | "in_progress" | "completed" | "cancelled"; ... 4 more ...; created_at?: string; }' is not assignable to parameter of type 'never[]'.
      Type '{ customer_email: string; customer_name: string; id?: string; notes?: string; scheduled_date?: string; service_id?: string; status?: "pending" | "confirmed" | "in_progress" | "completed" | "cancelled"; ... 4 more ...; created_at?: string; }' is missing the following properties from type 'never[]': length, pop, push, concat, and 29 more.
lib/supabase/bookingService.ts(84,28): error TS2698: Spread types may only be created from object types.
lib/supabase/bookingService.ts(117,28): error TS2339: Property 'selected_options' does not exist on type '{ customer_email: string; customer_name: string; id: string; notes: string; scheduled_date: string; service_id: string; status: "pending" | "confirmed" | "in_progress" | "completed" | "cancelled"; ... 4 more ...; created_at: string; } & { ...; }'.
lib/supabase/bookingService.ts(119,28): error TS2339: Property 'project_description' does not exist on type '{ customer_email: string; customer_name: string; id: string; notes: string; scheduled_date: string; service_id: string; status: "pending" | "confirmed" | "in_progress" | "completed" | "cancelled"; ... 4 more ...; created_at: string; } & { ...; }'.
lib/supabase/bookingService.ts(197,13): error TS2345: Argument of type '{ status: "pending" | "confirmed" | "in_progress" | "completed" | "cancelled"; updated_at: string; }' is not assignable to parameter of type 'never'.
lib/supabase/chatService.ts(29,6): error TS2769: No overload matches this call.
  Overload 1 of 2, '(values: never, options?: { onConflict?: string; ignoreDuplicates?: boolean; count?: "exact" | "planned" | "estimated"; }): PostgrestFilterBuilder<{ PostgrestVersion: "12"; }, never, never, null, "chat_sessions", never, "POST">', gave the following error.
    Argument of type '(Partial<ChatSession> & { user_id: string; })[]' is not assignable to parameter of type 'never'.
  Overload 2 of 2, '(values: never[], options?: { onConflict?: string; ignoreDuplicates?: boolean; count?: "exact" | "planned" | "estimated"; defaultToNull?: boolean; }): PostgrestFilterBuilder<{ PostgrestVersion: "12"; }, never, ... 4 more ..., "POST">', gave the following error.
    Type 'Partial<ChatSession> & { user_id: string; }' is not assignable to type 'never'.
lib/supabase/chatService.ts(59,6): error TS2769: No overload matches this call.
  Overload 1 of 2, '(values: never, options?: { count?: "exact" | "planned" | "estimated"; }): PostgrestFilterBuilder<{ PostgrestVersion: "12"; }, never, never, null, "chat_messages", never, "POST">', gave the following error.
    Argument of type '(Partial<ChatMessage> & { session_id: string; })[]' is not assignable to parameter of type 'never'.
  Overload 2 of 2, '(values: never[], options?: { count?: "exact" | "planned" | "estimated"; defaultToNull?: boolean; }): PostgrestFilterBuilder<{ PostgrestVersion: "12"; }, never, never, null, "chat_messages", never, "POST">', gave the following error.
    Type 'Partial<ChatMessage> & { session_id: string; }' is not assignable to type 'never'.
lib/supabase/contactService.ts(12,50): error TS2339: Property 'contact_status' does not exist on type '{ user_role: "admin" | "contributor" | "member"; booking_status: "pending" | "confirmed" | "in_progress" | "completed" | "cancelled"; blog_category: "Creative" | "Tech" | "Ministry" | "Strategy" | "Growth"; post_status: "draft" | ... 1 more ... | "archived"; }'.
lib/supabase/contactService.ts(13,47): error TS2339: Property 'budget_tier' does not exist on type '{ user_role: "admin" | "contributor" | "member"; booking_status: "pending" | "confirmed" | "in_progress" | "completed" | "cancelled"; blog_category: "Creative" | "Tech" | "Ministry" | "Strategy" | "Growth"; post_status: "draft" | ... 1 more ... | "archived"; }'.
lib/supabase/contactService.ts(14,49): error TS2339: Property 'timeline_type' does not exist on type '{ user_role: "admin" | "contributor" | "member"; booking_status: "pending" | "confirmed" | "in_progress" | "completed" | "cancelled"; blog_category: "Creative" | "Tech" | "Ministry" | "Strategy" | "Growth"; post_status: "draft" | ... 1 more ... | "archived"; }'.
lib/supabase/contactService.ts(60,5): error TS2353: Object literal may only specify known properties, and 'budget' does not exist in type '{ company?: string; created_at?: string; email: string; id?: string; message: string; name: string; service_interest?: string; status?: string; subject?: string; }'.
lib/supabase/contactService.ts(69,13): error TS2769: No overload matches this call.
  Overload 1 of 2, '(values: never, options?: { count?: "exact" | "planned" | "estimated"; }): PostgrestFilterBuilder<{ PostgrestVersion: "12"; }, never, never, null, "contact_messages", never, "POST">', gave the following error.
    Argument of type '{ company?: string; created_at?: string; email: string; id?: string; message: string; name: string; service_interest?: string; status?: string; subject?: string; }' is not assignable to parameter of type 'never'.
  Overload 2 of 2, '(values: never[], options?: { count?: "exact" | "planned" | "estimated"; defaultToNull?: boolean; }): PostgrestFilterBuilder<{ PostgrestVersion: "12"; }, never, never, null, "contact_messages", never, "POST">', gave the following error.
    Argument of type '{ company?: string; created_at?: string; email: string; id?: string; message: string; name: string; service_interest?: string; status?: string; subject?: string; }' is not assignable to parameter of type 'never[]'.
      Type '{ company?: string; created_at?: string; email: string; id?: string; message: string; name: string; service_interest?: string; status?: string; subject?: string; }' is missing the following properties from type 'never[]': length, pop, push, concat, and 29 more.
lib/supabase/contactService.ts(108,27): error TS2339: Property 'budget' does not exist on type '{ company: string; created_at: string; email: string; id: string; message: string; name: string; service_interest: string; status: string; subject: string; }'.
lib/supabase/contactService.ts(109,29): error TS2339: Property 'timeline' does not exist on type '{ company: string; created_at: string; email: string; id: string; message: string; name: string; service_interest: string; status: string; subject: string; }'.
lib/supabase/contactService.ts(165,13): error TS2345: Argument of type '{ status: any; updated_at: string; }' is not assignable to parameter of type 'never'.
lib/supabase/guestAuthorService.ts(26,14): error TS2769: No overload matches this call.
  Overload 1 of 2, '(values: never, options?: { count?: "exact" | "planned" | "estimated"; }): PostgrestFilterBuilder<{ PostgrestVersion: "12"; }, never, never, null, "guest_authors", never, "POST">', gave the following error.
    Argument of type '{ user_id: string; bio: string; portfolio_url: string; status: string; }' is not assignable to parameter of type 'never'.
  Overload 2 of 2, '(values: never[], options?: { count?: "exact" | "planned" | "estimated"; defaultToNull?: boolean; }): PostgrestFilterBuilder<{ PostgrestVersion: "12"; }, never, never, null, "guest_authors", never, "POST">', gave the following error.
    Object literal may only specify known properties, and 'user_id' does not exist in type 'never[]'.
lib/supabase/guestAuthorService.ts(62,21): error TS2345: Argument of type '{ status: string; approved_by: string; approved_at: string; }' is not assignable to parameter of type 'never'.
lib/supabase/guestAuthorService.ts(82,25): error TS2345: Argument of type '{ is_guest_author: boolean; }' is not assignable to parameter of type 'never'.
lib/supabase/guestAuthorService.ts(83,31): error TS2339: Property 'user_id' does not exist on type 'never'.
lib/supabase/guestAuthorService.ts(93,21): error TS2345: Argument of type '{ status: string; }' is not assignable to parameter of type 'never'.
lib/supabase/notificationService.ts(94,17): error TS2345: Argument of type '{ is_read: boolean; }' is not assignable to parameter of type 'never'.
lib/supabase/notificationService.ts(110,17): error TS2345: Argument of type '{ is_read: boolean; }' is not assignable to parameter of type 'never'.
lib/supabase/notificationService.ts(178,17): error TS2769: No overload matches this call.
  Overload 1 of 2, '(values: never, options?: { onConflict?: string; ignoreDuplicates?: boolean; count?: "exact" | "planned" | "estimated"; }): PostgrestFilterBuilder<{ PostgrestVersion: "12"; }, never, never, null, "notification_preferences", never, "POST">', gave the following error.
    Argument of type '{ id?: string; user_id: string; new_post?: boolean; reply_to_comment?: boolean; new_follower?: boolean; weekly_digest?: boolean; }' is not assignable to parameter of type 'never'.
  Overload 2 of 2, '(values: never[], options?: { onConflict?: string; ignoreDuplicates?: boolean; count?: "exact" | "planned" | "estimated"; defaultToNull?: boolean; }): PostgrestFilterBuilder<{ PostgrestVersion: "12"; }, never, ... 4 more ..., "POST">', gave the following error.
    Argument of type '{ id?: string; user_id: string; new_post?: boolean; reply_to_comment?: boolean; new_follower?: boolean; weekly_digest?: boolean; }' is not assignable to parameter of type 'never[]'.
      Type '{ id?: string; user_id: string; new_post?: boolean; reply_to_comment?: boolean; new_follower?: boolean; weekly_digest?: boolean; }' is missing the following properties from type 'never[]': length, pop, push, concat, and 29 more.
lib/supabase/notificationService.ts(207,10): error TS2769: No overload matches this call.
  Overload 1 of 2, '(values: never, options?: { count?: "exact" | "planned" | "estimated"; }): PostgrestFilterBuilder<{ PostgrestVersion: "12"; }, never, never, null, "notifications", never, "POST">', gave the following error.
    Argument of type '{ user_id: string; type: NotificationType; title: string; body: string; link: string; }' is not assignable to parameter of type 'never'.
  Overload 2 of 2, '(values: never[], options?: { count?: "exact" | "planned" | "estimated"; defaultToNull?: boolean; }): PostgrestFilterBuilder<{ PostgrestVersion: "12"; }, never, never, null, "notifications", never, "POST">', gave the following error.
    Object literal may only specify known properties, and 'user_id' does not exist in type 'never[]'.
lib/supabase/profileService.ts(158,17): error TS2345: Argument of type '{ avatar_url?: string; bio?: string; created_at?: string; email?: string; full_name?: string; id?: string; permissions?: Json; role?: "admin" | "contributor" | "member"; updated_at?: string; }' is not assignable to parameter of type 'never'.
lib/supabase/profileService.ts(182,17): error TS2345: Argument of type 'any' is not assignable to parameter of type 'never'.
lib/supabase/profileService.ts(202,10): error TS2769: No overload matches this call.
  Overload 1 of 2, '(values: never, options?: { count?: "exact" | "planned" | "estimated"; }): PostgrestFilterBuilder<{ PostgrestVersion: "12"; }, never, never, null, "user_follows", never, "POST">', gave the following error.
    Argument of type '{ follower_id: string; following_id: string; }' is not assignable to parameter of type 'never'.
  Overload 2 of 2, '(values: never[], options?: { count?: "exact" | "planned" | "estimated"; defaultToNull?: boolean; }): PostgrestFilterBuilder<{ PostgrestVersion: "12"; }, never, never, null, "user_follows", never, "POST">', gave the following error.
    Object literal may only specify known properties, and 'follower_id' does not exist in type 'never[]'.
lib/supabase/referenceService.ts(75,6): error TS2769: No overload matches this call.
  Overload 1 of 2, '(values: never, options?: { count?: "exact" | "planned" | "estimated"; }): PostgrestFilterBuilder<{ PostgrestVersion: "12"; }, never, never, null, "projects", never, "POST">', gave the following error.
    Argument of type 'any[]' is not assignable to parameter of type 'never'.
  Overload 2 of 2, '(values: never[], options?: { count?: "exact" | "planned" | "estimated"; defaultToNull?: boolean; }): PostgrestFilterBuilder<{ PostgrestVersion: "12"; }, never, never, null, "projects", never, "POST">', gave the following error.
    Type 'any' is not assignable to type 'never'.
lib/supabase/referenceService.ts(85,13): error TS2345: Argument of type 'Partial<Project>' is not assignable to parameter of type 'never'.
lib/supabase/referenceService.ts(213,13): error TS2345: Argument of type 'Partial<Service>' is not assignable to parameter of type 'never'.
lib/supabase/referenceService.ts(268,6): error TS2769: No overload matches this call.
  Overload 1 of 2, '(values: never, options?: { count?: "exact" | "planned" | "estimated"; }): PostgrestFilterBuilder<{ PostgrestVersion: "12"; }, never, never, null, "team_members", never, "POST">', gave the following error.
    Argument of type 'any[]' is not assignable to parameter of type 'never'.
  Overload 2 of 2, '(values: never[], options?: { count?: "exact" | "planned" | "estimated"; defaultToNull?: boolean; }): PostgrestFilterBuilder<{ PostgrestVersion: "12"; }, never, never, null, "team_members", never, "POST">', gave the following error.
    Type 'any' is not assignable to type 'never'.
lib/supabase/referenceService.ts(278,13): error TS2345: Argument of type 'any' is not assignable to parameter of type 'never'.
supabase/functions/azure-ai-chat/index.ts(2,23): error TS2307: Cannot find module 'https://deno.land/std@0.168.0/http/server.ts' or its corresponding type declarations.
supabase/functions/azure-ai-chat/index.ts(3,30): error TS2307: Cannot find module 'https://esm.sh/@supabase/supabase-js@2' or its corresponding type declarations.
supabase/functions/azure-ai-chat/index.ts(32,13): error TS2304: Cannot find name 'Deno'.
supabase/functions/azure-ai-chat/index.ts(33,13): error TS2304: Cannot find name 'Deno'.
supabase/functions/azure-ai-chat/index.ts(48,32): error TS2304: Cannot find name 'Deno'.
supabase/functions/azure-ai-chat/index.ts(49,27): error TS2304: Cannot find name 'Deno'.
supabase/functions/rss-feed/index.ts(2,23): error TS2307: Cannot find module 'https://deno.land/std@0.168.0/http/server.ts' or its corresponding type declarations.
supabase/functions/rss-feed/index.ts(3,30): error TS2307: Cannot find module 'https://esm.sh/@supabase/supabase-js@2' or its corresponding type declarations.
supabase/functions/rss-feed/index.ts(18,13): error TS2304: Cannot find name 'Deno'.
supabase/functions/rss-feed/index.ts(19,13): error TS2304: Cannot find name 'Deno'.
supabase/functions/verify-admin/index.ts(2,23): error TS2307: Cannot find module 'https://deno.land/std@0.168.0/http/server.ts' or its corresponding type declarations.
supabase/functions/verify-admin/index.ts(3,30): error TS2307: Cannot find module 'https://esm.sh/@supabase/supabase-js@2.21.0' or its corresponding type declarations.
supabase/functions/verify-admin/index.ts(25,13): error TS2304: Cannot find name 'Deno'.
supabase/functions/verify-admin/index.ts(26,13): error TS2304: Cannot find name 'Deno'.
